
[USBD] USB PRB0 LineState: 40

[USBD] USB cable/ No Cable inserted!

[PLFM] Keep stay in USB Mode
[PWRAP] pwrap_init_preloader
[PWRAP] pwrap_init
[PWRAP] start reset wrapper
[PWRAP] the reset register =80
[PWRAP] PMIC_WRAP_STAUPD_GRPEN =0x0,it should be equal to 0xc
[PWRAP] _pwrap_init_reg_clock
[PWRAP] have cipher
[PWRAP] _pwrap_init_signature
[PWRAP] mt_pwrap_init PMIC_WRAP_STAUPD_GRPEN(3D)
[PWRAP] ERROR,line=1191 PMIC_WRAP_ADC_RDATA_ADDR=E20
[PWRAP] mt_pwrap_init-- use D1 or D3 
[PWRAP] mt_pwrap_init---- debug15,FFFFFBFB
[PWRAP] after MT6328 pwrap_write
[PWRAP] write MT6328 Test pass
[PWRAP] Read 6328 Test pass,return_value=0
[PMIC_WRAP]wrap_init pass,the return value=0.
[pmic_init] Preloader Start,MT6328 CHIP Code = 0x2820
just_rst = 0
[6328]e-data[0x0]=0x1F
[6328]e-data[0x1]=0x1948
[6328]e-data[0x2]=0x8208
[6328]e-data[0x3]=0x20
[6328]e-data[0x4]=0x0
[6328]e-data[0x5]=0x3C0
[6328]e-data[0x6]=0xC004
[6328]e-data[0x7]=0x43F
[6328]e-data[0x8]=0xA03C
[6328]e-data[0x9]=0x64BC
[6328]e-data[0xA]=0x0
[6328]e-data[0xB]=0x0
[6328]e-data[0xC]=0x400
[6328]e-data[0xD]=0x14
[6328]e-data[0xE]=0x0
[6328]e-data[0xF]=0x0
[6328]e-data[0x10]=0xF200
[6328]e-data[0x11]=0x1
[6328]e-data[0x12]=0x0
[6328]e-data[0x13]=0x0
[6328]e-data[0x14]=0x0
[6328]e-data[0x15]=0x0
[6328]e-data[0x16]=0x0
[6328]e-data[0x17]=0xD10
[6328]e-data[0x18]=0xFCB0
[6328]e-data[0x19]=0xBFED
[6328]e-data[0x1A]=0x5B5E
[6328]e-data[0x1B]=0x1845
[6328]e-data[0x1C]=0x0
[6328]e-data[0x1D]=0x0
[6328]e-data[0x1E]=0x0
[6328]e-data[0x1F]=0x0
[pmic_6328_efuse_management]4.27 efuse_data[0x11]:0x1
[pmic_6328_efuse_management]4.27 efuse_data[0x11][448:472]:0x1
VBAT=4049 mV with 3300 mV, VCHR 66 mV ,VCHR_HV=6500 
[pmic_init] Done...................
before mt_mempll_cali, wdt_mode = 0x4D, wdt_dbg_ctrl = 0x200F1
mt_pll_post_init: mt_get_mem_freq = 319998Khz
[PLFM] Init I2C: OK(0)
[PLFM] Init PWRAP: OK(0)
[PLFM] Init PMIC: OK(0)
[PLFM] chip_code[321]
[PLFM] chip_ver[0]
[PTP] >> ptp_init()
[PTP] >> get_devinfo()
[PTP] << get_devinfo():322
[PTP] >> ptp_init_det()
[PTP] VCORE voltage bin to 1.1V
[PTP] << ptp_init_det():444
[PTP] PTP set volt: 0x00000050
[PTP] 0x00000057
[PTP] 0x00000056
[PTP] 0x00000055
[PTP] 0x00000054
[PTP] 0x00000053
[PTP] 0x00000052
[PTP] 0x00000051
[PTP] 0x00000050
[PTP] M_HW_RES0	= 0x11BC90B4
[PTP] M_HW_RES1	= 0x005F0000
[PTP] M_HW_RES2	= 0x00000039
[PTP] M_HW_RES3	= 0x00963623
[PTP] M_HW_RES4	= 0x00000000
[PTP] M_HW_RES5	= 0x00000003
[PTP] << ptp_init():1032

[BLDR] Build Time: 20181025-112012
[DDR Reserve] ddr reserve mode not be enabled yet
==== Dump RGU Reg ========
RGU MODE:     4D
RGU LENGTH:   FFE0
RGU STA:      0
RGU INTERVAL: FFF
RGU SWSYSRST: 8000
==== Dump RGU Reg End ====
RGU: g_rgu_satus:0
 mtk_wdt_mode_config  mode value=10, tmp:22000010
PL P ON
WDT does not trigger reboot
WDT NONRST=0x20000000
WDT IRQ_EN=0x340002
WDT REQ_EN=0x3C0002
RGU mtk_wdt_init:MTK_WDT_DEBUG_CTL(590200F3)
Enter mtk_kpd_gpio_set! 
after set KP enable: KP_SEL = 0x0 !
[RTC] get_frequency_meter: input=0x0, ouput=5
[RTC] get_frequency_meter: input=0x0, ouput=3967
[RTC] get_frequency_meter: input=0x0, ouput=5
[RTC] get_frequency_meter: input=0x0, ouput=0
[RTC] get_frequency_meter: input=0x0, ouput=0
[RTC] bbpu = 0xF, con = 0x9E72, osc32con = 0x73D5, sec = 0xAD3D, yea = 0xDF29
rtc_first_boot_init
[RTC] get_frequency_meter: input=0x0, ouput=5
[RTC] get_frequency_meter: input=0x0, ouput=3967
[RTC] get_frequency_meter: input=0x0, ouput=5
[RTC] get_frequency_meter: input=0x0, ouput=0
[RTC] get_frequency_meter: input=0x0, ouput=0
OSC32CON_ANALOG_SETTING = 0x7B00
rtc_2sec_stat_clear
rtc_2sec_reboot_check 0x253D
rtc_2sec_stat_clear
[RTC] irqsta = 0x0, pdn1 = 0x0, pdn2 = 0x201, spar0 = 0xC0, spar1 = 0x800
[RTC] new_spare0 = 0x0, new_spare1 = 0x1, new_spare2 = 0x1, new_spare3 = 0x1
[RTC] bbpu = 0x7, con = 0x4A6, cali = 0x253D
pl pmic powerkey Press
power key is pressed
[PLFM] Power key boot!
[RTC] rtc_bbpu_power_on done
mt_get_dram_type() 0x3
[EMI] LPDDR3
[mmc_init]: msdc0 start mmc_init_host() in PL...
[msdc_init]: msdc0 Host controller intialization start 
[MSDC]config VEMC to 3V in preloader
[SD0] Pins mode(1), none(0), down(1), up(2), keep(3)
[SD0] Pins mode(2), none(0), down(1), up(2), keep(3)
[MSDC]config VEMC to 3V in preloader
[info][msdc_set_startbit 1242] read data start bit at rising edge
[info][msdc_config_clksrc] input clock is 400000kHz
[SD0] Bus Width: 1
[info][msdc_config_clksrc] input clock is 400000kHz
[info][msdc_set_startbit 1242] read data start bit at rising edge
[SD0] SET_CLK(260kHz): SCLK(259kHz) MODE(0) DDR(0) DIV(385) DS(0) RS(0)
[msdc_init]: msdc0 Host controller intialization done
[mmc_init]: msdc0 start mmc_init_card() in PL...
[mmc_init_card]: start
[info][msdc_config_clksrc] input clock is 400000kHz
[info][msdc_set_startbit 1242] read data start bit at rising edge
[SD0] SET_CLK(260kHz): SCLK(259kHz) MODE(0) DDR(0) DIV(385) DS(0) RS(0)
[SD0] Bus Width: 8
[SD0] Switch to High-Speed mode!
[SD0] Size: 29820 MB, Max.Speed: 52000 kHz, blklen(512), nblks(61071360), ro(0)
[mmc_init_mem_card 3144][SD0] Initialized, eMMC50
before host->cur_bus_clk(259740)
[info][msdc_config_clksrc] input clock is 400000kHz
[info][msdc_set_startbit 1242] read data start bit at rising edge
[SD0] SET_CLK(52000kHz): SCLK(50000kHz) MODE(0) DDR(0) DIV(2) DS(0) RS(0)
host->cur_bus_clk(50000000)
[mmc_init_card]: finish successfully
[EMI] mcp_dram_num:0,discrete_dram_num:1,enable_combo_dis:0
[Check]mt_get_mdl_number 0x0
[EMI] eMMC/NAND ID = 45,1,0,44,47,34,30,33,32,1,E8,56,4F,8,85,6B
[EMI] MDL number = 0
[EMI] emi_set eMMC/NAND ID = 0,0,0,0,0,0,0,0,0,0,0,0,0,0,0,0
Start REXTDN SW calibration...
enable P drive (initial settings), 0x0644:27Dh
2.1. DRVP 0x00c0[15:12]:0h
2.2. CMPOP 0x03dc[31]:0h
2.1. DRVP 0x00c0[15:12]:1000h
2.2. CMPOP 0x03dc[31]:0h
2.1. DRVP 0x00c0[15:12]:2000h
2.2. CMPOP 0x03dc[31]:0h
2.1. DRVP 0x00c0[15:12]:3000h
2.2. CMPOP 0x03dc[31]:0h
2.1. DRVP 0x00c0[15:12]:4000h
2.2. CMPOP 0x03dc[31]:0h
2.1. DRVP 0x00c0[15:12]:5000h
2.2. CMPOP 0x03dc[31]:0h
2.1. DRVP 0x00c0[15:12]:6000h
2.2. CMPOP 0x03dc[31]:0h
2.1. DRVP 0x00c0[15:12]:7000h
2.2. CMPOP 0x03dc[31]:0h
2.1. DRVP 0x00c0[15:12]:8000h
2.2. CMPOP 0x03dc[31]:0h
2.1. DRVP 0x00c0[15:12]:9000h
2.2. CMPOP 0x03dc[31]:80000000h
P drive:9
enable N drive (initial settings), 0x0644:17Dh
4.1. DRVN 0x00c0[11:8]:9000h
4.2.CMPON 0x3dc[30]:0h
4.1. DRVN 0x00c0[11:8]:9100h
4.2.CMPON 0x3dc[30]:0h
4.1. DRVN 0x00c0[11:8]:9200h
4.2.CMPON 0x3dc[30]:0h
4.1. DRVN 0x00c0[11:8]:9300h
4.2.CMPON 0x3dc[30]:0h
4.1. DRVN 0x00c0[11:8]:9400h
4.2.CMPON 0x3dc[30]:0h
4.1. DRVN 0x00c0[11:8]:9500h
4.2.CMPON 0x3dc[30]:0h
4.1. DRVN 0x00c0[11:8]:9600h
4.2.CMPON 0x3dc[30]:0h
4.1. DRVN 0x00c0[11:8]:9700h
4.2.CMPON 0x3dc[30]:0h
4.1. DRVN 0x00c0[11:8]:9800h
4.2.CMPON 0x3dc[30]:0h
4.1. DRVN 0x00c0[11:8]:9900h
4.2.CMPON 0x3dc[30]:0h
4.1. DRVN 0x00c0[11:8]:9A00h
4.2.CMPON 0x3dc[30]:40000000h
N drive:9
drvp=9,drvn=9
=============================================
X-axis: DQS Gating Window Delay (Fine Scale)
Y-axis: DQS Gating Window Delay (Coarse Scale)
=============================================
          0    8   16   24   32   40   48   56   64   72   80   88   96  104  112  120
      --------------------------------------------------------------------------------
0000:|    0    0    0    0    0    0    0    0    0    0    0    0    0    0    0    0
0001:|    0    0    0    0    0    0    0    0    0    0    0    0    0    0    0    0
0002:|    0    0    0    0    0    0    0    0    0    0    0    0    0    0    0    0
0003:|    0    0    0    0    0    0    0    0    0    0    0    0    0    0    0    0
0004:|    0    0    0    0    0    0    0    0    0    0    0    0    0    0    0    0
0005:|    0    0    0    0    0    0    0    0    0    0    0    0    0    0    0    0
0006:|    0    0    0    0    0    0    0    0    0    0    0    0    0    0    0    0
0007:|    0    0    0    0    0    0    0    0    0    0    0    0    0    0    0    0
0008:|    0    0    0    0    0    0    0    0    0    0    0    0    0    0    0    0
0009:|    0    0    0    0    0    0    0    0    0    0    0    0    0    0    0    0
000A:|    0    0    0    0    0    0    0    0    0    0    0    0    0    0    0    0
000B:|    0    0    0    0    0    0    0    0    0    0    0    0    0    0    0    0
000C:|    0    0    0    0    0    0    0    0    0    0    0    0    0    0    0    0
000D:|    0    0    0    0    0    0    0    0    0    0    0    0    0    0    0    0
000E:|    0    0    0    0    0    0    0    0    0    0    0    0    0    0    0    0
000F:|    0    0    0    0    0    0    0    0    0    0    0    0    0    0    0    0
0010:|    0    0    0    0    0    0    0    0    0    0    0    0    0    0    0    0
0011:|    0    0    0    0    0    0    0    0    0    0    0    0    0    0    0    0
0012:|    0    0    0    0    0    0    0    0    0    0    0    0    0    0    0    0
0013:|    0    0    0    0    0    0    0    0    0    0    0    0    0    0    0    0
0014:|    0    0    0    0    0    0    0    0    0    0    0    0    0    0    0    0
0015:|    0    0    0    0    0    0    0    0    0    0    0    0    0    0    0    0
0016:|    0    0    0    0    0    0    0    0    1    1    1    1    1    1    1    1
0017:|    0    1    1    1    1    1    1    1    1    1    1    1    1    1    1    0
0018:|    1    1    1    1    1    1    1    0    0    0    0    0    0    0    0    0
0019:|    0    0    0    0    0    0    0    0    0    0    0    0    0    0    0    0
001A:|    0    0    0    0    0    0    0    0    0    0    0    0    0    0    0    0
001B:|    0    0    0    0    0    0    0    0    0    0    0    0    0    0    0    0
001C:|    0    0    0    0    0    0    0    0    0    0    0    0    0    0    0    0
first_bit_idx=12, fine_idx=96, CenterDiff=28, MinCenterDiff=127, FineTuneKPt=68
first_bit_idx=8, fine_idx=64, CenterDiff=4, MinCenterDiff=28, FineTuneKPt=68
first_bit_idx=3, fine_idx=24, CenterDiff=44, MinCenterDiff=4, FineTuneKPt=68
Rank 0 coarse tune value selection : 23, 23
[fcGATING_SAME_MCK]rank0 gating record N-1, coarse = 22, fine = 96
[New Gating with FineTune Limit] opt_coarse_idx=22/23, first_bit_idx=8/1, opt_fine_idx=8/8
rank 0 coarse = 23
rank 0 fine = 64
==============================================================
    NEW DATLAT calibration 
==============================================================
DATLAT Default value = 0x8
RX Scan: DQS delay 32 
TAP=3, err_value=0xFFFFFFFF, begin=0, first=255, sum=0
RX Scan: DQS delay 32 
TAP=4, err_value=0xFFFFFFFF, begin=0, first=255, sum=0
RX Scan: DQS delay 32 
TAP=5, err_value=0xFFFFFFFF, begin=0, first=255, sum=0
RX Scan: DQS delay 32 
TAP=6, err_value=0xFFFFFFFF, begin=0, first=255, sum=0
RX Scan: DQS delay 6 
TAP=7, err_value=0x0, begin=1, first=7, sum=1
RX Scan: DQS delay 6 
TAP=8, err_value=0x0, begin=1, first=7, sum=2
New DATLAT with RX scan. Early Break!!
first_step=7 total pass=2 best_step=8
=============================================
X-axis: DQS Gating Window Delay (Fine Scale)
Y-axis: DQS Gating Window Delay (Coarse Scale)
=============================================
          0    8   16   24   32   40   48   56   64   72   80   88   96  104  112  120
      --------------------------------------------------------------------------------
0000:|    0    0    0    0    0    0    0    0    0    0    0    0    0    0    0    0
0001:|    0    0    0    0    0    0    0    0    0    0    0    0    0    0    0    0
0002:|    0    0    0    0    0    0    0    0    0    0    0    0    0    0    0    0
0003:|    0    0    0    0    0    0    0    0    0    0    0    0    0    0    0    0
0004:|    0    0    0    0    0    0    0    0    0    0    0    0    0    0    0    0
0005:|    0    0    0    0    0    0    0    0    0    0    0    0    0    0    0    0
0006:|    0    0    0    0    0    0    0    0    0    0    0    0    0    0    0    0
0007:|    0    0    0    0    0    0    0    0    0    0    0    0    0    0    0    0
0008:|    0    0    0    0    0    0    0    0    0    0    0    0    0    0    0    0
0009:|    0    0    0    0    0    0    0    0    0    0    0    0    0    0    0    0
000A:|    0    0    0    0    0    0    0    0    0    0    0    0    0    0    0    0
000B:|    0    0    0    0    0    0    0    0    0    0    0    0    0    0    0    0
000C:|    0    0    0    0    0    0    0    0    0    0    0    0    0    0    0    0
000D:|    0    0    0    0    0    0    0    0    0    0    0    0    0    0    0    0
000E:|    0    0    0    0    0    0    0    0    0    0    0    0    0    0    0    0
000F:|    0    0    0    0    0    0    0    0    0    0    0    0    0    0    0    0
0010:|    0    0    0    0    0    0    0    0    0    0    0    0    0    0    0    0
0011:|    0    0    0    0    0    0    0    0    0    0    0    0    0    0    0    0
0012:|    0    0    0    0    0    0    0    0    0    0    0    0    0    0    0    0
0013:|    0    0    0    0    0    0    0    0    0    0    0    0    0    0    0    0
0014:|    0    0    0    0    0    0    0    0    0    0    0    0    0    0    0    0
0015:|    0    0    0    0    0    0    0    0    0    0    0    0    0    0    0    1
0016:|    0    0    0    0    0    0    0    0    1    1    1    1    1    1    1    1
0017:|    1    1    1    1    1    1    1    1    1    1    1    1    1    1    0    0
0018:|    1    1    1    1    1    1    1    0    0    0    0    0    0    0    0    0
0019:|    0    0    0    0    0    0    0    0    0    0    0    0    0    0    0    0
001A:|    0    0    0    0    0    0    0    0    0    0    0    0    0    0    0    0
001B:|    0    0    0    0    0    0    0    0    0    0    0    0    0    0    0    0
001C:|    0    0    0    0    0    0    0    0    0    0    0    0    0    0    0    0
first_bit_idx=15, fine_idx=120, CenterDiff=52, MinCenterDiff=127, FineTuneKPt=68
first_bit_idx=12, fine_idx=96, CenterDiff=28, MinCenterDiff=52, FineTuneKPt=68
first_bit_idx=7, fine_idx=56, CenterDiff=12, MinCenterDiff=28, FineTuneKPt=68
Rank 1 coarse tune value selection : 23, 23
[fcGATING_SAME_MCK]rank1 gating record N-1, coarse = 22, fine = 96
[New Gating with FineTune Limit] opt_coarse_idx=22/23, first_bit_idx=8/0, opt_fine_idx=8/7
rank 1 coarse = 23
rank 1 fine = 56
==============================================================
    NEW DATLAT calibration 
==============================================================
DATLAT Default value = 0x8
RX Scan: DQS delay 32 
TAP=3, err_value=0xFFFFFFFF, begin=0, first=255, sum=0
RX Scan: DQS delay 32 
TAP=4, err_value=0xFFFFFFFF, begin=0, first=255, sum=0
RX Scan: DQS delay 32 
TAP=5, err_value=0xFFFFFFFF, begin=0, first=255, sum=0
RX Scan: DQS delay 32 
TAP=6, err_value=0xFFFFFFFF, begin=0, first=255, sum=0
RX Scan: DQS delay 6 
TAP=7, err_value=0x0, begin=1, first=7, sum=1
RX Scan: DQS delay 6 
TAP=8, err_value=0x0, begin=1, first=7, sum=2
New DATLAT with RX scan. Early Break!!
first_step=7 total pass=2 best_step=8
DQS loop = 15, cmp_err_1 = 1E0002 
DQS loop = 14, cmp_err_1 = 1E0000 
DQS loop = 13, cmp_err_1 = 20000 
DQS loop = 12, cmp_err_1 = 0 
DQS loop = 11, cmp_err_1 = 0 
DQS loop = 10, cmp_err_1 = 0 
DQS loop = 9, cmp_err_1 = 0 
DQS loop = 8, cmp_err_1 = 0 
DQS loop = 7, cmp_err_1 = 0 
DQS loop = 6, cmp_err_1 = 0 
DQS loop = 5, cmp_err_1 = 0 
DQS loop = 4, cmp_err_1 = 0 
DQS loop = 3, cmp_err_1 = 0 
DQS loop = 2, cmp_err_1 = 0 
DQS loop = 1, cmp_err_1 = 0 
DQS loop = 0, cmp_err_1 = 0 
DQ loop=15, cmp_err_1 = 0
DQ loop=14, cmp_err_1 = 0
DQ loop=13, cmp_err_1 = 0
DQ loop=12, cmp_err_1 = 0
DQ loop=11, cmp_err_1 = 0
DQ loop=10, cmp_err_1 = 0
DQ loop=9, cmp_err_1 = 0
DQ loop=8, cmp_err_1 = 0
DQ loop=7, cmp_err_1 = 0
DQ loop=6, cmp_err_1 = 0
DQ loop=5, cmp_err_1 = 0
DQ loop=4, cmp_err_1 = 0
DQ loop=3, cmp_err_1 = 0
DQ loop=2, cmp_err_1 = 0
DQ loop=1, cmp_err_1 = 0
DQ loop=0, cmp_err_1 = 0
byte:0, (DQS,DQ)=(0,0)
byte:1, (DQS,DQ)=(0,0)
byte:2, (DQS,DQ)=(0,1)
byte:3, (DQS,DQ)=(0,0)
[fcGATING_SAME_MCK]Rand 0/1 MCK coarse tune are the same!!
[EMI] DRAMC calibration passed

[DRAM] DFS rank0 coarse fine : 23 64, rank1 coarse fine :23 56
DFS could not be enable
[MEM] complex R/W mem test pass
RGU rgu_dram_reserved:MTK_WDT_MODE(22000010)
[Dram_Buffer] dram_buf_t size: 0x19C4C0 
[Dram_Buffer] part_hdr_t size: 0x200 
[Dram_Buffer] sizeof(boot_arg_t): 0x168 
[Dram_Buffer] g_dram_buf start addr: 0x42000000 
[Dram_Buffer] g_dram_buf->msdc_gpd_pool start addr: 0x4219C400 
[Dram_Buffer] g_dram_buf->msdc_bd_pool start addr: 0x4219C440 
RAM_CONSOLE sram(0x12C000) sig (0x0)  mismatch
RAM_CONSOLE start: 0x43F00000, size: 0x10000, sig: 0xFC7EFC9D
RAM_CONSOLE wdt status (0x43F00040)=0x0
[PLFM] Init Boot Device: OK(0)
Enter mtk_kpd_gpio_set! 
mtk detect key function pmic_detect_homekey MTK_PMIC_RST_KEY = 17
pl pmic FCHRKEY Release
0:dram_rank_size:40000000
1:dram_rank_size:40000000
0:dram_rank_size:40000000
1:dram_rank_size:40000000
orig_dram_info[0] start: 0x0000000040000000, size: 0x0000000040000000
orig_dram_info[1] start: 0x0000000080000000, size: 0x0000000040000000
CUSTOM_CONFIG_MAX_DRAM_SIZE: 0x0000000100000000
total_dram_size: 0x0000000080000000, max_dram_size: 0x0000000100000000
[GPT_PL]Parsing Primary GPT now...
[GPT_PL][0]name=proinfo, part_id=8, start_sect=0x400, nr_sects=0x1800
[GPT_PL][1]name=nvram, part_id=8, start_sect=0x1C00, nr_sects=0x2800
[GPT_PL][2]name=protect1, part_id=8, start_sect=0x4400, nr_sects=0x5000
[GPT_PL][3]name=protect2, part_id=8, start_sect=0x9400, nr_sects=0x5000
[GPT_PL][4]name=lk, part_id=8, start_sect=0xE400, nr_sects=0x400
[GPT_PL][5]name=para, part_id=8, start_sect=0xE800, nr_sects=0x400
[GPT_PL][6]name=boot, part_id=8, start_sect=0xEC00, nr_sects=0x8000
[GPT_PL][7]name=recovery, part_id=8, start_sect=0x16C00, nr_sects=0x8000
[GPT_PL][8]name=logo, part_id=8, start_sect=0x1EC00, nr_sects=0x4000
[GPT_PL][9]name=expdb, part_id=8, start_sect=0x22C00, nr_sects=0x5000
[GPT_PL][10]name=seccfg, part_id=8, start_sect=0x27C00, nr_sects=0x400
[GPT_PL][11]name=oemkeystore, part_id=8, start_sect=0x28000, nr_sects=0x1000
[GPT_PL][12]name=secro, part_id=8, start_sect=0x29000, nr_sects=0x3000
[GPT_PL][13]name=keystore, part_id=8, start_sect=0x2C000, nr_sects=0x4000
[GPT_PL][14]name=tee1, part_id=8, start_sect=0x30000, nr_sects=0x2800
[GPT_PL][15]name=tee2, part_id=8, start_sect=0x32800, nr_sects=0x2800
[GPT_PL][16]name=frp, part_id=8, start_sect=0x35000, nr_sects=0x800
[GPT_PL][17]name=nvdata, part_id=8, start_sect=0x35800, nr_sects=0x10000
[GPT_PL][18]name=metadata, part_id=8, start_sect=0x45800, nr_sects=0x12800
[GPT_PL][19]name=system, part_id=8, start_sect=0x58000, nr_sects=0x500000
[GPT_PL][20]name=cache, part_id=8, start_sect=0x558000, nr_sects=0xC8000
[GPT_PL][21]name=userdata, part_id=8, start_sect=0x620000, nr_sects=0x1400000
[GPT_PL][22]name=ivres, part_id=8, start_sect=0x1A20000, nr_sects=0x190000
[GPT_PL][23]name=resources, part_id=8, start_sect=0x1BB0000, nr_sects=0x1E85C00
[GPT_PL][24]name=flashinfo, part_id=8, start_sect=0x3A35C00, nr_sects=0x8000
[GPT_PL]Success to find valid GPT.

[PART] blksz: 512B
[PART] [0x0000000000080000-0x000000000037FFFF] "proinfo" (6144 blocks) 
[PART] [0x0000000000380000-0x000000000087FFFF] "nvram" (10240 blocks) 
[PART] [0x0000000000880000-0x000000000127FFFF] "protect1" (20480 blocks) 
[PART] [0x0000000001280000-0x0000000001C7FFFF] "protect2" (20480 blocks) 
[PART] [0x0000000001C80000-0x0000000001CFFFFF] "lk" (1024 blocks) 
[PART] [0x0000000001D00000-0x0000000001D7FFFF] "para" (1024 blocks) 
[PART] [0x0000000001D80000-0x0000000002D7FFFF] "boot" (32768 blocks) 
[PART] [0x0000000002D80000-0x0000000003D7FFFF] "recovery" (32768 blocks) 
[PART] [0x0000000003D80000-0x000000000457FFFF] "logo" (16384 blocks) 
[PART] [0x0000000004580000-0x0000000004F7FFFF] "expdb" (20480 blocks) 
[PART] [0x0000000004F80000-0x0000000004FFFFFF] "seccfg" (1024 blocks) 
[PART] [0x0000000005000000-0x00000000051FFFFF] "oemkeystore" (4096 blocks) 
[PART] [0x0000000005200000-0x00000000057FFFFF] "secro" (12288 blocks) 
[PART] [0x0000000005800000-0x0000000005FFFFFF] "keystore" (16384 blocks) 
[PART] [0x0000000006000000-0x00000000064FFFFF] "tee1" (10240 blocks) 
[PART] [0x0000000006500000-0x00000000069FFFFF] "tee2" (10240 blocks) 
[PART] [0x0000000006A00000-0x0000000006AFFFFF] "frp" (2048 blocks) 
[PART] [0x0000000006B00000-0x0000000008AFFFFF] "nvdata" (65536 blocks) 
[PART] [0x0000000008B00000-0x000000000AFFFFFF] "metadata" (75776 blocks) 
[PART] [0x000000000B000000-0x00000000AAFFFFFF] "system" (5242880 blocks) 
[PART] [0x00000000AB000000-0x00000000C3FFFFFF] "cache" (819200 blocks) 
[PART] [0x00000000C4000000-0x0000000343FFFFFF] "userdata" (20971520 blocks) 
[PART] [0x0000000344000000-0x0000000375FFFFFF] "ivres" (1638400 blocks) 
[PART] [0x0000000376000000-0x0000000746B7FFFF] "resources" (32005120 blocks) 
[PART] [0x0000000746B80000-0x0000000747B7FFFF] "flashinfo" (32768 blocks) 
[ROM_INFO] 'v2','0x0','0x0','0x0','0x2C00'
[SEC_K] SML KEY AC = 0
[SEC_K] SBC_PUBK Found
[SEC] AES Legacy : 0
[SEC] SECCFG AC : 1

[LIB] Loading SEC config
[LIB] Name = 
[LIB] Config = 0x22, 0x22
[LIB] SECRO (ac, ac_offset, ac_length) = (0x1, 0x40, 0x40)
0x31,0x41,0x35,0x35
[SEC] DBGPORT (0 1)


[SEC] read '0x4F80000'
0x0,0x0,0x0,0x0,0x0,0x0,0x0,0x0,
[LIB] CFG read size '0x2000' '0x1860'
0x0
[LIB] HW DEC
0x1C4D9205
[LIB] SEC CFG doesn't exist
[SEC] init fail '0x3000'
[LIB] seccfg magic is incorrect
[pmic_IsUsbCableIn] 0
[TOOL] PMIC not dectect usb cable!
[LIB] NS-CHIP
[SBC] Don't check

Device APC domain init setup:

Domain Setup (0x0)
Domain Setup (0x0)
Domain Setup (0x0)
Device APC domain after setup:
Domain Setup (0x0)
Domain Setup (0x1020000)
Domain Setup (0x600500)
GCPU Enhance
warning: size is not 2MB aligned
mblock[0].start: 0x0000000040000000, sz: 0x0000000040000000, limit: 0x0000000100000000, max_addr: 0x0000000000000000, max_rank: 1, target: -1, mblock[].rank: 0
mblock_reserve dbg[0]: 1, 1, 1, 1
mblock[1].start: 0x0000000080000000, sz: 0x0000000040000000, limit: 0x0000000100000000, max_addr: 0x0000000080000000, max_rank: 1, target: 0, mblock[].rank: 1
mblock_reserve dbg[1]: 1, 1, 1, 1
mblock_reserve: 00000000BFFC0000 - 00000000C0000000 from mblock 1
[PART] Image with part header
[PART] name : LK
[PART] addr : FFFFFFFFh mode : -1
[PART] size : 316908
[PART] magic: 58881688h

[PART] load "lk" from 0x0000000001C80200 (dev) to 0x41E00000 (mem) [SUCCESS]
[PART] load speed: 30947KB/s, 316908 bytes, 10ms
[PART] Image with part header
[PART] name : ATF
[PART] addr : FFFFFFFFh mode : 0
[PART] size : 60416
[PART] magic: 58881688h

[PART] load "tee1" from 0x0000000006000200 (dev) to 0x43000DC0 (mem) [SUCCESS]
[PART] load speed: 19666KB/s, 60416 bytes, 3ms
[TZ_INIT] tee_verify_image : passed
[BLDR] bldr load tee part ret=0x0, addr=0x43001000
[BLDR] part_load_raw_part ret=0x0
[BLDR] part_load_images ret=0x0
[PLFM],64S3,boot_opt=0x0
[PLFM],32N2,boot_opt=0x6
[PLFM],64N2,boot_opt=0x4

[PLFM] boot to LK by ATAG.
boot reason: 0
boot mode: 0
META COM0: 0
rank[0] size: 0x40000000
rank[1] size: 0x3FFC0000
tee reserved mem: 0x00000000BFFC0000, 0x0000000000040000
md_type[0]: 0x0
md_type[1]: 0x0
boot time: 1691
DDR reserve mode: enable = 0, success = 0
dram buffer size: 1688768
[PTP][preloader]first_volt = 0x68
[PTP][preloader]second_volt = 0x50
[PTP][preloader]third_volt = 0x48
[PTP][preloader]have_550 = 0x0
SMC: 0x0
LK: 0x6
KERNEL: 0x4
NONSEC SRAM Addr: 0x12C000
NONSEC SRAM Size: 0x4000
[TZ_INIT] hwuid[0] : 0x12422950
[TZ_INIT] hwuid[1] : 0x84001000
[TZ_INIT] hwuid[2] : 0x8BCA0BFD
[TZ_INIT] hwuid[3] : 0xCFEFB0FE
[TZ_INIT] HRID[0] : 0x974DDDD
[TZ_INIT] HRID[1] : 0xDC7047E3
[TZ_INIT] atf_log_port : 0x11002000
[TZ_INIT] atf_log_baudrate : 0xE1000
[TZ_INIT] atf_irq_num : 281
[TZ_INIT] ATF log buffer start : 0xBFFC0000
[TZ_INIT] ATF log buffer size : 0x40000
[TZ_INIT] ATF aee buffer start : 0xBFFFC000
[TZ_INIT] ATF aee buffer size : 0x4000
[BLDR] Others, jump to ATF

[BLDR] jump to 0x41E00000
[BLDR] <0x41E00000>=0xEA000007
[BLDR] <0x41E00004>=0xEA005F0B
[TZ_SEC_CFG] SRAMROM Secure Addr 0x2C000
[TZ_SEC_CFG] SRAMROM Secure Control 0x0
[TZ_SEC_CFG] SRAMROM Secure Control 0xB69
[TZ_SEC_CFG] SRAMROM Secure Control 0x1B680B69
[TZ_INIT] ATF entry addr, aligned addr : 0x43001000, 0x43000000
[TZ_EMI_MPU] MPU [0x43000000-0x4302FFFF]
[TZ_INIT] set secure memory protection : 0x43000000, 0x4302FFFF (1)
[TZ_INIT] Jump to ATF, then 0x41E00000
[ATF][     0.000000]BL33 boot argument location=0x4219c480
[ATF][     0.000000]BL33 boot argument size=0x168
[ATF][     0.000000]BL33 start addr=0x41e00000
[ATF][     0.000000]teearg addr=0x101000
[ATF][     0.000000]atf_magic=0x4d415446
[ATF][     0.000000]tee_support=0x0
[ATF][     0.000000]tee_entry=0x0
[ATF][     0.000000]tee_boot_arg_addr=0x101100
[ATF][     0.000000]atf_log_port=0x11002000
[ATF][     0.000000]atf_log_baudrate=0xe1000
[ATF][     0.000000]atf_log_buf_start=0xbffc0000
[ATF][     0.000000]atf_log_buf_size=0x40000
[ATF][     0.000000]atf_aee_debug_buf_start=0xbfffc000
[ATF][     0.000000]atf_aee_debug_buf_size=0x4000
[ATF][     0.000000]atf_irq_num=281
[ATF][     0.000000]BL33_START_ADDRESS=0x41e00000
[ATF][     0.000000]atf chip_code[321]
[ATF][     0.000000]atf chip_ver[0]
[ATF][     0.000000]###@@@ MP0_MISC_CONFIG3:0x00000000 @@@###
[ATF][     0.000000]###@@@ MP0_MISC_CONFIG3:0x0000e000 @@@###
[ATF][     0.000000]mmap atf buffer : 0xbffc0000, 0x40000
[ATF][     0.000000]mmap atf buffer (force 2MB aligned): 0xbfe00000, 0x200000
NOTICE:  BL3-1: v1.0(debug):
NOTICE:  BL3-1: Built : 11:20:44, Oct 25 2018
[ATF][     0.000000]sta=0x0 int=0xffc
[ATF][     0.000000]is_power_on_boot: true
[ATF][     0.000000]mt_log_setup - atf_buf_addr : 0xbffc0100
[ATF][     0.000000]mt_log_setup - atf_buf_size : 0x2bf00
[ATF][     0.000000]mt_log_setup - atf_write_pos : 0xbffc0100
[ATF][     0.000000]mt_log_setup - atf_read_pos : 0xbffc0100
[ATF][     0.000000]mt_log_setup - atf_buf_lock : 0x0
[ATF][     0.000000]mt_log_setup - mt_log_buf_end : 0xbffebfff
[ATF][     0.000000]mt_log_setup - ATF_CRASH_LAST_LOG_SIZE : 0x8000
[ATF][     0.000000]mt_log_setup - ATF_EXCEPT_BUF_SIZE_PER_CPU : 0x1000
[ATF][     0.000000]mt_log_setup - ATF_EXCEPT_BUF_SIZE : 0x8000
[ATF][     0.000000]mt_log_setup - PLATFORM_CORE_COUNT : 0x8
[ATF][     0.000000]mt_log_setup - atf_except_write_pos_per_cpu[0]: 0xbfff4000
[ATF][     0.000000]mt_log_setup - atf_except_write_pos_per_cpu[1]: 0xbfff5000
[ATF][     0.000000]mt_log_setup - atf_except_write_pos_per_cpu[2]: 0xbfff6000
[ATF][     0.000000]mt_log_setup - atf_except_write_pos_per_cpu[3]: 0xbfff7000
[ATF][     0.000000]mt_log_setup - atf_except_write_pos_per_cpu[4]: 0xbfff8000
[ATF][     0.000000]mt_log_setup - atf_except_write_pos_per_cpu[5]: 0xbfff9000
[ATF][     0.000000]mt_log_setup - atf_except_write_pos_per_cpu[6]: 0xbfffa000
[ATF][     0.000000]mt_log_setup - atf_except_write_pos_per_cpu[7]: 0xbfffb000
[ATF][     0.000000]mt_log_setup - atf_crash_flag : 0x0
[ATF][     0.000000]mt_log_setup - atf_crash_log_addr : 0x0
[ATF][     0.000000]mt_log_setup - atf_crash_log_size : 0x0
[ATF][     0.000000]ATF log service is registered (0xbffc0000, aee:0xbfffc000)
[ATF][     0.000000]BL3-1: v1.0(debug):
[ATF][     0.000000]BL3-1: Built : 11:20:44, Oct 25 2018
INFO:    BL3-1: Initializing runtime services
[ATF][     0.000000][BL31] Jump to FIQD for initialization!
INFO:    BL3-1: Preparing for EL3 exit to normal world, LK
INFO:    BL3-1: Next image address = 0x41e00000
INFO:    BL3-1: Next image spsr = 0x1d3
[ATF][     0.000000][BL31] Final dump!
[0] kernel_boot_opt=4
[0] 64Bit Kernel
[0] WDT NONRST=0x20000000 
[0] [pmic_init] LK Start..................
[0] [pmic_init] MT6325 CHIP Code = 0x2820
[0] [pmic_init] Done
[10] platform_init()
[20] [mmc_init]: msdc0 start mmc_init_host() in LK...
[20] [msdc_init]: msdc0 Host controller intialization start 
[20] [MSDC] config VEMC to 3V in lk
[20] [SD0] Pins mode(1), none(0), down(1), up(2), keep(3)
[20] [SD0] Pins mode(2), none(0), down(1), up(2), keep(3)
[20] [MSDC] config VEMC to 3V in lk
[20] [info][msdc_set_startbit 1248] read data start bit at rising edge
[20] [info][msdc_config_clksrc] input clock is 400000kHz
[20] [SD0] Bus Width: 1
[20] [info][msdc_config_clksrc] input clock is 400000kHz
[20] [info][msdc_set_startbit 1248] read data start bit at rising edge
[20] [SD0] SET_CLK(260kHz): SCLK(259kHz) MODE(0) DDR(0) DIV(385) DS(0) RS(0)
[20] [msdc_init]: msdc0 Host controller intialization done
[20] [mmc_init]: msdc0 start mmc_init_card()in LK...
[20] [mmc_init_card]: start
[140] [info][msdc_config_clksrc] input clock is 400000kHz
[140] [info][msdc_set_startbit 1248] read data start bit at rising edge
[140] [SD0] SET_CLK(260kHz): SCLK(259kHz) MODE(0) DDR(0) DIV(385) DS(0) RS(0)
[140] [SD0] Bus Width: 8
[160] [SD0] Switch to High-Speed mode!
[160] [SD0] Size: 29820 MB, Max.Speed: 52000 kHz, blklen(512), nblks(61071360), ro(0)
[160] [mmc_init_mem_card 3240][SD0] Initialized, eMMC50
[160] before host->cur_bus_clk(259740)
[160] [info][msdc_config_clksrc] input clock is 400000kHz
[160] [info][msdc_set_startbit 1248] read data start bit at rising edge
[160] [SD0] SET_CLK(52000kHz): SCLK(50000kHz) MODE(0) DDR(0) DIV(2) DS(0) RS(0)
[160] host->cur_bus_clk(50000000)
[180] [mmc_init_card]: finish successfully
[180] [mt_part_register_device]
[180] [GPT_LK]Parsing Primary GPT now...
[180] [GPT_LK][0]name=proinfo, part_id=8, start_sect=0x400, nr_sects=0x1800
[180] [GPT_LK][1]name=nvram, part_id=8, start_sect=0x1c00, nr_sects=0x2800
[180] [GPT_LK][2]name=protect1, part_id=8, start_sect=0x4400, nr_sects=0x5000
[180] [GPT_LK][3]name=protect2, part_id=8, start_sect=0x9400, nr_sects=0x5000
[180] [GPT_LK][4]name=lk, part_id=8, start_sect=0xe400, nr_sects=0x400
[180] [GPT_LK][5]name=para, part_id=8, start_sect=0xe800, nr_sects=0x400
[180] [GPT_LK][6]name=boot, part_id=8, start_sect=0xec00, nr_sects=0x8000
[180] [GPT_LK][7]name=recovery, part_id=8, start_sect=0x16c00, nr_sects=0x8000
[180] [GPT_LK][8]name=logo, part_id=8, start_sect=0x1ec00, nr_sects=0x4000
[200] [GPT_LK][9]name=expdb, part_id=8, start_sect=0x22c00, nr_sects=0x5000
[200] [GPT_LK][10]name=seccfg, part_id=8, start_sect=0x27c00, nr_sects=0x400
[200] [GPT_LK][11]name=oemkeystore, part_id=8, start_sect=0x28000, nr_sects=0x1000
[200] [GPT_LK][12]name=secro, part_id=8, start_sect=0x29000, nr_sects=0x3000
[200] [GPT_LK][13]name=keystore, part_id=8, start_sect=0x2c000, nr_sects=0x4000
[200] [GPT_LK][14]name=tee1, part_id=8, start_sect=0x30000, nr_sects=0x2800
[200] [GPT_LK][15]name=tee2, part_id=8, start_sect=0x32800, nr_sects=0x2800
[200] [GPT_LK][16]name=frp, part_id=8, start_sect=0x35000, nr_sects=0x800
[200] [GPT_LK][17]name=nvdata, part_id=8, start_sect=0x35800, nr_sects=0x10000
[200] [GPT_LK][18]name=metadata, part_id=8, start_sect=0x45800, nr_sects=0x12800
[200] [GPT_LK][19]name=system, part_id=8, start_sect=0x58000, nr_sects=0x500000
[200] [GPT_LK][20]name=cache, part_id=8, start_sect=0x558000, nr_sects=0xc8000
[220] [GPT_LK][21]name=userdata, part_id=8, start_sect=0x620000, nr_sects=0x1400000
[220] [GPT_LK][22]name=ivres, part_id=8, start_sect=0x1a20000, nr_sects=0x190000
[220] [GPT_LK][23]name=resources, part_id=8, start_sect=0x1bb0000, nr_sects=0x1e85c00
[220] [GPT_LK][24]name=flashinfo, part_id=8, start_sect=0x3a35c00, nr_sects=0x8000
[220] [GPT_LK]Success to find valid GPT.
[220] [SD0] boot device found
[220] [PART_LK][get_part] para
[LK_ENV] device data sig mismatch
[220] [PART_LK][get_part] para
[LK_ENV]ENV initialize sucess
[LK_ENV]env:
data_free_size_th=52428800
[LK_ENV] device data valid: 0
[220] [GPIO_LK] set device type: 0
[220] [DISP]func|disp_lcm_probe
[220] [DISP]func|_display_interface_path_init
[230] [DISPCHECK]dpmgr create path SUCCESS(0x41e51ed8)
[240] [DISPCHECK]dpmgr set dst module FINISHED(dsi0 )
[240] [DISP]func|ddp_dsi_init
[240] [DISPCHECK]dsi0 init finished
[240] [DISP]func|ddp_dsi_config
[240] [DISPCHECK][DDPDSI] DSI Mode: SYNC_PULSE_VDO_MODE
[240] [DISPCHECK][DDPDSI] LANE_NUM: 4,data_format: 0,vertical_sync_active: 0
[240] [DISPCHECK][DDPDSI] vact: 2, vbp: 5, vfp: 29, vact_line: 720, hact: 16, hbp: 24, hfp: 24, hblank: 0, hblank: 1105583372
[240] [DISPCHECK][DDPDSI] pll_select: 0, pll_div1: 0, pll_div2: 0, fbk_div: 0,fbk_sel: 0, rg_bir: 0
[240] [DISPCHECK][DDPDSI] rg_bic: 0, rg_bp: 0, PLL_CLOCK: 301, dsi_clock: 0, ssc_range: 0,	ssc_disable: 0, compatibility_for_nvk: 0, cont_clock: 1
[240] [DISPCHECK][DDPDSI] lcm_ext_te_enable: 0, noncont_clock: 0, noncont_clock_period: 0
[240] [DISP]func|DSI_PHY_clk_setting
[240] [DISP][mipitx/reg]0x14017044=0x88492481
[240] [DISP][mipitx/reg]0x14017044=0x88492483
[260] [DISP][mipitx/reg]0x14017040=0x00000082
[260] [DISP][mipitx/reg]0x14017000=0x00000402
[260] [DISP][mipitx/reg]0x14017000=0x00000403
[260] [DISP][mipitx/reg]0x14017068=0x00000003
[260] [DISP][mipitx/reg]0x14017068=0x00000101
[260] [DISP][mipitx/reg]0x14017050=0x00000000
[260] [DISP][mipitx/reg]0x14017050=0x00000000
[260] [DISP][mipitx/reg]0x14017050=0x00000000
[260] [DISP][mipitx/reg]0x14017054=0x00000003
[260] [DISP][mipitx/reg]0x14017058=0x2e000000
[260] [DISP][mipitx/reg]0x14017058=0x2e4e0000
[260] [DISP][mipitx/reg]0x14017058=0x2e4ec400
[260] [DISP][mipitx/reg]0x14017058=0x2e4ec4ec
[260] [DISP][mipitx/reg]0x14017054=0x00000003
[260] [DISP][mipitx/reg]0x14017054=0x01b10003
[260] [DISP][mipitx/reg]0x1401705c=0x05790000
[260] [DISP][mipitx/reg]0x1401705c=0x05790579
[260] [DISP][dsi_drv.c] PLL config:data_rate=602,txdiv=1,pcw=776914156,delta1=5,pdelta1=0x579
[260] [DISP][mipitx/reg]0x14017054=0x01b10007
[280] [DISP][mipitx/reg]0x14017004=0x00000821
[280] [DISP][mipitx/reg]0x14017008=0x00000401
[280] [DISP][mipitx/reg]0x1401700c=0x00000101
[280] [DISP][mipitx/reg]0x14017010=0x00000101
[280] [DISP][mipitx/reg]0x14017014=0x00000101
[280] [DISP][mipitx/reg]0x14017050=0x00000001
[280] [DISP][mipitx/reg]0x14017060=0x00000000
[280] [DISP][mipitx/reg]0x14017060=0x00000001
[280] [DISP][mipitx/reg]0x14017040=0x00000082
[280] DISP/[DISP] - kernel - DSI_PHY_TIMCONFIG, Cycle Time = 14(ns), Unit Interval = 2(ns). , lane# = 4 
[280] DISP/[DISP] - kernel - DSI_PHY_TIMCONFIG, HS_TRAIL = 6, HS_ZERO = 10, HS_PRPR = 5, LPX = 5, TA_GET = 25, TA_SURE = 7, TA_GO = 20, CLK_TRAIL = 7, CLK_ZERO = 28, CLK_HS_PRPR = 4 
[280] [DISP]func|_display_interface_path_deinit
[280] [DISPCHECK]dsi0 init finished
[280] [DISP][mipitx/reg]0x14017084=0x00000001
[280] [DISP][mipitx/reg]0x14017084=0x00000003
[300] [DISP][mipitx/reg]0x14017084=0x00000013
[300] [DISP][mipitx/reg]0x14017084=0x00000033
[300] [DISP][mipitx/reg]0x14017084=0x00000033
[300] [DISP][mipitx/reg]0x14017084=0x00000033
[300] [DISP][mipitx/reg]0x14017084=0x00000133
[300] [DISP][mipitx/reg]0x14017084=0x00000333
[300] [DISP][mipitx/reg]0x14017084=0x00010333
[300] [DISP][mipitx/reg]0x14017084=0x00020333
[300] [DISP][mipitx/reg]0x14017084=0x00100333
[300] [DISP][mipitx/reg]0x14017084=0x00200333
[300] [DISP][mipitx/reg]0x14017080=0x00000001
[300] [DISP][mipitx/reg]0x14017050=0x00000000
[300] [DISP][mipitx/reg]0x14017064=0x00000020
[300] [DISP][mipitx/reg]0x14017040=0x00000882
[300] [DISP][mipitx/reg]0x14017004=0x00000820
[300] [DISP][mipitx/reg]0x14017008=0x00000400
[300] [DISP][mipitx/reg]0x1401700c=0x00000100
[300] [DISP][mipitx/reg]0x14017010=0x00000100
[320] [DISP][mipitx/reg]0x14017014=0x00000100
[320] [DISP][mipitx/reg]0x14017068=0x00000103
[320] [DISP][mipitx/reg]0x14017068=0x00000102
[320] [DISP][mipitx/reg]0x14017040=0x00000880
[320] [DISP][mipitx/reg]0x14017000=0x00000401
[320] [DISP][mipitx/reg]0x14017000=0x00000400
[320] [DISP][mipitx/reg]0x14017044=0x88492481
[320] [DISP][mipitx/reg]0x14017044=0x88492480
[320] [DISP][mipitx/reg]0x14017050=0x00000000
[320] [DISP][mipitx/reg]0x14017050=0x00000000
[320] [DISP][mipitx/reg]0x14017050=0x00000000
[320] [DISP][mipitx/reg]0x14017050=0x00000000
[320] [DISP][mipitx/reg]0x14017054=0x00000000
[320] [DISP][mipitx/reg]0x14017058=0x50000000
[320] [DISP][mipitx/reg]0x14017080=0x00000000
[320] [DISPCHECK]******** dump lcm driver information ********
[320] [DISPCHECK][LCM], name: cpt_clap070wp03xg_sn65dsi83_ti947
[340] [DISPCHECK][LCM] resolution: 1920 x 720
[340] [DISPCHECK][LCM] physical size: 0 x 0
[340] [DISPCHECK][LCM] physical size: 0 x 0
[340] [DISPCHECK][LCM] lcm_if:0, cmd_if:0
[340] [DISPCHECK][LCM] interface: unknown
[340] [DISPCHECK][LCM] Type: DSI
[340] [DISPCHECK][LCM] DSI Mode: SYNC_PULSE_VDO_MODE
[340] [DISPCHECK][LCM] LANE_NUM: 4,data_format: 0,vertical_sync_active: 0
[340] [DISPCHECK][LCM] vact: 2, vbp: 5, vfp: 29, vact_line: 720, hact: 16, hbp: 24, hfp: 24, hblank: 0, hblank: 1105515200
[340] [DISPCHECK][LCM] pll_select: 0, pll_div1: 0, pll_div2: 0, fbk_div: 0,fbk_sel: 0, rg_bir: 0
[340] [DISPCHECK][LCM] rg_bic: 0, rg_bp: 0,	PLL_CLOCK: 301, dsi_clock: 0, ssc_range: 0,	ssc_disable: 0, compatibility_for_nvk: 0, cont_clock: 1
[340] [DISPCHECK][LCM] lcm_ext_te_enable: 0, noncont_clock: 0, noncont_clock_period: 0
[340] [DISP]lcm handle is null, after probe:0x41e52444
[340] [DISP]^^ DISP_GetVRamSize: 19726336 bytes
[360] warning: size is not 2MB aligned
[360] mblock[0].start: 0x40000000, sz: 0x40000000, limit: 0x100000000, max_addr: 0x0, max_rank: 1, target: -1, mblock[].rank: 0
[360] mblock_reserve dbg[0]: 1, 1, 1, 1
[360] mblock[1].start: 0x80000000, sz: 0x3ffc0000, limit: 0x100000000, max_addr: 0x80000000, max_rank: 1, target: 0, mblock[].rank: 1
[360] mblock_reserve dbg[1]: 1, 1, 1, 1
[360] mblock_reserve: becf0000 - bffc0000 from mblock 1
[360] FB base = 0xbecf0000, FB size = 19726336
[360] fb_va: 0xbecf0000, fb_pa: 0xbecf0000, fb_pa_k: 0xbecf0000
[360] [DISP]func|primary_display_init
[LK_ENV]get_env DFO
[360] [DISP]env buffer = <null>
[360] [DISP]env buffer = NULL
[360] [DISP]LCM_FAKE_WIDTH = [DEC]0 [HEX]0x00000000
[360] [DISP]LCM_FAKE_HEIGHT = [DEC]0 [HEX]0x00000000
[360] [DISP]LCM Resolution will be changed, original: 1920x720, now: 0x0
[360] [DISP]ERROR:Invalid resolution: 0x0
[380] [DISP]ERROR:[DISP_DFO]WARNING!!! Change LCM Resolution FAILED!!!
[380] [DISPCHECK]disp_lcm_probe SUCCESS
[380] [DISP]func|disp_lcm_get_params
[380] [DISP]func|_build_path_direct_link
[380] [DISPCHECK]dpmgr create path SUCCESS(0x41e51ed8)
[380] [DISPCHECK]dpmgr set dst module FINISHED(dsi0 )
[380] [DISPCHECK]primary display is DIRECT LINK MODE
[380] [DISPCHECK]primary display BUILD cmdq trigger loop finished
[380] [DISPCHECK]primary display START cmdq trigger loop finished
[380] [DISP]func|disp_lcm_is_video_mode
[380] [DISP]func|ddp_dsi_init
[380] [DISPCHECK]dsi0 init finished
[380] [DISP]func|ddp_dsi_config
[380] [DISPCHECK][DDPDSI] DSI Mode: SYNC_PULSE_VDO_MODE
[380] [DISPCHECK][DDPDSI] LANE_NUM: 4,data_format: 0,vertical_sync_active: 0
[380] [DISPCHECK][DDPDSI] vact: 2, vbp: 5, vfp: 29, vact_line: 720, hact: 16, hbp: 24, hfp: 24, hblank: 0, hblank: 1105583372
[380] [DISPCHECK][DDPDSI] pll_select: 0, pll_div1: 0, pll_div2: 0, fbk_div: 0,fbk_sel: 0, rg_bir: 0
[400] [DISPCHECK][DDPDSI] rg_bic: 0, rg_bp: 0, PLL_CLOCK: 301, dsi_clock: 0, ssc_range: 0,	ssc_disable: 0, compatibility_for_nvk: 0, cont_clock: 1
[400] [DISPCHECK][DDPDSI] lcm_ext_te_enable: 0, noncont_clock: 0, noncont_clock_period: 0
[400] [DISP]func|DSI_PHY_clk_setting
[400] [DISP][mipitx/reg]0x14017044=0x88492481
[400] [DISP][mipitx/reg]0x14017044=0x88492483
[400] [DISP][mipitx/reg]0x14017040=0x00000882
[400] [DISP][mipitx/reg]0x14017000=0x00000402
[400] [DISP][mipitx/reg]0x14017000=0x00000403
[400] [DISP][mipitx/reg]0x14017068=0x00000003
[400] [DISP][mipitx/reg]0x14017068=0x00000101
[400] [DISP][mipitx/reg]0x14017050=0x00000000
[400] [DISP][mipitx/reg]0x14017050=0x00000000
[400] [DISP][mipitx/reg]0x14017050=0x00000000
[400] [DISP][mipitx/reg]0x14017054=0x00000001
[400] [DISP][mipitx/reg]0x14017058=0x2e000000
[410] [DISP][mipitx/reg]0x14017058=0x2e4e0000
[420] [DISP][mipitx/reg]0x14017058=0x2e4ec400
[420] [DISP][mipitx/reg]0x14017058=0x2e4ec4ec
[420] [DISP][mipitx/reg]0x14017054=0x00000003
[420] [DISP][mipitx/reg]0x14017054=0x01b10003
[420] [DISP][mipitx/reg]0x1401705c=0x05790579
[420] [DISP][mipitx/reg]0x1401705c=0x05790579
[420] [DISP][dsi_drv.c] PLL config:data_rate=602,txdiv=1,pcw=776914156,delta1=5,pdelta1=0x579
[420] [DISP][mipitx/reg]0x14017054=0x01b10007
[420] [DISP][mipitx/reg]0x14017004=0x00000821
[420] [DISP][mipitx/reg]0x14017008=0x00000401
[420] [DISP][mipitx/reg]0x1401700c=0x00000101
[420] [DISP][mipitx/reg]0x14017010=0x00000101
[420] [DISP][mipitx/reg]0x14017014=0x00000101
[420] [DISP][mipitx/reg]0x14017050=0x00000001
[420] [DISP][mipitx/reg]0x14017060=0x00000000
[420] [DISP][mipitx/reg]0x14017060=0x00000001
[420] [DISP][mipitx/reg]0x14017040=0x00000082
[420] DISP/[DISP] - kernel - DSI_PHY_TIMCONFIG, Cycle Time = 14(ns), Unit Interval = 2(ns). , lane# = 4 
[440] DISP/[DISP] - kernel - DSI_PHY_TIMCONFIG, HS_TRAIL = 6, HS_ZERO = 10, HS_PRPR = 5, LPX = 5, TA_GET = 25, TA_SURE = 7, TA_GO = 20, CLK_TRAIL = 7, CLK_ZERO = 28, CLK_HS_PRPR = 4 
[440] [DISP]func|disp_lcm_init
[440] [DISP]func|DSI_set_cmdq
[440] [DISPCHECK]DSI_set_cmdq, module=dsi0 , cmdq=0x00000000
[440] [DISP]read lcm maximum return size failed.
[440] [DISP]func|DSI_dcs_read_lcm_reg_v2
[440] DISP/ Start polling DSI read ready!!!
[480] DISP/ Polling DSI read ready timeout!!!
[480] DSI0 state:Waiting RX-read data 
[480] DSI Mode: lane num: transfer count: status: [480] ---------- Start dump DSI0 registers ----------
[480] DSI+0000 : 0x00000001  0x00000000  0x00000000  0x80000000
[480] DSI+0010 : 0x00000000  0x00000000  0x0000003c  0x00031680
[480] DSI+0020 : 0x00000002  0x00000005  0x0000001d  0x000002d0
[480] DSI+0030 : 0x00000000  0x00000000  0x00000000  0x00000000
[500] DSI+0040 : 0x00000000  0x00000000  0x00000000  0x00000000
[500] DSI+0050 : 0x00000028  0x00000040  0x0000003c  0x00000000
[500] DSI+0060 : 0x00000001  0x00010000  0x00000000  0x00000000
[500] DSI+0070 : 0x00000000  0x00000000  0x00000000  0x00000000
[500] DSI+0080 : 0x00000000  0x00000000  0x00000020  0x00000000
[500] DSI+0090 : 0x0000003c  0x00000000  0x00000000  0x00000000
[500] DSI+00a0 : 0x00060080  0x00002000  0x00000000  0x00000000
[500] DSI+00b0 : 0x00000000  0x00000000  0x00000000  0x00000000
[500] DSI+00c0 : 0x00000000  0x00000000  0x00000000  0x00000000
[500] DSI+00d0 : 0x00000000  0x00000000  0x00000000  0x00000000
[500] DSI+00e0 : 0x00000000  0x00000000  0x00000000  0x00000000
[500] DSI+00f0 : 0x00000000  0x00000000  0x00000000  0x00000000
[500] DSI+0100 : 0x00000055  0x00000000  0x00000000  0x000000b8
[500] DSI+0110 : 0x060a0505  0x0a190714  0x071c0100  0x000a0e04
[520] DSI+0120 : 0x00000000  0x00000000  0x00000000  0x00000000
[520] DSI+0130 : 0x00000021  0x00000000  0x00000000  0x00000000
[520] DSI+0140 : 0x00000000  0x00000000  0x00010001  0x01010100
[520] DSI+0150 : 0x01080001  0x01010101  0x00000101  0x10000000
[520] DSI+0160 : 0x00010200  0x00000001  0x00000000  0x00000000
[520] DSI+0170 : 0x00000000  0xfff00000  0x00000000  0x00200000
[520] DSI_CMD+0000 : 0x000a0604  0xddbd37dc  0x37f45c74  0xd1e50170
[520] DSI_CMD+0010 : 0x51551525  0xd445151c  0x55752f51  0xd5d147df
[520] DSI_CMD+0020 : 0xdd103e51  0x74fdc135  0x51571557  0x455560d4
[520] DSI_CMD+0030 : 0x557775f5  0x6d4511f5  0x4517def2  0xd77534d3
[520] DSI_CMD+0040 : 0xff154d55  0x51527155  0x1ed85731  0xce57f757
[520] DSI_CMD+0050 : 0x14dfd155  0x57597fe9  0xd95d6c45  0x54b144f5
[520] DSI_CMD+0060 : 0xf64559d5  0x0d55dd57  0xff537556  0x1d55cd14
[520] DSI_CMD+0070 : 0x5d5555c5  0x175d1048  0x9105e9cd  0x5555445f
[540] DSI_CMD+0080 : 0x5124575c  0xd5571154  0xc594ed97  0xd5b31d91
[540] DSI_CMD+0090 : 0x574c56d3  0x57f55113  0xd5515537  0x47355fd9
[540] DSI_CMD+00a0 : 0x5705d133  0x1451d415  0x647d415e  0x41d5073c
[540] DSI_CMD+00b0 : 0x74d7445d  0x4c59d9cd  0x58ff2101  0x15d73d77
[540] DSI_CMD+00c0 : 0x5a60394d  0x54d5f7d1  0x0f5c1d45  0x31155147
[540] DSI_CMD+00d0 : 0x777535d4  0x15905554  0x715764f3  0x7d157475
[540] DSI_CMD+00e0 : 0x5c1557cd  0x5e55d56f  0x4d1c15d1  0x7dd5948d
[540] DSI_CMD+00f0 : 0xc5dd52d7  0x57c5350c  0x5d757758  0x79fad454
[540] DSI_CMD+0100 : 0xa557e155  0x1f2af55d  0xd3371055  0x14b4437c
[540] DSI_CMD+0110 : 0x517f5674  0x9ddf94d9  0x6dd1c788  0xd15d9ddd
[540] DSI_CMD+0120 : 0x341c57dc  0x1dd55bd3  0x54d69c67  0x4c774741
[540] DSI_CMD+0130 : 0x53580577  0x704dc291  0xd19d21d8  0x355f4555
[540] DSI_CMD+0140 : 0xc5c545e4  0x5e1d4341  0xd4005536  0x504349d9
[540] DSI_CMD+0150 : 0x777bd5cc  0x178dd455  0xbd75f55c  0x9599cd65
[560] DSI_CMD+0160 : 0x6c1d5717  0x5d815411  0x5edd4c94  0x5451c554
[560] DSI_CMD+0170 : 0x5dfd65ed  0xf255d597  0x41743175  0xed55f504
[560] DSI_CMD+0180 : 0x50553c56  0x54b91755  0x5c5f54f7  0x15db5bf2
[560] DSI_CMD+0190 : 0x55e635d3  0x74567756  0xdb4077fd  0x775e5715
[560] DSI_CMD+01a0 : 0x56d6575b  0xd11d1465  0x1375787b  0xd8f35719
[560] DSI_CMD+01b0 : 0x3054d16f  0x53cc4d71  0x1b67d6b9  0xd7fd43d9
[560] DSI_CMD+01c0 : 0xd56554a5  0x81d69417  0x7558d7dc  0xd4575c25
[560] DSI_CMD+01d0 : 0x417cd75d  0x4e559542  0x1574d53d  0x1c4db54d
[560] DSI_CMD+01e0 : 0xa77f4e47  0x8ced6d76  0x57521d05  0x5575b26d
[560] DSI_CMD+01f0 : 0x145d4f9f  0x15146c55  0x75f5111f  0xd51f253f
[560] DSI_PHY+0000 : 0x00000403    0x00000821  0x00000401  0x00000101
[560] DSI_PHY+0010 : 0x00000101    0x00000101  0x00000000  0x00000000
[560] DSI_PHY+0020 : 0x00000000    0x00000000  0x00000000  0x00000000
[580] DSI_PHY+0030 : 0x00000000    0x00000000  0x00000000  0x00000000
[580] DSI_PHY+0040 : 0x00000082    0x88492483  0x00000000  0x00000000
[580] DSI_PHY+0050 : 0x00000001    0x01b10007  0x2e4ec4ec  0x05790579
[580] DSI_PHY+0060 : 0x00000001    0x00000020  0x00000101  0x00000000
[580] DSI_PHY+0070 : 0x00000000    0x00000000  0x00000000  0x00043210
[580] DSI_PHY+0080 : 0x00000000    0x00000333  0x00000000  0x00000000
[580] DSI_PHY+0090 : 0x00000000    0x00000000  0x00000000  0x00000000
[580] [DISP]lcm is not connected
[580] [DISP]func|disp_lcm_is_video_mode
[600] [DISP]func|primary_display_config_input
[600] [DISP]func|ddp_dsi_is_busy
[600] [DISP]func|ddp_dsi_config
[600] [DISP]func|primary_display_config_input
[600] [DISP]func|ddp_dsi_is_busy
[600] [DISP]func|ddp_dsi_config
[600] mt_get_logo_db_addr: 0xbe8f0000
[700] [LK/LCM]lcm_init
[1080] [LK/LCM]lcm_init done
[1100] fb dump: 0x00000000, 0x00000000, 0x00000000, 0x00000000
[1100] [DISP]func|primary_display_trigger
[1100] [DISP]func|ddp_dsi_is_busy
[1100] [DISPCHECK]trigger mode: DIRECT_LINK
[1100] [DISP]func|disp_lcm_is_video_mode
[1100] [DISP]func|disp_lcm_is_video_mode
[1120] mt_get_logo_db_addr_pa: 0xbe8f0000
[1120] [PART_LK][get_part] logo
[1120] [PART_LK][get_part] logo

=========================================
[1120] [LK_BOOT] logo magic number : 0x58881688
[1120] [LK_BOOT] logo name         : LOGO
[1120] [LK_BOOT] logo size         : 722161
=========================================
read the data of logo
kedump mini start
kedump: boot_reason(0)
RAM_CONSOLE. sram(0x12c000) sig 0 mismatch
RAM_CONSOLE. start: 0x43f00000, size: 0x10000
RAM_CONSOLE. lk size mismatch 0 + c0 != 100
[1160] D:Boot record found at 0x41f00000[4d52], cb 0x41f00000
[1160] D:Cold boot or kernel not support MT-RAMDUMP
[1160] detecting pmic just reset
[mboot_recovery_load_misc]: size is 6144
[mboot_recovery_load_misc]: misc_addr is 0x41e7178c
[1160] [PART_LK][get_part] para
[1180] [LK_BOOT] Load '<null>' partition to 0x41E7178C (6144 bytes in 1 ms)
[1180] MT65XX_FACTORY_KEY 0x0
[1180] MT65XX_BOOT_MENU_KEY 0x11
[1180] MT65XX_RECOVERY_KEY 0x11
[1180] mtk detect key function key = 0
[1180] mtk detect key function key = 17
[1180] mtk detect key function key = 17
[1180] mtk detect key function key = 0
[1180] mtk detect key function key = 17
[1180] mtk detect key function key = 17
[1180] mtk detect key function key = 0
[1180] mtk detect key function key = 17
[1180] mtk detect key function key = 17
[1180] mtk detect key function key = 0
[1180] mtk detect key function key = 17
[1180] mtk detect key function key = 17
[1180] mtk detect key function key = 0
[1180] mtk detect key function key = 17
[1180] mtk detect key function key = 17
[1180] mtk detect key function key = 0
[1180] mtk detect key function key = 17
[1200] mtk detect key function key = 17
[1200] mtk detect key function key = 0
[1200] mtk detect key function key = 17
[1200] mtk detect key function key = 17
[1200] mtk detect key function key = 0
[1200] mtk detect key function key = 17
[1200] mtk detect key function key = 17
[1200] mtk detect key function key = 0
[1200] mtk detect key function key = 17
[1200] mtk detect key function key = 17
[1200] mtk detect key function key = 0
[1200] mtk detect key function key = 17
[1200] mtk detect key function key = 17
[1200] mtk detect key function key = 0
[1200] mtk detect key function key = 17
[1200] mtk detect key function key = 17
[1200] mtk detect key function key = 0
[1200] mtk detect key function key = 17
[1200] mtk detect key function key = 17
[1200] mtk detect key function key = 0
[1200] mtk detect key function key = 17
[1200] mtk detect key function key = 17
[1220] mtk detect key function key = 0
[1220] mtk detect key function key = 17
[1220] mtk detect key function key = 17
[1220] mtk detect key function key = 0
[1220] mtk detect key function key = 17
[1220] mtk detect key function key = 17
[1220] mtk detect key function key = 0
[1220] mtk detect key function key = 17
[1220] mtk detect key function key = 17
[1220] mtk detect key function key = 0
[1220] mtk detect key function key = 17
[1220] mtk detect key function key = 17
[1220] mtk detect key function key = 0
[1220] mtk detect key function key = 17
[1220] mtk detect key function key = 17
[1220] mtk detect key function key = 0
[1220] mtk detect key function key = 17
[1220] mtk detect key function key = 17
[1220] mtk detect key function key = 0
[1220] mtk detect key function key = 17
[1220] mtk detect key function key = 17
[1220] mtk detect key function key = 0
[1220] mtk detect key function key = 17
[1240] mtk detect key function key = 17
[1240] mtk detect key function key = 0
[1240] mtk detect key function key = 17
[1240] mtk detect key function key = 17
[1240] mtk detect key function key = 0
[1240] mtk detect key function key = 17
[1240] mtk detect key function key = 17
[1240] mtk detect key function key = 0
[1240] mtk detect key function key = 17
[1240] mtk detect key function key = 17
[1240] mtk detect key function key = 0
[1240] mtk detect key function key = 17
[1240] mtk detect key function key = 17
[1240] mtk detect key function key = 0
[1240] mtk detect key function key = 17
[1240] mtk detect key function key = 17
[1240] mtk detect key function key = 0
[1240] mtk detect key function key = 17
[1240] mtk detect key function key = 17
[1240] mtk detect key function key = 0
[1240] mtk detect key function key = 17
[1240] mtk detect key function key = 17
[1240] mtk detect key function key = 0
[1260] mtk detect key function key = 17
[1260] mtk detect key function key = 17
[1260] mtk detect key function key = 0
[1260] mtk detect key function key = 17
[1260] mtk detect key function key = 17
[1260] mtk detect key function key = 0
[1260] mtk detect key function key = 17
[1260] mtk detect key function key = 17
[1260] mtk detect key function key = 0
[1260] mtk detect key function key = 17
[1260] mtk detect key function key = 17
[1260] mtk detect key function key = 0
[1260] mtk detect key function key = 17
[1260] mtk detect key function key = 17
[1260] mtk detect key function key = 0
[1260] mtk detect key function key = 17
[1260] mtk detect key function key = 17
[1260] mtk detect key function key = 0
[1260] mtk detect key function key = 17
[1260] mtk detect key function key = 17
[1260] mtk detect key function key = 0
[1260] mtk detect key function key = 17
[1280] mtk detect key function key = 17
[partition_get_index]find preloader index 0
[partition_get_index]find seccfg index 11
[partition_get_index]find secro index 13
[1280] [PART_LK][get_part] seccfg
[partition_get_index]find seccfg index 11
[SEC_CFG] sec_read_seccfg fail:3001
[SEC_INIT] sec_func_init -- fail to search seccfg
[SBC] NS-CHIP
[SEC_CFG] initializing seccfg
[SBC] NS-CHIP
[SBC] NS-CHIP
[1300] [PART_LK][get_part] secro
[partition_get_index]find secro index 13
[1300] [PART_LK][get_part] secro
[partition_get_index]find secro index 13
[SEC_SRO] Search SRO - SRO Ready
[SEC_INIT] Search SECRO - SW sec boot configured        (0, 0)
[SEC_INIT] Search SECRO - SDL configuration[LOCK]        (1, 1, 1, 1)
[SEC_INIT] Search SECRO - SB configuration[LOCK]     (1, 1, 1, 1, 1, 1, 1, 1)
[SEC_INIT] Search SECRO - SDL configuration[UNLOCK]      (2, 2, 2, 2)
[SEC_INIT] Search SECRO - SB configuration[UNLOCK]   (2, 2, 2, 2, 2, 2, 2, 2)
[SEC_INIT] Search SECRO - SDL configuration[VERIFIED]    (1, 1, 1, 2)
[SEC_INIT] Search SECRO - SB configuration[VERIFIED] (1, 1, 1, 1, 2, 2, 2, 2)
[SEC_INIT] Search SECRO - SDL configuration[CUSTOM]      (1, 1, 1, 1)
[SEC_INIT] Search SECRO - SB configuration[CUSTOM]   (1, 1, 1, 1, 1, 1)
[SEC_POLICY] lock state = 0x0(default)
[SEC_POLICY] use default sec policy
[SEC_POLICY] dl_format_lock = 0x1
[SEC_POLICY] dl_1st_loader_lock = 0x1
[SEC_POLICY] dl_2nd_loader_lock = 0x1
[SEC_POLICY] dl_image_lock = 0x1
[SEC_POLICY] dl_tee_lock = 0x1
[SEC_POLICY] boot_chk_2nd_loader = 0x2
[SEC_POLICY] boot_chk_logo = 0x2
[SEC_POLICY] boot_chk_bootimg = 0x2
[SEC_POLICY] boot_chk_recovery = 0x2
[SEC_POLICY] boot_chk_system = 0x2
[SEC_POLICY] boot_chk_others = 0x2
[SEC_POLICY] boot_chk_cust1 = 0x2
[SEC_POLICY] boot_chk_cust2 = 0x2
[SEC_POLICY] boot_chk_tee = 0x2
[1340] [SBC] Enter logo check 
[1340] [SBC] Consume (0) ms
[1340] [mt65xx_charging_init] the platform have battery
[1340] [AUXADC] ch=1 raw=24536 data=4043 
[1340] [mt65xx_bat_init] check VBAT=4043 mV with 3450 mV
[1340] mt_get_logo_db_addr: 0xbe8f0000
[1340] mt_get_tempfb_addr: 0xbf7b8000
[1520] fb dump: 0xff000000, 0xff000000, 0xff000000, 0xff000000
[1520] [DISP]func|primary_display_trigger
[1540] [DISP]func|ddp_dsi_is_busy
[1540] [DISP]func|disp_lcm_is_video_mode
[1540] [DISP]func|disp_lcm_is_video_mode
[LK_ENV]get_env hibboot
[1540] fb dump: 0xff000000, 0xff000000, 0xff000000, 0xff000000
[1540] [DISP]func|primary_display_trigger
[1540] [DISP]func|ddp_dsi_is_busy
[1540] [DISP]func|disp_lcm_is_video_mode
[1540] [DISP]func|disp_lcm_is_video_mode
[SEC_POLICY] lock state = 0x0(default)
[SEC_POLICY] security policy backup (0)[SBC] Consume (0) ms
[SBC] Consume (0) ms
[SBC] Consume (0) ms

[SBC] Total Consume (2) ms
[SEC_POLICY] use default sec policy
[SEC_POLICY] dl_format_lock = 0x1
[SEC_POLICY] dl_1st_loader_lock = 0x1
[SEC_POLICY] dl_2nd_loader_lock = 0x1
[SEC_POLICY] dl_image_lock = 0x1
[SEC_POLICY] dl_tee_lock = 0x1
[SEC_POLICY] boot_chk_2nd_loader = 0x2
[SEC_POLICY] boot_chk_logo = 0x2
[SEC_POLICY] boot_chk_bootimg = 0x2
[SEC_POLICY] boot_chk_recovery = 0x2
[SEC_POLICY] boot_chk_system = 0x2
[SEC_POLICY] boot_chk_others = 0x2
[SEC_POLICY] boot_chk_cust1 = 0x2
[SEC_POLICY] boot_chk_cust2 = 0x2
[SEC_POLICY] boot_chk_tee = 0x2
[SEC_POLICY] security policy restore (0)[1560] [PART_LK][get_part] boot
[1560] [PART_LK][get_part] boot
[1560] part page addr is 0x1d80000

============================================================
[1560] [LK_BOOT] Android Partition Name                : boot
[1560] [LK_BOOT] Android Boot IMG Hdr - Magic          : ANDROID
[1560] [LK_BOOT] Android Boot IMG Hdr - Kernel Size    : 0x0064788F
[1560] [LK_BOOT] Android Boot IMG Hdr - Kernel Address : 0x40080000
[1580] [LK_BOOT] Android Boot IMG Hdr - Rootfs Size    : 0x0011A1E0
[1580] [LK_BOOT] Android Boot IMG Hdr - Rootfs Address : 0x44000000
[1580] [LK_BOOT] Android Boot IMG Hdr - Tags Address   : 0x4E000000
[1580] [LK_BOOT] Android Boot IMG Hdr - Page Size      : 0x00000800
[1580] [LK_BOOT] Android Boot IMG Hdr - Command Line   : bootopt=64S3,32N2,64N2
============================================================
 > page count of kernel image = 3216
 > kernel mem offset = 0x45000000
 > rootfs mem offset = 0x45648000
 > boot image size = 0x763000
[1580] [PART_LK][get_part] boot
check mkimg header
[1580] [LK_BOOT] KERNEL partition magic not match
no mkimg header in kernel image

read the data of boot (size = 0x763000)
 > from - 0x0000000001d80800 (skip boot img hdr)
 > to   - 0x45000000 (starts with kernel img hdr)
[1920] [LK_BOOT] ROOTFS partition magic not match
no mkimg header in ramdisk image
[1920] [PROFILE] ------- load boot.img takes 182 ms -------- 
[1920] [DISP]func|disp_lcm_get_name
[2000] mt_disp_get_lcd_time, fps=6378
[2660] [PTP][LK] first_volt = 0x68
[2660] [PTP][LK] second_volt = 0x50
[2660] [PTP][LK] third_volt = 0x48
[2660] [PTP][LK] have_550 = 0x0
[2660] [LK] hw_code = 0x321, segment = 0x4, code = 0
[2660] model=MT8665
[2660] mblock[0].start: 0x40000000, size: 0x40000000
[2660] mblock[1].start: 0x80000000, size: 0x3ecf0000
[2660] j:0, mblock[0].rank: 0, size: 0x40000000
[2660] j:1, mblock[0].rank: 0, size: 0x40000000
[2660] j:1, mblock[1].rank: 1, size: 0x3ecf0000
[2680] target_atag_imix_r:170
[2680] Not Support VCORE DVFS
[2680] [DISP]func|disp_lcm_get_name
[2760] mt_disp_get_lcd_time, fps=6378
[2760] videolfb - fb_base    = 0xbecf0000
[2760] videolfb - islcmfound = 0
[2880] mt_disp_get_lcd_time, fps=6378
[2880] videolfb - fps        = 6378
[2880] videolfb - vram       = 19726336
[2880] videolfb - lcmname    = cpt_clap070wp03xg_sn65dsi83_ti947
[2900] Create PTP DT OK
[2900] tee_reserved_mem not supported
[2900] non_secure_sram not supported
[2900] [PROFILE] ------- boot_time takes 1489 ms -------- 
[LK_ENV] device data valid: 0
[2900] boot_linux_fdt: read device data: device_type: 0
[2900] lk device_data=0, devicetype=common
[LK_ENV]get_env hibboot
[LK_ENV]get_env resume
[2900] resume = NULL 
[2900] booting linux @ 0x40080000, ramdisk @ 0x44000000 (1155552)
[2900] DRAM Rank :2
[2900] DRAM Rank[0] Start = 0x40000000, Size = 0x40000000
[2900] DRAM Rank[1] Start = 0x80000000, Size = 0x3ffc0000
[2900] cmdline: console=tty0 console=ttyMT0,921600n1 root=/dev/ram vmalloc=496M androidboot.hardware=mt6735 slub_max_order=0 slub_debug=O bootopt=64S3,32N2,64N2 lcm=0-cpt_clap070wp03xg_sn65dsi83_ti947 fps=6378 vram=19726336 androidboot.selinux=permissive printk.[2900] lk boot time = 1489 ms
[2900] lk boot mode = 0
[2900] lk boot reason = power_key
[2900] lk finished --> jump to linux kernel 64Bit

[2900] 
[LK]jump to K64 0x40080000
[    0.000000]<0>-(0)[0:swapper]Linux version 3.10.65 (root@bsp-wl) (gcc version 4.9.x-google 20140827 (mtk-20150409) (GCC) ) #1 SMP PREEMPT Thu Oct 25 11:51:58 CST 2018
[    0.000000]<0>-(0)[0:swapper]CPU: AArch64 Processor [410fd033] revision 3
[    0.000000]<0>-(0)[0:swapper][memblock]mrdump_mini_reserve_memory: 0x43ff0000 - 0x43ffafff (0x0000b000)
[    0.000000]<0>-(0)[0:swapper][PHY layout]reserve-memory-dram_r1_dummy_read   :   0xbecef000 - 0xbeceffff (0x1000)
[    0.000000]<0>-(0)[0:swapper][PHY layout]reserve-memory-dram_r0_dummy_read   :   0x7ffff000 - 0x7fffffff (0x1000)
[    0.000000]<0>-(0)[0:swapper][PHY layout]reserve-memory-ccci_md1   :   0xba000000 - 0xbd80ffff (0x3810000)
[    0.000000]<0>-(0)[0:swapper][ccci1/util]reserve_mem_of_init, rptr=0x0x00000000ba000000, rsize=0x3810000
[    0.000000]<0>-(0)[0:swapper][PHY layout]consys-reserve-memory   :   0xbea00000 - 0xbebfffff (0x200000)
[    0.000000]<0>-(0)[0:swapper][WMT-CONSYS-HW][I]reserve_memory_consys_fn: name: consys-reserve-memory, uname: consys-reserve-memory, base: 0xbea00000, size: 0x200000
[    0.000000]<0>-(0)[0:swapper][PHY layout]kernel   :   0x40000000 - 0x42ffffff (0x3000000)
[    0.000000]<0>-(0)[0:swapper][PHY layout]kernel   :   0x43030000 - 0xb9ffffff (0x76fd0000)
[    0.000000]<0>-(0)[0:swapper][PHY layout]kernel   :   0xbd810000 - 0xbe9fffff (0x11f0000)
[    0.000000]<0>-(0)[0:swapper][PHY layout]kernel   :   0xbec00000 - 0xbeceffff (0xf0000)
[    0.000000]<0>-(0)[0:swapper]Built 1 zonelists in Zone order, mobility grouping on.  Total pages: 497394
[    0.000000]<0>-(0)[0:swapper][cpu_ntf] <00>ffffffc000174b6c (page_alloc_cpu_notify)
[    0.000000]<0>-(0)[0:swapper]Kernel command line: console=tty0 console=ttyMT0,921600n1 root=/dev/ram vmalloc=496M androidboot.hardware=mt6735 slub_max_order=0 slub_debug=O bootopt=64S3,32N2,64N2 lcm=0-cpt_clap070wp03xg_sn65dsi83_ti947 fps=6378 vram=19726336 androidboot.selinux=permissive printk.disable_uart=0 ddebug_query="file *mediatek* +p ; file *gpu* =_" bootprof.pl_t=1691 bootprof.lk_t=1489 boot_reason=0 androidboot.serialno=0123456789ABCDEF androidboot.bootreason=power_key androidboot.devicetype=common androidboot.devicetype=commoncommon gpt=1
[    0.000000]<0>-(0)[0:swapper]Sorting __ex_table...
[    0.000000]<0>-(0)[0:swapper]software IO TLB [mem 0xbec37000-0xbec77000] (0MB) mapped at [ffffffc07ec37000-ffffffc07ec76fff]
[    0.000000]<0>-(0)[0:swapper]Memory: 1954088k/1954088k available, 63896k reserved
[    0.000000]<0>-(0)[0:swapper]Virtual kernel memory layout:
[    0.000000]<0>    vmalloc : 0xffffff8000000000 - 0xffffffbbffff0000   (245759 MB)
[    0.000000]<0>    vmemmap : 0xffffffbc00e00000 - 0xffffffbc029bd480   (    27 MB)
[    0.000000]<0>    modules : 0xffffffbffc000000 - 0xffffffc000000000   (    64 MB)
[    0.000000]<0>    memory  : 0xffffffc000000000 - 0xffffffc07ecf0000   (  2028 MB)
[    0.000000]<0>      .init : 0xffffffc000dac000 - 0xffffffc000e0aa00   (   379 kB)
[    0.000000]<0>      .text : 0xffffffc000080000 - 0xffffffc000dac000   ( 13488 kB)
[    0.000000]<0>      .data : 0xffffffc000e0c000 - 0xffffffc000f20648   (  1106 kB)
[    0.000000]<0>-(0)[0:swapper][cpu_ntf] <01>ffffffc0009b5df8 (slab_cpuup_callback)
[    0.000000]<0>-(0)[0:swapper/0][cpu_ntf] <02>ffffffc0009b51b4 (sched_ilb_notifier)
[    0.000000]<0>-(0)[0:swapper/0][cpu_ntf] <03>ffffffc0009b5c04 (perf_cpu_notify)
[    0.000000]<0>-(0)[0:swapper/0][cpu_ntf] <04>ffffffc0009b54f4 (rcu_cpu_notify)
[    0.000000]<0>-(0)[0:swapper/0][cpu_ntf] <05>ffffffc00031b14c (radix_tree_callback)
[    0.000000]<0>-(0)[0:swapper/0][cpu_ntf] <06>ffffffc0009b638c (gic_secondary_init)
[    0.000000]<0>-(0)[0:swapper/0][cpu_ntf] <07>ffffffc0009b4188 (timer_cpu_notify)
[    0.000000]<0>-(0)[0:swapper/0][cpu_ntf] <08>ffffffc0009b49d8 (hrtimer_cpu_notify)
[    0.000000]<0>-(0)[0:swapper/0][cpu_ntf] <09>ffffffc0009b3ed0 (remote_softirq_cpu_notify)
[    0.000000]<0>-(0)[0:swapper/0]cpuxgpt_r.start = 0x10200000
[    0.000000]<0>-(0)[0:swapper/0]mt_gpt_init: tmr_regs=0xffffff800000a000, tmr_irq=184, freq=13000000 
[    0.000000]<0>-(0)[0:swapper/0]gpt_devs_init: base_addr=0xffffff800000a010 
[    0.000000]<0>-(0)[0:swapper/0]gpt_devs_init: base_addr=0xffffff800000a020 
[    0.000000]<0>-(0)[0:swapper/0]gpt_devs_init: base_addr=0xffffff800000a030 
[    0.000000]<0>-(0)[0:swapper/0]gpt_devs_init: base_addr=0xffffff800000a040 
[    0.000000]<0>-(0)[0:swapper/0]gpt_devs_init: base_addr=0xffffff800000a050 
[    0.000000]<0>-(0)[0:swapper/0]gpt_devs_init: base_addr=0xffffff800000a060 
[    0.000000]<0>-(0)[0:swapper/0]setup_clksrc1: dev->base_addr=0xffffff800000a020 GPT2_CON=0x0
[    0.000000]<0>-(0)[0:swapper/0]setup_clksrc2: dev->base_addr=0xffffff800000a020 GPT2_CON=0x31
[    0.000000]<0>-(0)[0:swapper/0]GPT1_CMP = 130000, HZ = 100
[    0.000000]<0>-(0)[0:swapper/0]set_cpuxgpt_clk: reg(200) 
[    0.000000]<0>-(0)[0:swapper/0]enable_cpuxgpt: reg(201) 
[    0.000000]<0>-(0)[0:swapper/0]mt_gpt_init: get_cnt_GPT2=2101
[    0.000000]<0>-(0)[0:swapper/0]arch_timer_init: arch_timer_rate(0xc65d40), PHYS_SECURE_PPI=29, PHYS_NONSECURE_PPI=30, VIRT_PPI=27, HYP_PPI=26, 
[    0.000000]<0>-(0)[0:swapper/0]arch_timer_register: arch_timer_rate(0xc65d40), arch_timer_use_virtual=0 
[    0.000000]<0>-(0)[0:swapper/0]arch_timer_register: request_percpu_irq PHYS_SECURE_PPI err=0 
[    0.000000]<0>-(0)[0:swapper/0]arch_timer_register: request_percpu_irq PHYS_NONSECURE_PPI err=0 
[    0.000000]<0>-(0)[0:swapper/0][cpu_ntf] <10>ffffffc0009b6934 (arch_timer_cpu_notify)
[    0.000000]<0>-(0)[0:swapper/0]arch_sys_timer depends on broadcast, but no broadcast function available
[    0.000000]<0>-(0)[0:swapper/0][cpu_ntf] <11>ffffffc000120ac0 (hotplug_cfd)
[    0.000000]<0>.(0)[0:swapper/0]ram_console: buffer start: 0xffffff800000c000, size: 0x10000
[    0.000000]<0>.(0)[0:swapper/0][UART] apdma uart0 base=0xffffff800001e380
[    0.000000]<0>.(0)[0:swapper/0][UART0] phys_regs=0x11002000, regs=0xffffff8000020000, irq=123, irq_flags=0x8 
[    0.000000]<0>.(0)[0:swapper/0][UART_DMA0] irq=135
[    0.000000]<0>.(0)[0:swapper/0][UART_DMA1] irq=136
[    0.000000]<0>.(0)[0:swapper/0][UART1] phys_regs=0x11003000, regs=0xffffff8000022000, irq=124, irq_flags=0x8 
[    0.000000]<0>.(0)[0:swapper/0][UART_DMA2] irq=137
[    0.000000]<0>.(0)[0:swapper/0][UART_DMA3] irq=138
[    0.000000]<0>.(0)[0:swapper/0][UART2] phys_regs=0x11004000, regs=0xffffff8000024000, irq=125, irq_flags=0x8 
[    0.000000]<0>.(0)[0:swapper/0][UART_DMA4] irq=139
[    0.000000]<0>.(0)[0:swapper/0][UART_DMA5] irq=140
[    0.000000]<0>.(0)[0:swapper/0][UART3] phys_regs=0x11005000, regs=0xffffff8000026000, irq=126, irq_flags=0x8 
[    0.000000]<0>.(0)[0:swapper/0][UART4] phys_regs=0x1100d000, regs=0xffffff8000028000, irq=127, irq_flags=0x8 
[    0.000000]<0>.(0)[0:swapper/0][UART] mtk console setup : co->index 0 options:921600n1
[    0.000000]<0>-(0)[0:swapper/0]No Flow Control
[    0.000000]<0>.(0)[0:swapper/0][UART] mtk console setup : uart_set_option port(0) baud(921600) parity(n) bits(1) flow(n) - ret(0)
[    0.000000]<0>.(0)[0:swapper/0][UART] mtk setting: (0, 0, 0, 0, 128)
[    0.000000]<0>.(0)[0:swapper/0]Lock dependency validator: Copyright (c) 2006 Red Hat, Inc., Ingo Molnar
[    0.000000]<0>.(0)[0:swapper/0]... MAX_LOCKDEP_SUBCLASSES:  8
[    0.000000]<0>.(0)[0:swapper/0]... MAX_LOCK_DEPTH:          48
[    0.000000]<0>.(0)[0:swapper/0]... MAX_LOCKDEP_KEYS:        8191
[    0.000000]<0>.(0)[0:swapper/0]... CLASSHASH_SIZE:          4096
[    0.000000]<0>.(0)[0:swapper/0]... MAX_LOCKDEP_ENTRIES:     16384
[    0.000000]<0>.(0)[0:swapper/0]... MAX_LOCKDEP_CHAINS:      32768
[    0.000000]<0>.(0)[0:swapper/0]... CHAINHASH_SIZE:          16384
[    0.000000]<0>.(0)[0:swapper/0] memory used by lock dependency info: 5855 kB
[    0.000000]<0>.(0)[0:swapper/0] per task-struct memory footprint: 1920 bytes
[    0.098354]<0>.(0)[0:swapper/0][cpu_ntf] <12>ffffffc0001e2988 (buffer_cpu_notify)
[    0.102669]<0>.(0)[0:swapper/0][cpu_ntf] <13>ffffffc0009b5c58 (ratelimit_handler)
[    0.106001]<0>.(0)[1:swapper/0][AT]CPU1 psci_cpu_prepare
[    0.106747]<0>.(0)[1:swapper/0][AT]CPU2 psci_cpu_prepare
[    0.107405]<0>.(0)[1:swapper/0][AT]CPU3 psci_cpu_prepare
[    0.108294]<0>.(0)[1:swapper/0][init] f(ffffffc000dae0c4)
[    0.108965]<0>.(0)[1:swapper/0]  s:108285845 e:108287230 d:1385
[    0.109702]<0>.(0)[1:swapper/0][init] f(ffffffc000dae0b0)
[    0.110374]<0>.(0)[1:swapper/0]  s:109696384 e:109697307 d:923
[    0.111170]<0>.(0)[1:swapper/0][init] f(ffffffc000daf284)
[    0.111841]<0>.(0)[1:swapper/0]  s:111095460 e:111163768 d:68308
[    0.112597]<0>.(0)[1:swapper/0][init] f(ffffffc0000924c0)
[    0.113268]<0>.(0)[1:swapper/0]  s:112582691 e:112591614 d:8923
[    0.114012]<0>.(0)[1:swapper/0][cpu_ntf] <14>ffffffc0009b3ff4 (cpu_callback)
[    0.128487]<0>.(0)[1:swapper/0][init] f(ffffffc000db0e50)
[    0.129160]<0>.(0)[1:swapper/0]  s:113998922 e:128480230 d:14481308
[    0.130009]<0>.(0)[1:swapper/0][cpu_ntf] <15>ffffffc0009b4468 (workqueue_cpu_up_callback)
[    0.131035]<0>.(0)[1:swapper/0][cpu_ntf] <16>ffffffc0009b48f8 (workqueue_cpu_down_callback)
[    0.133847]<0>.(0)[1:swapper/0][init] f(ffffffc000db1f84)
[    0.134520]<0>.(0)[1:swapper/0]  s:129933845 e:133840384 d:3906539
[    0.135302]<0>.(0)[1:swapper/0][init] f(ffffffc000db2520)
[    0.135973]<0>.(0)[1:swapper/0]  s:135283076 e:135296153 d:13077
[    0.136729]<0>.(0)[1:swapper/0][cpu_ntf] <17>ffffffc0009b4d44 (migration_call)
[    0.137634]<0>.(0)[1:swapper/0][cpu_ntf] <18>ffffffc0009b4cd4 (sched_cpu_active)
[    0.138620]<0>.(0)[1:swapper/0][cpu_ntf] <19>ffffffc0009b4d04 (sched_cpu_inactive)
[    0.139565]<0>.(0)[1:swapper/0][init] f(ffffffc000db3fc4)
[    0.140236]<0>.(0)[1:swapper/0]  s:136714691 e:139560076 d:2845385
[    0.158850]<0>.(0)[1:swapper/0][init] f(ffffffc000db6854)
[    0.159522]<0>.(0)[1:swapper/0]  s:140999691 e:158842691 d:17843000
[    0.160303]<0>.(0)[1:swapper/0][init] f(ffffffc000db76c8)
[    0.160975]<0>.(0)[1:swapper/0]  s:160296845 e:160297691 d:846
[    0.162365]<0>.(0)[1:swapper/0][init] f(ffffffc000db76dc)
[    0.163037]<0>.(0)[1:swapper/0]  s:161695537 e:162359076 d:663539
[    0.163929]<0>.(0)[1:swapper/0][cpu_ntf] <20>ffffffc0001494e8 (rb_cpu_notify)
[    0.164904]<0>.(0)[1:swapper/0][init] f(ffffffc000db82d0)
[    0.165575]<0>.(0)[1:swapper/0]  s:163789307 e:164897614 d:1108307
[    0.166416]<0>.(0)[1:swapper/0][init] f(ffffffc000db849c)
[    0.167087]<0>.(0)[1:swapper/0]  s:166338307 e:166409999 d:71692
[    0.167835]<0>.(0)[1:swapper/0][init] f(ffffffc000db852c)
[    0.168507]<0>.(0)[1:swapper/0]  s:167828922 e:167829691 d:769
[    0.169522]<0>.(0)[1:swapper/0][init] f(ffffffc000db85e4)
[    0.170194]<0>.(0)[1:swapper/0]  s:169410537 e:169515922 d:105385
[    0.170960]<0>.(0)[1:swapper/0][cpu_ntf] <21>ffffffc0003e5f74 (hotplug_event_notify)
[    0.171926]<0>.(0)[1:swapper/0][init] f(ffffffc000dd1660)
[    0.172596]<0>.(0)[1:swapper/0]  s:170947153 e:171920999 d:973846
[    0.173370]<0>.(0)[1:swapper/0]init_get_max_DRAM_size done. phone_dram_sz: 0x80000000, kernel_mem_sz: 0x7ecf0000
[    0.174637]<0>.(0)[1:swapper/0][init] f(ffffffc000dd1694)
[    0.175310]<0>.(0)[1:swapper/0]  s:173349307 e:174632153 d:1282846
[    0.176118]<0>.(0)[1:swapper/0][init] f(ffffffc000dd6b44)
[    0.176788]<0>.(0)[1:swapper/0]  s:176074076 e:176112768 d:38692
[    0.177551]<0>.(0)[1:swapper/0][init] f(ffffffc000dd7bb0)
[    0.178221]<0>.(0)[1:swapper/0]  s:177530230 e:177545691 d:15461
[    0.209609]<0>-(0)[0:swapper/0][printk_delayed:start]
[    0.210238]<0>-(0)[0:swapper/0]SCHED: intersects new_mask: 2, cpu_active_mask: 1
[    0.210238]<0>SCHED: intersects new_mask: 2, cpu_active_mask: 1
[    0.211896]<0>-(0)[0:swapper/0][printk_delayed:done]
[    0.232743]<0>-(0)[0:swapper/0][printk_delayed:start]
[    0.233371]<0>-(0)[0:swapper/0]SCHED: intersects new_mask: 4, cpu_active_mask: 3
[    0.233371]<0>SCHED: intersects new_mask: 4, cpu_active_mask: 3
[    0.235030]<0>-(0)[0:swapper/0][printk_delayed:done]
[    0.249440]<0>.(0)[1:swapper/0][cpu_ntf] <22>ffffffc0000caaa8 (sched_domains_numa_masks_update)
[    0.250534]<0>.(0)[1:swapper/0][cpu_ntf] <23>ffffffc0000d4c88 (cpuset_cpu_active)
[    0.251470]<0>.(0)[1:swapper/0][cpu_ntf] <24>ffffffc0000d4cf8 (cpuset_cpu_inactive)
[    0.252430]<0>.(0)[1:swapper/0][cpu_ntf] <25>ffffffc0000e0f2c (update_runtime)
[    0.255872]<0>-(0)[0:swapper/0][printk_delayed:start]
[    0.256500]<0>-(0)[0:swapper/0]SCHED: intersects new_mask: 8, cpu_active_mask: 7
[    0.256500]<0>SCHED: intersects new_mask: 8, cpu_active_mask: 7
[    0.258159]<0>-(0)[0:swapper/0][printk_delayed:done]
[    0.313735]<3>.(3)[1:swapper/0][init] f(ffffffc000dc8368)
[    0.314414]<3>.(3)[1:swapper/0]  s:313720614 e:313721768 d:1154
[    0.315167]<3>.(3)[1:swapper/0][debug]DRAM size (dt) :  0x40000000 - 0x7fffffff  (0x40000000)
[    0.316231]<3>.(3)[1:swapper/0][debug]DRAM size (dt) :  0x80000000 - 0xbeceffff  (0x3ecf0000)
[    0.317297]<3>.(3)[1:swapper/0][debug]orig_dram rank[0]   :   0x40000000 - 0x7fffffff (0x40000000)
[    0.318443]<3>.(3)[1:swapper/0][debug]orig_dram rank[1]   :   0x80000000 - 0xbfffffff (0x40000000)
[    0.319564]<3>.(3)[1:swapper/0][debug]mblock[0][r0]  :   0x40000000 - 0x7fffffff (0x40000000)
[    0.320631]<3>.(3)[1:swapper/0][debug]mblock[1][r1]  :   0x80000000 - 0xbeceffff (0x3ecf0000)
[    0.321697]<3>.(3)[1:swapper/0][PHY layout]tee_reserved_mem   :   0xbffc0000 - 0xbfffffff (0x40000)
[    0.322824]<3>.(3)[1:swapper/0][DISPCHECK][DT][videolfb]isvideofb_parse_done = 0
[    0.323745]<3>.(3)[1:swapper/0][DISPCHECK][DT][videolfb] islcmfound = 0
[    0.324567]<3>.(3)[1:swapper/0][DISPCHECK][DT][videolfb] fps        = 6378
[    0.325425]<3>.(3)[1:swapper/0][DISPCHECK][DT][videolfb] fb_base    = 00000000becf0000
[    0.326411]<3>.(3)[1:swapper/0][DISPCHECK][DT][videolfb] vram       = 19726336
[    0.327312]<3>.(3)[1:swapper/0][DISPCHECK][DT][videolfb] lcmname    = cpt_clap070wp03xg_sn65dsi83_ti947
[    0.328505]<3>.(3)[1:swapper/0][DISPCHECK][DT]display vram size = 0x012d0000|19726336
[    0.329478]<3>.(3)[1:swapper/0][DISPCHECK][DT][videolfb]isvideofb_parse_done = 1
[    0.330403]<3>.(3)[1:swapper/0][debug]available DRAM size = 0x7ecf0000
[    0.330403]<3>[PHY layout]FB (dt) :  0xbecf0000 - 0xbffbffff  (0x12d0000)
[    0.332066]<3>.(3)[1:swapper/0][DISPCHECK][DT][videolfb]isvideofb_parse_done = 1
[    0.332986]<3>.(3)[1:swapper/0][DISPCHECK][DT]display vram size = 0x012d0000|19726336
[    0.333961]<3>.(3)[1:swapper/0][DISPCHECK][DT][videolfb]isvideofb_parse_done = 1
[    0.334883]<3>.(3)[1:swapper/0]fb base: 0x12d0000, size: 0xbecf0000
[    0.335664]<3>.(3)[1:swapper/0][init] f(ffffffc000dd1580)
[    0.336338]<3>.(3)[1:swapper/0]  s:315144768 e:335659076 d:20514308
[    0.337146]<3>.(3)[1:swapper/0][init] f(ffffffc000ddd168)
[    0.337817]<3>.(3)[1:swapper/0]  s:337112537 e:337140537 d:28000
[    0.338666]<3>.(3)[1:swapper/0][init] f(ffffffc000de2d90)
[    0.339337]<3>.(3)[1:swapper/0]  s:338578845 e:338659307 d:80462
[    0.340606]<3>.(3)[1:swapper/0][init] f(ffffffc000db0dfc)
[    0.341276]<3>.(3)[1:swapper/0]  s:340598768 e:340600691 d:1923
[    0.342014]<3>.(3)[1:swapper/0][init] f(ffffffc000db0df4)
[    0.342686]<3>.(3)[1:swapper/0]  s:342008384 e:342009153 d:769
[    0.343763]<3>.(3)[1:swapper/0][init] f(ffffffc000db1e08)
[    0.344434]<3>.(3)[1:swapper/0]  s:343407153 e:343756384 d:349231
[    0.345306]<3>.(3)[1:swapper/0][init] f(ffffffc000db2d80)
[    0.345977]<3>.(3)[1:swapper/0]  s:345187153 e:345299999 d:112846
[    0.346999]<3>.(3)[1:swapper/0][init] f(ffffffc000db49e0)
[    0.347671]<3>.(3)[1:swapper/0]  s:346730230 e:346992922 d:262692
[    0.348482]<3>.(3)[1:swapper/0][init] f(ffffffc000db4a4c)
[    0.349176]<3>.(3)[1:swapper/0]  s:348423691 e:348476768 d:53077
[    0.349925]<3>.(3)[1:swapper/0][init] f(ffffffc000102c74)
[    0.350595]<3>.(3)[1:swapper/0]  s:349916768 e:349919768 d:3000
[    0.352072]<1>.(1)[1:swapper/0][init] f(ffffffc000db4cc8)
[    0.352765]<1>.(1)[1:swapper/0]  s:351326614 e:352064922 d:738308
[    0.353541]<1>.(1)[1:swapper/0][init] f(ffffffc000db4f54)
[    0.354212]<1>.(1)[1:swapper/0]  s:353517307 e:353535153 d:17846
[    0.354971]<1>.(1)[1:swapper/0][init] f(ffffffc000db5344)
[    0.355642]<1>.(1)[1:swapper/0]  s:354954460 e:354965922 d:11462
[    0.356517]<1>.(1)[1:swapper/0][init] f(ffffffc000db6028)
[    0.357189]<1>.(1)[1:swapper/0]  s:356384768 e:356510691 d:125923
[    0.365341]<1>.(1)[1:swapper/0][init] f(ffffffc000db8868)
[    0.366014]<1>.(1)[1:swapper/0]  s:357941768 e:365332307 d:7390539
[    0.366784]<1>.(1)[1:swapper/0][init] f(ffffffc000dbca4c)
[    0.367456]<1>.(1)[1:swapper/0]  s:366777691 e:366778691 d:1000
[    0.368215]<1>.(1)[1:swapper/0][init] f(ffffffc000dbfae4)
[    0.368885]<1>.(1)[1:swapper/0]  s:368187384 e:368209384 d:22000
[    0.369700]<1>.(1)[1:swapper/0][init] f(ffffffc000dbff14)
[    0.370371]<1>.(1)[1:swapper/0]  s:369627768 e:369693999 d:66231
[    0.371138]<1>.(1)[1:swapper/0][init] f(ffffffc000dbff9c)
[    0.371809]<1>.(1)[1:swapper/0]  s:371112768 e:371132460 d:19692
[    0.372559]<1>.(1)[1:swapper/0][init] f(ffffffc000dbffc0)
[    0.373253]<1>.(1)[1:swapper/0]  s:372551460 e:372553922 d:2462
[    0.373991]<1>.(1)[1:swapper/0][init] f(ffffffc000dbffe4)
[    0.374661]<1>.(1)[1:swapper/0]  s:373982922 e:373985460 d:2538
[    0.375449]<1>.(1)[1:swapper/0][init] f(ffffffc000dc82f4)
[    0.376120]<1>.(1)[1:swapper/0]  s:375392768 e:375443384 d:50616
[    0.376870]<1>.(1)[1:swapper/0][init] f(ffffffc000dcb3b8)
[    0.377540]<1>.(1)[1:swapper/0]  s:376862384 e:376864614 d:2230
[    0.380323]<1>.(1)[1:swapper/0][probe] drv:reg-dummy dev:(null)
[    0.381061]<1>.(1)[1:swapper/0]  s:379416691 e:380315384 d:898693
[    0.381938]<1>.(1)[1:swapper/0][init] f(ffffffc000dccc20)
[    0.382610]<1>.(1)[1:swapper/0]  s:378272384 e:381932230 d:3659846
[    0.383406]<1>.(1)[1:swapper/0][init] f(ffffffc000dd13bc)
[    0.384077]<1>.(1)[1:swapper/0]  s:383397460 e:383399999 d:2539
[    0.384930]<1>.(1)[1:swapper/0][init] f(ffffffc000dd13e0)
[    0.385602]<1>.(1)[1:swapper/0]  s:384808153 e:384924691 d:116538
[    0.386363]<1>.(1)[1:swapper/0][BOOT_COMMON] init_boot_common 266 8 1
[    0.387169]<1>.(1)[1:swapper/0][BOOT_COMMON] init_boot_common 266 0 2
[    0.388469]<1>.(1)[1:swapper/0][init] f(ffffffc000dd6774)
[    0.389140]<1>.(1)[1:swapper/0]  s:386354845 e:388461999 d:2107154
[    0.390252]<1>.(1)[1:swapper/0][CHIP] 0x0321 0xCA00 0x0000 0x8A00 (0078)
[    0.391095]<1>.(1)[1:swapper/0][CHIP] CODE = 0321 8a00 ca00 0000, 0002 0000 0000 0000, CA00 0000
[    0.392187][CHIP] CODE = 0000821E ffffffc00059ec8c
[    0.392765]<1>.(1)[1:swapper/0][init] f(ffffffc000dd6c58)
[    0.393481]<1>.(1)[1:swapper/0]  s:389904384 e:392757307 d:2852923
[    0.394329]<1>.(1)[1:swapper/0]RGU base: 0xffffff8000034000 
[    0.395032]<1>.(1)[1:swapper/0][init] f(ffffffc000dd9df4)
[    0.395706]<1>.(1)[1:swapper/0]  s:394243614 e:395026922 d:783308
[    0.396528]<1>.(1)[1:swapper/0][init] f(ffffffc000ddd19c)
[    0.397199]<1>.(1)[1:swapper/0]  s:396458691 e:396521460 d:62769
[    0.398736]<1>.(1)[1:swapper/0][init] f(ffffffc000de2c04)
[    0.399408]<1>.(1)[1:swapper/0]  s:397941537 e:398729691 d:788154
[    0.400622]<1>.(1)[1:swapper/0][init] f(ffffffc000de443c)
[    0.401294]<1>.(1)[1:swapper/0]  s:400161076 e:400615307 d:454231
[    0.402641]<1>.(1)[1:swapper/0][cpu_ntf] <26>ffffffc0009b37c4 (os_lock_notify)
[    0.403569]<1>.(1)[1:swapper/0][init] f(ffffffc0009b3788)
[    0.404240]<1>.(1)[1:swapper/0]  s:402591999 e:403562691 d:970692
[    0.405166]<1>.(1)[1:swapper/0][init] f(ffffffc000dbb1b0)
[    0.405837]<1>.(1)[1:swapper/0]  s:404992922 e:405159691 d:166769
[    0.406699]<1>.(1)[1:swapper/0][init] f(ffffffc000dcb2f8)
[    0.407370]<1>.(1)[1:swapper/0]  s:406590537 e:406692999 d:102462
[    0.408332]<1>.(1)[1:swapper/0][init] f(ffffffc000dccb68)
[    0.409004]<1>.(1)[1:swapper/0]  s:408123460 e:408325384 d:201924
[    0.409839]<1>.(1)[1:swapper/0][init] f(ffffffc000dccf38)
[    0.410510]<1>.(1)[1:swapper/0]  s:409755999 e:409833537 d:77538
[    0.411319]<1>.(1)[1:swapper/0][init] f(ffffffc000dcf190)
[    0.411991]<1>.(1)[1:swapper/0]  s:411252537 e:411313691 d:61154
[    0.412797]<1>.(1)[1:swapper/0][init] f(ffffffc000dcf490)
[    0.413468]<1>.(1)[1:swapper/0]  s:412732922 e:412790845 d:57923
[    0.414325]<1>.(1)[1:swapper/0][GPIO]   599: GPIO base addr is 0xffffff8000036000, get_gpio_vbase_early
[    0.415494]<1>.(1)[1:swapper/0][init] f(ffffffc000dd6dfc)
[    0.416167]<1>.(1)[1:swapper/0]  s:414231922 e:415489307 d:1257385
[    0.416937]<1>.(1)[1:swapper/0][PWRAP] common driver init, version $Revision$
[    0.417954]<1>.(1)[1:swapper/0][init] f(ffffffc000dd73a0)
[    0.418626]<1>.(1)[1:swapper/0]  s:416931230 e:417948691 d:1017461
[    0.419394]<1>.(1)[1:swapper/0][PWRAP] mt_pwrap_init++++ 
[    0.420171]<1>.(1)[1:swapper/0]PWRAP reg: 0xffffff8000038000,  irq: 195
[    0.420993]<1>.(1)[1:swapper/0][PWRAP] real init: version $Revision$
[    0.421784]<1>.(1)[1:swapper/0][PWRAP] mt_pwrap_init---- debug1
[    0.422658]<1>.(1)[1:swapper/0][PWRAP] is_pwrap_init_done 1 
[    0.423442]<1>.(1)[1:swapper/0][PWRAP] after MT6328 pwrap_write
[    0.424183]<1>.(1)[1:swapper/0][PWRAP] write MT6328 Test pass
[    0.424923]<1>.(1)[1:swapper/0][PWRAP] Read 6328 Test pass,return_value=0
[    0.425765]<1>.(1)[1:swapper/0][PWRAP] mt_pwrap_init----
[    0.426428]<1>.(1)[1:swapper/0][init] f(ffffffc000dd7418)
[    0.427102]<1>.(1)[1:swapper/0]  s:419389845 e:426423307 d:7033462
[    0.427994]<1>.(1)[1:swapper/0]mtk_wdt_init ok
[    0.428545]<1>.(1)[1:swapper/0][init] f(ffffffc000dd9da0)
[    0.429218]<1>.(1)[1:swapper/0]  s:427865460 e:428539845 d:674385
[    0.430240]<1>.(1)[1:swapper/0][init] f(ffffffc000ddb164)
[    0.430911]<1>.(1)[1:swapper/0]  s:429971230 e:430233845 d:262615
[    0.432041]<1>.(1)[1:swapper/0][init] f(ffffffc000ddc874)
[    0.432713]<1>.(1)[1:swapper/0]  s:431664076 e:432034999 d:370923
[    0.433999]<1>.(1)[1:swapper/0][init] f(ffffffc000dadfa8)
[    0.434670]<1>.(1)[1:swapper/0]  s:433992153 e:433993691 d:1538
[    0.435488]<1>.(1)[1:swapper/0][init] f(ffffffc000dae974)
[    0.436159]<1>.(1)[1:swapper/0]  s:435423076 e:435481845 d:58769
[    0.436912]<1>.(1)[1:swapper/0][init] f(ffffffc000089630)
[    0.437582]<1>.(1)[1:swapper/0]  s:436900845 e:436906768 d:5923
[    0.438372]<1>.(1)[1:swapper/0][init] f(ffffffc000daf164)
[    0.439042]<1>.(1)[1:swapper/0]  s:438313537 e:438366768 d:53231
[    0.439824]<1>.(1)[1:swapper/0][cpu_ntf] <27>ffffffc0009b3b40 (hw_breakpoint_reset_notify)
[    0.440857]<1>.(1)[1:swapper/0][init] f(ffffffc000daf3f0)
[    0.441528]<1>.(1)[1:swapper/0]  s:439784691 e:440852307 d:1067616
[    0.442358]<1>.(1)[1:swapper/0]get EINT_BASE @ ffffff8000040000
[    0.443200]<1>.(1)[1:swapper/0][EIC] no max_deint_cnt specified
[    0.444018]<1>.(1)[1:swapper/0]gic supported max = 288
[    0.444656]<1>.(1)[1:swapper/0]EINT_IRQ_BASE = 288, nr_irq = 288
[    0.452875]<1>.(1)[1:swapper/0][init] f(ffffffc000dcc4c8)
[    0.453548]<1>.(1)[1:swapper/0]  s:442291614 e:452868076 d:10576462
[    0.454326]<1>.(1)[1:swapper/0]CIRQ init...
[    0.454924]<1>.(1)[1:swapper/0][SYS_CIRQ] SYS_CIRQ_BASE = 0xffffff8000044000
[    0.455824]<1>.(1)[1:swapper/0][SYS_CIRQ] cirq_num = 159
[    0.456485]<1>.(1)[1:swapper/0][SYS_CIRQ] spi_start_offset = 72
[    0.457258]<1>.(1)[1:swapper/0][SYS_CIRQ] sys_cirq_num = 263
[    0.458024]<1>.(1)[1:swapper/0]CIRQ handler init success.
[    0.458818]<1>.(1)[1:swapper/0]CIRQ init done...
[    0.459402]<1>.(1)[1:swapper/0]CIRQ create sysfs file done...
[    0.460116]<1>.(1)[1:swapper/0][init] f(ffffffc000dcf794)
[    0.460789]<1>.(1)[1:swapper/0]  s:454321845 e:460110768 d:5788923
[    0.461567]<1>.(1)[1:swapper/0][init] f(ffffffc000dcfab0)
[    0.462237]<1>.(1)[1:swapper/0]  s:461553230 e:461561768 d:8538
[    0.462975]<1>.(1)[1:swapper/0][init] f(ffffffc000dcfc10)
[    0.463647]<1>.(1)[1:swapper/0]  s:462969076 e:462970153 d:1077
[    0.464501]<1>.(1)[1:swapper/0][MTK WP] watchpoint handler init. 
[    0.465259]<1>.(1)[1:swapper/0][init] f(ffffffc000dcfc34)
[    0.465956]<1>.(1)[1:swapper/0]  s:464378768 e:465253845 d:875077
[    0.466719]<1>.(1)[1:swapper/0][PTP][VCORE] - Kernel Got from DT (0x68, 0x50, 0x48, 0x0)
[    0.467725]<1>.(1)[1:swapper/0][init] f(ffffffc000dd0650)
[    0.468398]<1>.(1)[1:swapper/0]  s:466707999 e:467720153 d:1012154
[    0.470026]<1>.(1)[1:swapper/0][SPM] find SCP_I2C0 node failed
[    0.470750]<1>.(1)[1:swapper/0][SPM] base scp_i2c0_base failed
[    0.471576]<1>.(1)[1:swapper/0][SPM] find SCP_I2C1 node failed
[    0.472299]<1>.(1)[1:swapper/0][SPM] base scp_i2c1_base failed
[    0.473124]<1>.(1)[1:swapper/0][SPM] find SCP_I2C2 node failed
[    0.473845]<1>.(1)[1:swapper/0][SPM] base scp_i2c2_base failed
[    0.474672]<1>.(1)[1:swapper/0][SPM] find I2C4 node failed
[    0.475351]<1>.(1)[1:swapper/0][SPM] base i2c4_base failed
[    0.476141]<1>.(1)[1:swapper/0][SPM] spm_base = ffffff800005a000, scp_i2c0_base =           (null), scp_i2c1_base =           (null), scp_i2c2_base =           (null), ddrphy_base = ffffff800005c000
[    0.478346]<1>.(1)[1:swapper/0][SPM] spm_irq_0 = 197, spm_irq_1 = 198, spm_irq_2 = 199, spm_irq_3 = 200
[    0.480131]<1>.(1)[1:swapper/0]mcucfg_base = 0x385024
[    0.480773]<1>-(1)[1:swapper/0][Power/cpufreq] [WARNING]pmic table not initialized
[    0.481789]<1>.(1)[1:swapper/0][SPM] PWAKE_EN:1, PCMWDT_EN:1, BYPASS_SYSPWREQ:0, I2C_CHANNEL:2
[    0.482863]<1>.(1)[1:swapper/0][SLP] SLEEP_DPIDLE_EN:0, REPLACE_DEF_WAKESRC:0, SUSPEND_LOG_EN:1
[    0.486169]<1>.(1)[1:swapper/0][init] f(ffffffc000dd0dcc)
[    0.486841]<1>.(1)[1:swapper/0]  s:469162614 e:486162384 d:16999770
[    0.487620]<1>.(1)[1:swapper/0][WDK]arch init check_bit=0x0+++++
[    0.488392]<1>.(1)[1:swapper/0][WDK]arch init check_bit=0xf-----
[    0.489138]<1>.(1)[1:swapper/0][init] f(ffffffc000dd4fc4)
[    0.489811]<1>.(1)[1:swapper/0]  s:487615076 e:489132922 d:1517846
[    0.490618]<1>.(1)[1:swapper/0][CHIP_COMMON] create /proc/chip(821e)
[    0.491619]<1>.(1)[1:swapper/0][init] f(ffffffc000dd6b60)
[    0.492291]<1>.(1)[1:swapper/0]  s:490574845 e:491613153 d:1038308
[    0.493262]<1>.(1)[1:swapper/0][pdev] swsusp-helper
[    0.493869]<1>.(1)[1:swapper/0]  s:493055691 e:493256460 d:200769
[    0.494741]<1>.(1)[1:swapper/0][probe] drv:swsusp-helper dev:(null)
[    0.495522]<1>.(1)[1:swapper/0]  s:494733307 e:494734384 d:1077
[    0.496371]<1>.(1)[1:swapper/0][init] f(ffffffc000dd7664)
[    0.497043]<1>.(1)[1:swapper/0]  s:493054460 e:496364999 d:3310539
[    0.497895]<1>.(1)[1:swapper/0][DRAMC]get CQDMA_BASE_ADDR @ ffffff8000078c00
[    0.498851]<1>.(1)[1:swapper/0][DRAMC]get DRAMCAO_BASE_ADDR @ ffffff800007c000
[    0.499824]<1>.(1)[1:swapper/0][DRAMC]get DDRPHY_BASE_ADDR @ ffffff800007e000
[    0.500786]<1>.(1)[1:swapper/0][DRAMC]get DRAMCNAO_BASE_ADDR @ ffffff8000092000
[    0.501705]<1>.(1)[1:swapper/0][DFS]  rsv memory from LK node
[    0.502416]<1>.(1)[1:swapper/0][DRAMC]find dt_scan_dram_info
[    0.503296]<1>.(1)[1:swapper/0][DRAMC Driver] Dram Data Rate = 1280
[    0.504076]<1>.(1)[1:swapper/0]6[DRAMC Driver] dram can not support Frequency Hopping
[    0.505063]<1>.(1)[1:swapper/0][init] f(ffffffc000dd9fe4)
[    0.505737]<1>.(1)[1:swapper/0]  s:497806691 e:505058076 d:7251385
[    0.528099]<1>.(1)[1:swapper/0]******** MTK WDT driver probe!! ********
[    0.528972]<1>.(1)[1:swapper/0]RGU base: 0xffffff8000034000  RGU irq: 160
[    0.529815]<1>.(1)[1:swapper/0]******** MTK WDT register irq ********
[    0.530729]<1>.(1)[1:swapper/0]mtk_wdt_probe : Success to request irq
[    0.531581]<1>.(1)[1:swapper/0]mtk_wdt_probe : Initialize to dual mode 
[    0.532423]<1>.(1)[1:swapper/0]WDT NONRST=0x20000000
[    0.533140]<1>.(1)[1:swapper/0]mtk_wdt_probe : done WDT_MODE(5d),MTK_WDT_NONRST_REG(20000000)
[    0.534201]<1>.(1)[1:swapper/0]mtk_wdt_probe : done MTK_WDT_REQ_MODE(3c0002)
[    0.535079]<1>.(1)[1:swapper/0]mtk_wdt_probe : done MTK_WDT_REQ_IRQ_EN(340000)
[    0.535980]<1>.(1)[1:swapper/0][probe] drv:mtk-wdt dev:(null)
[    0.536720]<1>.(1)[1:swapper/0]  s:528090076 e:535974537 d:7884461
[    0.538177]<1>.(1)[1:swapper/0][probe] drv:emi_clk_test dev:(null)
[    0.538947]<1>.(1)[1:swapper/0]  s:538169307 e:538170537 d:1230
[    0.545406]<1>.(1)[1:swapper/0][MTK WP] watchpoint_probe
[    0.546069]<1>.(1)[1:swapper/0][MTK WP] get 4 debug interface
[    0.546879]<1>.(1)[1:swapper/0][MTK WP] debug_interface 0 @ vm:0xffffff8000094000 pm:0x10810000 
[    0.548020]<1>.(1)[1:swapper/0][MTK WP] debug_interface 1 @ vm:0xffffff8000096000 pm:0x10910000 
[    0.549159]<1>.(1)[1:swapper/0][MTK WP] debug_interface 2 @ vm:0xffffff8000098000 pm:0x10a10000 
[    0.550308]<1>.(1)[1:swapper/0][MTK WP] debug_interface 3 @ vm:0xffffff800009a000 pm:0x10b10000 
[    0.551399][MTK WP] Probe:Reset watchpoints
[    0.551905]<1>.(1)[1:swapper/0][MTK WP] Reset flow cpu 0, EDSCR 0x2003c02
[    0.552774]<1>.(1)[1:swapper/0][MTK WP] Reset flow  cpu 0, DBGWVR0, &0xffffff8000094800=0x0
[    0.553815]<1>.(1)[1:swapper/0][MTK WP] Reset flow  cpu 0, DBGWCR0, &0xffffff8000094808=0x0
[    0.554858]<1>.(1)[1:swapper/0][MTK WP] Reset flow  cpu 0, DBGWVR1, &0xffffff8000094810=0x0
[    0.555899]<1>.(1)[1:swapper/0][MTK WP] Reset flow  cpu 0, DBGWCR1, &0xffffff8000094818=0x0
[    0.556965]<1>.(1)[1:swapper/0][MTK WP] Reset flow  cpu 0, DBGWVR2, &0xffffff8000094820=0x0
[    0.558007]<1>.(1)[1:swapper/0][MTK WP] Reset flow  cpu 0, DBGWCR2, &0xffffff8000094828=0x0
[    0.559051]<1>.(1)[1:swapper/0][MTK WP] Reset flow  cpu 0, DBGWVR3, &0xffffff8000094830=0x0
[    0.560091]<1>.(1)[1:swapper/0][MTK WP] Reset flow  cpu 0, DBGWCR3, &0xffffff8000094838=0x0
[    0.561135]<1>.(1)[1:swapper/0][MTK WP] Reset flow  cpu 0, DBGBVR0, &0xffffff8000094400=0x0
[    0.562176]<1>.(1)[1:swapper/0][MTK WP] Reset flow  cpu 0, DBGBCR0, &0xffffff8000094408=0x0
[    0.563219]<1>.(1)[1:swapper/0][MTK WP] Reset flow  cpu 0, DBGBVR1, &0xffffff8000094410=0x0
[    0.564260]<1>.(1)[1:swapper/0][MTK WP] Reset flow  cpu 0, DBGBCR1, &0xffffff8000094418=0x0
[    0.565304]<1>.(1)[1:swapper/0][MTK WP] Reset flow  cpu 0, DBGBVR2, &0xffffff8000094420=0x0
[    0.566345]<1>.(1)[1:swapper/0][MTK WP] Reset flow  cpu 0, DBGBCR2, &0xffffff8000094428=0x0
[    0.567408]<1>.(1)[1:swapper/0][MTK WP] Reset flow  cpu 0, DBGBVR3, &0xffffff8000094430=0x0
[    0.568451]<1>.(1)[1:swapper/0][MTK WP] Reset flow  cpu 0, DBGBCR3, &0xffffff8000094438=0x0
[    0.569494]<1>.(1)[1:swapper/0][MTK WP] Reset flow  cpu 0, DBGBVR4, &0xffffff8000094440=0x0
[    0.570535]<1>.(1)[1:swapper/0][MTK WP] Reset flow  cpu 0, DBGBCR4, &0xffffff8000094448=0x0
[    0.571578]<1>.(1)[1:swapper/0][MTK WP] Reset flow  cpu 0, DBGBVR5, &0xffffff8000094450=0x0
[    0.572619]<1>.(1)[1:swapper/0][MTK WP] Reset flow  cpu 0, DBGBCR5, &0xffffff8000094458=0x0
[    0.573661]<1>.(1)[1:swapper/0][MTK WP] Reset flow cpu 1, EDSCR 0x2003c02
[    0.574509]<1>.(1)[1:swapper/0][MTK WP] Reset flow  cpu 1, DBGWVR0, &0xffffff8000096800=0x0
[    0.575550]<1>.(1)[1:swapper/0][MTK WP] Reset flow  cpu 1, DBGWCR0, &0xffffff8000096808=0x0
[    0.576594]<1>.(1)[1:swapper/0][MTK WP] Reset flow  cpu 1, DBGWVR1, &0xffffff8000096810=0x0
[    0.577654]<1>.(1)[1:swapper/0][MTK WP] Reset flow  cpu 1, DBGWCR1, &0xffffff8000096818=0x0
[    0.578698]<1>.(1)[1:swapper/0][MTK WP] Reset flow  cpu 1, DBGWVR2, &0xffffff8000096820=0x0
[    0.579739]<1>.(1)[1:swapper/0][MTK WP] Reset flow  cpu 1, DBGWCR2, &0xffffff8000096828=0x0
[    0.580783]<1>.(1)[1:swapper/0][MTK WP] Reset flow  cpu 1, DBGWVR3, &0xffffff8000096830=0x0
[    0.581824]<1>.(1)[1:swapper/0][MTK WP] Reset flow  cpu 1, DBGWCR3, &0xffffff8000096838=0x0
[    0.582868]<1>.(1)[1:swapper/0][MTK WP] Reset flow  cpu 1, DBGBVR0, &0xffffff8000096400=0x0
[    0.583909]<1>.(1)[1:swapper/0][MTK WP] Reset flow  cpu 1, DBGBCR0, &0xffffff8000096408=0x0
[    0.584952]<1>.(1)[1:swapper/0][MTK WP] Reset flow  cpu 1, DBGBVR1, &0xffffff8000096410=0x0
[    0.585993]<1>.(1)[1:swapper/0][MTK WP] Reset flow  cpu 1, DBGBCR1, &0xffffff8000096418=0x0
[    0.587036]<1>.(1)[1:swapper/0][MTK WP] Reset flow  cpu 1, DBGBVR2, &0xffffff8000096420=0x0
[    0.588097]<1>.(1)[1:swapper/0][MTK WP] Reset flow  cpu 1, DBGBCR2, &0xffffff8000096428=0x0
[    0.589141]<1>.(1)[1:swapper/0][MTK WP] Reset flow  cpu 1, DBGBVR3, &0xffffff8000096430=0x0
[    0.590182]<1>.(1)[1:swapper/0][MTK WP] Reset flow  cpu 1, DBGBCR3, &0xffffff8000096438=0x0
[    0.591225]<1>.(1)[1:swapper/0][MTK WP] Reset flow  cpu 1, DBGBVR4, &0xffffff8000096440=0x0
[    0.592266]<1>.(1)[1:swapper/0][MTK WP] Reset flow  cpu 1, DBGBCR4, &0xffffff8000096448=0x0
[    0.593309]<1>.(1)[1:swapper/0][MTK WP] Reset flow  cpu 1, DBGBVR5, &0xffffff8000096450=0x0
[    0.594350]<1>.(1)[1:swapper/0][MTK WP] Reset flow  cpu 1, DBGBCR5, &0xffffff8000096458=0x0
[    0.595393]<1>.(1)[1:swapper/0][MTK WP] Reset flow cpu 2, EDSCR 0x2003c02
[    0.596240]<1>.(1)[1:swapper/0][MTK WP] Reset flow  cpu 2, DBGWVR0, &0xffffff8000098800=0x0
[    0.597281]<1>.(1)[1:swapper/0][MTK WP] Reset flow  cpu 2, DBGWCR0, &0xffffff8000098808=0x0
[    0.598345]<1>.(1)[1:swapper/0][MTK WP] Reset flow  cpu 2, DBGWVR1, &0xffffff8000098810=0x0
[    0.599387]<1>.(1)[1:swapper/0][MTK WP] Reset flow  cpu 2, DBGWCR1, &0xffffff8000098818=0x0
[    0.600430]<1>.(1)[1:swapper/0][MTK WP] Reset flow  cpu 2, DBGWVR2, &0xffffff8000098820=0x0
[    0.601471]<1>.(1)[1:swapper/0][MTK WP] Reset flow  cpu 2, DBGWCR2, &0xffffff8000098828=0x0
[    0.602514]<1>.(1)[1:swapper/0][MTK WP] Reset flow  cpu 2, DBGWVR3, &0xffffff8000098830=0x0
[    0.603555]<1>.(1)[1:swapper/0][MTK WP] Reset flow  cpu 2, DBGWCR3, &0xffffff8000098838=0x0
[    0.604599]<1>.(1)[1:swapper/0][MTK WP] Reset flow  cpu 2, DBGBVR0, &0xffffff8000098400=0x0
[    0.605640]<1>.(1)[1:swapper/0][MTK WP] Reset flow  cpu 2, DBGBCR0, &0xffffff8000098408=0x0
[    0.606683]<1>.(1)[1:swapper/0][MTK WP] Reset flow  cpu 2, DBGBVR1, &0xffffff8000098410=0x0
[    0.607724]<1>.(1)[1:swapper/0][MTK WP] Reset flow  cpu 2, DBGBCR1, &0xffffff8000098418=0x0
[    0.608787]<1>.(1)[1:swapper/0][MTK WP] Reset flow  cpu 2, DBGBVR2, &0xffffff8000098420=0x0
[    0.609829]<1>.(1)[1:swapper/0][MTK WP] Reset flow  cpu 2, DBGBCR2, &0xffffff8000098428=0x0
[    0.610872]<1>.(1)[1:swapper/0][MTK WP] Reset flow  cpu 2, DBGBVR3, &0xffffff8000098430=0x0
[    0.611913]<1>.(1)[1:swapper/0][MTK WP] Reset flow  cpu 2, DBGBCR3, &0xffffff8000098438=0x0
[    0.612957]<1>.(1)[1:swapper/0][MTK WP] Reset flow  cpu 2, DBGBVR4, &0xffffff8000098440=0x0
[    0.613998]<1>.(1)[1:swapper/0][MTK WP] Reset flow  cpu 2, DBGBCR4, &0xffffff8000098448=0x0
[    0.615041]<1>.(1)[1:swapper/0][MTK WP] Reset flow  cpu 2, DBGBVR5, &0xffffff8000098450=0x0
[    0.616082]<1>.(1)[1:swapper/0][MTK WP] Reset flow  cpu 2, DBGBCR5, &0xffffff8000098458=0x0
[    0.617125]<1>.(1)[1:swapper/0][MTK WP] Reset flow cpu 3, EDSCR 0x2003c02
[    0.617972]<1>.(1)[1:swapper/0][MTK WP] Reset flow  cpu 3, DBGWVR0, &0xffffff800009a800=0x0
[    0.619033]<1>.(1)[1:swapper/0][MTK WP] Reset flow  cpu 3, DBGWCR0, &0xffffff800009a808=0x0
[    0.620077]<1>.(1)[1:swapper/0][MTK WP] Reset flow  cpu 3, DBGWVR1, &0xffffff800009a810=0x0
[    0.621118]<1>.(1)[1:swapper/0][MTK WP] Reset flow  cpu 3, DBGWCR1, &0xffffff800009a818=0x0
[    0.622161]<1>.(1)[1:swapper/0][MTK WP] Reset flow  cpu 3, DBGWVR2, &0xffffff800009a820=0x0
[    0.623202]<1>.(1)[1:swapper/0][MTK WP] Reset flow  cpu 3, DBGWCR2, &0xffffff800009a828=0x0
[    0.624246]<1>.(1)[1:swapper/0][MTK WP] Reset flow  cpu 3, DBGWVR3, &0xffffff800009a830=0x0
[    0.625286]<1>.(1)[1:swapper/0][MTK WP] Reset flow  cpu 3, DBGWCR3, &0xffffff800009a838=0x0
[    0.626331]<1>.(1)[1:swapper/0][MTK WP] Reset flow  cpu 3, DBGBVR0, &0xffffff800009a400=0x0
[    0.627372]<1>.(1)[1:swapper/0][MTK WP] Reset flow  cpu 3, DBGBCR0, &0xffffff800009a408=0x0
[    0.628415]<1>.(1)[1:swapper/0][MTK WP] Reset flow  cpu 3, DBGBVR1, &0xffffff800009a410=0x0
[    0.629475]<1>.(1)[1:swapper/0][MTK WP] Reset flow  cpu 3, DBGBCR1, &0xffffff800009a418=0x0
[    0.630519]<1>.(1)[1:swapper/0][MTK WP] Reset flow  cpu 3, DBGBVR2, &0xffffff800009a420=0x0
[    0.631560]<1>.(1)[1:swapper/0][MTK WP] Reset flow  cpu 3, DBGBCR2, &0xffffff800009a428=0x0
[    0.632603]<1>.(1)[1:swapper/0][MTK WP] Reset flow  cpu 3, DBGBVR3, &0xffffff800009a430=0x0
[    0.633644]<1>.(1)[1:swapper/0][MTK WP] Reset flow  cpu 3, DBGBCR3, &0xffffff800009a438=0x0
[    0.634687]<1>.(1)[1:swapper/0][MTK WP] Reset flow  cpu 3, DBGBVR4, &0xffffff800009a440=0x0
[    0.635729]<1>.(1)[1:swapper/0][MTK WP] Reset flow  cpu 3, DBGBCR4, &0xffffff800009a448=0x0
[    0.636772]<1>.(1)[1:swapper/0][MTK WP] Reset flow  cpu 3, DBGBVR5, &0xffffff800009a450=0x0
[    0.637813]<1>.(1)[1:swapper/0][MTK WP] Reset flow  cpu 3, DBGBCR5, &0xffffff800009a458=0x0
[    0.638853]<1>.(1)[1:swapper/0][probe] drv:wp dev:(null)
[    0.639534]<1>.(1)[1:swapper/0]  s:545399614 e:638847999 d:93448385
[    0.689652]<1>.(1)[1:swapper/0][init] f(ffffffc000dae200)
[    0.690331]<1>.(1)[1:swapper/0]  s:506523845 e:689641307 d:183117462
[    0.691119]<1>.(1)[1:swapper/0]warning init time too long!
[    0.693129]<1>.(1)[1:swapper/0][init] f(ffffffc000dae234)
[    0.693802]<1>.(1)[1:swapper/0]  s:692351153 e:693121922 d:770769
[    0.739669]<1>.(1)[1:swapper/0][init] f(ffffffc000db2654)
[    0.740369]<1>.(1)[1:swapper/0]  s:694554691 e:739659307 d:45104616
[    0.741188]<1>.(1)[1:swapper/0][init] f(ffffffc000db4e68)
[    0.741859]<1>.(1)[1:swapper/0]  s:741143384 e:741182230 d:38846
[    0.744038]<1>.(1)[1:swapper/0][init] f(ffffffc000dbb21c)
[    0.744711]<1>.(1)[1:swapper/0]  s:742601230 e:744030768 d:1429538
[    0.746319]<0>.(0)[1:swapper/0][init] f(ffffffc000dbf91c)
[    0.746992]<0>.(0)[1:swapper/0]  s:745474384 e:746311384 d:837000
[    0.747880]<0>.(0)[1:swapper/0][init] f(ffffffc000dbfb20)
[    0.748551]<0>.(0)[1:swapper/0]  s:747743614 e:747873384 d:129770
[    0.749654]<3>.(3)[1:swapper/0][init] f(ffffffc000dc9774)
[    0.750326]<3>.(3)[1:swapper/0]  s:749304307 e:749647153 d:342846
[    0.751086]<3>.(3)[1:swapper/0][init] f(ffffffc000dc988c)
[    0.751757]<3>.(3)[1:swapper/0]  s:751079153 e:751080614 d:1461
[    0.752603]<3>.(3)[1:swapper/0][init] f(ffffffc000dc9954)
[    0.753275]<3>.(3)[1:swapper/0]  s:752488537 e:752596922 d:108385
[    0.754034]<3>.(3)[1:swapper/0][init] f(ffffffc000dca928)
[    0.754706]<3>.(3)[1:swapper/0]  s:754027845 e:754028922 d:1077
[    0.755502]<3>.(3)[1:swapper/0][init] f(ffffffc000dca958)
[    0.756174]<3>.(3)[1:swapper/0]  s:755437999 e:755496384 d:58385
[    0.756931]<3>.(3)[1:swapper/0][cpu_ntf] <28>ffffffc0009b5f30 (blk_cpu_notify)
[    0.757835]<3>.(3)[1:swapper/0][init] f(ffffffc000dca990)
[    0.758505]<3>.(3)[1:swapper/0]  s:756915922 e:757829537 d:913615
[    0.759269]<3>.(3)[1:swapper/0][cpu_ntf] <29>ffffffc0009b5ffc (blk_iopoll_cpu_notify)
[    0.760270]<3>.(3)[1:swapper/0][init] f(ffffffc000dcaa2c)
[    0.760941]<3>.(3)[1:swapper/0]  s:759258230 e:760264460 d:1006230
[    0.762398]<2>.(2)[1:swapper/0][init] f(ffffffc000dcab24)
[    0.763072]<2>.(2)[1:swapper/0]  s:761705307 e:762391537 d:686230
[    0.764002]<2>.(2)[1:swapper/0][init] f(ffffffc000dcca20)
[    0.764674]<2>.(2)[1:swapper/0]  s:763823691 e:763996076 d:172385
[    0.765588]<2>.(2)[1:swapper/0][init] f(ffffffc000dcd9ec)
[    0.766287]<2>.(2)[1:swapper/0]  s:765426999 e:765581614 d:154615
[    0.767256]<2>.(2)[1:swapper/0][init] f(ffffffc000dce528)
[    0.767928]<2>.(2)[1:swapper/0]  s:767038922 e:767249999 d:211077
[    0.768857]<2>.(2)[1:swapper/0][init] f(ffffffc000dcf1d0)
[    0.769529]<2>.(2)[1:swapper/0]  s:768680768 e:768850614 d:169846
[    0.771353]<2>-(2)[1:swapper/0]DMA-API: debugging out of memory - disabling
[    0.773507]<2>.(2)[1:swapper/0]M4Urequest_irq, irq_num=178
[    0.774280]<2>.(2)[1:swapper/0][probe] drv:m4u dev:(null)
[    0.774952]<2>.(2)[1:swapper/0]  s:771127922 e:774272922 d:3145000
[    0.776554]<2>.(2)[1:swapper/0][init] f(ffffffc000dd1d98)
[    0.777227]<2>.(2)[1:swapper/0]  s:770281768 e:776547845 d:6266077
[    0.778531]<2>.(2)[1:swapper/0][CMDQ]Succeed to create dma pool for cmdq
[    0.779495]<2>.(2)[1:swapper/0][CMDQ][CMDQ] platform_dev: dev: ffffffc00328b4d0, PA: 10217000, VA: ffffff80000ac000, irqId: 183,  irqSecId:180
[    0.781214]<2>.(2)[1:swapper/0][CMDQ]DEV: VA(mediatek,MMSYS_CONFIG): 0xffffff80000ae000
[    0.782335]<2>.(2)[1:swapper/0][CMDQ]DEV: VA(mediatek,MDP_RDMA): 0xffffff80000b0000
[    0.783419]<2>.(2)[1:swapper/0][CMDQ]DEV: VA(mediatek,MDP_RSZ0): 0xffffff80000b2000
[    0.784497]<2>.(2)[1:swapper/0][CMDQ]DEV: VA(mediatek,MDP_RSZ1): 0xffffff80000b4000
[    0.785579]<2>.(2)[1:swapper/0][CMDQ]DEV: VA(mediatek,MDP_WDMA): 0xffffff80000b6000
[    0.786687]<2>.(2)[1:swapper/0][CMDQ]DEV: VA(mediatek,MDP_WROT): 0xffffff80000b8000
[    0.787777]<2>.(2)[1:swapper/0][CMDQ]DEV: VA(mediatek,MDP_TDSHP): 0xffffff80000ba000
[    0.788848]<2>.(2)[1:swapper/0][CMDQ]DEV: VA(mediatek,MM_MUTEX): 0x0
[    0.789777]<2>.(2)[1:swapper/0][CMDQ]DEV: VA(mediatek,VENC): 0xffffff80000bc000
[    0.790792]<2>.(2)[1:swapper/0][CMDQ]DEV: PA(mediatek,MMSYS_CONFIG): start = 0x14000000, end = 0x14000fff
[    0.792089]<2>.(2)[1:swapper/0][CMDQ]DEV: PA(mediatek,MDP_RDMA): start = 0x14001000, end = 0x14001fff
[    0.793342]<2>.(2)[1:swapper/0][CMDQ]DEV: PA(mediatek,MDP_RSZ0): start = 0x14002000, end = 0x14002fff
[    0.794596]<2>.(2)[1:swapper/0][CMDQ]DEV: PA(mediatek,MDP_RSZ1): start = 0x14003000, end = 0x14003fff
[    0.795851]<2>.(2)[1:swapper/0][CMDQ]DEV: PA(mediatek,MDP_WDMA): start = 0x14004000, end = 0x14004fff
[    0.797129]<2>.(2)[1:swapper/0][CMDQ]DEV: PA(mediatek,MDP_WROT): start = 0x14005000, end = 0x14005fff
[    0.798386]<2>.(2)[1:swapper/0][CMDQ]DEV: PA(mediatek,MDP_TDSHP): start = 0x14006000, end = 0x14006fff
[    0.799648]<2>.(2)[1:swapper/0][CMDQ]DEV: PA(mediatek,MM_MUTEX): start = 0x14006000, end = 0x14006fff
