
[USBD] USB PRB0 LineState: 0

[USBD] USB cable/ No Cable inserted!

[PLFM] Keep stay in USB Mode
[PWRAP] pwrap_init_preloader
[PWRAP] pwrap_init
[PWRAP] start reset wrapper
[PWRAP] the reset register =80
[PWRAP] PMIC_WRAP_STAUPD_GRPEN =0x0,it should be equal to 0xc
[PWRAP] _pwrap_init_reg_clock
[PWRAP] have cipher
[PWRAP] _pwrap_init_signature
[PWRAP] mt_pwrap_init PMIC_WRAP_STAUPD_GRPEN(3D)
[PWRAP] ERROR,line=1191 PMIC_WRAP_ADC_RDATA_ADDR=E20
[PWRAP] mt_pwrap_init-- use D1 or D3 
[PWRAP] mt_pwrap_init---- debug15,FFFFFBFB
[PWRAP] after MT6328 pwrap_write
[PWRAP] write MT6328 Test pass
[PWRAP] Read 6328 Test pass,return_value=0
[PMIC_WRAP]wrap_init pass,the return value=0.
[pmic_init] Preloader Start,MT6328 CHIP Code = 0x2820
just_rst = 0
[6328]e-data[0x0]=0x0
[6328]e-data[0x1]=0x1244
[6328]e-data[0x2]=0x8208
[6328]e-data[0x3]=0x20
[6328]e-data[0x4]=0x0
[6328]e-data[0x5]=0x3C0
[6328]e-data[0x6]=0x3FC
[6328]e-data[0x7]=0x48
[6328]e-data[0x8]=0x6000
[6328]e-data[0x9]=0x640C
[6328]e-data[0xA]=0x0
[6328]e-data[0xB]=0x0
[6328]e-data[0xC]=0x80
[6328]e-data[0xD]=0x16
[6328]e-data[0xE]=0x0
[6328]e-data[0xF]=0x0
[6328]e-data[0x10]=0xE800
[6328]e-data[0x11]=0x1
[6328]e-data[0x12]=0x0
[6328]e-data[0x13]=0x0
[6328]e-data[0x14]=0x0
[6328]e-data[0x15]=0x0
[6328]e-data[0x16]=0x0
[6328]e-data[0x17]=0xCD0
[6328]e-data[0x18]=0xD98F
[6328]e-data[0x19]=0xCF9D
[6328]e-data[0x1A]=0xD2D6
[6328]e-data[0x1B]=0x1BE6
[6328]e-data[0x1C]=0x0
[6328]e-data[0x1D]=0x0
[6328]e-data[0x1E]=0x0
[6328]e-data[0x1F]=0x0
[pmic_6328_efuse_management]4.27 efuse_data[0x11]:0x1
[pmic_6328_efuse_management]4.27 efuse_data[0x11][448:472]:0x1
VBAT=3964 mV with 3300 mV, VCHR 5090 mV ,VCHR_HV=6500 
[pmic_init] Done...................
before mt_mempll_cali, wdt_mode = 0x4D, wdt_dbg_ctrl = 0x200F1
mt_pll_post_init: mt_get_mem_freq = 319998Khz
[PLFM] Init I2C: OK(0)
[PLFM] Init PWRAP: OK(0)
[PLFM] Init PMIC: OK(0)
[PLFM] chip_code[321]
[PLFM] chip_ver[0]
[PTP] >> ptp_init()
[PTP] >> get_devinfo()
[PTP] << get_devinfo():322
[PTP] >> ptp_init_det()
[PTP] VCORE voltage bin to 1.1V
[PTP] << ptp_init_det():444
[PTP] PTP set volt: 0x00000050
[PTP] 0x00000057
[PTP] 0x00000056
[PTP] 0x00000055
[PTP] 0x00000054
[PTP] 0x00000053
[PTP] 0x00000052
[PTP] 0x00000051
[PTP] 0x00000050
[PTP] M_HW_RES0	= 0x11CE6CEF
[PTP] M_HW_RES1	= 0x005C0000
[PTP] M_HW_RES2	= 0x00000025
[PTP] M_HW_RES3	= 0x004DFE06
[PTP] M_HW_RES4	= 0x00000000
[PTP] M_HW_RES5	= 0x00000003
[PTP] << ptp_init():1032

[BLDR] Build Time: 20190313-171219
[DDR Reserve] ddr reserve mode not be enabled yet
==== Dump RGU Reg ========
RGU MODE:     4D
RGU LENGTH:   FFE0
RGU STA:      0
RGU INTERVAL: FFF
RGU SWSYSRST: 8000
==== Dump RGU Reg End ====
RGU: g_rgu_satus:0
 mtk_wdt_mode_config  mode value=10, tmp:22000010
PL P ON
WDT does not trigger reboot
WDT NONRST=0x20000000
WDT IRQ_EN=0x340002
WDT REQ_EN=0x3C0002
RGU mtk_wdt_init:MTK_WDT_DEBUG_CTL(590200F3)
Enter mtk_kpd_gpio_set! 
after set KP enable: KP_SEL = 0x0 !
[RTC] get_frequency_meter: input=0x0, ouput=5
[RTC] get_frequency_meter: input=0x0, ouput=3968
[RTC] get_frequency_meter: input=0x0, ouput=5
[RTC] get_frequency_meter: input=0x0, ouput=0
[RTC] get_frequency_meter: input=0x0, ouput=0
[RTC] bbpu = 0x1, con = 0x84A7, osc32con = 0x7B00, sec = 0x20B3, yea = 0x8102
rtc_first_boot_init
[RTC] get_frequency_meter: input=0x0, ouput=5
[RTC] get_frequency_meter: input=0x0, ouput=3967
[RTC] get_frequency_meter: input=0x0, ouput=5
[RTC] get_frequency_meter: input=0x0, ouput=0
[RTC] get_frequency_meter: input=0x0, ouput=0
OSC32CON_ANALOG_SETTING = 0x7B00
rtc_2sec_stat_clear
rtc_2sec_reboot_check 0x20B3
[RTC] irqsta = 0x0, pdn1 = 0x0, pdn2 = 0x201, spar0 = 0xC0, spar1 = 0x800
[RTC] new_spare0 = 0x0, new_spare1 = 0x1, new_spare2 = 0x1, new_spare3 = 0x1
[RTC] bbpu = 0x1, con = 0x4A6, cali = 0x20B3
pl pmic powerkey Press
power key is pressed
[PLFM] Power key boot!
[RTC] rtc_bbpu_power_on done
mt_get_dram_type() 0x3
[EMI] LPDDR3
[mmc_init]: msdc0 start mmc_init_host() in PL...
[msdc_init]: msdc0 Host controller intialization start 
[MSDC]config VEMC to 3V in preloader
[SD0] Pins mode(1), none(0), down(1), up(2), keep(3)
[SD0] Pins mode(2), none(0), down(1), up(2), keep(3)
[MSDC]config VEMC to 3V in preloader
[info][msdc_set_startbit 1242] read data start bit at rising edge
[info][msdc_config_clksrc] input clock is 400000kHz
[SD0] Bus Width: 1
[info][msdc_config_clksrc] input clock is 400000kHz
[info][msdc_set_startbit 1242] read data start bit at rising edge
[SD0] SET_CLK(260kHz): SCLK(259kHz) MODE(0) DDR(0) DIV(385) DS(0) RS(0)
[msdc_init]: msdc0 Host controller intialization done
[mmc_init]: msdc0 start mmc_init_card() in PL...
[mmc_init_card]: start
[info][msdc_config_clksrc] input clock is 400000kHz
[info][msdc_set_startbit 1242] read data start bit at rising edge
[SD0] SET_CLK(260kHz): SCLK(259kHz) MODE(0) DDR(0) DIV(385) DS(0) RS(0)
[SD0] Bus Width: 8
[SD0] Switch to High-Speed mode!
[SD0] Size: 29820 MB, Max.Speed: 52000 kHz, blklen(512), nblks(61071360), ro(0)
[mmc_init_mem_card 3144][SD0] Initialized, eMMC50
before host->cur_bus_clk(259740)
[info][msdc_config_clksrc] input clock is 400000kHz
[info][msdc_set_startbit 1242] read data start bit at rising edge
[SD0] SET_CLK(52000kHz): SCLK(50000kHz) MODE(0) DDR(0) DIV(2) DS(0) RS(0)
host->cur_bus_clk(50000000)
[mmc_init_card]: finish successfully
[EMI] mcp_dram_num:0,discrete_dram_num:1,enable_combo_dis:0
[Check]mt_get_mdl_number 0x0
[EMI] eMMC/NAND ID = 45,1,0,44,47,34,30,33,32,1,ED,E,4B,8,85,D
[EMI] MDL number = 0
[EMI] emi_set eMMC/NAND ID = 0,0,0,0,0,0,0,0,0,0,0,0,0,0,0,0
Start REXTDN SW calibration...
enable P drive (initial settings), 0x0644:27Dh
2.1. DRVP 0x00c0[15:12]:0h
2.2. CMPOP 0x03dc[31]:0h
2.1. DRVP 0x00c0[15:12]:1000h
2.2. CMPOP 0x03dc[31]:0h
2.1. DRVP 0x00c0[15:12]:2000h
2.2. CMPOP 0x03dc[31]:0h
2.1. DRVP 0x00c0[15:12]:3000h
2.2. CMPOP 0x03dc[31]:0h
2.1. DRVP 0x00c0[15:12]:4000h
2.2. CMPOP 0x03dc[31]:0h
2.1. DRVP 0x00c0[15:12]:5000h
2.2. CMPOP 0x03dc[31]:0h
2.1. DRVP 0x00c0[15:12]:6000h
2.2. CMPOP 0x03dc[31]:0h
2.1. DRVP 0x00c0[15:12]:7000h
2.2. CMPOP 0x03dc[31]:0h
2.1. DRVP 0x00c0[15:12]:8000h
2.2. CMPOP 0x03dc[31]:0h
2.1. DRVP 0x00c0[15:12]:9000h
2.2. CMPOP 0x03dc[31]:0h
2.1. DRVP 0x00c0[15:12]:A000h
2.2. CMPOP 0x03dc[31]:80000000h
P drive:10
enable N drive (initial settings), 0x0644:17Dh
4.1. DRVN 0x00c0[11:8]:A000h
4.2.CMPON 0x3dc[30]:0h
4.1. DRVN 0x00c0[11:8]:A100h
4.2.CMPON 0x3dc[30]:0h
4.1. DRVN 0x00c0[11:8]:A200h
4.2.CMPON 0x3dc[30]:0h
4.1. DRVN 0x00c0[11:8]:A300h
4.2.CMPON 0x3dc[30]:0h
4.1. DRVN 0x00c0[11:8]:A400h
4.2.CMPON 0x3dc[30]:0h
4.1. DRVN 0x00c0[11:8]:A500h
4.2.CMPON 0x3dc[30]:0h
4.1. DRVN 0x00c0[11:8]:A600h
4.2.CMPON 0x3dc[30]:0h
4.1. DRVN 0x00c0[11:8]:A700h
4.2.CMPON 0x3dc[30]:0h
4.1. DRVN 0x00c0[11:8]:A800h
4.2.CMPON 0x3dc[30]:0h
4.1. DRVN 0x00c0[11:8]:A900h
4.2.CMPON 0x3dc[30]:0h
4.1. DRVN 0x00c0[11:8]:AA00h
4.2.CMPON 0x3dc[30]:0h
4.1. DRVN 0x00c0[11:8]:AB00h
4.2.CMPON 0x3dc[30]:0h
N drive:10
drvp=10,drvn=10
=============================================
X-axis: DQS Gating Window Delay (Fine Scale)
Y-axis: DQS Gating Window Delay (Coarse Scale)
=============================================
          0    8   16   24   32   40   48   56   64   72   80   88   96  104  112  120
      --------------------------------------------------------------------------------
0000:|    0    0    0    0    0    0    0    0    0    0    0    0    0    0    0    0
0001:|    0    0    0    0    0    0    0    0    0    0    0    0    0    0    0    0
0002:|    0    0    0    0    0    0    0    0    0    0    0    0    0    0    0    0
0003:|    0    0    0    0    0    0    0    0    0    0    0    0    0    0    0    0
0004:|    0    0    0    0    0    0    0    0    0    0    0    0    0    0    0    0
0005:|    0    0    0    0    0    0    0    0    0    0    0    0    0    0    0    0
0006:|    0    0    0    0    0    0    0    0    0    0    0    0    0    0    0    0
0007:|    0    0    0    0    0    0    0    0    0    0    0    0    0    0    0    0
0008:|    0    0    0    0    0    0    0    0    0    0    0    0    0    0    0    0
0009:|    0    0    0    0    0    0    0    0    0    0    0    0    0    0    0    0
000A:|    0    0    0    0    0    0    0    0    0    0    0    0    0    0    0    0
000B:|    0    0    0    0    0    0    0    0    0    0    0    0    0    0    0    0
000C:|    0    0    0    0    0    0    0    0    0    0    0    0    0    0    0    0
000D:|    0    0    0    0    0    0    0    0    0    0    0    0    0    0    0    0
000E:|    0    0    0    0    0    0    0    0    0    0    0    0    0    0    0    0
000F:|    0    0    0    0    0    0    0    0    0    0    0    0    0    0    0    0
0010:|    0    0    0    0    0    0    0    0    0    0    0    0    0    0    0    0
0011:|    0    0    0    0    0    0    0    0    0    0    0    0    0    0    0    0
0012:|    0    0    0    0    0    0    0    0    0    0    0    0    0    0    0    0
0013:|    0    0    0    0    0    0    0    0    0    0    0    0    0    0    0    0
0014:|    0    0    0    0    0    0    0    0    0    0    0    0    0    0    0    0
0015:|    0    0    0    0    0    0    0    0    0    0    0    0    0    1    1    1
0016:|    0    0    0    0    0    0    1    1    1    1    1    1    1    1    1    1
0017:|    1    1    1    1    1    1    1    1    1    1    1    1    0    0    0    0
0018:|    1    1    1    1    1    0    0    0    0    0    0    0    0    0    0    0
0019:|    0    0    0    0    0    0    0    0    0    0    0    0    0    0    0    0
001A:|    0    0    0    0    0    0    0    0    0    0    0    0    0    0    0    0
001B:|    0    0    0    0    0    0    0    0    0    0    0    0    0    0    0    0
001C:|    0    0    0    0    0    0    0    0    0    0    0    0    0    0    0    0
first_bit_idx=14, fine_idx=112, CenterDiff=44, MinCenterDiff=127, FineTuneKPt=68
first_bit_idx=11, fine_idx=88, CenterDiff=20, MinCenterDiff=44, FineTuneKPt=68
first_bit_idx=6, fine_idx=48, CenterDiff=20, MinCenterDiff=20, FineTuneKPt=68
Rank 0 coarse tune value selection : 22, 22
[fcGATING_SAME_MCK]rank0 gating record N-1, coarse = 21, fine = 112
[New Gating with FineTune Limit] opt_coarse_idx=21/22, first_bit_idx=13/6, opt_fine_idx=13/11
rank 0 coarse = 22
rank 0 fine = 88
==============================================================
    NEW DATLAT calibration 
==============================================================
DATLAT Default value = 0x8
RX Scan: DQS delay 32 
TAP=3, err_value=0xFFFFFFFF, begin=0, first=255, sum=0
RX Scan: DQS delay 32 
TAP=4, err_value=0xFFFFFFFF, begin=0, first=255, sum=0
RX Scan: DQS delay 32 
TAP=5, err_value=0xFFFFFFFF, begin=0, first=255, sum=0
RX Scan: DQS delay 32 
TAP=6, err_value=0xFFFFFFFF, begin=0, first=255, sum=0
RX Scan: DQS delay 8 
TAP=7, err_value=0x0, begin=1, first=7, sum=1
RX Scan: DQS delay 8 
TAP=8, err_value=0x0, begin=1, first=7, sum=2
New DATLAT with RX scan. Early Break!!
first_step=7 total pass=2 best_step=8
=============================================
X-axis: DQS Gating Window Delay (Fine Scale)
Y-axis: DQS Gating Window Delay (Coarse Scale)
=============================================
          0    8   16   24   32   40   48   56   64   72   80   88   96  104  112  120
      --------------------------------------------------------------------------------
0000:|    0    0    0    0    0    0    0    0    0    0    0    0    0    0    0    0
0001:|    0    0    0    0    0    0    0    0    0    0    0    0    0    0    0    0
0002:|    0    0    0    0    0    0    0    0    0    0    0    0    0    0    0    0
0003:|    0    0    0    0    0    0    0    0    0    0    0    0    0    0    0    0
0004:|    0    0    0    0    0    0    0    0    0    0    0    0    0    0    0    0
0005:|    0    0    0    0    0    0    0    0    0    0    0    0    0    0    0    0
0006:|    0    0    0    0    0    0    0    0    0    0    0    0    0    0    0    0
0007:|    0    0    0    0    0    0    0    0    0    0    0    0    0    0    0    0
0008:|    0    0    0    0    0    0    0    0    0    0    0    0    0    0    0    0
0009:|    0    0    0    0    0    0    0    0    0    0    0    0    0    0    0    0
000A:|    0    0    0    0    0    0    0    0    0    0    0    0    0    0    0    0
000B:|    0    0    0    0    0    0    0    0    0    0    0    0    0    0    0    0
000C:|    0    0    0    0    0    0    0    0    0    0    0    0    0    0    0    0
000D:|    0    0    0    0    0    0    0    0    0    0    0    0    0    0    0    0
000E:|    0    0    0    0    0    0    0    0    0    0    0    0    0    0    0    0
000F:|    0    0    0    0    0    0    0    0    0    0    0    0    0    0    0    0
0010:|    0    0    0    0    0    0    0    0    0    0    0    0    0    0    0    0
0011:|    0    0    0    0    0    0    0    0    0    0    0    0    0    0    0    0
0012:|    0    0    0    0    0    0    0    0    0    0    0    0    0    0    0    0
0013:|    0    0    0    0    0    0    0    0    0    0    0    0    0    0    0    0
0014:|    0    0    0    0    0    0    0    0    0    0    0    0    0    0    0    0
0015:|    0    0    0    0    0    0    0    0    0    0    0    0    0    1    1    1
0016:|    0    0    0    0    0    0    1    1    1    1    1    1    1    1    1    1
0017:|    1    1    1    1    1    1    1    1    1    1    1    0    0    0    0    0
0018:|    1    1    1    1    0    0    0    0    0    0    0    0    0    0    0    0
0019:|    0    0    0    0    0    0    0    0    0    0    0    0    0    0    0    0
001A:|    0    0    0    0    0    0    0    0    0    0    0    0    0    0    0    0
001B:|    0    0    0    0    0    0    0    0    0    0    0    0    0    0    0    0
001C:|    0    0    0    0    0    0    0    0    0    0    0    0    0    0    0    0
first_bit_idx=14, fine_idx=112, CenterDiff=44, MinCenterDiff=127, FineTuneKPt=68
first_bit_idx=11, fine_idx=88, CenterDiff=20, MinCenterDiff=44, FineTuneKPt=68
first_bit_idx=5, fine_idx=40, CenterDiff=28, MinCenterDiff=20, FineTuneKPt=68
Rank 1 coarse tune value selection : 22, 22
[fcGATING_SAME_MCK]rank1 gating record N-1, coarse = 21, fine = 112
[New Gating with FineTune Limit] opt_coarse_idx=21/22, first_bit_idx=13/6, opt_fine_idx=13/11
rank 1 coarse = 22
rank 1 fine = 88
==============================================================
    NEW DATLAT calibration 
==============================================================
DATLAT Default value = 0x8
RX Scan: DQS delay 32 
TAP=3, err_value=0xFFFFFFFF, begin=0, first=255, sum=0
RX Scan: DQS delay 32 
TAP=4, err_value=0xFFFFFFFF, begin=0, first=255, sum=0
RX Scan: DQS delay 32 
TAP=5, err_value=0xFFFFFFFF, begin=0, first=255, sum=0
RX Scan: DQS delay 32 
TAP=6, err_value=0xFFFFFFFF, begin=0, first=255, sum=0
RX Scan: DQS delay 8 
TAP=7, err_value=0x0, begin=1, first=7, sum=1
RX Scan: DQS delay 10 
TAP=8, err_value=0x0, begin=1, first=7, sum=2
New DATLAT with RX scan. Early Break!!
first_step=7 total pass=2 best_step=8
DQS loop = 15, cmp_err_1 = 160000 
DQS loop = 14, cmp_err_1 = 120000 
DQS loop = 13, cmp_err_1 = 0 
DQS loop = 12, cmp_err_1 = 0 
DQS loop = 11, cmp_err_1 = 0 
DQS loop = 10, cmp_err_1 = 0 
DQS loop = 9, cmp_err_1 = 0 
DQS loop = 8, cmp_err_1 = 0 
DQS loop = 7, cmp_err_1 = 0 
DQS loop = 6, cmp_err_1 = 0 
DQS loop = 5, cmp_err_1 = 0 
DQS loop = 4, cmp_err_1 = 0 
DQS loop = 3, cmp_err_1 = 0 
DQS loop = 2, cmp_err_1 = 0 
DQS loop = 1, cmp_err_1 = 0 
DQS loop = 0, cmp_err_1 = 0 
DQ loop=15, cmp_err_1 = FF00FFFF
DQ loop=14, cmp_err_1 = FF00FFFF
DQ loop=13, cmp_err_1 = AA000800
DQ loop=12, cmp_err_1 = 0
DQ loop=11, cmp_err_1 = 0
DQ loop=10, cmp_err_1 = 0
DQ loop=9, cmp_err_1 = 0
DQ loop=8, cmp_err_1 = 0
DQ loop=7, cmp_err_1 = 0
DQ loop=6, cmp_err_1 = 0
DQ loop=5, cmp_err_1 = 0
DQ loop=4, cmp_err_1 = 0
DQ loop=3, cmp_err_1 = 0
DQ loop=2, cmp_err_1 = 0
DQ loop=1, cmp_err_1 = 0
DQ loop=0, cmp_err_1 = 0
byte:0, (DQS,DQ)=(1,0)
byte:1, (DQS,DQ)=(1,0)
byte:2, (DQS,DQ)=(0,1)
byte:3, (DQS,DQ)=(1,0)
[fcGATING_SAME_MCK]Rand 0/1 MCK coarse tune are the same!!
[EMI] DRAMC calibration passed

[DRAM] DFS rank0 coarse fine : 22 88, rank1 coarse fine :22 88
DFS could not be enable
[MEM] complex R/W mem test pass
RGU rgu_dram_reserved:MTK_WDT_MODE(22000010)
[Dram_Buffer] dram_buf_t size: 0x19C4C0 
[Dram_Buffer] part_hdr_t size: 0x200 
[Dram_Buffer] sizeof(boot_arg_t): 0x168 
[Dram_Buffer] g_dram_buf start addr: 0x42000000 
[Dram_Buffer] g_dram_buf->msdc_gpd_pool start addr: 0x4219C400 
[Dram_Buffer] g_dram_buf->msdc_bd_pool start addr: 0x4219C440 
RAM_CONSOLE sram(0x12C000) sig (0x0)  mismatch
RAM_CONSOLE start: 0x43F00000, size: 0x10000, sig: 0xFFFFFFFF
RAM_CONSOLE wdt status (0x43F00040)=0x0
[PLFM] Init Boot Device: OK(0)
Enter mtk_kpd_gpio_set! 
mtk detect key function pmic_detect_homekey MTK_PMIC_RST_KEY = 17
pl pmic FCHRKEY Release
0:dram_rank_size:40000000
1:dram_rank_size:40000000
0:dram_rank_size:40000000
1:dram_rank_size:40000000
orig_dram_info[0] start: 0x0000000040000000, size: 0x0000000040000000
orig_dram_info[1] start: 0x0000000080000000, size: 0x0000000040000000
CUSTOM_CONFIG_MAX_DRAM_SIZE: 0x0000000100000000
total_dram_size: 0x0000000080000000, max_dram_size: 0x0000000100000000
[GPT_PL]Parsing Primary GPT now...
[GPT_PL][0]name=proinfo, part_id=8, start_sect=0x400, nr_sects=0x1800
[GPT_PL][1]name=nvram, part_id=8, start_sect=0x1C00, nr_sects=0x2800
[GPT_PL][2]name=protect1, part_id=8, start_sect=0x4400, nr_sects=0x5000
[GPT_PL][3]name=protect2, part_id=8, start_sect=0x9400, nr_sects=0x5000
[GPT_PL][4]name=lk, part_id=8, start_sect=0xE400, nr_sects=0x400
[GPT_PL][5]name=para, part_id=8, start_sect=0xE800, nr_sects=0x400
[GPT_PL][6]name=boot, part_id=8, start_sect=0xEC00, nr_sects=0x8000
[GPT_PL][7]name=recovery, part_id=8, start_sect=0x16C00, nr_sects=0x8000
[GPT_PL][8]name=logo, part_id=8, start_sect=0x1EC00, nr_sects=0x4000
[GPT_PL][9]name=expdb, part_id=8, start_sect=0x22C00, nr_sects=0x5000
[GPT_PL][10]name=seccfg, part_id=8, start_sect=0x27C00, nr_sects=0x400
[GPT_PL][11]name=oemkeystore, part_id=8, start_sect=0x28000, nr_sects=0x1000
[GPT_PL][12]name=secro, part_id=8, start_sect=0x29000, nr_sects=0x3000
[GPT_PL][13]name=keystore, part_id=8, start_sect=0x2C000, nr_sects=0x4000
[GPT_PL][14]name=tee1, part_id=8, start_sect=0x30000, nr_sects=0x2800
[GPT_PL][15]name=tee2, part_id=8, start_sect=0x32800, nr_sects=0x2800
[GPT_PL][16]name=frp, part_id=8, start_sect=0x35000, nr_sects=0x800
[GPT_PL][17]name=nvdata, part_id=8, start_sect=0x35800, nr_sects=0x10000
[GPT_PL][18]name=metadata, part_id=8, start_sect=0x45800, nr_sects=0x12800
[GPT_PL][19]name=system, part_id=8, start_sect=0x58000, nr_sects=0x500000
[GPT_PL][20]name=cache, part_id=8, start_sect=0x558000, nr_sects=0xC8000
[GPT_PL][21]name=userdata, part_id=8, start_sect=0x620000, nr_sects=0x1400000
[GPT_PL][22]name=ivres, part_id=8, start_sect=0x1A20000, nr_sects=0x190000
[GPT_PL][23]name=resources, part_id=8, start_sect=0x1BB0000, nr_sects=0x1E85C00
[GPT_PL][24]name=flashinfo, part_id=8, start_sect=0x3A35C00, nr_sects=0x8000
[GPT_PL]Success to find valid GPT.

[PART] blksz: 512B
[PART] [0x0000000000080000-0x000000000037FFFF] "proinfo" (6144 blocks) 
[PART] [0x0000000000380000-0x000000000087FFFF] "nvram" (10240 blocks) 
[PART] [0x0000000000880000-0x000000000127FFFF] "protect1" (20480 blocks) 
[PART] [0x0000000001280000-0x0000000001C7FFFF] "protect2" (20480 blocks) 
[PART] [0x0000000001C80000-0x0000000001CFFFFF] "lk" (1024 blocks) 
[PART] [0x0000000001D00000-0x0000000001D7FFFF] "para" (1024 blocks) 
[PART] [0x0000000001D80000-0x0000000002D7FFFF] "boot" (32768 blocks) 
[PART] [0x0000000002D80000-0x0000000003D7FFFF] "recovery" (32768 blocks) 
[PART] [0x0000000003D80000-0x000000000457FFFF] "logo" (16384 blocks) 
[PART] [0x0000000004580000-0x0000000004F7FFFF] "expdb" (20480 blocks) 
[PART] [0x0000000004F80000-0x0000000004FFFFFF] "seccfg" (1024 blocks) 
[PART] [0x0000000005000000-0x00000000051FFFFF] "oemkeystore" (4096 blocks) 
[PART] [0x0000000005200000-0x00000000057FFFFF] "secro" (12288 blocks) 
[PART] [0x0000000005800000-0x0000000005FFFFFF] "keystore" (16384 blocks) 
[PART] [0x0000000006000000-0x00000000064FFFFF] "tee1" (10240 blocks) 
[PART] [0x0000000006500000-0x00000000069FFFFF] "tee2" (10240 blocks) 
[PART] [0x0000000006A00000-0x0000000006AFFFFF] "frp" (2048 blocks) 
[PART] [0x0000000006B00000-0x0000000008AFFFFF] "nvdata" (65536 blocks) 
[PART] [0x0000000008B00000-0x000000000AFFFFFF] "metadata" (75776 blocks) 
[PART] [0x000000000B000000-0x00000000AAFFFFFF] "system" (5242880 blocks) 
[PART] [0x00000000AB000000-0x00000000C3FFFFFF] "cache" (819200 blocks) 
[PART] [0x00000000C4000000-0x0000000343FFFFFF] "userdata" (20971520 blocks) 
[PART] [0x0000000344000000-0x0000000375FFFFFF] "ivres" (1638400 blocks) 
[PART] [0x0000000376000000-0x0000000746B7FFFF] "resources" (32005120 blocks) 
[PART] [0x0000000746B80000-0x0000000747B7FFFF] "flashinfo" (32768 blocks) 
[ROM_INFO] 'v2','0x0','0x0','0x0','0x2C00'
[SEC_K] SML KEY AC = 0
[SEC_K] SBC_PUBK Found
[SEC] AES Legacy : 0
[SEC] SECCFG AC : 1

[LIB] Loading SEC config
[LIB] Name = 
[LIB] Config = 0x22, 0x22
[LIB] SECRO (ac, ac_offset, ac_length) = (0x1, 0x40, 0x40)
0x31,0x41,0x35,0x35
[SEC] DBGPORT (0 1)


[SEC] read '0x4F80000'
0x0,0x0,0x0,0x0,0x0,0x0,0x0,0x0,
[LIB] CFG read size '0x2000' '0x1860'
0x0
[LIB] HW DEC
0xAB926058
[LIB] SEC CFG doesn't exist
[SEC] init fail '0x3000'
[LIB] seccfg magic is incorrect
[pmic_IsUsbCableIn] 1
step A2 : Standard USB Host!

[PLFM] USB cable in
[TOOL] USB enum timeout (Yes), handshake timeout(Yes)
[USBD] USB Full Speed
[TOOL] Enumeration(Start)
[USBD] USB High Speed
[USBD] USB High Speed
[TOOL] Enumeration(End): OK 399ms 
[TOOL] : usb listen timeout
[TOOL] <USB> cannot detect tools!
[LIB] NS-CHIP
[SBC] Don't check

Device APC domain init setup:

Domain Setup (0x0)
Domain Setup (0x0)
Domain Setup (0x0)
Device APC domain after setup:
Domain Setup (0x0)
Domain Setup (0x1020000)
Domain Setup (0x600500)
GCPU Enhance
warning: size is not 2MB aligned
mblock[0].start: 0x0000000040000000, sz: 0x0000000040000000, limit: 0x0000000100000000, max_addr: 0x0000000000000000, max_rank: 1, target: -1, mblock[].rank: 0
mblock_reserve dbg[0]: 1, 1, 1, 1
mblock[1].start: 0x0000000080000000, sz: 0x0000000040000000, limit: 0x0000000100000000, max_addr: 0x0000000080000000, max_rank: 1, target: 0, mblock[].rank: 1
mblock_reserve dbg[1]: 1, 1, 1, 1
mblock_reserve: 00000000BFFC0000 - 00000000C0000000 from mblock 1
[PART] Image with part header
[PART] name : LK
[PART] addr : FFFFFFFFh mode : -1
[PART] size : 308868
[PART] magic: 58881688h

[PART] load "lk" from 0x0000000001C80200 (dev) to 0x41E00000 (mem) [SUCCESS]
[PART] load speed: 30162KB/s, 308868 bytes, 10ms
[PART] Image with part header
[PART] name : ATF
[PART] addr : FFFFFFFFh mode : 0
[PART] size : 60416
[PART] magic: 58881688h

[PART] load "tee1" from 0x0000000006000200 (dev) to 0x43000DC0 (mem) [SUCCESS]
[PART] load speed: 19666KB/s, 60416 bytes, 3ms
[TZ_INIT] tee_verify_image : passed
[BLDR] bldr load tee part ret=0x0, addr=0x43001000
[BLDR] part_load_raw_part ret=0x0
[BLDR] part_load_images ret=0x0
[PLFM],64S3,boot_opt=0x0
[PLFM],32N2,boot_opt=0x6
[PLFM],64N2,boot_opt=0x4

[PLFM] boot to LK by ATAG.
boot reason: 0
boot mode: 0
META COM0: 0
rank[0] size: 0x40000000
rank[1] size: 0x3FFC0000
tee reserved mem: 0x00000000BFFC0000, 0x0000000000040000
md_type[0]: 0x0
md_type[1]: 0x0
boot time: 5013
DDR reserve mode: enable = 0, success = 0
dram buffer size: 1688768
[PTP][preloader]first_volt = 0x68
[PTP][preloader]second_volt = 0x50
[PTP][preloader]third_volt = 0x48
[PTP][preloader]have_550 = 0x0
SMC: 0x0
LK: 0x6
KERNEL: 0x4
NONSEC SRAM Addr: 0x12C000
NONSEC SRAM Size: 0x4000
[TZ_INIT] hwuid[0] : 0x44C045F8
[TZ_INIT] hwuid[1] : 0x1222198F
[TZ_INIT] hwuid[2] : 0x4F9A406A
[TZ_INIT] hwuid[3] : 0x7780AB9A
[TZ_INIT] HRID[0] : 0xF558C4DD
[TZ_INIT] HRID[1] : 0x653A96D5
[TZ_INIT] atf_log_port : 0x11002000
[TZ_INIT] atf_log_baudrate : 0xE1000
[TZ_INIT] atf_irq_num : 281
[TZ_INIT] ATF log buffer start : 0xBFFC0000
[TZ_INIT] ATF log buffer size : 0x40000
[TZ_INIT] ATF aee buffer start : 0xBFFFC000
[TZ_INIT] ATF aee buffer size : 0x4000
[BLDR] Others, jump to ATF

[BLDR] jump to 0x41E00000
[BLDR] <0x41E00000>=0xEA000007
[BLDR] <0x41E00004>=0xEA005A6E
[TZ_SEC_CFG] SRAMROM Secure Addr 0x2C000
[TZ_SEC_CFG] SRAMROM Secure Control 0x0
[TZ_SEC_CFG] SRAMROM Secure Control 0xB69
[TZ_SEC_CFG] SRAMROM Secure Control 0x1B680B69
[TZ_INIT] ATF entry addr, aligned addr : 0x43001000, 0x43000000
[TZ_EMI_MPU] MPU [0x43000000-0x4302FFFF]
[TZ_INIT] set secure memory protection : 0x43000000, 0x4302FFFF (1)
[TZ_INIT] Jump to ATF, then 0x41E00000
[ATF][     0.000000]BL33 boot argument location=0x4219c480
[ATF][     0.000000]BL33 boot argument size=0x168
[ATF][     0.000000]BL33 start addr=0x41e00000
[ATF][     0.000000]teearg addr=0x101000
[ATF][     0.000000]atf_magic=0x4d415446
[ATF][     0.000000]tee_support=0x0
[ATF][     0.000000]tee_entry=0x0
[ATF][     0.000000]tee_boot_arg_addr=0x101100
[ATF][     0.000000]atf_log_port=0x11002000
[ATF][     0.000000]atf_log_baudrate=0xe1000
[ATF][     0.000000]atf_log_buf_start=0xbffc0000
[ATF][     0.000000]atf_log_buf_size=0x40000
[ATF][     0.000000]atf_aee_debug_buf_start=0xbfffc000
[ATF][     0.000000]atf_aee_debug_buf_size=0x4000
[ATF][     0.000000]atf_irq_num=281
[ATF][     0.000000]BL33_START_ADDRESS=0x41e00000
[ATF][     0.000000]atf chip_code[321]
[ATF][     0.000000]atf chip_ver[0]
[ATF][     0.000000]###@@@ MP0_MISC_CONFIG3:0x00000000 @@@###
[ATF][     0.000000]###@@@ MP0_MISC_CONFIG3:0x0000e000 @@@###
[ATF][     0.000000]mmap atf buffer : 0xbffc0000, 0x40000
[ATF][     0.000000]mmap atf buffer (force 2MB aligned): 0xbfe00000, 0x200000
NOTICE:  BL3-1: v1.0(debug):dd69135
NOTICE:  BL3-1: Built : 09:16:03, Apr 10 2019
[ATF][     0.000000]sta=0x0 int=0xffc
[ATF][     0.000000]is_power_on_boot: true
[ATF][     0.000000]mt_log_setup - atf_buf_addr : 0xbffc0100
[ATF][     0.000000]mt_log_setup - atf_buf_size : 0x2bf00
[ATF][     0.000000]mt_log_setup - atf_write_pos : 0xbffc0100
[ATF][     0.000000]mt_log_setup - atf_read_pos : 0xbffc0100
[ATF][     0.000000]mt_log_setup - atf_buf_lock : 0x0
[ATF][     0.000000]mt_log_setup - mt_log_buf_end : 0xbffebfff
[ATF][     0.000000]mt_log_setup - ATF_CRASH_LAST_LOG_SIZE : 0x8000
[ATF][     0.000000]mt_log_setup - ATF_EXCEPT_BUF_SIZE_PER_CPU : 0x1000
[ATF][     0.000000]mt_log_setup - ATF_EXCEPT_BUF_SIZE : 0x8000
[ATF][     0.000000]mt_log_setup - PLATFORM_CORE_COUNT : 0x8
[ATF][     0.000000]mt_log_setup - atf_except_write_pos_per_cpu[0]: 0xbfff4000
[ATF][     0.000000]mt_log_setup - atf_except_write_pos_per_cpu[1]: 0xbfff5000
[ATF][     0.000000]mt_log_setup - atf_except_write_pos_per_cpu[2]: 0xbfff6000
[ATF][     0.000000]mt_log_setup - atf_except_write_pos_per_cpu[3]: 0xbfff7000
[ATF][     0.000000]mt_log_setup - atf_except_write_pos_per_cpu[4]: 0xbfff8000
[ATF][     0.000000]mt_log_setup - atf_except_write_pos_per_cpu[5]: 0xbfff9000
[ATF][     0.000000]mt_log_setup - atf_except_write_pos_per_cpu[6]: 0xbfffa000
[ATF][     0.000000]mt_log_setup - atf_except_write_pos_per_cpu[7]: 0xbfffb000
[ATF][     0.000000]mt_log_setup - atf_crash_flag : 0x0
[ATF][     0.000000]mt_log_setup - atf_crash_log_addr : 0x0
[ATF][     0.000000]mt_log_setup - atf_crash_log_size : 0x0
[ATF][     0.000000]ATF log service is registered (0xbffc0000, aee:0xbfffc000)
[ATF][     0.000000]BL3-1: v1.0(debug):dd69135
[ATF][     0.000000]BL3-1: Built : 09:16:03, Apr 10 2019
INFO:    BL3-1: Initializing runtime services
[ATF][     0.000000][BL31] Jump to FIQD for initialization!
INFO:    BL3-1: Preparing for EL3 exit to normal world, LK
INFO:    BL3-1: Next image address = 0x41e00000
INFO:    BL3-1: Next image spsr = 0x1d3
[ATF][     0.000000][BL31] Final dump!
[0] kernel_boot_opt=4
[0] 64Bit Kernel
[0] WDT NONRST=0x20000000 
[0] [pmic_init] LK Start..................
[0] [pmic_init] MT6325 CHIP Code = 0x2820
[0] [pmic_init] Done
[10] platform_init()
[20] [mmc_init]: msdc0 start mmc_init_host() in LK...
[20] [msdc_init]: msdc0 Host controller intialization start 
[20] [MSDC] config VEMC to 3V in lk
[20] [SD0] Pins mode(1), none(0), down(1), up(2), keep(3)
[20] [SD0] Pins mode(2), none(0), down(1), up(2), keep(3)
[20] [MSDC] config VEMC to 3V in lk
[20] [info][msdc_set_startbit 1248] read data start bit at rising edge
[20] [info][msdc_config_clksrc] input clock is 400000kHz
[20] [SD0] Bus Width: 1
[20] [info][msdc_config_clksrc] input clock is 400000kHz
[20] [info][msdc_set_startbit 1248] read data start bit at rising edge
[20] [SD0] SET_CLK(260kHz): SCLK(259kHz) MODE(0) DDR(0) DIV(385) DS(0) RS(0)
[20] [msdc_init]: msdc0 Host controller intialization done
[20] [mmc_init]: msdc0 start mmc_init_card()in LK...
[20] [mmc_init_card]: start
[140] [info][msdc_config_clksrc] input clock is 400000kHz
[140] [info][msdc_set_startbit 1248] read data start bit at rising edge
[140] [SD0] SET_CLK(260kHz): SCLK(259kHz) MODE(0) DDR(0) DIV(385) DS(0) RS(0)
[140] [SD0] Bus Width: 8
[160] [SD0] Switch to High-Speed mode!
[160] [SD0] Size: 29820 MB, Max.Speed: 52000 kHz, blklen(512), nblks(61071360), ro(0)
[160] [mmc_init_mem_card 3240][SD0] Initialized, eMMC50
[160] before host->cur_bus_clk(259740)
[160] [info][msdc_config_clksrc] input clock is 400000kHz
[160] [info][msdc_set_startbit 1248] read data start bit at rising edge
[160] [SD0] SET_CLK(52000kHz): SCLK(50000kHz) MODE(0) DDR(0) DIV(2) DS(0) RS(0)
[160] host->cur_bus_clk(50000000)
[180] [mmc_init_card]: finish successfully
[180] [mt_part_register_device]
[180] [GPT_LK]Parsing Primary GPT now...
[180] [GPT_LK][0]name=proinfo, part_id=8, start_sect=0x400, nr_sects=0x1800
[180] [GPT_LK][1]name=nvram, part_id=8, start_sect=0x1c00, nr_sects=0x2800
[180] [GPT_LK][2]name=protect1, part_id=8, start_sect=0x4400, nr_sects=0x5000
[180] [GPT_LK][3]name=protect2, part_id=8, start_sect=0x9400, nr_sects=0x5000
[180] [GPT_LK][4]name=lk, part_id=8, start_sect=0xe400, nr_sects=0x400
[180] [GPT_LK][5]name=para, part_id=8, start_sect=0xe800, nr_sects=0x400
[180] [GPT_LK][6]name=boot, part_id=8, start_sect=0xec00, nr_sects=0x8000
[180] [GPT_LK][7]name=recovery, part_id=8, start_sect=0x16c00, nr_sects=0x8000
[180] [GPT_LK][8]name=logo, part_id=8, start_sect=0x1ec00, nr_sects=0x4000
[200] [GPT_LK][9]name=expdb, part_id=8, start_sect=0x22c00, nr_sects=0x5000
[200] [GPT_LK][10]name=seccfg, part_id=8, start_sect=0x27c00, nr_sects=0x400
[200] [GPT_LK][11]name=oemkeystore, part_id=8, start_sect=0x28000, nr_sects=0x1000
[200] [GPT_LK][12]name=secro, part_id=8, start_sect=0x29000, nr_sects=0x3000
[200] [GPT_LK][13]name=keystore, part_id=8, start_sect=0x2c000, nr_sects=0x4000
[200] [GPT_LK][14]name=tee1, part_id=8, start_sect=0x30000, nr_sects=0x2800
[200] [GPT_LK][15]name=tee2, part_id=8, start_sect=0x32800, nr_sects=0x2800
[200] [GPT_LK][16]name=frp, part_id=8, start_sect=0x35000, nr_sects=0x800
[200] [GPT_LK][17]name=nvdata, part_id=8, start_sect=0x35800, nr_sects=0x10000
[200] [GPT_LK][18]name=metadata, part_id=8, start_sect=0x45800, nr_sects=0x12800
[200] [GPT_LK][19]name=system, part_id=8, start_sect=0x58000, nr_sects=0x500000
[200] [GPT_LK][20]name=cache, part_id=8, start_sect=0x558000, nr_sects=0xc8000
[220] [GPT_LK][21]name=userdata, part_id=8, start_sect=0x620000, nr_sects=0x1400000
[220] [GPT_LK][22]name=ivres, part_id=8, start_sect=0x1a20000, nr_sects=0x190000
[220] [GPT_LK][23]name=resources, part_id=8, start_sect=0x1bb0000, nr_sects=0x1e85c00
[220] [GPT_LK][24]name=flashinfo, part_id=8, start_sect=0x3a35c00, nr_sects=0x8000
[220] [GPT_LK]Success to find valid GPT.
[220] [SD0] boot device found
[220] [PART_LK][get_part] para
[LK_ENV] device data sig mismatch
[220] [PART_LK][get_part] para
[LK_ENV]ENV initialize sucess
[LK_ENV]env:
data_free_size_th=52428800
[LK_ENV] device data valid: 0
[220] [GPIO_LK] set device type: 0
[220] [DISP]func|disp_lcm_probe
[220] [DISP]func|_display_interface_path_init
[240] [DISPCHECK]dpmgr create path SUCCESS(0x41e4de78)
[240] [DISPCHECK]dpmgr set dst module FINISHED(dsi0 )
[240] [DISP]func|ddp_dsi_init
[240] [DISPCHECK]dsi0 init finished
[240] [DISP]func|ddp_dsi_config
[240] [DISPCHECK][DDPDSI] DSI Mode: SYNC_PULSE_VDO_MODE
[240] [DISPCHECK][DDPDSI] LANE_NUM: 4,data_format: 0,vertical_sync_active: 0
[240] [DISPCHECK][DDPDSI] vact: 2, vbp: 5, vfp: 29, vact_line: 720, hact: 16, hbp: 24, hfp: 24, hblank: 0, hblank: 1105566924
[240] [DISPCHECK][DDPDSI] pll_select: 0, pll_div1: 0, pll_div2: 0, fbk_div: 0,fbk_sel: 0, rg_bir: 0
[240] [DISPCHECK][DDPDSI] rg_bic: 0, rg_bp: 0, PLL_CLOCK: 301, dsi_clock: 0, ssc_range: 0,	ssc_disable: 1, compatibility_for_nvk: 0, cont_clock: 1
[240] [DISPCHECK][DDPDSI] lcm_ext_te_enable: 0, noncont_clock: 0, noncont_clock_period: 0
[240] [DISP]func|DSI_PHY_clk_setting
[240] [DISP][mipitx/reg]0x14017044=0x88492481
[240] [DISP][mipitx/reg]0x14017044=0x88492483
[260] [DISP][mipitx/reg]0x14017040=0x00000082
[260] [DISP][mipitx/reg]0x14017000=0x00000402
[260] [DISP][mipitx/reg]0x14017000=0x00000403
[260] [DISP][mipitx/reg]0x14017068=0x00000003
[260] [DISP][mipitx/reg]0x14017068=0x00000101
[260] [DISP][mipitx/reg]0x14017050=0x00000000
[260] [DISP][mipitx/reg]0x14017050=0x00000000
[260] [DISP][mipitx/reg]0x14017050=0x00000000
[260] [DISP][mipitx/reg]0x14017054=0x00000003
[260] [DISP][mipitx/reg]0x14017058=0x2e000000
[260] [DISP][mipitx/reg]0x14017058=0x2e4e0000
[260] [DISP][mipitx/reg]0x14017058=0x2e4ec400
[260] [DISP][mipitx/reg]0x14017058=0x2e4ec4ec
[260] [DISP][mipitx/reg]0x14017054=0x00000003
[260] [DISP][mipitx/reg]0x14017004=0x00000821
[260] [DISP][mipitx/reg]0x14017008=0x00000401
[260] [DISP][mipitx/reg]0x1401700c=0x00000101
[260] [DISP][mipitx/reg]0x14017010=0x00000101
[260] [DISP][mipitx/reg]0x14017014=0x00000101
[280] [DISP][mipitx/reg]0x14017050=0x00000001
[280] [DISP][mipitx/reg]0x14017060=0x00000000
[280] [DISP][mipitx/reg]0x14017060=0x00000001
[280] [DISP][mipitx/reg]0x14017040=0x00000082
[280] DISP/[DISP] - kernel - DSI_PHY_TIMCONFIG, Cycle Time = 14(ns), Unit Interval = 2(ns). , lane# = 4 
[280] DISP/[DISP] - kernel - DSI_PHY_TIMCONFIG, HS_TRAIL = 6, HS_ZERO = 10, HS_PRPR = 5, LPX = 5, TA_GET = 25, TA_SURE = 7, TA_GO = 20, CLK_TRAIL = 7, CLK_ZERO = 28, CLK_HS_PRPR = 4 
[280] [DISP]func|_display_interface_path_deinit
[280] [DISPCHECK]dsi0 init finished
[280] [DISP][mipitx/reg]0x14017084=0x00000001
[280] [DISP][mipitx/reg]0x14017084=0x00000003
[280] [DISP][mipitx/reg]0x14017084=0x00000013
[280] [DISP][mipitx/reg]0x14017084=0x00000033
[280] [DISP][mipitx/reg]0x14017084=0x00000033
[280] [DISP][mipitx/reg]0x14017084=0x00000033
[280] [DISP][mipitx/reg]0x14017084=0x00000133
[280] [DISP][mipitx/reg]0x14017084=0x00000333
[300] [DISP][mipitx/reg]0x14017084=0x00010333
[300] [DISP][mipitx/reg]0x14017084=0x00020333
[300] [DISP][mipitx/reg]0x14017084=0x00100333
[300] [DISP][mipitx/reg]0x14017084=0x00200333
[300] [DISP][mipitx/reg]0x14017080=0x00000001
[300] [DISP][mipitx/reg]0x14017050=0x00000000
[300] [DISP][mipitx/reg]0x14017064=0x00000020
[300] [DISP][mipitx/reg]0x14017040=0x00000882
[300] [DISP][mipitx/reg]0x14017004=0x00000820
[300] [DISP][mipitx/reg]0x14017008=0x00000400
[300] [DISP][mipitx/reg]0x1401700c=0x00000100
[300] [DISP][mipitx/reg]0x14017010=0x00000100
[300] [DISP][mipitx/reg]0x14017014=0x00000100
[300] [DISP][mipitx/reg]0x14017068=0x00000103
[300] [DISP][mipitx/reg]0x14017068=0x00000102
[300] [DISP][mipitx/reg]0x14017040=0x00000880
[300] [DISP][mipitx/reg]0x14017000=0x00000401
[310] [DISP][mipitx/reg]0x14017000=0x00000400
[320] [DISP][mipitx/reg]0x14017044=0x88492481
[320] [DISP][mipitx/reg]0x14017044=0x88492480
[320] [DISP][mipitx/reg]0x14017050=0x00000000
[320] [DISP][mipitx/reg]0x14017050=0x00000000
[320] [DISP][mipitx/reg]0x14017050=0x00000000
[320] [DISP][mipitx/reg]0x14017050=0x00000000
[320] [DISP][mipitx/reg]0x14017054=0x00000000
[320] [DISP][mipitx/reg]0x14017058=0x50000000
[320] [DISP][mipitx/reg]0x14017080=0x00000000
[320] [DISPCHECK]******** dump lcm driver information ********
[320] [DISPCHECK][LCM], name: cpt_clap070wp03xg_sn65dsi83_ti947
[320] [DISPCHECK][LCM] resolution: 1920 x 720
[320] [DISPCHECK][LCM] physical size: 0 x 0
[320] [DISPCHECK][LCM] physical size: 0 x 0
[320] [DISPCHECK][LCM] lcm_if:0, cmd_if:0
[320] [DISPCHECK][LCM] interface: unknown
[320] [DISPCHECK][LCM] Type: DSI
[340] [DISPCHECK][LCM] DSI Mode: SYNC_PULSE_VDO_MODE
[340] [DISPCHECK][LCM] LANE_NUM: 4,data_format: 0,vertical_sync_active: 0
[340] [DISPCHECK][LCM] vact: 2, vbp: 5, vfp: 29, vact_line: 720, hact: 16, hbp: 24, hfp: 24, hblank: 0, hblank: 1105507184
[340] [DISPCHECK][LCM] pll_select: 0, pll_div1: 0, pll_div2: 0, fbk_div: 0,fbk_sel: 0, rg_bir: 0
[340] [DISPCHECK][LCM] rg_bic: 0, rg_bp: 0,	PLL_CLOCK: 301, dsi_clock: 0, ssc_range: 0,	ssc_disable: 1, compatibility_for_nvk: 0, cont_clock: 1
[340] [DISPCHECK][LCM] lcm_ext_te_enable: 0, noncont_clock: 0, noncont_clock_period: 0
[340] [DISP]lcm handle is null, after probe:0x41e4e3e0
[340] [DISP]^^ DISP_GetVRamSize: 19726336 bytes
[340] warning: size is not 2MB aligned
[340] mblock[0].start: 0x40000000, sz: 0x40000000, limit: 0x100000000, max_addr: 0x0, max_rank: 1, target: -1, mblock[].rank: 0
[340] mblock_reserve dbg[0]: 1, 1, 1, 1
[340] mblock[1].start: 0x80000000, sz: 0x3ffc0000, limit: 0x100000000, max_addr: 0x80000000, max_rank: 1, target: 0, mblock[].rank: 1
[360] mblock_reserve dbg[1]: 1, 1, 1, 1
[360] mblock_reserve: becf0000 - bffc0000 from mblock 1
[360] FB base = 0xbecf0000, FB size = 19726336
[360] [DISP]func|disp_lcm_get_params
[360] [DISP]func|_build_path_direct_link
[360] [DISPCHECK]dpmgr create path SUCCESS(0x41e4de78)
[360] [DISPCHECK]dpmgr set dst module FINISHED(dsi0 )
[360] [DISP]func|disp_lcm_is_video_mode
[360] [DISP]func|ddp_dsi_init
[360] [DISPCHECK]dsi0 init finished
[360] [DISP]func|ddp_dsi_config
[360] [DISPCHECK][DDPDSI] DSI Mode: SYNC_PULSE_VDO_MODE
[360] [DISPCHECK][DDPDSI] LANE_NUM: 4,data_format: 0,vertical_sync_active: 0
[360] [DISPCHECK][DDPDSI] vact: 2, vbp: 5, vfp: 29, vact_line: 720, hact: 16, hbp: 24, hfp: 24, hblank: 0, hblank: 1105566924
[360] [DISPCHECK][DDPDSI] pll_select: 0, pll_div1: 0, pll_div2: 0, fbk_div: 0,fbk_sel: 0, rg_bir: 0
[380] [DISPCHECK][DDPDSI] rg_bic: 0, rg_bp: 0, PLL_CLOCK: 301, dsi_clock: 0, ssc_range: 0,	ssc_disable: 1, compatibility_for_nvk: 0, cont_clock: 1
[380] [DISPCHECK][DDPDSI] lcm_ext_te_enable: 0, noncont_clock: 0, noncont_clock_period: 0
[380] [DISP]func|DSI_PHY_clk_setting
[380] [DISP][mipitx/reg]0x14017044=0x88492481
[380] [DISP][mipitx/reg]0x14017044=0x88492483
[380] [DISP][mipitx/reg]0x14017040=0x00000882
[380] [DISP][mipitx/reg]0x14017000=0x00000402
[380] [DISP][mipitx/reg]0x14017000=0x00000403
[380] [DISP][mipitx/reg]0x14017068=0x00000003
[380] [DISP][mipitx/reg]0x14017068=0x00000101
[380] [DISP][mipitx/reg]0x14017050=0x00000000
[380] [DISP][mipitx/reg]0x14017050=0x00000000
[380] [DISP][mipitx/reg]0x14017050=0x00000000
[380] [DISP][mipitx/reg]0x14017054=0x00000001
[380] [DISP][mipitx/reg]0x14017058=0x2e000000
[380] [DISP][mipitx/reg]0x14017058=0x2e4e0000
[390] [DISP][mipitx/reg]0x14017058=0x2e4ec400
[400] [DISP][mipitx/reg]0x14017058=0x2e4ec4ec
[400] [DISP][mipitx/reg]0x14017054=0x00000001
[400] [DISP][mipitx/reg]0x14017004=0x00000821
[400] [DISP][mipitx/reg]0x14017008=0x00000401
[400] [DISP][mipitx/reg]0x1401700c=0x00000101
[400] [DISP][mipitx/reg]0x14017010=0x00000101
[400] [DISP][mipitx/reg]0x14017014=0x00000101
[400] [DISP][mipitx/reg]0x14017050=0x00000001
[400] [DISP][mipitx/reg]0x14017060=0x00000000
[400] [DISP][mipitx/reg]0x14017060=0x00000001
[400] [DISP][mipitx/reg]0x14017040=0x00000082
[400] DISP/[DISP] - kernel - DSI_PHY_TIMCONFIG, Cycle Time = 14(ns), Unit Interval = 2(ns). , lane# = 4 
[400] DISP/[DISP] - kernel - DSI_PHY_TIMCONFIG, HS_TRAIL = 6, HS_ZERO = 10, HS_PRPR = 5, LPX = 5, TA_GET = 25, TA_SURE = 7, TA_GO = 20, CLK_TRAIL = 7, CLK_ZERO = 28, CLK_HS_PRPR = 4 
kedump mini start
kedump: boot_reason(0)
RAM_CONSOLE. sram(0x12c000) sig 0 mismatch
RAM_CONSOLE. start: 0x43f00000, size: 0x10000
RAM_CONSOLE. lk size mismatch 0 + c0 != 100
[420] D:Boot record found at 0x41f00000[4d52], cb 0x41f00000
[420] D:Cold boot or kernel not support MT-RAMDUMP
[420] detecting pmic just reset
[mboot_recovery_load_misc]: size is 6144
[mboot_recovery_load_misc]: misc_addr is 0x41e6d74c
[420] [PART_LK][get_part] para
[420] [LK_BOOT] Load '<null>' partition to 0x41E6D74C (6144 bytes in 2 ms)
[420] MT65XX_FACTORY_KEY 0x0
[420] MT65XX_BOOT_MENU_KEY 0x11
[420] MT65XX_RECOVERY_KEY 0x11
[420] mtk detect key function key = 0
[420] mtk detect key function key = 17
[420] mtk detect key function key = 17
[420] mtk detect key function key = 0
[430] mtk detect key function key = 17
[440] mtk detect key function key = 17
[440] mtk detect key function key = 0
[440] mtk detect key function key = 17
[440] mtk detect key function key = 17
[440] mtk detect key function key = 0
[440] mtk detect key function key = 17
[440] mtk detect key function key = 17
[440] mtk detect key function key = 0
[440] mtk detect key function key = 17
[440] mtk detect key function key = 17
[440] mtk detect key function key = 0
[440] mtk detect key function key = 17
[440] mtk detect key function key = 17
[440] mtk detect key function key = 0
[440] mtk detect key function key = 17
[440] mtk detect key function key = 17
[440] mtk detect key function key = 0
[440] mtk detect key function key = 17
[440] mtk detect key function key = 17
[440] mtk detect key function key = 0
[440] mtk detect key function key = 17
[440] mtk detect key function key = 17
[440] mtk detect key function key = 0
[460] mtk detect key function key = 17
[460] mtk detect key function key = 17
[460] mtk detect key function key = 0
[460] mtk detect key function key = 17
[460] mtk detect key function key = 17
[460] mtk detect key function key = 0
[460] mtk detect key function key = 17
[460] mtk detect key function key = 17
[460] mtk detect key function key = 0
[460] mtk detect key function key = 17
[460] mtk detect key function key = 17
[460] mtk detect key function key = 0
[460] mtk detect key function key = 17
[460] mtk detect key function key = 17
[460] mtk detect key function key = 0
[460] mtk detect key function key = 17
[460] mtk detect key function key = 17
[460] mtk detect key function key = 0
[460] mtk detect key function key = 17
[460] mtk detect key function key = 17
[460] mtk detect key function key = 0
[460] mtk detect key function key = 17
[460] mtk detect key function key = 17
[480] mtk detect key function key = 0
[480] mtk detect key function key = 17
[480] mtk detect key function key = 17
[480] mtk detect key function key = 0
[480] mtk detect key function key = 17
[480] mtk detect key function key = 17
[480] mtk detect key function key = 0
[480] mtk detect key function key = 17
[480] mtk detect key function key = 17
[480] mtk detect key function key = 0
[480] mtk detect key function key = 17
[480] mtk detect key function key = 17
[480] mtk detect key function key = 0
[480] mtk detect key function key = 17
[480] mtk detect key function key = 17
[480] mtk detect key function key = 0
[480] mtk detect key function key = 17
[480] mtk detect key function key = 17
[480] mtk detect key function key = 0
[480] mtk detect key function key = 17
[480] mtk detect key function key = 17
[480] mtk detect key function key = 0
[480] mtk detect key function key = 17
[500] mtk detect key function key = 17
[500] mtk detect key function key = 0
[500] mtk detect key function key = 17
[500] mtk detect key function key = 17
[500] mtk detect key function key = 0
[500] mtk detect key function key = 17
[500] mtk detect key function key = 17
[500] mtk detect key function key = 0
[500] mtk detect key function key = 17
[500] mtk detect key function key = 17
[500] mtk detect key function key = 0
[500] mtk detect key function key = 17
[500] mtk detect key function key = 17
[500] mtk detect key function key = 0
[500] mtk detect key function key = 17
[500] mtk detect key function key = 17
[500] mtk detect key function key = 0
[500] mtk detect key function key = 17
[500] mtk detect key function key = 17
[500] mtk detect key function key = 0
[500] mtk detect key function key = 17
[500] mtk detect key function key = 17
[500] mtk detect key function key = 0
[520] mtk detect key function key = 17
[520] mtk detect key function key = 17
[520] mtk detect key function key = 0
[520] mtk detect key function key = 17
[520] mtk detect key function key = 17
[520] mtk detect key function key = 0
[520] mtk detect key function key = 17
[520] mtk detect key function key = 17
[520] mtk detect key function key = 0
[520] mtk detect key function key = 17
[520] mtk detect key function key = 17
[520] mtk detect key function key = 0
[520] mtk detect key function key = 17
[520] mtk detect key function key = 17
[partition_get_index]find preloader index 0
[partition_get_index]find seccfg index 11
[partition_get_index]find secro index 13
[540] [PART_LK][get_part] seccfg
[partition_get_index]find seccfg index 11
[SEC_CFG] sec_read_seccfg fail:3001
[SEC_INIT] sec_func_init -- fail to search seccfg
[SBC] NS-CHIP
[SEC_CFG] initializing seccfg
[SBC] NS-CHIP
[SBC] NS-CHIP
[540] [PART_LK][get_part] secro
[partition_get_index]find secro index 13
[560] [PART_LK][get_part] secro
[partition_get_index]find secro index 13
[SEC_SRO] Search SRO - SRO Ready
[SEC_INIT] Search SECRO - SW sec boot configured        (0, 0)
[SEC_INIT] Search SECRO - SDL configuration[LOCK]        (1, 1, 1, 1)
[SEC_INIT] Search SECRO - SB configuration[LOCK]     (1, 1, 1, 1, 1, 1, 1, 1)
[SEC_INIT] Search SECRO - SDL configuration[UNLOCK]      (2, 2, 2, 2)
[SEC_INIT] Search SECRO - SB configuration[UNLOCK]   (2, 2, 2, 2, 2, 2, 2, 2)
[SEC_INIT] Search SECRO - SDL configuration[VERIFIED]    (1, 1, 1, 2)
[SEC_INIT] Search SECRO - SB configuration[VERIFIED] (1, 1, 1, 1, 2, 2, 2, 2)
[SEC_INIT] Search SECRO - SDL configuration[CUSTOM]      (1, 1, 1, 1)
[SEC_INIT] Search SECRO - SB configuration[CUSTOM]   (1, 1, 1, 1, 1, 1)
[SEC_POLICY] lock state = 0x0(default)
[SEC_POLICY] use default sec policy
[SEC_POLICY] dl_format_lock = 0x1
[SEC_POLICY] dl_1st_loader_lock = 0x1
[SEC_POLICY] dl_2nd_loader_lock = 0x1
[SEC_POLICY] dl_image_lock = 0x1
[SEC_POLICY] dl_tee_lock = 0x1
[SEC_POLICY] boot_chk_2nd_loader = 0x2
[SEC_POLICY] boot_chk_logo = 0x2
[SEC_POLICY] boot_chk_bootimg = 0x2
[SEC_POLICY] boot_chk_recovery = 0x2
[SEC_POLICY] boot_chk_system = 0x2
[SEC_POLICY] boot_chk_others = 0x2
[SEC_POLICY] boot_chk_cust1 = 0x2
[SEC_POLICY] boot_chk_cust2 = 0x2
[SEC_POLICY] boot_chk_tee = 0x2
[580] [SBC] Enter logo check 
[580] [SBC] Consume (0) ms
[580] [mt65xx_charging_init] the platform have battery
[600] [AUXADC] ch=1 raw=24052 data=3963 
[600] [mt65xx_bat_init] check VBAT=3963 mV with 3450 mV
[600] [mt65xx_bat_init] KPOC+PWRKEY => change boot mode
[600] [LK/LCM]lcm_init
[1000] [LK/LCM]lcm_init done
[1000] fb dump: 0x00000000, 0x00000000, 0x00000000, 0x00000000
[1000] [DISP]func|primary_display_trigger
[1000] [DISP]func|ddp_dsi_is_busy
[1000] [DISP]func|disp_lcm_is_video_mode
[1000] [DISP]func|disp_lcm_is_video_mode
[SEC_POLICY] lock state = 0x0(default)
[SEC_POLICY] security policy backup (0)[SBC] Consume (0) ms
[SBC] Consume (0) ms
[SBC] Consume (0) ms

[SBC] Total Consume (2) ms
[SEC_POLICY] use default sec policy
[SEC_POLICY] dl_format_lock = 0x1
[SEC_POLICY] dl_1st_loader_lock = 0x1
[SEC_POLICY] dl_2nd_loader_lock = 0x1
[SEC_POLICY] dl_image_lock = 0x1
[SEC_POLICY] dl_tee_lock = 0x1
[SEC_POLICY] boot_chk_2nd_loader = 0x2
[SEC_POLICY] boot_chk_logo = 0x2
[SEC_POLICY] boot_chk_bootimg = 0x2
[SEC_POLICY] boot_chk_recovery = 0x2
[SEC_POLICY] boot_chk_system = 0x2
[SEC_POLICY] boot_chk_others = 0x2
[SEC_POLICY] boot_chk_cust1 = 0x2
[SEC_POLICY] boot_chk_cust2 = 0x2
[SEC_POLICY] boot_chk_tee = 0x2
[SEC_POLICY] security policy restore (0)[1100] [PART_LK][get_part] boot
[1100] [PART_LK][get_part] boot
[1120] part page addr is 0x1d80000

============================================================
[1120] [LK_BOOT] Android Partition Name                : boot
[1120] [LK_BOOT] Android Boot IMG Hdr - Magic          : ANDROID
[1120] [LK_BOOT] Android Boot IMG Hdr - Kernel Size    : 0x00648B85
[1120] [LK_BOOT] Android Boot IMG Hdr - Kernel Address : 0x40080000
[1120] [LK_BOOT] Android Boot IMG Hdr - Rootfs Size    : 0x0011ED07
[1120] [LK_BOOT] Android Boot IMG Hdr - Rootfs Address : 0x44000000
[1120] [LK_BOOT] Android Boot IMG Hdr - Tags Address   : 0x4E000000
[1120] [LK_BOOT] Android Boot IMG Hdr - Page Size      : 0x00000800
[1120] [LK_BOOT] Android Boot IMG Hdr - Command Line   : bootopt=64S3,32N2,64N2
============================================================
 > page count of kernel image = 3218
 > kernel mem offset = 0x45000000
 > rootfs mem offset = 0x45649000
 > boot image size = 0x768800
[1140] [PART_LK][get_part] boot
check mkimg header
[1140] [LK_BOOT] KERNEL partition magic not match
no mkimg header in kernel image

read the data of boot (size = 0x768800)
 > from - 0x0000000001d80800 (skip boot img hdr)
 > to   - 0x45000000 (starts with kernel img hdr)
[1460] [LK_BOOT] ROOTFS partition magic not match
no mkimg header in ramdisk image
[1460] [PROFILE] ------- load boot.img takes 182 ms -------- 
[1480] [DISP]func|disp_lcm_get_name
[2140] [PTP][LK] first_volt = 0x68
[2140] [PTP][LK] second_volt = 0x50
[2140] [PTP][LK] third_volt = 0x48
[2140] [PTP][LK] have_550 = 0x0
[2140] [LK] hw_code = 0x321, segment = 0x4, code = 0
[2140] model=MT6735
[2140] mblock[0].start: 0x40000000, size: 0x40000000
[2140] mblock[1].start: 0x80000000, size: 0x3ecf0000
[2140] j:0, mblock[0].rank: 0, size: 0x40000000
[2140] j:1, mblock[0].rank: 0, size: 0x40000000
[2140] j:1, mblock[1].rank: 1, size: 0x3ecf0000
[2140] target_atag_imix_r:170
[2140] Not Support VCORE DVFS
[2160] [DISP]func|disp_lcm_get_name
[2160] videolfb - fb_base    = 0x2400000000
[2160] videolfb - islcmfound = 0
[2160] videolfb - fps        = 6000
[2160] videolfb - vram       = 19726336
[2160] videolfb - lcmname    = cpt_clap070wp03xg_sn65dsi83_ti947
[2160] Create PTP DT OK
[2160] tee_reserved_mem not supported
[2160] non_secure_sram not supported
[2160] [PROFILE] ------- boot_time takes 1117 ms -------- 
[LK_ENV] device data valid: 0
[2160] boot_linux_fdt: read device data: device_type: 0
[2160] lk device_data=0, devicetype=common
[LK_ENV]get_env hibboot
[LK_ENV]get_env resume
[2160] resume = NULL 
[2160] booting linux @ 0x40080000, ramdisk @ 0x44000000 (1174791)
[2160] DRAM Rank :2
[2160] DRAM Rank[0] Start = 0x40000000, Size = 0x40000000
[2160] DRAM Rank[1] Start = 0x80000000, Size = 0x3ffc0000
[2160] cmdline: console=tty0 console=ttyMT0,921600n1 root=/dev/ram vmalloc=496M androidboot.hardware=mt6735 slub_max_order=0 slub_debug=O bootopt=64S3,32N2,64N2 lcm=0-cpt_clap070wp03xg_sn65dsi83_ti947 fps=6000 vram=19726336 androidboot.selinux=disabled printk.di[2160] lk boot time = 1117 ms
[2160] lk boot mode = 0
[2160] lk boot reason = power_key
[2160] lk finished --> jump to linux kernel 64Bit

[2160] 
[LK]jump to K64 0x40080000
[    0.000000]<0>-(0)[0:swapper]Linux version 3.10.65+ (qinxb@ubuntu) (gcc version 4.9.x-google 20140827 (mtk-20150409) (GCC) ) #33 SMP PREEMPT Wed Apr 10 11:54:45 CST 2019
[    0.000000]<0>-(0)[0:swapper]CPU: AArch64 Processor [410fd033] revision 3
[    0.000000]<0>-(0)[0:swapper][memblock]mrdump_mini_reserve_memory: 0x43ff0000 - 0x43ffafff (0x0000b000)
[    0.000000]<0>-(0)[0:swapper][PHY layout]reserve-memory-dram_r1_dummy_read   :   0xbecef000 - 0xbeceffff (0x1000)
[    0.000000]<0>-(0)[0:swapper][PHY layout]reserve-memory-dram_r0_dummy_read   :   0x7ffff000 - 0x7fffffff (0x1000)
[    0.000000]<0>-(0)[0:swapper][PHY layout]reserve-memory-ccci_md1   :   0xba000000 - 0xbd80ffff (0x3810000)
[    0.000000]<0>-(0)[0:swapper][ccci1/util]reserve_mem_of_init, rptr=0x0x00000000ba000000, rsize=0x3810000
[    0.000000]<0>-(0)[0:swapper][PHY layout]consys-reserve-memory   :   0xbea00000 - 0xbebfffff (0x200000)
[    0.000000]<0>-(0)[0:swapper][WMT-CONSYS-HW][I]reserve_memory_consys_fn: name: consys-reserve-memory, uname: consys-reserve-memory, base: 0xbea00000, size: 0x200000
[    0.000000]<0>-(0)[0:swapper][PHY layout]kernel   :   0x40000000 - 0x42ffffff (0x3000000)
[    0.000000]<0>-(0)[0:swapper][PHY layout]kernel   :   0x43030000 - 0xb9ffffff (0x76fd0000)
[    0.000000]<0>-(0)[0:swapper][PHY layout]kernel   :   0xbd810000 - 0xbe9fffff (0x11f0000)
[    0.000000]<0>-(0)[0:swapper][PHY layout]kernel   :   0xbec00000 - 0xbeceffff (0xf0000)
[    0.000000]<0>-(0)[0:swapper]Built 1 zonelists in Zone order, mobility grouping on.  Total pages: 497394
[    0.000000]<0>-(0)[0:swapper][cpu_ntf] <00>ffffffc000174b6c (page_alloc_cpu_notify)
[    0.000000]<0>-(0)[0:swapper]Kernel command line: console=tty0 console=ttyMT0,921600n1 root=/dev/ram vmalloc=496M androidboot.hardware=mt6735 slub_max_order=0 slub_debug=O bootopt=64S3,32N2,64N2 lcm=0-cpt_clap070wp03xg_sn65dsi83_ti947 fps=6000 vram=19726336 androidboot.selinux=disabled printk.disable_uart=0 ddebug_query="file *mediatek* +p ; file *gpu* =_" bootprof.pl_t=5013 bootprof.lk_t=1117 boot_reason=0 androidboot.serialno=0123456789ABCDEF androidboot.bootreason=power_key androidboot.devicetype=common gpt=1
[    0.000000]<0>-(0)[0:swapper]Sorting __ex_table...
[    0.000000]<0>-(0)[0:swapper]software IO TLB [mem 0xbec37000-0xbec77000] (0MB) mapped at [ffffffc07ec37000-ffffffc07ec76fff]
[    0.000000]<0>-(0)[0:swapper]Memory: 1954072k/1954072k available, 63912k reserved
[    0.000000]<0>-(0)[0:swapper]Virtual kernel memory layout:
[    0.000000]<0>    vmalloc : 0xffffff8000000000 - 0xffffffbbffff0000   (245759 MB)
[    0.000000]<0>    vmemmap : 0xffffffbc00e00000 - 0xffffffbc029bd480   (    27 MB)
[    0.000000]<0>    modules : 0xffffffbffc000000 - 0xffffffc000000000   (    64 MB)
[    0.000000]<0>    memory  : 0xffffffc000000000 - 0xffffffc07ecf0000   (  2028 MB)
[    0.000000]<0>      .init : 0xffffffc000dac000 - 0xffffffc000e0aa00   (   379 kB)
[    0.000000]<0>      .text : 0xffffffc000080000 - 0xffffffc000dac000   ( 13488 kB)
[    0.000000]<0>      .data : 0xffffffc000e0c000 - 0xffffffc000f20a08   (  1107 kB)
[    0.000000]<0>-(0)[0:swapper][cpu_ntf] <01>ffffffc0009b7b68 (slab_cpuup_callback)
[    0.000000]<0>-(0)[0:swapper/0][cpu_ntf] <02>ffffffc0009b6f24 (sched_ilb_notifier)
[    0.000000]<0>-(0)[0:swapper/0][cpu_ntf] <03>ffffffc0009b7974 (perf_cpu_notify)
[    0.000000]<0>-(0)[0:swapper/0][cpu_ntf] <04>ffffffc0009b7264 (rcu_cpu_notify)
[    0.000000]<0>-(0)[0:swapper/0][cpu_ntf] <05>ffffffc00031b14c (radix_tree_callback)
[    0.000000]<0>-(0)[0:swapper/0][cpu_ntf] <06>ffffffc0009b80fc (gic_secondary_init)
[    0.000000]<0>-(0)[0:swapper/0][cpu_ntf] <07>ffffffc0009b5ef8 (timer_cpu_notify)
[    0.000000]<0>-(0)[0:swapper/0][cpu_ntf] <08>ffffffc0009b6748 (hrtimer_cpu_notify)
[    0.000000]<0>-(0)[0:swapper/0][cpu_ntf] <09>ffffffc0009b5c40 (remote_softirq_cpu_notify)
[    0.000000]<0>-(0)[0:swapper/0]cpuxgpt_r.start = 0x10200000
[    0.000000]<0>-(0)[0:swapper/0]mt_gpt_init: tmr_regs=0xffffff800000a000, tmr_irq=184, freq=13000000 
[    0.000000]<0>-(0)[0:swapper/0]gpt_devs_init: base_addr=0xffffff800000a010 
[    0.000000]<0>-(0)[0:swapper/0]gpt_devs_init: base_addr=0xffffff800000a020 
[    0.000000]<0>-(0)[0:swapper/0]gpt_devs_init: base_addr=0xffffff800000a030 
[    0.000000]<0>-(0)[0:swapper/0]gpt_devs_init: base_addr=0xffffff800000a040 
[    0.000000]<0>-(0)[0:swapper/0]gpt_devs_init: base_addr=0xffffff800000a050 
[    0.000000]<0>-(0)[0:swapper/0]gpt_devs_init: base_addr=0xffffff800000a060 
[    0.000000]<0>-(0)[0:swapper/0]setup_clksrc1: dev->base_addr=0xffffff800000a020 GPT2_CON=0x0
[    0.000000]<0>-(0)[0:swapper/0]setup_clksrc2: dev->base_addr=0xffffff800000a020 GPT2_CON=0x31
[    0.000000]<0>-(0)[0:swapper/0]GPT1_CMP = 130000, HZ = 100
[    0.000000]<0>-(0)[0:swapper/0]set_cpuxgpt_clk: reg(200) 
[    0.000000]<0>-(0)[0:swapper/0]enable_cpuxgpt: reg(201) 
[    0.000000]<0>-(0)[0:swapper/0]mt_gpt_init: get_cnt_GPT2=2062
[    0.000000]<0>-(0)[0:swapper/0]arch_timer_init: arch_timer_rate(0xc65d40), PHYS_SECURE_PPI=29, PHYS_NONSECURE_PPI=30, VIRT_PPI=27, HYP_PPI=26, 
[    0.000000]<0>-(0)[0:swapper/0]arch_timer_register: arch_timer_rate(0xc65d40), arch_timer_use_virtual=0 
[    0.000000]<0>-(0)[0:swapper/0]arch_timer_register: request_percpu_irq PHYS_SECURE_PPI err=0 
[    0.000000]<0>-(0)[0:swapper/0]arch_timer_register: request_percpu_irq PHYS_NONSECURE_PPI err=0 
[    0.000000]<0>-(0)[0:swapper/0][cpu_ntf] <10>ffffffc0009b86a4 (arch_timer_cpu_notify)
[    0.000000]<0>-(0)[0:swapper/0]arch_sys_timer depends on broadcast, but no broadcast function available
[    0.000000]<0>-(0)[0:swapper/0][cpu_ntf] <11>ffffffc000120ac0 (hotplug_cfd)
[    0.000000]<0>.(0)[0:swapper/0]ram_console: buffer start: 0xffffff800000c000, size: 0x10000
[    0.000000]<0>.(0)[0:swapper/0][UART] apdma uart0 base=0xffffff800001e380
[    0.000000]<0>.(0)[0:swapper/0][UART0] phys_regs=0x11002000, regs=0xffffff8000020000, irq=123, irq_flags=0x8 
[    0.000000]<0>.(0)[0:swapper/0][UART_DMA0] irq=135
[    0.000000]<0>.(0)[0:swapper/0][UART_DMA1] irq=136
[    0.000000]<0>.(0)[0:swapper/0][UART1] phys_regs=0x11003000, regs=0xffffff8000022000, irq=124, irq_flags=0x8 
[    0.000000]<0>.(0)[0:swapper/0][UART_DMA2] irq=137
[    0.000000]<0>.(0)[0:swapper/0][UART_DMA3] irq=138
[    0.000000]<0>.(0)[0:swapper/0][UART2] phys_regs=0x11004000, regs=0xffffff8000024000, irq=125, irq_flags=0x8 
[    0.000000]<0>.(0)[0:swapper/0][UART_DMA4] irq=139
[    0.000000]<0>.(0)[0:swapper/0][UART_DMA5] irq=140
[    0.000000]<0>.(0)[0:swapper/0][UART3] phys_regs=0x11005000, regs=0xffffff8000026000, irq=126, irq_flags=0x8 
[    0.000000]<0>.(0)[0:swapper/0][UART4] phys_regs=0x1100d000, regs=0xffffff8000028000, irq=127, irq_flags=0x8 
[    0.000000]<0>.(0)[0:swapper/0][UART] mtk console setup : co->index 0 options:921600n1
[    0.000000]<0>-(0)[0:swapper/0]No Flow Control
[    0.000000]<0>.(0)[0:swapper/0][UART] mtk console setup : uart_set_option port(0) baud(921600) parity(n) bits(1) flow(n) - ret(0)
[    0.000000]<0>.(0)[0:swapper/0][UART] mtk setting: (0, 0, 0, 0, 128)
[    0.000000]<0>.(0)[0:swapper/0]Lock dependency validator: Copyright (c) 2006 Red Hat, Inc., Ingo Molnar
[    0.000000]<0>.(0)[0:swapper/0]... MAX_LOCKDEP_SUBCLASSES:  8
[    0.000000]<0>.(0)[0:swapper/0]... MAX_LOCK_DEPTH:          48
[    0.000000]<0>.(0)[0:swapper/0]... MAX_LOCKDEP_KEYS:        8191
[    0.000000]<0>.(0)[0:swapper/0]... CLASSHASH_SIZE:          4096
[    0.000000]<0>.(0)[0:swapper/0]... MAX_LOCKDEP_ENTRIES:     16384
[    0.000000]<0>.(0)[0:swapper/0]... MAX_LOCKDEP_CHAINS:      32768
[    0.000000]<0>.(0)[0:swapper/0]... CHAINHASH_SIZE:          16384
[    0.000000]<0>.(0)[0:swapper/0] memory used by lock dependency info: 5855 kB
[    0.000000]<0>.(0)[0:swapper/0] per task-struct memory footprint: 1920 bytes
[    0.097955]<0>.(0)[0:swapper/0][cpu_ntf] <12>ffffffc0001e2988 (buffer_cpu_notify)
[    0.102251]<0>.(0)[0:swapper/0][cpu_ntf] <13>ffffffc0009b79c8 (ratelimit_handler)
[    0.105561]<0>.(0)[1:swapper/0][AT]CPU1 psci_cpu_prepare
[    0.106307]<0>.(0)[1:swapper/0][AT]CPU2 psci_cpu_prepare
[    0.106966]<0>.(0)[1:swapper/0][AT]CPU3 psci_cpu_prepare
[    0.107850]<0>.(0)[1:swapper/0][init] f(ffffffc000dae0c4)
[    0.108522]<0>.(0)[1:swapper/0]  s:107842615 e:107843769 d:1154
[    0.109259]<0>.(0)[1:swapper/0][init] f(ffffffc000dae0b0)
[    0.109932]<0>.(0)[1:swapper/0]  s:109253076 e:109253999 d:923
[    0.110726]<0>.(0)[1:swapper/0][init] f(ffffffc000daf284)
[    0.111397]<0>.(0)[1:swapper/0]  s:110652153 e:110720384 d:68231
[    0.112154]<0>.(0)[1:swapper/0][init] f(ffffffc0000924c0)
[    0.112825]<0>.(0)[1:swapper/0]  s:112139461 e:112148692 d:9231
[    0.113570]<0>.(0)[1:swapper/0][cpu_ntf] <14>ffffffc0009b5d64 (cpu_callback)
[    0.128042]<0>.(0)[1:swapper/0][init] f(ffffffc000db0e50)
[    0.128715]<0>.(0)[1:swapper/0]  s:113555999 e:128035384 d:14479385
[    0.129564]<0>.(0)[1:swapper/0][cpu_ntf] <15>ffffffc0009b61d8 (workqueue_cpu_up_callback)
[    0.130590]<0>.(0)[1:swapper/0][cpu_ntf] <16>ffffffc0009b6668 (workqueue_cpu_down_callback)
[    0.133391]<0>.(0)[1:swapper/0][init] f(ffffffc000db1f84)
[    0.134063]<0>.(0)[1:swapper/0]  s:129489384 e:133383999 d:3894615
[    0.134845]<0>.(0)[1:swapper/0][init] f(ffffffc000db2520)
[    0.135516]<0>.(0)[1:swapper/0]  s:134826692 e:134839615 d:12923
[    0.136272]<0>.(0)[1:swapper/0][cpu_ntf] <17>ffffffc0009b6ab4 (migration_call)
[    0.137178]<0>.(0)[1:swapper/0][cpu_ntf] <18>ffffffc0009b6a44 (sched_cpu_active)
[    0.138160]<0>.(0)[1:swapper/0][cpu_ntf] <19>ffffffc0009b6a74 (sched_cpu_inactive)
[    0.139106]<0>.(0)[1:swapper/0][init] f(ffffffc000db3fc4)
[    0.139777]<0>.(0)[1:swapper/0]  s:136258769 e:139100615 d:2841846
[    0.158386]<0>.(0)[1:swapper/0][init] f(ffffffc000db6854)
[    0.159059]<0>.(0)[1:swapper/0]  s:140541076 e:158379538 d:17838462
[    0.159839]<0>.(0)[1:swapper/0][init] f(ffffffc000db76c8)
[    0.160511]<0>.(0)[1:swapper/0]  s:159833230 e:159834076 d:846
[    0.161896]<0>.(0)[1:swapper/0][init] f(ffffffc000db76dc)
[    0.162568]<0>.(0)[1:swapper/0]  s:161232230 e:161890076 d:657846
[    0.163461]<0>.(0)[1:swapper/0][cpu_ntf] <20>ffffffc0001494e8 (rb_cpu_notify)
[    0.164435]<0>.(0)[1:swapper/0][init] f(ffffffc000db82d0)
[    0.165107]<0>.(0)[1:swapper/0]  s:163320769 e:164429230 d:1108461
[    0.165947]<0>.(0)[1:swapper/0][init] f(ffffffc000db849c)
[    0.166618]<0>.(0)[1:swapper/0]  s:165870384 e:165941076 d:70692
[    0.167366]<0>.(0)[1:swapper/0][init] f(ffffffc000db852c)
[    0.168038]<0>.(0)[1:swapper/0]  s:167360230 e:167360999 d:769
[    0.169047]<0>.(0)[1:swapper/0][init] f(ffffffc000db85e4)
[    0.169718]<0>.(0)[1:swapper/0]  s:168937846 e:169040153 d:102307
[    0.170483]<0>.(0)[1:swapper/0][cpu_ntf] <21>ffffffc0003e6194 (hotplug_event_notify)
[    0.171449]<0>.(0)[1:swapper/0][init] f(ffffffc000dd16c4)
[    0.172120]<0>.(0)[1:swapper/0]  s:170470999 e:171444230 d:973231
[    0.172893]<0>.(0)[1:swapper/0]init_get_max_DRAM_size done. phone_dram_sz: 0x80000000, kernel_mem_sz: 0x7ecf0000
[    0.174160]<0>.(0)[1:swapper/0][init] f(ffffffc000dd16f8)
[    0.174832]<0>.(0)[1:swapper/0]  s:172872538 e:174154846 d:1282308
[    0.175640]<0>.(0)[1:swapper/0][init] f(ffffffc000dd6b50)
[    0.176310]<0>.(0)[1:swapper/0]  s:175596999 e:175635153 d:38154
[    0.177073]<0>.(0)[1:swapper/0][init] f(ffffffc000dd7bbc)
[    0.177743]<0>.(0)[1:swapper/0]  s:177052538 e:177068153 d:15615
[    0.209129]<0>-(0)[0:swapper/0][printk_delayed:start]
[    0.209757]<0>-(0)[0:swapper/0]SCHED: intersects new_mask: 2, cpu_active_mask: 1
[    0.209757]<0>SCHED: intersects new_mask: 2, cpu_active_mask: 1
[    0.211416]<0>-(0)[0:swapper/0][printk_delayed:done]
[    0.232262]<0>-(0)[0:swapper/0][printk_delayed:start]
[    0.232891]<0>-(0)[0:swapper/0]SCHED: intersects new_mask: 4, cpu_active_mask: 3
[    0.232891]<0>SCHED: intersects new_mask: 4, cpu_active_mask: 3
[    0.234550]<0>-(0)[0:swapper/0][printk_delayed:done]
[    0.248878]<0>.(0)[1:swapper/0][cpu_ntf] <22>ffffffc0000caaa8 (sched_domains_numa_masks_update)
[    0.249971]<0>.(0)[1:swapper/0][cpu_ntf] <23>ffffffc0000d4c88 (cpuset_cpu_active)
[    0.250908]<0>.(0)[1:swapper/0][cpu_ntf] <24>ffffffc0000d4cf8 (cpuset_cpu_inactive)
[    0.251867]<0>.(0)[1:swapper/0][cpu_ntf] <25>ffffffc0000e0f2c (update_runtime)
[    0.255393]<0>-(0)[0:swapper/0][printk_delayed:start]
[    0.256021]<0>-(0)[0:swapper/0]SCHED: intersects new_mask: 8, cpu_active_mask: 7
[    0.256021]<0>SCHED: intersects new_mask: 8, cpu_active_mask: 7
[    0.257680]<0>-(0)[0:swapper/0][printk_delayed:done]
[    0.312298]<3>.(3)[1:swapper/0][init] f(ffffffc000dc8368)
[    0.312978]<3>.(3)[1:swapper/0]  s:312284999 e:312286384 d:1385
[    0.313729]<3>.(3)[1:swapper/0][debug]DRAM size (dt) :  0x40000000 - 0x7fffffff  (0x40000000)
[    0.314794]<3>.(3)[1:swapper/0][debug]DRAM size (dt) :  0x80000000 - 0xbeceffff  (0x3ecf0000)
[    0.315859]<3>.(3)[1:swapper/0][debug]orig_dram rank[0]   :   0x40000000 - 0x7fffffff (0x40000000)
[    0.316979]<3>.(3)[1:swapper/0][debug]orig_dram rank[1]   :   0x80000000 - 0xbfffffff (0x40000000)
[    0.318127]<3>.(3)[1:swapper/0][debug]mblock[0][r0]  :   0x40000000 - 0x7fffffff (0x40000000)
[    0.319195]<3>.(3)[1:swapper/0][debug]mblock[1][r1]  :   0x80000000 - 0xbeceffff (0x3ecf0000)
[    0.320261]<3>.(3)[1:swapper/0][PHY layout]tee_reserved_mem   :   0xbffc0000 - 0xbfffffff (0x40000)
[    0.321389]<3>.(3)[1:swapper/0][DISPCHECK][DT][videolfb]isvideofb_parse_done = 0
[    0.322310]<3>.(3)[1:swapper/0][DISPCHECK][DT][videolfb] islcmfound = 0
[    0.323131]<3>.(3)[1:swapper/0][DISPCHECK][DT][videolfb] fps        = 6000
[    0.323989]<3>.(3)[1:swapper/0][DISPCHECK][DT][videolfb] fb_base    = 00000000becf0000
[    0.324976]<3>.(3)[1:swapper/0][DISPCHECK][DT][videolfb] vram       = 19726336
[    0.325876]<3>.(3)[1:swapper/0][DISPCHECK][DT][videolfb] lcmname    = cpt_clap070wp03xg_sn65dsi83_ti947
[    0.327049]<3>.(3)[1:swapper/0][DISPCHECK][DT]display vram size = 0x012d0000|19726336
[    0.328023]<3>.(3)[1:swapper/0][DISPCHECK][DT][videolfb]isvideofb_parse_done = 1
[    0.328969]<3>.(3)[1:swapper/0][debug]available DRAM size = 0x7ecf0000
[    0.328969]<3>[PHY layout]FB (dt) :  0xbecf0000 - 0xbffbffff  (0x12d0000)
[    0.330633]<3>.(3)[1:swapper/0][DISPCHECK][DT][videolfb]isvideofb_parse_done = 1
[    0.331552]<3>.(3)[1:swapper/0][DISPCHECK][DT]display vram size = 0x012d0000|19726336
[    0.332527]<3>.(3)[1:swapper/0][DISPCHECK][DT][videolfb]isvideofb_parse_done = 1
[    0.333450]<3>.(3)[1:swapper/0]fb base: 0x12d0000, size: 0xbecf0000
[    0.334231]<3>.(3)[1:swapper/0][init] f(ffffffc000dd15e4)
[    0.334905]<3>.(3)[1:swapper/0]  s:313708076 e:334225923 d:20517847
[    0.335712]<3>.(3)[1:swapper/0][init] f(ffffffc000ddd174)
[    0.336382]<3>.(3)[1:swapper/0]  s:335679384 e:335706076 d:26692
[    0.337209]<3>.(3)[1:swapper/0][init] f(ffffffc000de2da0)
[    0.337880]<3>.(3)[1:swapper/0]  s:337124461 e:337202615 d:78154
[    0.339140]<3>.(3)[1:swapper/0][init] f(ffffffc000db0dfc)
[    0.339812]<3>.(3)[1:swapper/0]  s:339132076 e:339134153 d:2077
[    0.340549]<3>.(3)[1:swapper/0][init] f(ffffffc000db0df4)
[    0.341221]<3>.(3)[1:swapper/0]  s:340542923 e:340543692 d:769
[    0.342296]<3>.(3)[1:swapper/0][init] f(ffffffc000db1e08)
[    0.342969]<3>.(3)[1:swapper/0]  s:341942384 e:342289923 d:347539
[    0.343838]<3>.(3)[1:swapper/0][init] f(ffffffc000db2d80)
[    0.344510]<3>.(3)[1:swapper/0]  s:343720999 e:343832692 d:111693
[    0.345527]<3>.(3)[1:swapper/0][init] f(ffffffc000db49e0)
[    0.346199]<3>.(3)[1:swapper/0]  s:345262923 e:345520692 d:257769
[    0.347011]<3>.(3)[1:swapper/0][init] f(ffffffc000db4a4c)
[    0.347682]<3>.(3)[1:swapper/0]  s:346951923 e:347005615 d:53692
[    0.348433]<3>.(3)[1:swapper/0][init] f(ffffffc000102c74)
[    0.349125]<3>.(3)[1:swapper/0]  s:348424769 e:348427692 d:2923
[    0.350597]<1>.(1)[1:swapper/0][init] f(ffffffc000db4cc8)
[    0.351269]<1>.(1)[1:swapper/0]  s:349854999 e:350590153 d:735154
[    0.352065]<1>.(1)[1:swapper/0][init] f(ffffffc000db4f54)
[    0.352737]<1>.(1)[1:swapper/0]  s:352042461 e:352059384 d:16923
[    0.353496]<1>.(1)[1:swapper/0][init] f(ffffffc000db5344)
[    0.354167]<1>.(1)[1:swapper/0]  s:353479153 e:353490615 d:11462
[    0.355040]<1>.(1)[1:swapper/0][init] f(ffffffc000db6028)
[    0.355712]<1>.(1)[1:swapper/0]  s:354909615 e:355033384 d:123769
[    0.363762]<1>.(1)[1:swapper/0][init] f(ffffffc000db8868)
[    0.364436]<1>.(1)[1:swapper/0]  s:356464615 e:363753692 d:7289077
[    0.365206]<1>.(1)[1:swapper/0][init] f(ffffffc000dbca4c)
[    0.365877]<1>.(1)[1:swapper/0]  s:365199384 e:365200384 d:1000
[    0.366636]<1>.(1)[1:swapper/0][init] f(ffffffc000dbfae4)
[    0.367307]<1>.(1)[1:swapper/0]  s:366609076 e:366631076 d:22000
[    0.368120]<1>.(1)[1:swapper/0][init] f(ffffffc000dbff14)
[    0.368791]<1>.(1)[1:swapper/0]  s:368049769 e:368114230 d:64461
[    0.369558]<1>.(1)[1:swapper/0][init] f(ffffffc000dbff9c)
[    0.370230]<1>.(1)[1:swapper/0]  s:369533769 e:369552692 d:18923
[    0.370979]<1>.(1)[1:swapper/0][init] f(ffffffc000dbffc0)
[    0.371650]<1>.(1)[1:swapper/0]  s:370971384 e:370973769 d:2385
[    0.372412]<1>.(1)[1:swapper/0][init] f(ffffffc000dbffe4)
[    0.373083]<1>.(1)[1:swapper/0]  s:372403769 e:372406153 d:2384
[    0.373871]<1>.(1)[1:swapper/0][init] f(ffffffc000dc82f4)
[    0.374542]<1>.(1)[1:swapper/0]  s:373814769 e:373864615 d:49846
[    0.375291]<1>.(1)[1:swapper/0][init] f(ffffffc000dcb3b8)
[    0.375962]<1>.(1)[1:swapper/0]  s:375284076 e:375286307 d:2231
[    0.378728]<1>.(1)[1:swapper/0][probe] drv:reg-dummy dev:(null)
[    0.379466]<1>.(1)[1:swapper/0]  s:377830923 e:378721230 d:890307
[    0.380344]<1>.(1)[1:swapper/0][init] f(ffffffc000dccc20)
[    0.381016]<1>.(1)[1:swapper/0]  s:376694076 e:380337615 d:3643539
[    0.381787]<1>.(1)[1:swapper/0][init] f(ffffffc000dd1420)
[    0.382482]<1>.(1)[1:swapper/0]  s:381779692 e:381781615 d:1923
[    0.383333]<1>.(1)[1:swapper/0][init] f(ffffffc000dd1444)
[    0.384004]<1>.(1)[1:swapper/0]  s:383212307 e:383326923 d:114616
[    0.384766]<1>.(1)[1:swapper/0][BOOT_COMMON] init_boot_common 266 8 1
[    0.385571]<1>.(1)[1:swapper/0][BOOT_COMMON] init_boot_common 266 0 2
[    0.386867]<1>.(1)[1:swapper/0][init] f(ffffffc000dd6780)
[    0.387539]<1>.(1)[1:swapper/0]  s:384757615 e:386860692 d:2103077
[    0.388641]<1>.(1)[1:swapper/0][CHIP] 0x0321 0xCA00 0x0000 0x8A00 (0078)
[    0.389483]<1>.(1)[1:swapper/0][CHIP] CODE = 0321 8a00 ca00 0000, 0002 0000 0000 0000, CA00 0000
[    0.390575][CHIP] CODE = 0000821E ffffffc0005a09b0
[    0.391153]<1>.(1)[1:swapper/0][init] f(ffffffc000dd6c64)
[    0.391846]<1>.(1)[1:swapper/0]  s:388302692 e:391145538 d:2842846
[    0.392718]<1>.(1)[1:swapper/0]RGU base: 0xffffff8000034000 
[    0.393422]<1>.(1)[1:swapper/0][init] f(ffffffc000dd9e00)
[    0.394095]<1>.(1)[1:swapper/0]  s:392632307 e:393416615 d:784308
[    0.394917]<1>.(1)[1:swapper/0][init] f(ffffffc000ddd1a8)
[    0.395588]<1>.(1)[1:swapper/0]  s:394847692 e:394910923 d:63231
[    0.397122]<1>.(1)[1:swapper/0][init] f(ffffffc000de2c14)
[    0.397794]<1>.(1)[1:swapper/0]  s:396330615 e:397115846 d:785231
[    0.399003]<1>.(1)[1:swapper/0][init] f(ffffffc000de444c)
[    0.399675]<1>.(1)[1:swapper/0]  s:398547307 e:398996692 d:449385
[    0.400984]<1>.(1)[1:swapper/0][cpu_ntf] <26>ffffffc0009b5534 (os_lock_notify)
[    0.401888]<1>.(1)[1:swapper/0][init] f(ffffffc0009b54f8)
[    0.402559]<1>.(1)[1:swapper/0]  s:400934769 e:401882999 d:948230
[    0.403507]<1>.(1)[1:swapper/0][init] f(ffffffc000dbb1b0)
[    0.404179]<1>.(1)[1:swapper/0]  s:403335769 e:403501076 d:165307
[    0.405040]<1>.(1)[1:swapper/0][init] f(ffffffc000dcb2f8)
[    0.405712]<1>.(1)[1:swapper/0]  s:404931769 e:405034076 d:102307
[    0.406671]<1>.(1)[1:swapper/0][init] f(ffffffc000dccb68)
[    0.407343]<1>.(1)[1:swapper/0]  s:406464846 e:406664769 d:199923
[    0.408179]<1>.(1)[1:swapper/0][init] f(ffffffc000dccf38)
[    0.408851]<1>.(1)[1:swapper/0]  s:408095769 e:408173307 d:77538
[    0.409660]<1>.(1)[1:swapper/0][init] f(ffffffc000dcf1f4)
[    0.410331]<1>.(1)[1:swapper/0]  s:409593153 e:409653692 d:60539
[    0.411137]<1>.(1)[1:swapper/0][init] f(ffffffc000dcf4f4)
[    0.411809]<1>.(1)[1:swapper/0]  s:411073538 e:411131384 d:57846
[    0.412641]<1>.(1)[1:swapper/0][GPIO]   599: GPIO base addr is 0xffffff8000036000, get_gpio_vbase_early
[    0.413833]<1>.(1)[1:swapper/0][init] f(ffffffc000dd6e08)
[    0.414505]<1>.(1)[1:swapper/0]  s:412550615 e:413827307 d:1276692
[    0.415274]<1>.(1)[1:swapper/0][PWRAP] common driver init, version $Revision$
[    0.416291]<1>.(1)[1:swapper/0][init] f(ffffffc000dd73ac)
[    0.416964]<1>.(1)[1:swapper/0]  s:415268076 e:416285461 d:1017385
[    0.417731]<1>.(1)[1:swapper/0][PWRAP] mt_pwrap_init++++ 
[    0.418506]<1>.(1)[1:swapper/0]PWRAP reg: 0xffffff8000038000,  irq: 195
[    0.419328]<1>.(1)[1:swapper/0][PWRAP] real init: version $Revision$
[    0.420118]<1>.(1)[1:swapper/0][PWRAP] mt_pwrap_init---- debug1
[    0.420994]<1>.(1)[1:swapper/0][PWRAP] is_pwrap_init_done 1 
[    0.421778]<1>.(1)[1:swapper/0][PWRAP] after MT6328 pwrap_write
[    0.422519]<1>.(1)[1:swapper/0][PWRAP] write MT6328 Test pass
[    0.423238]<1>.(1)[1:swapper/0][PWRAP] Read 6328 Test pass,return_value=0
[    0.424101]<1>.(1)[1:swapper/0][PWRAP] mt_pwrap_init----
[    0.424760]<1>.(1)[1:swapper/0][init] f(ffffffc000dd7424)
[    0.425433]<1>.(1)[1:swapper/0]  s:417726769 e:424754615 d:7027846
[    0.426325]<1>.(1)[1:swapper/0]mtk_wdt_init ok
[    0.426876]<1>.(1)[1:swapper/0][init] f(ffffffc000dd9dac)
[    0.427549]<1>.(1)[1:swapper/0]  s:426197307 e:426870615 d:673308
[    0.428568]<1>.(1)[1:swapper/0][init] f(ffffffc000ddb170)
[    0.429239]<1>.(1)[1:swapper/0]  s:428302153 e:428561692 d:259539
[    0.430367]<1>.(1)[1:swapper/0][init] f(ffffffc000ddc880)
[    0.431039]<1>.(1)[1:swapper/0]  s:429992153 e:430360230 d:368077
[    0.432289]<1>.(1)[1:swapper/0][init] f(ffffffc000dadfa8)
[    0.432959]<1>.(1)[1:swapper/0]  s:432281999 e:432283461 d:1462
[    0.433754]<1>.(1)[1:swapper/0][init] f(ffffffc000dae974)
[    0.434446]<1>.(1)[1:swapper/0]  s:433690769 e:433747692 d:56923
[    0.435200]<1>.(1)[1:swapper/0][init] f(ffffffc000089630)
[    0.435870]<1>.(1)[1:swapper/0]  s:435187769 e:435194230 d:6461
[    0.436659]<1>.(1)[1:swapper/0][init] f(ffffffc000daf164)
[    0.437329]<1>.(1)[1:swapper/0]  s:436601692 e:436653307 d:51615
[    0.438110]<1>.(1)[1:swapper/0][cpu_ntf] <27>ffffffc0009b58b0 (hw_breakpoint_reset_notify)
[    0.439143]<1>.(1)[1:swapper/0][init] f(ffffffc000daf3f0)
[    0.439813]<1>.(1)[1:swapper/0]  s:438070999 e:439137615 d:1066616
[    0.440644]<1>.(1)[1:swapper/0]get EINT_BASE @ ffffff8000040000
[    0.441485]<1>.(1)[1:swapper/0][EIC] no max_deint_cnt specified
[    0.442303]<1>.(1)[1:swapper/0]gic supported max = 288
[    0.442940]<1>.(1)[1:swapper/0]EINT_IRQ_BASE = 288, nr_irq = 288
[    0.451102]<1>.(1)[1:swapper/0][init] f(ffffffc000dcc4c8)
[    0.451775]<1>.(1)[1:swapper/0]  s:440577230 e:451094384 d:10517154
[    0.452553]<1>.(1)[1:swapper/0]CIRQ init...
[    0.453152]<1>.(1)[1:swapper/0][SYS_CIRQ] SYS_CIRQ_BASE = 0xffffff8000044000
[    0.454031]<1>.(1)[1:swapper/0][SYS_CIRQ] cirq_num = 159
[    0.454713]<1>.(1)[1:swapper/0][SYS_CIRQ] spi_start_offset = 72
[    0.455485]<1>.(1)[1:swapper/0][SYS_CIRQ] sys_cirq_num = 263
[    0.456250]<1>.(1)[1:swapper/0]CIRQ handler init success.
[    0.457041]<1>.(1)[1:swapper/0]CIRQ init done...
[    0.457625]<1>.(1)[1:swapper/0]CIRQ create sysfs file done...
[    0.458339]<1>.(1)[1:swapper/0][init] f(ffffffc000dcf7f8)
[    0.459012]<1>.(1)[1:swapper/0]  s:452548846 e:458333923 d:5785077
[    0.459789]<1>.(1)[1:swapper/0][init] f(ffffffc000dcfb14)
[    0.460459]<1>.(1)[1:swapper/0]  s:459775999 e:459783615 d:7616
[    0.461198]<1>.(1)[1:swapper/0][init] f(ffffffc000dcfc74)
[    0.461869]<1>.(1)[1:swapper/0]  s:461191461 e:461192461 d:1000
[    0.462723]<1>.(1)[1:swapper/0][MTK WP] watchpoint handler init. 
[    0.463480]<1>.(1)[1:swapper/0][init] f(ffffffc000dcfc98)
[    0.464153]<1>.(1)[1:swapper/0]  s:462601230 e:463475153 d:873923
[    0.464941]<1>.(1)[1:swapper/0][PTP][VCORE] - Kernel Got from DT (0x68, 0x50, 0x48, 0x0)
[    0.465948]<1>.(1)[1:swapper/0][init] f(ffffffc000dd06b4)
[    0.466621]<1>.(1)[1:swapper/0]  s:464929076 e:465942999 d:1013923
[    0.468245]<1>.(1)[1:swapper/0][SPM] find SCP_I2C0 node failed
[    0.468969]<1>.(1)[1:swapper/0][SPM] base scp_i2c0_base failed
[    0.469795]<1>.(1)[1:swapper/0][SPM] find SCP_I2C1 node failed
[    0.470517]<1>.(1)[1:swapper/0][SPM] base scp_i2c1_base failed
[    0.471343]<1>.(1)[1:swapper/0][SPM] find SCP_I2C2 node failed
[    0.472066]<1>.(1)[1:swapper/0][SPM] base scp_i2c2_base failed
[    0.472891]<1>.(1)[1:swapper/0][SPM] find I2C4 node failed
[    0.473569]<1>.(1)[1:swapper/0][SPM] base i2c4_base failed
[    0.474336]<1>.(1)[1:swapper/0][SPM] spm_base = ffffff800005a000, scp_i2c0_base =           (null), scp_i2c1_base =           (null), scp_i2c2_base =           (null), ddrphy_base = ffffff800005c000
[    0.476564]<1>.(1)[1:swapper/0][SPM] spm_irq_0 = 197, spm_irq_1 = 198, spm_irq_2 = 199, spm_irq_3 = 200
[    0.478339]<1>.(1)[1:swapper/0]mcucfg_base = 0x385024
[    0.478981]<1>-(1)[1:swapper/0][Power/cpufreq] [WARNING]pmic table not initialized
[    0.479994]<1>.(1)[1:swapper/0][SPM] PWAKE_EN:1, PCMWDT_EN:1, BYPASS_SYSPWREQ:0, I2C_CHANNEL:2
[    0.481067]<1>.(1)[1:swapper/0][SLP] SLEEP_DPIDLE_EN:0, REPLACE_DEF_WAKESRC:0, SUSPEND_LOG_EN:1
[    0.484339]<1>.(1)[1:swapper/0][init] f(ffffffc000dd0e30)
[    0.485011]<1>.(1)[1:swapper/0]  s:467385230 e:484333076 d:16947846
[    0.485791]<1>.(1)[1:swapper/0][WDK]arch init check_bit=0x0+++++
[    0.486589]<1>.(1)[1:swapper/0][WDK]arch init check_bit=0xf-----
[    0.487336]<1>.(1)[1:swapper/0][init] f(ffffffc000dd5034)
[    0.488009]<1>.(1)[1:swapper/0]  s:485785692 e:487330692 d:1545000
[    0.488817]<1>.(1)[1:swapper/0][CHIP_COMMON] create /proc/chip(821e)
[    0.489815]<1>.(1)[1:swapper/0][init] f(ffffffc000dd6b6c)
[    0.490487]<1>.(1)[1:swapper/0]  s:488772999 e:489809076 d:1036077
[    0.491456]<1>.(1)[1:swapper/0][pdev] swsusp-helper
[    0.492063]<1>.(1)[1:swapper/0]  s:491251999 e:491450307 d:198308
[    0.492934]<1>.(1)[1:swapper/0][probe] drv:swsusp-helper dev:(null)
[    0.493715]<1>.(1)[1:swapper/0]  s:492926384 e:492927461 d:1077
[    0.494539]<1>.(1)[1:swapper/0][init] f(ffffffc000dd7670)
[    0.495210]<1>.(1)[1:swapper/0]  s:491250615 e:494532846 d:3282231
[    0.496062]<1>.(1)[1:swapper/0][DRAMC]get CQDMA_BASE_ADDR @ ffffff8000078c00
[    0.497042]<1>.(1)[1:swapper/0][DRAMC]get DRAMCAO_BASE_ADDR @ ffffff800007c000
[    0.498015]<1>.(1)[1:swapper/0][DRAMC]get DDRPHY_BASE_ADDR @ ffffff800007e000
[    0.498976]<1>.(1)[1:swapper/0][DRAMC]get DRAMCNAO_BASE_ADDR @ ffffff8000092000
[    0.499893]<1>.(1)[1:swapper/0][DFS]  rsv memory from LK node
[    0.500605]<1>.(1)[1:swapper/0][DRAMC]find dt_scan_dram_info
[    0.501483]<1>.(1)[1:swapper/0][DRAMC Driver] Dram Data Rate = 1280
[    0.502262]<1>.(1)[1:swapper/0]6[DRAMC Driver] dram can not support Frequency Hopping
[    0.503250]<1>.(1)[1:swapper/0][init] f(ffffffc000dd9ff0)
[    0.503923]<1>.(1)[1:swapper/0]  s:495973923 e:503245076 d:7271153
[    0.526004]<1>.(1)[1:swapper/0]******** MTK WDT driver probe!! ********
[    0.526875]<1>.(1)[1:swapper/0]RGU base: 0xffffff8000034000  RGU irq: 160
[    0.527744]<1>.(1)[1:swapper/0]******** MTK WDT register irq ********
[    0.528653]<1>.(1)[1:swapper/0]mtk_wdt_probe : Success to request irq
[    0.529505]<1>.(1)[1:swapper/0]mtk_wdt_probe : Initialize to dual mode 
[    0.530347]<1>.(1)[1:swapper/0]WDT NONRST=0x20000000
[    0.531064]<1>.(1)[1:swapper/0]mtk_wdt_probe : done WDT_MODE(5d),MTK_WDT_NONRST_REG(20000000)
[    0.532125]<1>.(1)[1:swapper/0]mtk_wdt_probe : done MTK_WDT_REQ_MODE(3c0002)
[    0.533003]<1>.(1)[1:swapper/0]mtk_wdt_probe : done MTK_WDT_REQ_IRQ_EN(340000)
[    0.533904]<1>.(1)[1:swapper/0][probe] drv:mtk-wdt dev:(null)
[    0.534621]<1>.(1)[1:swapper/0]  s:525995769 e:533898384 d:7902615
[    0.536069]<1>.(1)[1:swapper/0][probe] drv:emi_clk_test dev:(null)
[    0.536840]<1>.(1)[1:swapper/0]  s:536061153 e:536062076 d:923
[    0.543245]<1>.(1)[1:swapper/0][MTK WP] watchpoint_probe
[    0.543909]<1>.(1)[1:swapper/0][MTK WP] get 4 debug interface
[    0.544691]<1>.(1)[1:swapper/0][MTK WP] debug_interface 0 @ vm:0xffffff8000094000 pm:0x10810000 
[    0.545832]<1>.(1)[1:swapper/0][MTK WP] debug_interface 1 @ vm:0xffffff8000096000 pm:0x10910000 
[    0.546971]<1>.(1)[1:swapper/0][MTK WP] debug_interface 2 @ vm:0xffffff8000098000 pm:0x10a10000 
[    0.548145]<1>.(1)[1:swapper/0][MTK WP] debug_interface 3 @ vm:0xffffff800009a000 pm:0x10b10000 
[    0.549236][MTK WP] Probe:Reset watchpoints
[    0.549743]<1>.(1)[1:swapper/0][MTK WP] Reset flow cpu 0, EDSCR 0x2003c02
[    0.550611]<1>.(1)[1:swapper/0][MTK WP] Reset flow  cpu 0, DBGWVR0, &0xffffff8000094800=0x0
[    0.551652]<1>.(1)[1:swapper/0][MTK WP] Reset flow  cpu 0, DBGWCR0, &0xffffff8000094808=0x0
[    0.552695]<1>.(1)[1:swapper/0][MTK WP] Reset flow  cpu 0, DBGWVR1, &0xffffff8000094810=0x0
[    0.553736]<1>.(1)[1:swapper/0][MTK WP] Reset flow  cpu 0, DBGWCR1, &0xffffff8000094818=0x0
[    0.554779]<1>.(1)[1:swapper/0][MTK WP] Reset flow  cpu 0, DBGWVR2, &0xffffff8000094820=0x0
[    0.555821]<1>.(1)[1:swapper/0][MTK WP] Reset flow  cpu 0, DBGWCR2, &0xffffff8000094828=0x0
[    0.556864]<1>.(1)[1:swapper/0][MTK WP] Reset flow  cpu 0, DBGWVR3, &0xffffff8000094830=0x0
[    0.557905]<1>.(1)[1:swapper/0][MTK WP] Reset flow  cpu 0, DBGWCR3, &0xffffff8000094838=0x0
[    0.558971]<1>.(1)[1:swapper/0][MTK WP] Reset flow  cpu 0, DBGBVR0, &0xffffff8000094400=0x0
[    0.560012]<1>.(1)[1:swapper/0][MTK WP] Reset flow  cpu 0, DBGBCR0, &0xffffff8000094408=0x0
[    0.561055]<1>.(1)[1:swapper/0][MTK WP] Reset flow  cpu 0, DBGBVR1, &0xffffff8000094410=0x0
[    0.562096]<1>.(1)[1:swapper/0][MTK WP] Reset flow  cpu 0, DBGBCR1, &0xffffff8000094418=0x0
[    0.563139]<1>.(1)[1:swapper/0][MTK WP] Reset flow  cpu 0, DBGBVR2, &0xffffff8000094420=0x0
[    0.564180]<1>.(1)[1:swapper/0][MTK WP] Reset flow  cpu 0, DBGBCR2, &0xffffff8000094428=0x0
[    0.565224]<1>.(1)[1:swapper/0][MTK WP] Reset flow  cpu 0, DBGBVR3, &0xffffff8000094430=0x0
[    0.566265]<1>.(1)[1:swapper/0][MTK WP] Reset flow  cpu 0, DBGBCR3, &0xffffff8000094438=0x0
[    0.567308]<1>.(1)[1:swapper/0][MTK WP] Reset flow  cpu 0, DBGBVR4, &0xffffff8000094440=0x0
[    0.568349]<1>.(1)[1:swapper/0][MTK WP] Reset flow  cpu 0, DBGBCR4, &0xffffff8000094448=0x0
[    0.569413]<1>.(1)[1:swapper/0][MTK WP] Reset flow  cpu 0, DBGBVR5, &0xffffff8000094450=0x0
[    0.570455]<1>.(1)[1:swapper/0][MTK WP] Reset flow  cpu 0, DBGBCR5, &0xffffff8000094458=0x0
[    0.571497]<1>.(1)[1:swapper/0][MTK WP] Reset flow cpu 1, EDSCR 0x2003c02
[    0.572345]<1>.(1)[1:swapper/0][MTK WP] Reset flow  cpu 1, DBGWVR0, &0xffffff8000096800=0x0
[    0.573386]<1>.(1)[1:swapper/0][MTK WP] Reset flow  cpu 1, DBGWCR0, &0xffffff8000096808=0x0
[    0.574429]<1>.(1)[1:swapper/0][MTK WP] Reset flow  cpu 1, DBGWVR1, &0xffffff8000096810=0x0
[    0.575470]<1>.(1)[1:swapper/0][MTK WP] Reset flow  cpu 1, DBGWCR1, &0xffffff8000096818=0x0
[    0.576513]<1>.(1)[1:swapper/0][MTK WP] Reset flow  cpu 1, DBGWVR2, &0xffffff8000096820=0x0
[    0.577554]<1>.(1)[1:swapper/0][MTK WP] Reset flow  cpu 1, DBGWCR2, &0xffffff8000096828=0x0
[    0.578598]<1>.(1)[1:swapper/0][MTK WP] Reset flow  cpu 1, DBGWVR3, &0xffffff8000096830=0x0
[    0.579659]<1>.(1)[1:swapper/0][MTK WP] Reset flow  cpu 1, DBGWCR3, &0xffffff8000096838=0x0
[    0.580703]<1>.(1)[1:swapper/0][MTK WP] Reset flow  cpu 1, DBGBVR0, &0xffffff8000096400=0x0
[    0.581745]<1>.(1)[1:swapper/0][MTK WP] Reset flow  cpu 1, DBGBCR0, &0xffffff8000096408=0x0
[    0.582788]<1>.(1)[1:swapper/0][MTK WP] Reset flow  cpu 1, DBGBVR1, &0xffffff8000096410=0x0
[    0.583829]<1>.(1)[1:swapper/0][MTK WP] Reset flow  cpu 1, DBGBCR1, &0xffffff8000096418=0x0
[    0.584872]<1>.(1)[1:swapper/0][MTK WP] Reset flow  cpu 1, DBGBVR2, &0xffffff8000096420=0x0
[    0.585913]<1>.(1)[1:swapper/0][MTK WP] Reset flow  cpu 1, DBGBCR2, &0xffffff8000096428=0x0
[    0.586957]<1>.(1)[1:swapper/0][MTK WP] Reset flow  cpu 1, DBGBVR3, &0xffffff8000096430=0x0
[    0.587997]<1>.(1)[1:swapper/0][MTK WP] Reset flow  cpu 1, DBGBCR3, &0xffffff8000096438=0x0
[    0.589040]<1>.(1)[1:swapper/0][MTK WP] Reset flow  cpu 1, DBGBVR4, &0xffffff8000096440=0x0
[    0.590101]<1>.(1)[1:swapper/0][MTK WP] Reset flow  cpu 1, DBGBCR4, &0xffffff8000096448=0x0
[    0.591145]<1>.(1)[1:swapper/0][MTK WP] Reset flow  cpu 1, DBGBVR5, &0xffffff8000096450=0x0
[    0.592187]<1>.(1)[1:swapper/0][MTK WP] Reset flow  cpu 1, DBGBCR5, &0xffffff8000096458=0x0
[    0.593229]<1>.(1)[1:swapper/0][MTK WP] Reset flow cpu 2, EDSCR 0x2003c02
[    0.594077]<1>.(1)[1:swapper/0][MTK WP] Reset flow  cpu 2, DBGWVR0, &0xffffff8000098800=0x0
[    0.595118]<1>.(1)[1:swapper/0][MTK WP] Reset flow  cpu 2, DBGWCR0, &0xffffff8000098808=0x0
[    0.596161]<1>.(1)[1:swapper/0][MTK WP] Reset flow  cpu 2, DBGWVR1, &0xffffff8000098810=0x0
[    0.597202]<1>.(1)[1:swapper/0][MTK WP] Reset flow  cpu 2, DBGWCR1, &0xffffff8000098818=0x0
[    0.598245]<1>.(1)[1:swapper/0][MTK WP] Reset flow  cpu 2, DBGWVR2, &0xffffff8000098820=0x0
[    0.599287]<1>.(1)[1:swapper/0][MTK WP] Reset flow  cpu 2, DBGWCR2, &0xffffff8000098828=0x0
[    0.600349]<1>.(1)[1:swapper/0][MTK WP] Reset flow  cpu 2, DBGWVR3, &0xffffff8000098830=0x0
[    0.601391]<1>.(1)[1:swapper/0][MTK WP] Reset flow  cpu 2, DBGWCR3, &0xffffff8000098838=0x0
[    0.602435]<1>.(1)[1:swapper/0][MTK WP] Reset flow  cpu 2, DBGBVR0, &0xffffff8000098400=0x0
[    0.603476]<1>.(1)[1:swapper/0][MTK WP] Reset flow  cpu 2, DBGBCR0, &0xffffff8000098408=0x0
[    0.604519]<1>.(1)[1:swapper/0][MTK WP] Reset flow  cpu 2, DBGBVR1, &0xffffff8000098410=0x0
[    0.605560]<1>.(1)[1:swapper/0][MTK WP] Reset flow  cpu 2, DBGBCR1, &0xffffff8000098418=0x0
[    0.606603]<1>.(1)[1:swapper/0][MTK WP] Reset flow  cpu 2, DBGBVR2, &0xffffff8000098420=0x0
[    0.607644]<1>.(1)[1:swapper/0][MTK WP] Reset flow  cpu 2, DBGBCR2, &0xffffff8000098428=0x0
[    0.608687]<1>.(1)[1:swapper/0][MTK WP] Reset flow  cpu 2, DBGBVR3, &0xffffff8000098430=0x0
[    0.609728]<1>.(1)[1:swapper/0][MTK WP] Reset flow  cpu 2, DBGBCR3, &0xffffff8000098438=0x0
[    0.610791]<1>.(1)[1:swapper/0][MTK WP] Reset flow  cpu 2, DBGBVR4, &0xffffff8000098440=0x0
[    0.611833]<1>.(1)[1:swapper/0][MTK WP] Reset flow  cpu 2, DBGBCR4, &0xffffff8000098448=0x0
[    0.612877]<1>.(1)[1:swapper/0][MTK WP] Reset flow  cpu 2, DBGBVR5, &0xffffff8000098450=0x0
[    0.613917]<1>.(1)[1:swapper/0][MTK WP] Reset flow  cpu 2, DBGBCR5, &0xffffff8000098458=0x0
[    0.614960]<1>.(1)[1:swapper/0][MTK WP] Reset flow cpu 3, EDSCR 0x2003c02
[    0.615807]<1>.(1)[1:swapper/0][MTK WP] Reset flow  cpu 3, DBGWVR0, &0xffffff800009a800=0x0
[    0.616848]<1>.(1)[1:swapper/0][MTK WP] Reset flow  cpu 3, DBGWCR0, &0xffffff800009a808=0x0
[    0.617892]<1>.(1)[1:swapper/0][MTK WP] Reset flow  cpu 3, DBGWVR1, &0xffffff800009a810=0x0
[    0.618933]<1>.(1)[1:swapper/0][MTK WP] Reset flow  cpu 3, DBGWCR1, &0xffffff800009a818=0x0
[    0.619976]<1>.(1)[1:swapper/0][MTK WP] Reset flow  cpu 3, DBGWVR2, &0xffffff800009a820=0x0
[    0.621036]<1>.(1)[1:swapper/0][MTK WP] Reset flow  cpu 3, DBGWCR2, &0xffffff800009a828=0x0
[    0.622080]<1>.(1)[1:swapper/0][MTK WP] Reset flow  cpu 3, DBGWVR3, &0xffffff800009a830=0x0
[    0.623122]<1>.(1)[1:swapper/0][MTK WP] Reset flow  cpu 3, DBGWCR3, &0xffffff800009a838=0x0
[    0.624165]<1>.(1)[1:swapper/0][MTK WP] Reset flow  cpu 3, DBGBVR0, &0xffffff800009a400=0x0
[    0.625206]<1>.(1)[1:swapper/0][MTK WP] Reset flow  cpu 3, DBGBCR0, &0xffffff800009a408=0x0
[    0.626249]<1>.(1)[1:swapper/0][MTK WP] Reset flow  cpu 3, DBGBVR1, &0xffffff800009a410=0x0
[    0.627290]<1>.(1)[1:swapper/0][MTK WP] Reset flow  cpu 3, DBGBCR1, &0xffffff800009a418=0x0
[    0.628333]<1>.(1)[1:swapper/0][MTK WP] Reset flow  cpu 3, DBGBVR2, &0xffffff800009a420=0x0
[    0.629375]<1>.(1)[1:swapper/0][MTK WP] Reset flow  cpu 3, DBGBCR2, &0xffffff800009a428=0x0
[    0.630417]<1>.(1)[1:swapper/0][MTK WP] Reset flow  cpu 3, DBGBVR3, &0xffffff800009a430=0x0
[    0.631478]<1>.(1)[1:swapper/0][MTK WP] Reset flow  cpu 3, DBGBCR3, &0xffffff800009a438=0x0
[    0.632522]<1>.(1)[1:swapper/0][MTK WP] Reset flow  cpu 3, DBGBVR4, &0xffffff800009a440=0x0
[    0.633563]<1>.(1)[1:swapper/0][MTK WP] Reset flow  cpu 3, DBGBCR4, &0xffffff800009a448=0x0
[    0.634607]<1>.(1)[1:swapper/0][MTK WP] Reset flow  cpu 3, DBGBVR5, &0xffffff800009a450=0x0
[    0.635648]<1>.(1)[1:swapper/0][MTK WP] Reset flow  cpu 3, DBGBCR5, &0xffffff800009a458=0x0
[    0.636688]<1>.(1)[1:swapper/0][probe] drv:wp dev:(null)
[    0.637349]<1>.(1)[1:swapper/0]  s:543238538 e:636683076 d:93444538
[    0.686869]<1>.(1)[1:swapper/0][init] f(ffffffc000dae200)
[    0.687548]<1>.(1)[1:swapper/0]  s:504687769 e:686858615 d:182170846
[    0.688337]<1>.(1)[1:swapper/0]warning init time too long!
[    0.690295]<1>.(1)[1:swapper/0][init] f(ffffffc000dae234)
[    0.690969]<1>.(1)[1:swapper/0]  s:689529230 e:690288461 d:759231
[    0.736484]<1>.(1)[1:swapper/0][init] f(ffffffc000db2654)
[    0.737161]<1>.(1)[1:swapper/0]  s:691748769 e:736474923 d:44726154
[    0.737977]<1>.(1)[1:swapper/0][init] f(ffffffc000db4e68)
[    0.738648]<1>.(1)[1:swapper/0]  s:737934999 e:737971153 d:36154
[    0.740802]<1>.(1)[1:swapper/0][init] f(ffffffc000dbb21c)
[    0.741475]<1>.(1)[1:swapper/0]  s:739390307 e:740794615 d:1404308
[    0.743085]<0>.(0)[1:swapper/0][init] f(ffffffc000dbf91c)
[    0.743759]<0>.(0)[1:swapper/0]  s:742263999 e:743078461 d:814462
[    0.744983]<0>.(0)[1:swapper/0][init] f(ffffffc000dbfb20)
[    0.745656]<0>.(0)[1:swapper/0]  s:744843769 e:744976461 d:132692
[    0.746766]<3>.(3)[1:swapper/0][init] f(ffffffc000dc9774)
[    0.747439]<3>.(3)[1:swapper/0]  s:746408538 e:746759923 d:351385
[    0.748198]<3>.(3)[1:swapper/0][init] f(ffffffc000dc988c)
[    0.748870]<3>.(3)[1:swapper/0]  s:748191538 e:748193230 d:1692
[    0.749743]<3>.(3)[1:swapper/0][init] f(ffffffc000dc9954)
[    0.750415]<3>.(3)[1:swapper/0]  s:749624461 e:749736538 d:112077
[    0.751174]<3>.(3)[1:swapper/0][init] f(ffffffc000dca928)
[    0.751846]<3>.(3)[1:swapper/0]  s:751167846 e:751168923 d:1077
[    0.752642]<3>.(3)[1:swapper/0][init] f(ffffffc000dca958)
[    0.753314]<3>.(3)[1:swapper/0]  s:752577538 e:752636384 d:58846
[    0.754071]<3>.(3)[1:swapper/0][cpu_ntf] <28>ffffffc0009b7ca0 (blk_cpu_notify)
[    0.754974]<3>.(3)[1:swapper/0][init] f(ffffffc000dca990)
[    0.755644]<3>.(3)[1:swapper/0]  s:754056461 e:754968769 d:912308
[    0.756407]<3>.(3)[1:swapper/0][cpu_ntf] <29>ffffffc0009b7d6c (blk_iopoll_cpu_notify)
[    0.757384]<3>.(3)[1:swapper/0][init] f(ffffffc000dcaa2c)
[    0.758054]<3>.(3)[1:swapper/0]  s:756397384 e:757378538 d:981154
[    0.759498]<2>.(2)[1:swapper/0][init] f(ffffffc000dcab24)
[    0.760171]<2>.(2)[1:swapper/0]  s:758807230 e:759491153 d:683923
[    0.761103]<2>.(2)[1:swapper/0][init] f(ffffffc000dcca20)
[    0.761775]<2>.(2)[1:swapper/0]  s:760923538 e:761096692 d:173154
[    0.762687]<2>.(2)[1:swapper/0][init] f(ffffffc000dcd9ec)
[    0.763359]<2>.(2)[1:swapper/0]  s:762527923 e:762680999 d:153076
[    0.764322]<2>.(2)[1:swapper/0][init] f(ffffffc000dce528)
[    0.764994]<2>.(2)[1:swapper/0]  s:764111538 e:764315461 d:203923
[    0.765946]<2>.(2)[1:swapper/0][init] f(ffffffc000dcf234)
[    0.766618]<2>.(2)[1:swapper/0]  s:765771538 e:765938230 d:166692
[    0.768430]<2>-(2)[1:swapper/0]DMA-API: debugging out of memory - disabling
[    0.770581]<2>.(2)[1:swapper/0]M4Urequest_irq, irq_num=178
[    0.771354]<2>.(2)[1:swapper/0][probe] drv:m4u dev:(null)
[    0.772026]<2>.(2)[1:swapper/0]  s:768207615 e:771346923 d:3139308
[    0.773575]<2>.(2)[1:swapper/0][init] f(ffffffc000dd1e08)
[    0.774248]<2>.(2)[1:swapper/0]  s:767371461 e:773568461 d:6197000
[    0.775543]<2>.(2)[1:swapper/0][CMDQ]Succeed to create dma pool for cmdq
[    0.776537]<2>.(2)[1:swapper/0][CMDQ][CMDQ] platform_dev: dev: ffffffc00328b4d0, PA: 10217000, VA: ffffff80000ac000, irqId: 183,  irqSecId:180
[    0.778257]<2>.(2)[1:swapper/0][CMDQ]DEV: VA(mediatek,MMSYS_CONFIG): 0xffffff80000ae000
[    0.779378]<2>.(2)[1:swapper/0][CMDQ]DEV: VA(mediatek,MDP_RDMA): 0xffffff80000b0000
[    0.780464]<2>.(2)[1:swapper/0][CMDQ]DEV: VA(mediatek,MDP_RSZ0): 0xffffff80000b2000
[    0.781544]<2>.(2)[1:swapper/0][CMDQ]DEV: VA(mediatek,MDP_RSZ1): 0xffffff80000b4000
[    0.782623]<2>.(2)[1:swapper/0][CMDQ]DEV: VA(mediatek,MDP_WDMA): 0xffffff80000b6000
[    0.783702]<2>.(2)[1:swapper/0][CMDQ]DEV: VA(mediatek,MDP_WROT): 0xffffff80000b8000
[    0.784791]<2>.(2)[1:swapper/0][CMDQ]DEV: VA(mediatek,MDP_TDSHP): 0xffffff80000ba000
[    0.785861]<2>.(2)[1:swapper/0][CMDQ]DEV: VA(mediatek,MM_MUTEX): 0x0
[    0.786821]<2>.(2)[1:swapper/0][CMDQ]DEV: VA(mediatek,VENC): 0xffffff80000bc000
[    0.787838]<2>.(2)[1:swapper/0][CMDQ]DEV: PA(mediatek,MMSYS_CONFIG): start = 0x14000000, end = 0x14000fff
[    0.789136]<2>.(2)[1:swapper/0][CMDQ]DEV: PA(mediatek,MDP_RDMA): start = 0x14001000, end = 0x14001fff
[    0.790390]<2>.(2)[1:swapper/0][CMDQ]DEV: PA(mediatek,MDP_RSZ0): start = 0x14002000, end = 0x14002fff
[    0.791643]<2>.(2)[1:swapper/0][CMDQ]DEV: PA(mediatek,MDP_RSZ1): start = 0x14003000, end = 0x14003fff
[    0.792898]<2>.(2)[1:swapper/0][CMDQ]DEV: PA(mediatek,MDP_WDMA): start = 0x14004000, end = 0x14004fff
[    0.794154]<2>.(2)[1:swapper/0][CMDQ]DEV: PA(mediatek,MDP_WROT): start = 0x14005000, end = 0x14005fff
[    0.795409]<2>.(2)[1:swapper/0][CMDQ]DEV: PA(mediatek,MDP_TDSHP): start = 0x14006000, end = 0x14006fff
[    0.796693]<2>.(2)[1:swapper/0][CMDQ]DEV: PA(mediatek,MM_MUTEX): start = 0x14006000, end = 0x14006fff
[    0.797960]<2>.(2)[1:swapper/0][CMDQ]DEV: PA(mediatek,VENC): start = 0x17002000, end = 0x17002fff
[    0.799172]<2>.(2)[1:swapper/0][CMDQ]DEV: PA(mediatek,DISPSYS): start = 0x14007000, end = 0x14007fff
[    0.800415]<2>.(2)[1:swapper/0][CMDQ]DEV: PA(mediatek,DISPSYS): start = 0x0, end = 0xffffffffffffffff
[    0.801670]<2>.(2)[1:swapper/0][CMDQ]DEV: PA(mediatek,DISPSYS): start = 0x14008000, end = 0x14008fff
[    0.802914]<2>.(2)[1:swapper/0][CMDQ]DEV: PA(mediatek,DISPSYS): start = 0x14009000, end = 0x14009fff
[    0.804158]<2>.(2)[1:swapper/0][CMDQ]DEV: PA(mediatek,DISPSYS): start = 0x1400a000, end = 0x1400afff
[    0.805402]<2>.(2)[1:swapper/0][CMDQ]DEV: PA(mediatek,DISPSYS): start = 0x1400b000, end = 0x1400bfff
[    0.806647]<2>.(2)[1:swapper/0][CMDQ]DEV: PA(mediatek,DISPSYS): start = 0x1400c000, end = 0x1400cfff
[    0.807916]<2>.(2)[1:swapper/0][CMDQ]DEV: PA(mediatek,DISPSYS): start = 0x1400d000, end = 0x1400dfff
[    0.809160]<2>.(2)[1:swapper/0][CMDQ]DEV: PA(mediatek,DISPSYS): start = 0x1400e000, end = 0x1400efff
[    0.810404]<2>.(2)[1:swapper/0][CMDQ]DEV: PA(mediatek,DISPSYS): start = 0x1400f000, end = 0x1400ffff
[    0.811648]<2>.(2)[1:swapper/0][CMDQ]DEV: PA(mediatek,DISPSYS): start = 0x0, end = 0xffffffffffffffff
[    0.812903]<2>.(2)[1:swapper/0][CMDQ]DEV: PA(mediatek,DISPSYS): start = 0x1100e000, end = 0x1100efff
[    0.814147]<2>.(2)[1:swapper/0][CMDQ]DEV: PA(mediatek,DISPSYS): start = 0x0, end = 0xffffffffffffffff
[    0.815402]<2>.(2)[1:swapper/0][CMDQ]DEV: PA(mediatek,DISPSYS): start = 0x14014000, end = 0x14014fff
[    0.816646]<2>.(2)[1:swapper/0][CMDQ]DEV: PA(mediatek,DISPSYS): start = 0x14011000, end = 0x14011fff
[    0.817912]<2>.(2)[1:swapper/0][CMDQ]DEV: PA(mediatek,DISPSYS): start = 0x14012000, end = 0x14012fff
[    0.819157]<2>.(2)[1:swapper/0][CMDQ]DEV: PA(mediatek,DISPSYS): start = 0x0, end = 0xffffffffffffffff
[    0.820416]<2>.(2)[1:swapper/0][CMDQ]DEV: PA(mediatek,CAM0): start = 0x15004000, end = 0x15004fff
[    0.821633]<2>.(2)[1:swapper/0][CMDQ]DEV: PA(mediatek,CAM1): start = 0x15005000, end = 0x15005fff
[    0.822850]<2>.(2)[1:swapper/0][CMDQ]DEV: PA(mediatek,CAM2): start = 0x15006000, end = 0x15006fff
[    0.824066]<2>.(2)[1:swapper/0][CMDQ]DEV: PA(mediatek,CAM3): start = 0x15007000, end = 0x15007fff
[    0.825221]<2>.(2)[1:swapper/0][CMDQ]DEV: PA(mediatek,SLEEP): start = 0x10006000, end = 0x10006fff
[    0.839077]<0>.(0)[1:swapper/0][probe] drv:mtk_cmdq dev:(null)
[    0.839807]<0>.(0)[1:swapper/0]  s:775370923 e:839069615 d:63698692
[    0.841338]<0>.(0)[1:swapper/0][init] f(ffffffc000dd2430)
[    0.842010]<0>.(0)[1:swapper/0]  s:775010999 e:841330923 d:66319924
[    0.842791]<0>.(0)[1:swapper/0][ccci0/util]ccci_util_fo_init 0.
[    0.843529]<0>.(0)[1:swapper/0][ccci0/util]Get MD info Tags
[    0.844220]<0>.(0)[1:swapper/0][ccci0/util]md_inf[0]=0
[    0.844859]<0>.(0)[1:swapper/0][ccci0/util]md_inf[1]=0
[    0.845500]<0>.(0)[1:swapper/0][ccci0/util]md_inf[2]=0
[    0.846139]<0>.(0)[1:swapper/0][ccci0/util]md_inf[3]=0
[    0.847129]<0>.(0)[1:swapper/0][ccci0/util]META MD setting not found [0][0]
[    0.847997]<0>.(0)[1:swapper/0][ccci0/util]FO:MTK_ENABLE_MD1 -> 00000001
[    0.848832]<0>.(0)[1:swapper/0][ccci0/util]FO:MTK_MD1_SUPPORT -> 00000005
[    0.849729]<0>.(0)[1:swapper/0][ccci1/util]md1 modem_total_size=0x3810000,md_size=0x3800000, smem_size=0x10000
[    0.850977]<0>.(0)[1:swapper/0][ccci1/util]MemStart: 0x0x00000000ba000000, MemSize:0x03800000
[    0.852039]<0>.(0)[1:swapper/0][ccci1/util]SMemStart: 0x0x00000000bd800000, SMemSize:0x00010000
[    0.853123]<0>.(0)[1:swapper/0][ccci0/util]FO:MTK_ENABLE_MD2 -> 00000000
[    0.853956]<0>.(0)[1:swapper/0][ccci2/util]md2 is disabled
[    0.854640]<0>.(0)[1:swapper/0][ccci0/util]FO:MTK_ENABLE_MD3 not found
[    0.855453]<0>.(0)[1:swapper/0][ccci3/util]md3 is disabled
[    0.856137]<0>.(0)[1:swapper/0][ccci0/util]FO:MTK_ENABLE_MD4 not found
[    0.856950]<0>.(0)[1:swapper/0][ccci4/util]md4 is disabled
[    0.857663]<0>.(0)[1:swapper/0][ccci0/util]FO:MTK_ENABLE_MD5 -> 00000000
[    0.858495]<0>.(0)[1:swapper/0][ccci5/util]md5 is disabled
[    0.859177]<0>.(0)[1:swapper/0][ccci0/util]ccci_util_fo_init 2.
[    0.860090]<0>.(0)[1:swapper/0][init] f(ffffffc000dd59d0)
[    0.860761]<0>.(0)[1:swapper/0]  s:842785461 e:860084384 d:17298923
[    0.861541]<0>.(0)[1:swapper/0][ccci0/cor]ccci core init
[    0.862292]<0>.(0)[1:swapper/0][ccci0/bfm]MTU=3456/1500, pool size 256/256/64/2576
[    0.870087]<2>.(2)[1:swapper/0][ccci0/plat]infra_ao_base:0xffffff80001d2000
[    0.871027]<2>.(2)[1:swapper/0][ccci0/plat]dbgapb_base:0xffffff80001d4000
[    0.871872]<2>.(2)[1:swapper/0][init] f(ffffffc000dd5a10)
[    0.872545]<2>.(2)[1:swapper/0]  s:861535307 e:871866461 d:10331154
[    0.875601]<2>.(2)[1:swapper/0]SCSI subsystem initialized
[    0.876273]<2>.(2)[1:swapper/0][init] f(ffffffc000dda924)
[    0.876945]<2>.(2)[1:swapper/0]  s:873319461 e:876267153 d:2947692
[    0.878839]<1>.(1)[1:swapper/0][init] f(ffffffc000ddbbf4)
[    0.879511]<1>.(1)[1:swapper/0]  s:877709461 e:878833461 d:1124000
[    0.881307]<1>.(1)[1:swapper/0][init] f(ffffffc000ddc228)
[    0.881979]<1>.(1)[1:swapper/0]  s:880274461 e:881300923 d:1026462
[    0.882862]<1>.(1)[1:swapper/0][init] f(ffffffc000ddc244)
[    0.883534]<1>.(1)[1:swapper/0]  s:882765999 e:882855769 d:89770
[    0.884371]<1>.(1)[1:swapper/0][init] f(ffffffc000ddc6dc)
[    0.885042]<1>.(1)[1:swapper/0]  s:884275923 e:884364615 d:88692
[    0.885882]<1>.(1)[1:swapper/0][init] f(ffffffc000ddca00)
[    0.886554]<1>.(1)[1:swapper/0]  s:885784153 e:885876615 d:92462
[    0.887383]<1>.(1)[1:swapper/0][init] f(ffffffc000ddcb10)
[    0.888055]<1>.(1)[1:swapper/0]  s:887295999 e:887377384 d:81385
[    0.889359]<1>.(1)[1:swapper/0][init] f(ffffffc000ddd834)
[    0.890032]<1>.(1)[1:swapper/0]  s:888796769 e:889352769 d:556000
[    0.890866]<1>.(1)[1:swapper/0][init] f(ffffffc000ddddfc)
[    0.891538]<1>.(1)[1:swapper/0]  s:890784384 e:890860076 d:75692
[    0.892407]<1>.(1)[1:swapper/0][init] f(ffffffc000de0218)
[    0.893102]<1>.(1)[1:swapper/0]  s:892280384 e:892400846 d:120462
[    0.894431]<1>.(1)[1:swapper/0][init] f(ffffffc000de02d0)
[    0.895102]<1>.(1)[1:swapper/0]  s:893853615 e:894425384 d:571769
[    0.895906]<1>.(1)[1:swapper/0][init] f(ffffffc000de2cc0)
[    0.896577]<1>.(1)[1:swapper/0]  s:895855153 e:895899692 d:44539
[    0.899314]<1>.(1)[1:swapper/0][cpu_ntf] <30>ffffffc000837a94 (dev_cpu_callback)
[    0.900246]<1>.(1)[1:swapper/0][init] f(ffffffc000de311c)
[    0.900918]<1>.(1)[1:swapper/0]  s:897318999 e:900240230 d:2921231
[    0.901688]<1>.(1)[1:swapper/0][init] f(ffffffc000de337c)
[    0.902360]<1>.(1)[1:swapper/0]  s:901681153 e:901683153 d:2000
[    0.903130]<1>.(1)[1:swapper/0][init] f(ffffffc000de39b0)
[    0.903802]<1>.(1)[1:swapper/0]  s:903114153 e:903123461 d:9308
[    0.904611]<1>.(1)[1:swapper/0][init] f(ffffffc000de4064)
[    0.905283]<1>.(1)[1:swapper/0]  s:904532538 e:904604615 d:72077
[    0.906031]<1>.(1)[1:swapper/0][init] f(ffffffc000de41a4)
[    0.906703]<1>.(1)[1:swapper/0]  s:906025076 e:906026307 d:1231
[    0.907441]<1>.(1)[1:swapper/0][init] f(ffffffc000de4214)
