[   90.335466]<0>.(0)[89:hps_main]CPU1: shutdown
[   90.336216]<0>.(0)[89:hps_main][WDK]cpu 1 plug off, kick wdt
[   90.342879]<0>.(0)[89:hps_main][HPS] (0200)(1)action end(8)(4)(0)(0) (4)(4)(4)(4)(1) (16)(8)(0) (353)(8)(0) (0)(4)(8)(0)(4)
[   90.411063]<0>.(0)[56:kworker/0:1][Power/CPU_Thermal]tscpu_get_temp CPU T=35700
[   90.497609]<0>.(0)[495:SFWatchDog]monitor_hang_open
[   90.498891]AEE_MONITOR_SET[status]: 0x1
[   90.499404]<0>.(0)[495:SFWatchDog]monitor_hang_release
[   90.820406]<0>.(0)[56:kworker/0:1][WMT-DEV][I]wmt_dev_tm_temp_query:It is long time (> 300 sec) not to query, we must query temp temperature..
[   90.822067]<0>.(0)[56:kworker/0:1][WMT-EXP][I]_mtk_wcn_wmt_therm_ctrl:OPID(15) type(1) start
[   90.850412]<0>.(0)[56:kworker/0:1][STP-PSM] [I]_stp_psm_do_wait: STP is waiting state for ACT, i=1, state = 0
[   90.852776]<0>.(0)[249:mtk_wmtd][WMT-CORE][I]opfunc_therm_ctrl:Send WMT_THERM_CTRL_CMD command OK!
[   90.854382]<0>.(0)[56:kworker/0:1][WMT-EXP][I]_mtk_wcn_wmt_therm_ctrl:OPID(15) type(1) return(1) ok
[   90.854382]<0>
[   90.855777]<0>.(0)[56:kworker/0:1][WMT-EXP][I]_mtk_wcn_wmt_therm_ctrl:OPID(15) type(2) start
[   90.858095]<0>.(0)[249:mtk_wmtd][WMT-CORE][I]opfunc_therm_ctrl:Send WMT_THERM_READ_CMD command OK!
[   90.859930]<0>.(0)[56:kworker/0:1][WMT-EXP][I]_mtk_wcn_wmt_therm_ctrl:OPID(15) type(2) return(29) ok
[   90.859930]<0>
[   90.862127]<0>.(0)[56:kworker/0:1][WMT-EXP][I]_mtk_wcn_wmt_therm_ctrl:OPID(15) type(3) start
[   90.864334]<0>.(0)[249:mtk_wmtd][WMT-CORE][I]opfunc_therm_ctrl:Send WMT_THERM_CTRL_CMD command OK!
[   90.865999]<0>.(0)[56:kworker/0:1][WMT-EXP][I]_mtk_wcn_wmt_therm_ctrl:OPID(15) type(3) return(1) ok
[   90.865999]<0>
[   90.868850]<0>.(0)[56:kworker/0:1][WMT-DEV][I]wmt_dev_tm_temp_query:[Thermal] current_temp = 0x1d 
[   91.011126]<0>.(0)[56:kworker/0:1][VcoreFS] feature_en: 0(0), recover_en: 1, kicker: 2, new_opp: -1(0)
[   91.012333]<0>.(0)[56:kworker/0:1][VcoreFS] [-1, -1, -1, -1, 0, -1]
[   91.013159]<0>.(0)[56:kworker/0:1][VcoreFS] kicker: 2, opp: 0, curr_opp: 0(0)
[   91.014098]<0>.(0)[56:kworker/0:1][VcoreFS] opp: 0, vcore: 1100000(1100000) 
[   91.015452]<0>.(0)[56:kworker/0:1][VcoreFS] opp: 0, faxi: 218000(218000), fvenc: 300000(300000) 
[   91.016683]<0>.(0)[56:kworker/0:1][VcoreFS] opp: 0, fddr: 1280000(1280000) 
[   91.017782]<0>.(0)[56:kworker/0:1]
[   91.017782]<0><<SOC DVFS FLIPER>> flip to E(0), 285
[   91.217658][BATTERY] bat_get_ui_percentage return 100 !!
[   91.411083]<0>.(0)[56:kworker/0:1][Power/CPU_Thermal]tscpu_get_temp CPU T=32500
[   91.541400]<0>.(0)[495:SFWatchDog]monitor_hang_open

[   91.542025]<0>.(0)[495:SFWatchDog]AEE_MONITOR_SET[status]: 0x1[   91.542748]<0>.(0)[495:SFWatchDog]monitor_hang_release
[   91.740348]<0>.(0)[71:fuse_log][BLOCK_TAG] FUSEIO {423:lookup(0,2,812)}
[   91.789120]<0>.(0)[1901:Binder_6]binder: 807:1901 target_proc is NULL
[   91.789939]<0>.(0)[1901:Binder_6]binder: read put err 29189 to user 0000007f92ea4108, thread error 29189:29185
[   91.830197]<0>.(0)[0:swapper/0][ccci1/mcd]traffic: (3/0)(Tx(7f): 2,1973,0,0,0,0,0,0)(Rx(7f): 4,1531,0,0,0,0,2,0)
[   91.831498]<0>.(0)[0:swapper/0][ccci1/mcd]traffic(tx_pre):2,1973,0,0,0,0,0,0
[   91.832376]<0>.(0)[0:swapper/0][ccci1/mcd]traffic(ch): tx:[5]1, [12]1069, [15]880 rx:[4]2, [10]614, [14]886
[   91.833622]<0>.(0)[0:swapper/0][ccci1/mcd]traffic(net): tx: [22]0 0, [26]0 0, [30]0 0, rx:[20]0, [24]0, [28]0
[   91.840346]<0>.(0)[90:hang_detect][Hang_Detect] init found pid:1.
[   91.841170]<0>.(0)[90:hang_detect][Hang_Detect] surfaceflinger found pid:229.
[   91.842106]<0>.(0)[90:hang_detect][Hang_Detect] system_server found pid:807.
[   91.842979]<0>.(0)[90:hang_detect][Hang_Detect] ndroid.systemui found pid:1667.
[   91.843909]<0>.(0)[90:hang_detect][Hang_Detect] hang_detect thread counts down 10:10.
[   92.411145]<0>.(0)[56:kworker/0:1][Power/CPU_Thermal]tscpu_get_temp CPU T=31900
[   92.442542]<0>.(0)[132:mmcqd/0][BLOCK_TAG] mmcqd:132 Workload < 1%, duty 1090923, period 3011738692, req_cnt=1
[   92.582056]<0>.(0)[495:SFWatchDog]monitor_hang_open
[   92.586523]AEE_MONITOR_SET[status]: 0x1
[   92.586983]<0>.(0)[495:SFWatchDog]monitor_hang_release
[   92.942339]<0>.(0)[89:hps_main][wdk]bind kicker thread[146] to cpu[1]
[   92.943282]<0>.(0)[89:hps_main][WDK]cpu 1 plug on kick wdt
[   92.946498]<0>.(0)[89:hps_main][wdk]bind kicker thread[147] to cpu[2]
[   92.947354]<0>.(0)[89:hps_main][WDK]cpu 2 plug on kick wdt
[   92.950766]<0>.(0)[89:hps_main][wdk]bind kicker thread[148] to cpu[3]
[   92.951646]<0>.(0)[89:hps_main][WDK]cpu 3 plug on kick wdt
[   92.952760]<0>.(0)[89:hps_main][HPS] (0020)(4)action end(100)(459)(0)(0) (4)(4)(4)(4)(1) (77)(25)(1) (0)(0)(0) (1)(459)(26)(0)(459)
[   93.410728]<0>.(0)[56:kworker/0:1][Power/CPU_Thermal]tscpu_get_temp CPU T=31600
[   93.623234]<1>.(1)[495:SFWatchDog]monitor_hang_open
[   93.623863]AEE_MONITOR_SET[status]: 0x1
[   93.624322]<1>.(1)[495:SFWatchDog]monitor_hang_release
[   93.678797]<1>.(1)[132:mmcqd/0][BLOCK_TAG] mmcqd:132 Workload < 1%, duty 10725463, period 1236270693, req_cnt=11
[   93.756127]<1>.(1)[89:hps_main]CPU3: shutdown
[   93.756748]<1>.(1)[89:hps_main][WDK]cpu 3 plug off, kick wdt
[   93.762362]<1>.(1)[89:hps_main]CPU2: shutdown
[   93.762981]<1>.(1)[89:hps_main][WDK]cpu 2 plug off, kick wdt
[   93.765230]<1>.(1)[89:hps_main][HPS] (0200)(2)action end(200)(189)(23)(0) (4)(4)(4)(4)(1) (0)(0)(0) (1252)(8)(0) (0)(189)(8)(0)(189)
[   93.880238]<0>.(0)[71:fuse_log][BLOCK_TAG] FUSEIO {2669:getattr(0,1,142)}{2669:lookup(0,1,128)}{2669:setattr(0,2,197)}
[   94.411312]<0>.(0)[56:kworker/0:1][Power/CPU_Thermal]tscpu_get_temp CPU T=35400
[   94.662339]<0>.(0)[495:SFWatchDog]monitor_hang_open
[   94.662964]AEE_MONITOR_SET[status]: 0x1
[   94.663422]<0>.(0)[495:SFWatchDog]monitor_hang_release
[   95.268857]<0>.(0)[89:hps_main]CPU1: shutdown
[   95.269606]<0>.(0)[89:hps_main][WDK]cpu 1 plug off, kick wdt
[   95.276603]<0>.(0)[89:hps_main][HPS] (0200)(1)action end(7)(4)(0)(0) (4)(4)(4)(4)(1) (64)(15)(1) (532)(15)(7) (0)(4)(15)(0)(4)
[   95.411055]<0>.(0)[56:kworker/0:1][Power/CPU_Thermal]tscpu_get_temp CPU T=33600
[   95.702199]<0>.(0)[495:SFWatchDog]monitor_hang_open
[   95.702895]AEE_MONITOR_SET[status]: 0x1
[   95.703404]<0>.(0)[495:SFWatchDog]monitor_hang_release
[   95.831162]<0>.(0)[132:mmcqd/0][BLOCK_TAG] mmcqd:132 Workload < 1%, duty 3412152, period 2152347077, req_cnt=5
[   95.870901]<0>.(0)[0:swapper/0][STP-PSM] [I]_stp_psm_stp_is_idle: **IDLE is over 5000 msec, go to sleep!!!**

[USBD] USB PRB0 LineState: 0

[USBD] USB cable/ No Cable inserted!

[PLFM] Keep stay in USB Mode
[PWRAP] pwrap_init_preloader
[PWRAP] pwrap_init
[PWRAP] start reset wrapper
[PWRAP] the reset register =80
[PWRAP] PMIC_WRAP_STAUPD_GRPEN =0x0,it should be equal to 0xc
[PWRAP] _pwrap_init_reg_clock
[PWRAP] have cipher
[PWRAP] _pwrap_init_signature
[PWRAP] mt_pwrap_init PMIC_WRAP_STAUPD_GRPEN(3D)
[PWRAP] ERROR,line=1191 PMIC_WRAP_ADC_RDATA_ADDR=E20
[PWRAP] mt_pwrap_init-- use D1 or D3 
[PWRAP] mt_pwrap_init---- debug15,FFFFFBFB
[PWRAP] after MT6328 pwrap_write
[PWRAP] write MT6328 Test pass
[PWRAP] Read 6328 Test pass,return_value=0
[PMIC_WRAP]wrap_init pass,the return value=0.
[pmic_init] Preloader Start,MT6328 CHIP Code = 0x2820
just_rst = 0
[6328]e-data[0x0]=0x0
[6328]e-data[0x1]=0x1148
[6328]e-data[0x2]=0x8208
[6328]e-data[0x3]=0x20
[6328]e-data[0x4]=0x4000
[6328]e-data[0x5]=0x47C0
[6328]e-data[0x6]=0xC000
[6328]e-data[0x7]=0x43F
[6328]e-data[0x8]=0xA400
[6328]e-data[0x9]=0x64BC
[6328]e-data[0xA]=0x0
[6328]e-data[0xB]=0x0
[6328]e-data[0xC]=0xA000
[6328]e-data[0xD]=0x11
[6328]e-data[0xE]=0x0
[6328]e-data[0xF]=0x0
[6328]e-data[0x10]=0xFD00
[6328]e-data[0x11]=0x1
[6328]e-data[0x12]=0x0
[6328]e-data[0x13]=0x0
[6328]e-data[0x14]=0x0
[6328]e-data[0x15]=0x0
[6328]e-data[0x16]=0x0
[6328]e-data[0x17]=0xD10
[6328]e-data[0x18]=0x5D45
[6328]e-data[0x19]=0x9E4
[6328]e-data[0x1A]=0x6481
[6328]e-data[0x1B]=0x184C
[6328]e-data[0x1C]=0x0
[6328]e-data[0x1D]=0x0
[6328]e-data[0x1E]=0x0
[6328]e-data[0x1F]=0x0
[pmic_6328_efuse_management]4.27 efuse_data[0x11]:0x1
[pmic_6328_efuse_management]4.27 efuse_data[0x11][448:472]:0x1
VBAT=4054 mV with 3300 mV, VCHR 5061 mV ,VCHR_HV=6500 
[pmic_init] Done...................
before mt_mempll_cali, wdt_mode = 0x4D, wdt_dbg_ctrl = 0x200F1
mt_pll_post_init: mt_get_mem_freq = 319998Khz
[PLFM] Init I2C: OK(0)
[PLFM] Init PWRAP: OK(0)
[PLFM] Init PMIC: OK(0)
[PLFM] chip_code[321]
[PLFM] chip_ver[0]
[PTP] >> ptp_init()
[PTP] >> get_devinfo()
[PTP] << get_devinfo():322
[PTP] >> ptp_init_det()
[PTP] VCORE voltage bin to 1.1V
[PTP] << ptp_init_det():444
[PTP] PTP set volt: 0x00000050
[PTP] 0x00000057
[PTP] 0x00000056
[PTP] 0x00000055
[PTP] 0x00000054
[PTP] 0x00000053
[PTP] 0x00000052
[PTP] 0x00000051
[PTP] 0x00000050
[PTP] M_HW_RES0	= 0x11C690B4
[PTP] M_HW_RES1	= 0x005F0000
[PTP] M_HW_RES2	= 0x00000039
[PTP] M_HW_RES3	= 0x00AED6AB
[PTP] M_HW_RES4	= 0x00000000
[PTP] M_HW_RES5	= 0x00000003
[PTP] << ptp_init():1032

[BLDR] Build Time: 20190306-195951
[DDR Reserve] ddr reserve mode not be enabled yet
==== Dump RGU Reg ========
RGU MODE:     4D
RGU LENGTH:   FFE0
RGU STA:      0
RGU INTERVAL: FFF
RGU SWSYSRST: 8000
==== Dump RGU Reg End ====
RGU: g_rgu_satus:0
 mtk_wdt_mode_config  mode value=10, tmp:22000010
PL P ON
WDT does not trigger reboot
WDT NONRST=0x20000000
WDT IRQ_EN=0x340002
WDT REQ_EN=0x3C0002
RGU mtk_wdt_init:MTK_WDT_DEBUG_CTL(590200F3)
Enter mtk_kpd_gpio_set! 
after set KP enable: KP_SEL = 0x0 !
[RTC] get_frequency_meter: input=0x0, ouput=5
[RTC] get_frequency_meter: input=0x0, ouput=3967
[RTC] get_frequency_meter: input=0x0, ouput=5
[RTC] get_frequency_meter: input=0x0, ouput=0
[RTC] get_frequency_meter: input=0x0, ouput=0
[RTC] bbpu = 0x1, con = 0x84A7, osc32con = 0x7B00, sec = 0x24BF, yea = 0x8102
rtc_first_boot_init
[RTC] get_frequency_meter: input=0x0, ouput=5
[RTC] get_frequency_meter: input=0x0, ouput=3967
[RTC] get_frequency_meter: input=0x0, ouput=5
[RTC] get_frequency_meter: input=0x0, ouput=0
[RTC] get_frequency_meter: input=0x0, ouput=0
OSC32CON_ANALOG_SETTING = 0x7B00
rtc_2sec_stat_clear
rtc_2sec_reboot_check 0x24BF
[RTC] irqsta = 0x0, pdn1 = 0x0, pdn2 = 0x201, spar0 = 0xC0, spar1 = 0x800
[RTC] new_spare0 = 0x0, new_spare1 = 0x1, new_spare2 = 0x1, new_spare3 = 0x1
[RTC] bbpu = 0x1, con = 0x4A6, cali = 0x24BF
pl pmic powerkey Press
power key is pressed
[PLFM] Power key boot!
[RTC] rtc_bbpu_power_on done
mt_get_dram_type() 0x3
[EMI] LPDDR3
[mmc_init]: msdc0 start mmc_init_host() in PL...
[msdc_init]: msdc0 Host controller intialization start 
[MSDC]config VEMC to 3V in preloader
[SD0] Pins mode(1), none(0), down(1), up(2), keep(3)
[SD0] Pins mode(2), none(0), down(1), up(2), keep(3)
[MSDC]config VEMC to 3V in preloader
[info][msdc_set_startbit 1242] read data start bit at rising edge
[info][msdc_config_clksrc] input clock is 400000kHz
[SD0] Bus Width: 1
[info][msdc_config_clksrc] input clock is 400000kHz
[info][msdc_set_startbit 1242] read data start bit at rising edge
[SD0] SET_CLK(260kHz): SCLK(259kHz) MODE(0) DDR(0) DIV(385) DS(0) RS(0)
[msdc_init]: msdc0 Host controller intialization done
[mmc_init]: msdc0 start mmc_init_card() in PL...
[mmc_init_card]: start
[info][msdc_config_clksrc] input clock is 400000kHz
[info][msdc_set_startbit 1242] read data start bit at rising edge
[SD0] SET_CLK(260kHz): SCLK(259kHz) MODE(0) DDR(0) DIV(385) DS(0) RS(0)
[SD0] Bus Width: 8
[SD0] Switch to High-Speed mode!
[SD0] Size: 29820 MB, Max.Speed: 52000 kHz, blklen(512), nblks(61071360), ro(0)
[mmc_init_mem_card 3144][SD0] Initialized, eMMC50
before host->cur_bus_clk(259740)
[info][msdc_config_clksrc] input clock is 400000kHz
[info][msdc_set_startbit 1242] read data start bit at rising edge
[SD0] SET_CLK(52000kHz): SCLK(50000kHz) MODE(0) DDR(0) DIV(2) DS(0) RS(0)
host->cur_bus_clk(50000000)
[mmc_init_card]: finish successfully
[EMI] mcp_dram_num:0,discrete_dram_num:1,enable_combo_dis:0
[Check]mt_get_mdl_number 0x0
[EMI] eMMC/NAND ID = 45,1,0,44,47,34,30,33,32,1,E2,B4,4E,8,85,D3
[EMI] MDL number = 0
[EMI] emi_set eMMC/NAND ID = 0,0,0,0,0,0,0,0,0,0,0,0,0,0,0,0
Start REXTDN SW calibration...
enable P drive (initial settings), 0x0644:27Dh
2.1. DRVP 0x00c0[15:12]:0h
2.2. CMPOP 0x03dc[31]:0h
2.1. DRVP 0x00c0[15:12]:1000h
2.2. CMPOP 0x03dc[31]:0h
2.1. DRVP 0x00c0[15:12]:2000h
2.2. CMPOP 0x03dc[31]:0h
2.1. DRVP 0x00c0[15:12]:3000h
2.2. CMPOP 0x03dc[31]:0h
2.1. DRVP 0x00c0[15:12]:4000h
2.2. CMPOP 0x03dc[31]:0h
2.1. DRVP 0x00c0[15:12]:5000h
2.2. CMPOP 0x03dc[31]:0h
2.1. DRVP 0x00c0[15:12]:6000h
2.2. CMPOP 0x03dc[31]:0h
2.1. DRVP 0x00c0[15:12]:7000h
2.2. CMPOP 0x03dc[31]:0h
2.1. DRVP 0x00c0[15:12]:8000h
2.2. CMPOP 0x03dc[31]:0h
2.1. DRVP 0x00c0[15:12]:9000h
2.2. CMPOP 0x03dc[31]:0h
2.1. DRVP 0x00c0[15:12]:A000h
2.2. CMPOP 0x03dc[31]:80000000h
P drive:10
enable N drive (initial settings), 0x0644:17Dh
4.1. DRVN 0x00c0[11:8]:A000h
4.2.CMPON 0x3dc[30]:0h
4.1. DRVN 0x00c0[11:8]:A100h
4.2.CMPON 0x3dc[30]:0h
4.1. DRVN 0x00c0[11:8]:A200h
4.2.CMPON 0x3dc[30]:0h
4.1. DRVN 0x00c0[11:8]:A300h
4.2.CMPON 0x3dc[30]:0h
4.1. DRVN 0x00c0[11:8]:A400h
4.2.CMPON 0x3dc[30]:0h
4.1. DRVN 0x00c0[11:8]:A500h
4.2.CMPON 0x3dc[30]:0h
4.1. DRVN 0x00c0[11:8]:A600h
4.2.CMPON 0x3dc[30]:0h
4.1. DRVN 0x00c0[11:8]:A700h
4.2.CMPON 0x3dc[30]:0h
4.1. DRVN 0x00c0[11:8]:A800h
4.2.CMPON 0x3dc[30]:0h
4.1. DRVN 0x00c0[11:8]:A900h
4.2.CMPON 0x3dc[30]:0h
4.1. DRVN 0x00c0[11:8]:AA00h
4.2.CMPON 0x3dc[30]:0h
4.1. DRVN 0x00c0[11:8]:AB00h
4.2.CMPON 0x3dc[30]:40000000h
N drive:10
drvp=10,drvn=10
=============================================
X-axis: DQS Gating Window Delay (Fine Scale)
Y-axis: DQS Gating Window Delay (Coarse Scale)
=============================================
          0    8   16   24   32   40   48   56   64   72   80   88   96  104  112  120
      --------------------------------------------------------------------------------
0000:|    0    0    0    0    0    0    0    0    0    0    0    0    0    0    0    0
0001:|    0    0    0    0    0    0    0    0    0    0    0    0    0    0    0    0
0002:|    0    0    0    0    0    0    0    0    0    0    0    0    0    0    0    0
0003:|    0    0    0    0    0    0    0    0    0    0    0    0    0    0    0    0
0004:|    0    0    0    0    0    0    0    0    0    0    0    0    0    0    0    0
0005:|    0    0    0    0    0    0    0    0    0    0    0    0    0    0    0    0
0006:|    0    0    0    0    0    0    0    0    0    0    0    0    0    0    0    0
0007:|    0    0    0    0    0    0    0    0    0    0    0    0    0    0    0    0
0008:|    0    0    0    0    0    0    0    0    0    0    0    0    0    0    0    0
0009:|    0    0    0    0    0    0    0    0    0    0    0    0    0    0    0    0
000A:|    0    0    0    0    0    0    0    0    0    0    0    0    0    0    0    0
000B:|    0    0    0    0    0    0    0    0    0    0    0    0    0    0    0    0
000C:|    0    0    0    0    0    0    0    0    0    0    0    0    0    0    0    0
000D:|    0    0    0    0    0    0    0    0    0    0    0    0    0    0    0    0
000E:|    0    0    0    0    0    0    0    0    0    0    0    0    0    0    0    0
000F:|    0    0    0    0    0    0    0    0    0    0    0    0    0    0    0    0
0010:|    0    0    0    0    0    0    0    0    0    0    0    0    0    0    0    0
0011:|    0    0    0    0    0    0    0    0    0    0    0    0    0    0    0    0
0012:|    0    0    0    0    0    0    0    0    0    0    0    0    0    0    0    0
0013:|    0    0    0    0    0    0    0    0    0    0    0    0    0    0    0    0
0014:|    0    0    0    0    0    0    0    0    0    0    0    0    0    0    0    0
0015:|    0    0    0    0    0    0    0    0    0    0    0    0    0    0    1    1
0016:|    0    0    0    0    0    0    0    1    1    1    1    1    1    1    1    1
0017:|    1    1    1    1    1    1    1    1    1    1    1    1    1    1    0    0
0018:|    1    1    1    1    1    1    0    0    0    0    0    0    0    0    0    0
0019:|    0    0    0    0    0    0    0    0    0    0    0    0    0    0    0    0
001A:|    0    0    0    0    0    0    0    0    0    0    0    0    0    0    0    0
001B:|    0    0    0    0    0    0    0    0    0    0    0    0    0    0    0    0
001C:|    0    0    0    0    0    0    0    0    0    0    0    0    0    0    0    0
first_bit_idx=15, fine_idx=120, CenterDiff=52, MinCenterDiff=127, FineTuneKPt=68
first_bit_idx=11, fine_idx=88, CenterDiff=20, MinCenterDiff=52, FineTuneKPt=68
first_bit_idx=7, fine_idx=56, CenterDiff=12, MinCenterDiff=20, FineTuneKPt=68
Rank 0 coarse tune value selection : 23, 23
[fcGATING_SAME_MCK]rank0 gating record N-1, coarse = 22, fine = 88
[New Gating with FineTune Limit] opt_coarse_idx=22/23, first_bit_idx=7/0, opt_fine_idx=7/7
rank 0 coarse = 23
rank 0 fine = 56
==============================================================
    NEW DATLAT calibration 
==============================================================
DATLAT Default value = 0x8
RX Scan: DQS delay 32 
TAP=3, err_value=0xFFFFFFFF, begin=0, first=255, sum=0
RX Scan: DQS delay 32 
TAP=4, err_value=0xFFFFFFFF, begin=0, first=255, sum=0
RX Scan: DQS delay 32 
TAP=5, err_value=0xFFFFFFFF, begin=0, first=255, sum=0
RX Scan: DQS delay 32 
TAP=6, err_value=0xFFFFFFFF, begin=0, first=255, sum=0
RX Scan: DQS delay 32 
TAP=7, err_value=0xFFFFFFFF, begin=0, first=255, sum=0
RX Scan: DQS delay 4 
TAP=8, err_value=0x0, begin=1, first=8, sum=1
RX Scan: DQS delay 4 
TAP=9, err_value=0x0, begin=1, first=8, sum=2
New DATLAT with RX scan. Early Break!!
first_step=8 total pass=2 best_step=9
=============================================
X-axis: DQS Gating Window Delay (Fine Scale)
Y-axis: DQS Gating Window Delay (Coarse Scale)
=============================================
          0    8   16   24   32   40   48   56   64   72   80   88   96  104  112  120
      --------------------------------------------------------------------------------
0000:|    0    0    0    0    0    0    0    0    0    0    0    0    0    0    0    0
0001:|    0    0    0    0    0    0    0    0    0    0    0    0    0    0    0    0
0002:|    0    0    0    0    0    0    0    0    0    0    0    0    0    0    0    0
0003:|    0    0    0    0    0    0    0    0    0    0    0    0    0    0    0    0
0004:|    0    0    0    0    0    0    0    0    0    0    0    0    0    0    0    0
0005:|    0    0    0    0    0    0    0    0    0    0    0    0    0    0    0    0
0006:|    0    0    0    0    0    0    0    0    0    0    0    0    0    0    0    0
0007:|    0    0    0    0    0    0    0    0    0    0    0    0    0    0    0    0
0008:|    0    0    0    0    0    0    0    0    0    0    0    0    0    0    0    0
0009:|    0    0    0    0    0    0    0    0    0    0    0    0    0    0    0    0
000A:|    0    0    0    0    0    0    0    0    0    0    0    0    0    0    0    0
000B:|    0    0    0    0    0    0    0    0    0    0    0    0    0    0    0    0
000C:|    0    0    0    0    0    0    0    0    0    0    0    0    0    0    0    0
000D:|    0    0    0    0    0    0    0    0    0    0    0    0    0    0    0    0
000E:|    0    0    0    0    0    0    0    0    0    0    0    0    0    0    0    0
000F:|    0    0    0    0    0    0    0    0    0    0    0    0    0    0    0    0
0010:|    0    0    0    0    0    0    0    0    0    0    0    0    0    0    0    0
0011:|    0    0    0    0    0    0    0    0    0    0    0    0    0    0    0    0
0012:|    0    0    0    0    0    0    0    0    0    0    0    0    0    0    0    0
0013:|    0    0    0    0    0    0    0    0    0    0    0    0    0    0    0    0
0014:|    0    0    0    0    0    0    0    0    0    0    0    0    0    0    0    0
0015:|    0    0    0    0    0    0    0    0    0    0    0    0    0    0    0    0
0016:|    0    0    0    0    0    0    0    0    1    1    1    1    1    1    1    1
0017:|    0    1    1    1    1    1    1    1    1    1    1    1    1    1    1    0
0018:|    1    1    1    1    1    1    1    0    0    0    0    0    0    0    0    0
0019:|    0    0    0    0    0    0    0    0    0    0    0    0    0    0    0    0
001A:|    0    0    0    0    0    0    0    0    0    0    0    0    0    0    0    0
001B:|    0    0    0    0    0    0    0    0    0    0    0    0    0    0    0    0
001C:|    0    0    0    0    0    0    0    0    0    0    0    0    0    0    0    0
first_bit_idx=12, fine_idx=96, CenterDiff=28, MinCenterDiff=127, FineTuneKPt=68
first_bit_idx=8, fine_idx=64, CenterDiff=4, MinCenterDiff=28, FineTuneKPt=68
first_bit_idx=3, fine_idx=24, CenterDiff=44, MinCenterDiff=4, FineTuneKPt=68
Rank 1 coarse tune value selection : 23, 23
[fcGATING_SAME_MCK]rank1 gating record N-1, coarse = 22, fine = 96
[New Gating with FineTune Limit] opt_coarse_idx=22/23, first_bit_idx=8/1, opt_fine_idx=8/8
rank 1 coarse = 23
rank 1 fine = 64
==============================================================
    NEW DATLAT calibration 
==============================================================
DATLAT Default value = 0x9
RX Scan: DQS delay 32 
TAP=3, err_value=0xFFFFFFFF, begin=0, first=255, sum=0
RX Scan: DQS delay 32 
TAP=4, err_value=0xFFFFFFFF, begin=0, first=255, sum=0
RX Scan: DQS delay 32 
TAP=5, err_value=0xFFFFFFFF, begin=0, first=255, sum=0
RX Scan: DQS delay 32 
TAP=6, err_value=0xFFFFFFFF, begin=0, first=255, sum=0
RX Scan: DQS delay 32 
TAP=7, err_value=0xFFFFFFFF, begin=0, first=255, sum=0
RX Scan: DQS delay 4 
TAP=8, err_value=0x0, begin=1, first=8, sum=1
RX Scan: DQS delay 4 
TAP=9, err_value=0x0, begin=1, first=8, sum=2
New DATLAT with RX scan. Early Break!!
first_step=8 total pass=2 best_step=9
DQS loop = 15, cmp_err_1 = 9E0016 
DQS loop = 14, cmp_err_1 = 1E0002 
DQS loop = 13, cmp_err_1 = 60000 
DQS loop = 12, cmp_err_1 = 20000 
DQS loop = 11, cmp_err_1 = 0 
DQS loop = 10, cmp_err_1 = 0 
DQS loop = 9, cmp_err_1 = 0 
DQS loop = 8, cmp_err_1 = 0 
DQS loop = 7, cmp_err_1 = 0 
DQS loop = 6, cmp_err_1 = 0 
DQS loop = 5, cmp_err_1 = 0 
DQS loop = 4, cmp_err_1 = 0 
DQS loop = 3, cmp_err_1 = 0 
DQS loop = 2, cmp_err_1 = 0 
DQS loop = 1, cmp_err_1 = 0 
DQS loop = 0, cmp_err_1 = 0 
DQ loop=15, cmp_err_1 = 0
DQ loop=14, cmp_err_1 = 0
DQ loop=13, cmp_err_1 = 0
DQ loop=12, cmp_err_1 = 0
DQ loop=11, cmp_err_1 = 0
DQ loop=10, cmp_err_1 = 0
DQ loop=9, cmp_err_1 = 0
DQ loop=8, cmp_err_1 = 0
DQ loop=7, cmp_err_1 = 0
DQ loop=6, cmp_err_1 = 0
DQ loop=5, cmp_err_1 = 0
DQ loop=4, cmp_err_1 = 0
DQ loop=3, cmp_err_1 = 0
DQ loop=2, cmp_err_1 = 0
DQ loop=1, cmp_err_1 = 0
DQ loop=0, cmp_err_1 = 0
byte:0, (DQS,DQ)=(0,1)
byte:1, (DQS,DQ)=(0,0)
byte:2, (DQS,DQ)=(0,2)
byte:3, (DQS,DQ)=(0,0)
[fcGATING_SAME_MCK]Rand 0/1 MCK coarse tune are the same!!
[EMI] DRAMC calibration passed

[DRAM] DFS rank0 coarse fine : 23 56, rank1 coarse fine :23 64
DFS could not be enable
[MEM] complex R/W mem test pass
RGU rgu_dram_reserved:MTK_WDT_MODE(22000010)
[Dram_Buffer] dram_buf_t size: 0x19C4C0 
[Dram_Buffer] part_hdr_t size: 0x200 
[Dram_Buffer] sizeof(boot_arg_t): 0x168 
[Dram_Buffer] g_dram_buf start addr: 0x42000000 
[Dram_Buffer] g_dram_buf->msdc_gpd_pool start addr: 0x4219C400 
[Dram_Buffer] g_dram_buf->msdc_bd_pool start addr: 0x4219C440 
RAM_CONSOLE sram(0x12C000) sig (0x0)  mismatch
RAM_CONSOLE start: 0x43F00000, size: 0x10000, sig: 0x43070240
RAM_CONSOLE wdt status (0x43F00040)=0x0
[PLFM] Init Boot Device: OK(0)
Enter mtk_kpd_gpio_set! 
mtk detect key function pmic_detect_homekey MTK_PMIC_RST_KEY = 17
pl pmic FCHRKEY Release
0:dram_rank_size:40000000
1:dram_rank_size:40000000
0:dram_rank_size:40000000
1:dram_rank_size:40000000
orig_dram_info[0] start: 0x0000000040000000, size: 0x0000000040000000
orig_dram_info[1] start: 0x0000000080000000, size: 0x0000000040000000
CUSTOM_CONFIG_MAX_DRAM_SIZE: 0x0000000100000000
total_dram_size: 0x0000000080000000, max_dram_size: 0x0000000100000000
[GPT_PL]Parsing Primary GPT now...
[GPT_PL][0]name=proinfo, part_id=8, start_sect=0x400, nr_sects=0x1800
[GPT_PL][1]name=nvram, part_id=8, start_sect=0x1C00, nr_sects=0x2800
[GPT_PL][2]name=protect1, part_id=8, start_sect=0x4400, nr_sects=0x5000
[GPT_PL][3]name=protect2, part_id=8, start_sect=0x9400, nr_sects=0x5000
[GPT_PL][4]name=lk, part_id=8, start_sect=0xE400, nr_sects=0x400
[GPT_PL][5]name=para, part_id=8, start_sect=0xE800, nr_sects=0x400
[GPT_PL][6]name=boot, part_id=8, start_sect=0xEC00, nr_sects=0x8000
[GPT_PL][7]name=recovery, part_id=8, start_sect=0x16C00, nr_sects=0x8000
[GPT_PL][8]name=logo, part_id=8, start_sect=0x1EC00, nr_sects=0x4000
[GPT_PL][9]name=expdb, part_id=8, start_sect=0x22C00, nr_sects=0x5000
[GPT_PL][10]name=seccfg, part_id=8, start_sect=0x27C00, nr_sects=0x400
[GPT_PL][11]name=oemkeystore, part_id=8, start_sect=0x28000, nr_sects=0x1000
[GPT_PL][12]name=secro, part_id=8, start_sect=0x29000, nr_sects=0x3000
[GPT_PL][13]name=keystore, part_id=8, start_sect=0x2C000, nr_sects=0x4000
[GPT_PL][14]name=tee1, part_id=8, start_sect=0x30000, nr_sects=0x2800
[GPT_PL][15]name=tee2, part_id=8, start_sect=0x32800, nr_sects=0x2800
[GPT_PL][16]name=frp, part_id=8, start_sect=0x35000, nr_sects=0x800
[GPT_PL][17]name=nvdata, part_id=8, start_sect=0x35800, nr_sects=0x10000
[GPT_PL][18]name=metadata, part_id=8, start_sect=0x45800, nr_sects=0x12800
[GPT_PL][19]name=system, part_id=8, start_sect=0x58000, nr_sects=0x500000
[GPT_PL][20]name=cache, part_id=8, start_sect=0x558000, nr_sects=0xC8000
[GPT_PL][21]name=userdata, part_id=8, start_sect=0x620000, nr_sects=0x1400000
[GPT_PL][22]name=ivres, part_id=8, start_sect=0x1A20000, nr_sects=0x190000
[GPT_PL][23]name=resources, part_id=8, start_sect=0x1BB0000, nr_sects=0x1E85C00
[GPT_PL][24]name=flashinfo, part_id=8, start_sect=0x3A35C00, nr_sects=0x8000
[GPT_PL]Success to find valid GPT.

[PART] blksz: 512B
[PART] [0x0000000000080000-0x000000000037FFFF] "proinfo" (6144 blocks) 
[PART] [0x0000000000380000-0x000000000087FFFF] "nvram" (10240 blocks) 
[PART] [0x0000000000880000-0x000000000127FFFF] "protect1" (20480 blocks) 
[PART] [0x0000000001280000-0x0000000001C7FFFF] "protect2" (20480 blocks) 
[PART] [0x0000000001C80000-0x0000000001CFFFFF] "lk" (1024 blocks) 
[PART] [0x0000000001D00000-0x0000000001D7FFFF] "para" (1024 blocks) 
[PART] [0x0000000001D80000-0x0000000002D7FFFF] "boot" (32768 blocks) 
[PART] [0x0000000002D80000-0x0000000003D7FFFF] "recovery" (32768 blocks) 
[PART] [0x0000000003D80000-0x000000000457FFFF] "logo" (16384 blocks) 
[PART] [0x0000000004580000-0x0000000004F7FFFF] "expdb" (20480 blocks) 
[PART] [0x0000000004F80000-0x0000000004FFFFFF] "seccfg" (1024 blocks) 
[PART] [0x0000000005000000-0x00000000051FFFFF] "oemkeystore" (4096 blocks) 
[PART] [0x0000000005200000-0x00000000057FFFFF] "secro" (12288 blocks) 
[PART] [0x0000000005800000-0x0000000005FFFFFF] "keystore" (16384 blocks) 
[PART] [0x0000000006000000-0x00000000064FFFFF] "tee1" (10240 blocks) 
[PART] [0x0000000006500000-0x00000000069FFFFF] "tee2" (10240 blocks) 
[PART] [0x0000000006A00000-0x0000000006AFFFFF] "frp" (2048 blocks) 
[PART] [0x0000000006B00000-0x0000000008AFFFFF] "nvdata" (65536 blocks) 
[PART] [0x0000000008B00000-0x000000000AFFFFFF] "metadata" (75776 blocks) 
[PART] [0x000000000B000000-0x00000000AAFFFFFF] "system" (5242880 blocks) 
[PART] [0x00000000AB000000-0x00000000C3FFFFFF] "cache" (819200 blocks) 
[PART] [0x00000000C4000000-0x0000000343FFFFFF] "userdata" (20971520 blocks) 
[PART] [0x0000000344000000-0x0000000375FFFFFF] "ivres" (1638400 blocks) 
[PART] [0x0000000376000000-0x0000000746B7FFFF] "resources" (32005120 blocks) 
[PART] [0x0000000746B80000-0x0000000747B7FFFF] "flashinfo" (32768 blocks) 
[ROM_INFO] 'v2','0x0','0x0','0x0','0x2C00'
[SEC_K] SML KEY AC = 0
[SEC_K] SBC_PUBK Found
[SEC] AES Legacy : 0
[SEC] SECCFG AC : 1

[LIB] Loading SEC config
[LIB] Name = 
[LIB] Config = 0x22, 0x22
[LIB] SECRO (ac, ac_offset, ac_length) = (0x1, 0x40, 0x40)
0x31,0x41,0x35,0x35
[SEC] DBGPORT (0 1)


[SEC] read '0x4F80000'
0x0,0x0,0x0,0x0,0x0,0x0,0x0,0x0,
[LIB] CFG read size '0x2000' '0x1860'
0x0
[LIB] HW DEC
0xFB48BC49
[LIB] SEC CFG doesn't exist
[SEC] init fail '0x3000'
[LIB] seccfg magic is incorrect
[pmic_IsUsbCableIn] 1
step A2 : Standard USB Host!

[PLFM] USB cable in
[TOOL] USB enum timeout (Yes), handshake timeout(Yes)
[USBD] USB Full Speed
[TOOL] Enumeration(Start)
[USBD] USB High Speed
[USBD] USB High Speed
[TOOL] Enumeration(End): OK 326ms 
[TOOL] : usb listen timeout
[TOOL] <USB> cannot detect tools!
[LIB] NS-CHIP
[SBC] Don't check

Device APC domain init setup:

Domain Setup (0x0)
Domain Setup (0x0)
Domain Setup (0x0)
Device APC domain after setup:
Domain Setup (0x0)
Domain Setup (0x1020000)
Domain Setup (0x600500)
GCPU Enhance
warning: size is not 2MB aligned
mblock[0].start: 0x0000000040000000, sz: 0x0000000040000000, limit: 0x0000000100000000, max_addr: 0x0000000000000000, max_rank: 1, target: -1, mblock[].rank: 0
mblock_reserve dbg[0]: 1, 1, 1, 1
mblock[1].start: 0x0000000080000000, sz: 0x0000000040000000, limit: 0x0000000100000000, max_addr: 0x0000000080000000, max_rank: 1, target: 0, mblock[].rank: 1
mblock_reserve dbg[1]: 1, 1, 1, 1
mblock_reserve: 00000000BFFC0000 - 00000000C0000000 from mblock 1
[PART] Image with part header
[PART] name : LK
[PART] addr : FFFFFFFFh mode : -1
[PART] size : 316908
[PART] magic: 58881688h

[PART] load "lk" from 0x0000000001C80200 (dev) to 0x41E00000 (mem) [SUCCESS]
[PART] load speed: 28133KB/s, 316908 bytes, 11ms
[PART] Image with part header
[PART] name : ATF
[PART] addr : FFFFFFFFh mode : 0
[PART] size : 60416
[PART] magic: 58881688h

[PART] load "tee1" from 0x0000000006000200 (dev) to 0x43000DC0 (mem) [SUCCESS]
[PART] load speed: 19666KB/s, 60416 bytes, 3ms
[TZ_INIT] tee_verify_image : passed
[BLDR] bldr load tee part ret=0x0, addr=0x43001000
[BLDR] part_load_raw_part ret=0x0
[BLDR] part_load_images ret=0x0
[PLFM],64S3,boot_opt=0x0
[PLFM],32N2,boot_opt=0x6
[PLFM],64N2,boot_opt=0x4

[PLFM] boot to LK by ATAG.
boot reason: 0
boot mode: 0
META COM0: 0
rank[0] size: 0x40000000
rank[1] size: 0x3FFC0000
tee reserved mem: 0x00000000BFFC0000, 0x0000000000040000
md_type[0]: 0x0
md_type[1]: 0x0
boot time: 4943
DDR reserve mode: enable = 0, success = 0
dram buffer size: 1688768
[PTP][preloader]first_volt = 0x68
[PTP][preloader]second_volt = 0x50
[PTP][preloader]third_volt = 0x48
[PTP][preloader]have_550 = 0x0
SMC: 0x0
LK: 0x6
KERNEL: 0x4
NONSEC SRAM Addr: 0x12C000
NONSEC SRAM Size: 0x4000
[TZ_INIT] hwuid[0] : 0xA0000000
[TZ_INIT] hwuid[1] : 0x12000000
[TZ_INIT] hwuid[2] : 0x7BBF73DF
[TZ_INIT] hwuid[3] : 0xF754F7CF
[TZ_INIT] HRID[0] : 0xB7059C10
[TZ_INIT] HRID[1] : 0x1A48C08A
[TZ_INIT] atf_log_port : 0x11002000
[TZ_INIT] atf_log_baudrate : 0xE1000
[TZ_INIT] atf_irq_num : 281
[TZ_INIT] ATF log buffer start : 0xBFFC0000
[TZ_INIT] ATF log buffer size : 0x40000
[TZ_INIT] ATF aee buffer start : 0xBFFFC000
[TZ_INIT] ATF aee buffer size : 0x4000
[BLDR] Others, jump to ATF

[BLDR] jump to 0x41E00000
[BLDR] <0x41E00000>=0xEA000007
[BLDR] <0x41E00004>=0xEA005F0B
[TZ_SEC_CFG] SRAMROM Secure Addr 0x2C000
[TZ_SEC_CFG] SRAMROM Secure Control 0x0
[TZ_SEC_CFG] SRAMROM Secure Control 0xB69
[TZ_SEC_CFG] SRAMROM Secure Control 0x1B680B69
[TZ_INIT] ATF entry addr, aligned addr : 0x43001000, 0x43000000
[TZ_EMI_MPU] MPU [0x43000000-0x4302FFFF]
[TZ_INIT] set secure memory protection : 0x43000000, 0x4302FFFF (1)
[TZ_INIT] Jump to ATF, then 0x41E00000
[ATF][     0.000000]BL33 boot argument location=0x4219c480
[ATF][     0.000000]BL33 boot argument size=0x168
[ATF][     0.000000]BL33 start addr=0x41e00000
[ATF][     0.000000]teearg addr=0x101000
[ATF][     0.000000]atf_magic=0x4d415446
[ATF][     0.000000]tee_support=0x0
[ATF][     0.000000]tee_entry=0x0
[ATF][     0.000000]tee_boot_arg_addr=0x101100
[ATF][     0.000000]atf_log_port=0x11002000
[ATF][     0.000000]atf_log_baudrate=0xe1000
[ATF][     0.000000]atf_log_buf_start=0xbffc0000
[ATF][     0.000000]atf_log_buf_size=0x40000
[ATF][     0.000000]atf_aee_debug_buf_start=0xbfffc000
[ATF][     0.000000]atf_aee_debug_buf_size=0x4000
[ATF][     0.000000]atf_irq_num=281
[ATF][     0.000000]BL33_START_ADDRESS=0x41e00000
[ATF][     0.000000]atf chip_code[321]
[ATF][     0.000000]atf chip_ver[0]
[ATF][     0.000000]###@@@ MP0_MISC_CONFIG3:0x00000000 @@@###
[ATF][     0.000000]###@@@ MP0_MISC_CONFIG3:0x0000e000 @@@###
[ATF][     0.000000]mmap atf buffer : 0xbffc0000, 0x40000
[ATF][     0.000000]mmap atf buffer (force 2MB aligned): 0xbfe00000, 0x200000
NOTICE:  BL3-1: v1.0(debug):b900de5
NOTICE:  BL3-1: Built : 20:00:16, Mar  6 2019
[ATF][     0.000000]sta=0x0 int=0xffc
[ATF][     0.000000]is_power_on_boot: true
[ATF][     0.000000]mt_log_setup - atf_buf_addr : 0xbffc0100
[ATF][     0.000000]mt_log_setup - atf_buf_size : 0x2bf00
[ATF][     0.000000]mt_log_setup - atf_write_pos : 0xbffc0100
[ATF][     0.000000]mt_log_setup - atf_read_pos : 0xbffc0100
[ATF][     0.000000]mt_log_setup - atf_buf_lock : 0x0
[ATF][     0.000000]mt_log_setup - mt_log_buf_end : 0xbffebfff
[ATF][     0.000000]mt_log_setup - ATF_CRASH_LAST_LOG_SIZE : 0x8000
[ATF][     0.000000]mt_log_setup - ATF_EXCEPT_BUF_SIZE_PER_CPU : 0x1000
[ATF][     0.000000]mt_log_setup - ATF_EXCEPT_BUF_SIZE : 0x8000
[ATF][     0.000000]mt_log_setup - PLATFORM_CORE_COUNT : 0x8
[ATF][     0.000000]mt_log_setup - atf_except_write_pos_per_cpu[0]: 0xbfff4000
[ATF][     0.000000]mt_log_setup - atf_except_write_pos_per_cpu[1]: 0xbfff5000
[ATF][     0.000000]mt_log_setup - atf_except_write_pos_per_cpu[2]: 0xbfff6000
[ATF][     0.000000]mt_log_setup - atf_except_write_pos_per_cpu[3]: 0xbfff7000
[ATF][     0.000000]mt_log_setup - atf_except_write_pos_per_cpu[4]: 0xbfff8000
[ATF][     0.000000]mt_log_setup - atf_except_write_pos_per_cpu[5]: 0xbfff9000
[ATF][     0.000000]mt_log_setup - atf_except_write_pos_per_cpu[6]: 0xbfffa000
[ATF][     0.000000]mt_log_setup - atf_except_write_pos_per_cpu[7]: 0xbfffb000
[ATF][     0.000000]mt_log_setup - atf_crash_flag : 0x0
[ATF][     0.000000]mt_log_setup - atf_crash_log_addr : 0x0
[ATF][     0.000000]mt_log_setup - atf_crash_log_size : 0x0
[ATF][     0.000000]ATF log service is registered (0xbffc0000, aee:0xbfffc000)
[ATF][     0.000000]BL3-1: v1.0(debug):b900de5
[ATF][     0.000000]BL3-1: Built : 20:00:16, Mar  6 2019
INFO:    BL3-1: Initializing runtime services
[ATF][     0.000000][BL31] Jump to FIQD for initialization!
INFO:    BL3-1: Preparing for EL3 exit to normal world, LK
INFO:    BL3-1: Next image address = 0x41e00000
INFO:    BL3-1: Next image spsr = 0x1d3
[ATF][     0.000000][BL31] Final dump!
[0] kernel_boot_opt=4
[0] 64Bit Kernel
[0] WDT NONRST=0x20000000 
[0] [pmic_init] LK Start..................
[0] [pmic_init] MT6325 CHIP Code = 0x2820
[0] [pmic_init] Done
[10] platform_init()
[20] [mmc_init]: msdc0 start mmc_init_host() in LK...
[20] [msdc_init]: msdc0 Host controller intialization start 
[20] [MSDC] config VEMC to 3V in lk
[20] [SD0] Pins mode(1), none(0), down(1), up(2), keep(3)
[20] [SD0] Pins mode(2), none(0), down(1), up(2), keep(3)
[20] [MSDC] config VEMC to 3V in lk
[20] [info][msdc_set_startbit 1248] read data start bit at rising edge
[20] [info][msdc_config_clksrc] input clock is 400000kHz
[20] [SD0] Bus Width: 1
[20] [info][msdc_config_clksrc] input clock is 400000kHz
[20] [info][msdc_set_startbit 1248] read data start bit at rising edge
[20] [SD0] SET_CLK(260kHz): SCLK(259kHz) MODE(0) DDR(0) DIV(385) DS(0) RS(0)
[20] [msdc_init]: msdc0 Host controller intialization done
[20] [mmc_init]: msdc0 start mmc_init_card()in LK...
[20] [mmc_init_card]: start
[140] [info][msdc_config_clksrc] input clock is 400000kHz
[140] [info][msdc_set_startbit 1248] read data start bit at rising edge
[140] [SD0] SET_CLK(260kHz): SCLK(259kHz) MODE(0) DDR(0) DIV(385) DS(0) RS(0)
[140] [SD0] Bus Width: 8
[160] [SD0] Switch to High-Speed mode!
[160] [SD0] Size: 29820 MB, Max.Speed: 52000 kHz, blklen(512), nblks(61071360), ro(0)
[160] [mmc_init_mem_card 3240][SD0] Initialized, eMMC50
[160] before host->cur_bus_clk(259740)
[160] [info][msdc_config_clksrc] input clock is 400000kHz
[160] [info][msdc_set_startbit 1248] read data start bit at rising edge
[160] [SD0] SET_CLK(52000kHz): SCLK(50000kHz) MODE(0) DDR(0) DIV(2) DS(0) RS(0)
[160] host->cur_bus_clk(50000000)
[180] [mmc_init_card]: finish successfully
[180] [mt_part_register_device]
[180] [GPT_LK]Parsing Primary GPT now...
[180] [GPT_LK][0]name=proinfo, part_id=8, start_sect=0x400, nr_sects=0x1800
[180] [GPT_LK][1]name=nvram, part_id=8, start_sect=0x1c00, nr_sects=0x2800
[180] [GPT_LK][2]name=protect1, part_id=8, start_sect=0x4400, nr_sects=0x5000
[180] [GPT_LK][3]name=protect2, part_id=8, start_sect=0x9400, nr_sects=0x5000
[180] [GPT_LK][4]name=lk, part_id=8, start_sect=0xe400, nr_sects=0x400
[180] [GPT_LK][5]name=para, part_id=8, start_sect=0xe800, nr_sects=0x400
[180] [GPT_LK][6]name=boot, part_id=8, start_sect=0xec00, nr_sects=0x8000
[180] [GPT_LK][7]name=recovery, part_id=8, start_sect=0x16c00, nr_sects=0x8000
[180] [GPT_LK][8]name=logo, part_id=8, start_sect=0x1ec00, nr_sects=0x4000
[200] [GPT_LK][9]name=expdb, part_id=8, start_sect=0x22c00, nr_sects=0x5000
[200] [GPT_LK][10]name=seccfg, part_id=8, start_sect=0x27c00, nr_sects=0x400
[200] [GPT_LK][11]name=oemkeystore, part_id=8, start_sect=0x28000, nr_sects=0x1000
[200] [GPT_LK][12]name=secro, part_id=8, start_sect=0x29000, nr_sects=0x3000
[200] [GPT_LK][13]name=keystore, part_id=8, start_sect=0x2c000, nr_sects=0x4000
[200] [GPT_LK][14]name=tee1, part_id=8, start_sect=0x30000, nr_sects=0x2800
[200] [GPT_LK][15]name=tee2, part_id=8, start_sect=0x32800, nr_sects=0x2800
[200] [GPT_LK][16]name=frp, part_id=8, start_sect=0x35000, nr_sects=0x800
[200] [GPT_LK][17]name=nvdata, part_id=8, start_sect=0x35800, nr_sects=0x10000
[200] [GPT_LK][18]name=metadata, part_id=8, start_sect=0x45800, nr_sects=0x12800
[200] [GPT_LK][19]name=system, part_id=8, start_sect=0x58000, nr_sects=0x500000
[200] [GPT_LK][20]name=cache, part_id=8, start_sect=0x558000, nr_sects=0xc8000
[220] [GPT_LK][21]name=userdata, part_id=8, start_sect=0x620000, nr_sects=0x1400000
[220] [GPT_LK][22]name=ivres, part_id=8, start_sect=0x1a20000, nr_sects=0x190000
[220] [GPT_LK][23]name=resources, part_id=8, start_sect=0x1bb0000, nr_sects=0x1e85c00
[220] [GPT_LK][24]name=flashinfo, part_id=8, start_sect=0x3a35c00, nr_sects=0x8000
[220] [GPT_LK]Success to find valid GPT.
[220] [SD0] boot device found
[220] [PART_LK][get_part] para
[LK_ENV] device data sig mismatch
[220] [PART_LK][get_part] para
[LK_ENV]ENV initialize sucess
[LK_ENV]env:
data_free_size_th=52428800
[LK_ENV] device data valid: 0
[220] [GPIO_LK] set device type: 0
[220] [DISP]func|disp_lcm_probe
[220] [DISP]func|_display_interface_path_init
[240] [DISPCHECK]dpmgr create path SUCCESS(0x41e51ed8)
[240] [DISPCHECK]dpmgr set dst module FINISHED(dsi0 )
[240] [DISP]func|ddp_dsi_init
[240] [DISPCHECK]dsi0 init finished
[240] [DISP]func|ddp_dsi_config
[240] [DISPCHECK][DDPDSI] DSI Mode: SYNC_PULSE_VDO_MODE
[240] [DISPCHECK][DDPDSI] LANE_NUM: 4,data_format: 0,vertical_sync_active: 0
[240] [DISPCHECK][DDPDSI] vact: 2, vbp: 5, vfp: 29, vact_line: 720, hact: 16, hbp: 24, hfp: 24, hblank: 0, hblank: 1105583372
[240] [DISPCHECK][DDPDSI] pll_select: 0, pll_div1: 0, pll_div2: 0, fbk_div: 0,fbk_sel: 0, rg_bir: 0
[240] [DISPCHECK][DDPDSI] rg_bic: 0, rg_bp: 0, PLL_CLOCK: 301, dsi_clock: 0, ssc_range: 0,	ssc_disable: 0, compatibility_for_nvk: 0, cont_clock: 1
[240] [DISPCHECK][DDPDSI] lcm_ext_te_enable: 0, noncont_clock: 0, noncont_clock_period: 0
[240] [DISP]func|DSI_PHY_clk_setting
[240] [DISP][mipitx/reg]0x14017044=0x88492481
[240] [DISP][mipitx/reg]0x14017044=0x88492483
[260] [DISP][mipitx/reg]0x14017040=0x00000082
[260] [DISP][mipitx/reg]0x14017000=0x00000402
[260] [DISP][mipitx/reg]0x14017000=0x00000403
[260] [DISP][mipitx/reg]0x14017068=0x00000003
[260] [DISP][mipitx/reg]0x14017068=0x00000101
[260] [DISP][mipitx/reg]0x14017050=0x00000000
[260] [DISP][mipitx/reg]0x14017050=0x00000000
[260] [DISP][mipitx/reg]0x14017050=0x00000000
[260] [DISP][mipitx/reg]0x14017054=0x00000003
[260] [DISP][mipitx/reg]0x14017058=0x2e000000
[260] [DISP][mipitx/reg]0x14017058=0x2e4e0000
[260] [DISP][mipitx/reg]0x14017058=0x2e4ec400
[260] [DISP][mipitx/reg]0x14017058=0x2e4ec4ec
[260] [DISP][mipitx/reg]0x14017054=0x00000003
[260] [DISP][mipitx/reg]0x14017054=0x01b10003
[260] [DISP][mipitx/reg]0x1401705c=0x05790000
[260] [DISP][mipitx/reg]0x1401705c=0x05790579
[260] [DISP][dsi_drv.c] PLL config:data_rate=602,txdiv=1,pcw=776914156,delta1=5,pdelta1=0x579
[280] [DISP][mipitx/reg]0x14017054=0x01b10007
[280] [DISP][mipitx/reg]0x14017004=0x00000821
[280] [DISP][mipitx/reg]0x14017008=0x00000401
[280] [DISP][mipitx/reg]0x1401700c=0x00000101
[280] [DISP][mipitx/reg]0x14017010=0x00000101
[280] [DISP][mipitx/reg]0x14017014=0x00000101
[280] [DISP][mipitx/reg]0x14017050=0x00000001
[280] [DISP][mipitx/reg]0x14017060=0x00000000
[280] [DISP][mipitx/reg]0x14017060=0x00000001
[280] [DISP][mipitx/reg]0x14017040=0x00000082
[280] DISP/[DISP] - kernel - DSI_PHY_TIMCONFIG, Cycle Time = 14(ns), Unit Interval = 2(ns). , lane# = 4 
[280] DISP/[DISP] - kernel - DSI_PHY_TIMCONFIG, HS_TRAIL = 6, HS_ZERO = 10, HS_PRPR = 5, LPX = 5, TA_GET = 25, TA_SURE = 7, TA_GO = 20, CLK_TRAIL = 7, CLK_ZERO = 28, CLK_HS_PRPR = 4 
[280] [DISP]func|_display_interface_path_deinit
[280] [DISPCHECK]dsi0 init finished
[280] [DISP][mipitx/reg]0x14017084=0x00000001
[280] [DISP][mipitx/reg]0x14017084=0x00000003
[300] [DISP][mipitx/reg]0x14017084=0x00000013
[300] [DISP][mipitx/reg]0x14017084=0x00000033
[300] [DISP][mipitx/reg]0x14017084=0x00000033
[300] [DISP][mipitx/reg]0x14017084=0x00000033
[300] [DISP][mipitx/reg]0x14017084=0x00000133
[300] [DISP][mipitx/reg]0x14017084=0x00000333
[300] [DISP][mipitx/reg]0x14017084=0x00010333
[300] [DISP][mipitx/reg]0x14017084=0x00020333
[300] [DISP][mipitx/reg]0x14017084=0x00100333
[300] [DISP][mipitx/reg]0x14017084=0x00200333
[300] [DISP][mipitx/reg]0x14017080=0x00000001
[300] [DISP][mipitx/reg]0x14017050=0x00000000
[300] [DISP][mipitx/reg]0x14017064=0x00000020
[300] [DISP][mipitx/reg]0x14017040=0x00000882
[300] [DISP][mipitx/reg]0x14017004=0x00000820
[300] [DISP][mipitx/reg]0x14017008=0x00000400
[300] [DISP][mipitx/reg]0x1401700c=0x00000100
[310] [DISP][mipitx/reg]0x14017010=0x00000100
[320] [DISP][mipitx/reg]0x14017014=0x00000100
[320] [DISP][mipitx/reg]0x14017068=0x00000103
[320] [DISP][mipitx/reg]0x14017068=0x00000102
[320] [DISP][mipitx/reg]0x14017040=0x00000880
[320] [DISP][mipitx/reg]0x14017000=0x00000401
[320] [DISP][mipitx/reg]0x14017000=0x00000400
[320] [DISP][mipitx/reg]0x14017044=0x88492481
[320] [DISP][mipitx/reg]0x14017044=0x88492480
[320] [DISP][mipitx/reg]0x14017050=0x00000000
[320] [DISP][mipitx/reg]0x14017050=0x00000000
[320] [DISP][mipitx/reg]0x14017050=0x00000000
[320] [DISP][mipitx/reg]0x14017050=0x00000000
[320] [DISP][mipitx/reg]0x14017054=0x00000000
[320] [DISP][mipitx/reg]0x14017058=0x50000000
[320] [DISP][mipitx/reg]0x14017080=0x00000000
[320] [DISPCHECK]******** dump lcm driver information ********
[320] [DISPCHECK][LCM], name: cpt_clap070wp03xg_sn65dsi83_ti947
[340] [DISPCHECK][LCM] resolution: 1920 x 720
[340] [DISPCHECK][LCM] physical size: 0 x 0
[340] [DISPCHECK][LCM] physical size: 0 x 0
[340] [DISPCHECK][LCM] lcm_if:0, cmd_if:0
[340] [DISPCHECK][LCM] interface: unknown
[340] [DISPCHECK][LCM] Type: DSI
[340] [DISPCHECK][LCM] DSI Mode: SYNC_PULSE_VDO_MODE
[340] [DISPCHECK][LCM] LANE_NUM: 4,data_format: 0,vertical_sync_active: 0
[340] [DISPCHECK][LCM] vact: 2, vbp: 5, vfp: 29, vact_line: 720, hact: 16, hbp: 24, hfp: 24, hblank: 0, hblank: 1105515200
[340] [DISPCHECK][LCM] pll_select: 0, pll_div1: 0, pll_div2: 0, fbk_div: 0,fbk_sel: 0, rg_bir: 0
[340] [DISPCHECK][LCM] rg_bic: 0, rg_bp: 0,	PLL_CLOCK: 301, dsi_clock: 0, ssc_range: 0,	ssc_disable: 0, compatibility_for_nvk: 0, cont_clock: 1
[340] [DISPCHECK][LCM] lcm_ext_te_enable: 0, noncont_clock: 0, noncont_clock_period: 0
[340] [DISP]lcm handle is null, after probe:0x41e52444
[360] [DISP]^^ DISP_GetVRamSize: 19726336 bytes
[360] warning: size is not 2MB aligned
[360] mblock[0].start: 0x40000000, sz: 0x40000000, limit: 0x100000000, max_addr: 0x0, max_rank: 1, target: -1, mblock[].rank: 0
[360] mblock_reserve dbg[0]: 1, 1, 1, 1
[360] mblock[1].start: 0x80000000, sz: 0x3ffc0000, limit: 0x100000000, max_addr: 0x80000000, max_rank: 1, target: 0, mblock[].rank: 1
[360] mblock_reserve dbg[1]: 1, 1, 1, 1
[360] mblock_reserve: becf0000 - bffc0000 from mblock 1
[360] FB base = 0xbecf0000, FB size = 19726336
[360] fb_va: 0xbecf0000, fb_pa: 0xbecf0000, fb_pa_k: 0xbecf0000
[360] [DISP]func|primary_display_init
[LK_ENV]get_env DFO
[360] [DISP]env buffer = <null>
[360] [DISP]env buffer = NULL
[360] [DISP]LCM_FAKE_WIDTH = [DEC]0 [HEX]0x00000000
[360] [DISP]LCM_FAKE_HEIGHT = [DEC]0 [HEX]0x00000000
[360] [DISP]LCM Resolution will be changed, original: 1920x720, now: 0x0
[360] [DISP]ERROR:Invalid resolution: 0x0
[380] [DISP]ERROR:[DISP_DFO]WARNING!!! Change LCM Resolution FAILED!!!
[380] [DISPCHECK]disp_lcm_probe SUCCESS
[380] [DISP]func|disp_lcm_get_params
[380] [DISP]func|_build_path_direct_link
[380] [DISPCHECK]dpmgr create path SUCCESS(0x41e51ed8)
[380] [DISPCHECK]dpmgr set dst module FINISHED(dsi0 )
[380] [DISPCHECK]primary display is DIRECT LINK MODE
[380] [DISPCHECK]primary display BUILD cmdq trigger loop finished
[380] [DISPCHECK]primary display START cmdq trigger loop finished
[380] [DISP]func|disp_lcm_is_video_mode
[380] [DISP]func|ddp_dsi_init
[380] [DISPCHECK]dsi0 init finished
[380] [DISP]func|ddp_dsi_config
[380] [DISPCHECK][DDPDSI] DSI Mode: SYNC_PULSE_VDO_MODE
[380] [DISPCHECK][DDPDSI] LANE_NUM: 4,data_format: 0,vertical_sync_active: 0
[380] [DISPCHECK][DDPDSI] vact: 2, vbp: 5, vfp: 29, vact_line: 720, hact: 16, hbp: 24, hfp: 24, hblank: 0, hblank: 1105583372
[400] [DISPCHECK][DDPDSI] pll_select: 0, pll_div1: 0, pll_div2: 0, fbk_div: 0,fbk_sel: 0, rg_bir: 0
[400] [DISPCHECK][DDPDSI] rg_bic: 0, rg_bp: 0, PLL_CLOCK: 301, dsi_clock: 0, ssc_range: 0,	ssc_disable: 0, compatibility_for_nvk: 0, cont_clock: 1
[400] [DISPCHECK][DDPDSI] lcm_ext_te_enable: 0, noncont_clock: 0, noncont_clock_period: 0
[400] [DISP]func|DSI_PHY_clk_setting
[400] [DISP][mipitx/reg]0x14017044=0x88492481
[400] [DISP][mipitx/reg]0x14017044=0x88492483
[400] [DISP][mipitx/reg]0x14017040=0x00000882
[400] [DISP][mipitx/reg]0x14017000=0x00000402
[400] [DISP][mipitx/reg]0x14017000=0x00000403
[400] [DISP][mipitx/reg]0x14017068=0x00000003
[400] [DISP][mipitx/reg]0x14017068=0x00000101
[400] [DISP][mipitx/reg]0x14017050=0x00000000
[400] [DISP][mipitx/reg]0x14017050=0x00000000
[400] [DISP][mipitx/reg]0x14017050=0x00000000
[400] [DISP][mipitx/reg]0x14017054=0x00000001
[400] [DISP][mipitx/reg]0x14017058=0x2e000000
[420] [DISP][mipitx/reg]0x14017058=0x2e4e0000
[420] [DISP][mipitx/reg]0x14017058=0x2e4ec400
[420] [DISP][mipitx/reg]0x14017058=0x2e4ec4ec
[420] [DISP][mipitx/reg]0x14017054=0x00000003
[420] [DISP][mipitx/reg]0x14017054=0x01b10003
[420] [DISP][mipitx/reg]0x1401705c=0x05790579
[420] [DISP][mipitx/reg]0x1401705c=0x05790579
[420] [DISP][dsi_drv.c] PLL config:data_rate=602,txdiv=1,pcw=776914156,delta1=5,pdelta1=0x579
[420] [DISP][mipitx/reg]0x14017054=0x01b10007
[420] [DISP][mipitx/reg]0x14017004=0x00000821
[420] [DISP][mipitx/reg]0x14017008=0x00000401
[420] [DISP][mipitx/reg]0x1401700c=0x00000101
[420] [DISP][mipitx/reg]0x14017010=0x00000101
[420] [DISP][mipitx/reg]0x14017014=0x00000101
[420] [DISP][mipitx/reg]0x14017050=0x00000001
[420] [DISP][mipitx/reg]0x14017060=0x00000000
[420] [DISP][mipitx/reg]0x14017060=0x00000001
[420] [DISP][mipitx/reg]0x14017040=0x00000082
[440] DISP/[DISP] - kernel - DSI_PHY_TIMCONFIG, Cycle Time = 14(ns), Unit Interval = 2(ns). , lane# = 4 
[440] DISP/[DISP] - kernel - DSI_PHY_TIMCONFIG, HS_TRAIL = 6, HS_ZERO = 10, HS_PRPR = 5, LPX = 5, TA_GET = 25, TA_SURE = 7, TA_GO = 20, CLK_TRAIL = 7, CLK_ZERO = 28, CLK_HS_PRPR = 4 
[440] [DISP]func|disp_lcm_init
[440] [DISP]func|DSI_set_cmdq
[440] [DISPCHECK]DSI_set_cmdq, module=dsi0 , cmdq=0x00000000
[440] [DISP]read lcm maximum return size failed.
[440] [DISP]func|DSI_dcs_read_lcm_reg_v2
[440] DISP/ Start polling DSI read ready!!!
[480] DISP/ Polling DSI read ready timeout!!!
[480] DSI0 state:Waiting RX-read data 
[480] DSI Mode: lane num: transfer count: status: [480] ---------- Start dump DSI0 registers ----------
[480] DSI+0000 : 0x00000001  0x00000000  0x00000000  0x80000000
[480] DSI+0010 : 0x00000000  0x00000000  0x0000003c  0x00031680
[480] DSI+0020 : 0x00000002  0x00000005  0x0000001d  0x000002d0
[480] DSI+0030 : 0x00000000  0x00000000  0x00000000  0x00000000
[500] DSI+0040 : 0x00000000  0x00000000  0x00000000  0x00000000
[500] DSI+0050 : 0x00000028  0x00000040  0x0000003c  0x00000000
[500] DSI+0060 : 0x00000001  0x00010000  0x00000000  0x00000000
[500] DSI+0070 : 0x00000000  0x00000000  0x00000000  0x00000000
[500] DSI+0080 : 0x00000000  0x00000000  0x00000020  0x00000000
[500] DSI+0090 : 0x0000003c  0x00000000  0x00000000  0x00000000
[500] DSI+00a0 : 0x00060080  0x00002000  0x00000000  0x00000000
[500] DSI+00b0 : 0x00000000  0x00000000  0x00000000  0x00000000
[500] DSI+00c0 : 0x00000000  0x00000000  0x00000000  0x00000000
[500] DSI+00d0 : 0x00000000  0x00000000  0x00000000  0x00000000
[500] DSI+00e0 : 0x00000000  0x00000000  0x00000000  0x00000000
[500] DSI+00f0 : 0x00000000  0x00000000  0x00000000  0x00000000
[500] DSI+0100 : 0x00000055  0x00000000  0x00000000  0x000000b8
[500] DSI+0110 : 0x060a0505  0x0a190714  0x071c0100  0x000a0e04
[520] DSI+0120 : 0x00000000  0x00000000  0x00000000  0x00000000
[520] DSI+0130 : 0x00000021  0x00000000  0x00000000  0x00000000
[520] DSI+0140 : 0x00000000  0x00000000  0x00010001  0x01010100
[520] DSI+0150 : 0x01080001  0x01010101  0x00000101  0x10000000
[520] DSI+0160 : 0x00010200  0x00000001  0x00000000  0x00000000
[520] DSI+0170 : 0x00000000  0xfff00000  0x00000000  0x00200000
[520] DSI_CMD+0000 : 0x000a0604  0x155dc754  0x65756d76  0x3d515961
[520] DSI_CMD+0010 : 0xd5bc4055  0x0d77d895  0x555f445d  0x55364454
[520] DSI_CMD+0020 : 0x445d7d57  0x51755685  0x0555d571  0x7df51759
[520] DSI_CMD+0030 : 0x4f654764  0x75f41555  0x5945550f  0xd1914545
[520] DSI_CMD+0040 : 0x585b1f5d  0x641d1434  0xf4555575  0x219dcf54
[520] DSI_CMD+0050 : 0x54d15715  0x1511c9c7  0x571d7055  0x11753525
[520] DSI_CMD+0060 : 0x542579c1  0x5d657608  0x757d0bd0  0x74554d55
[520] DSI_CMD+0070 : 0xc71155ef  0x44510655  0xd5475555  0x45f1f0d5
[540] DSI_CMD+0080 : 0x55d21504  0x57805734  0x484f75d3  0x7f75d155
[540] DSI_CMD+0090 : 0xd56c0bc5  0x54f144b5  0x55dbc034  0x975709d5
[540] DSI_CMD+00a0 : 0x21f5d9c5  0x8111ddb5  0x35d555a5  0xd4f63635
[540] DSI_CMD+00b0 : 0x75f43505  0x4115475f  0x7555ed61  0x4151733d
[540] DSI_CMD+00c0 : 0x5f4dc75d  0x5cdc4715  0x54df9551  0xd5159775
[540] DSI_CMD+00d0 : 0x647d5557  0x7e45cc17  0x9575597d  0x35614774
[540] DSI_CMD+00e0 : 0x45555134  0xf14e3e15  0x427c7145  0x917f4755
[540] DSI_CMD+00f0 : 0xd5d15755  0x57f47d75  0x5754145d  0x4c3d5051
[540] DSI_CMD+0100 : 0x4f3550ff  0x1fc55525  0x67514d71  0x42595411
[540] DSI_CMD+0110 : 0x00d585d3  0x4475bc95  0x3750f4d1  0x5cd1054d
[540] DSI_CMD+0120 : 0x55dd71c5  0x54172555  0x54dd4d63  0x6515f579
[540] DSI_CMD+0130 : 0x9755d455  0x55144555  0x151135d7  0xd15531e5
[540] DSI_CMD+0140 : 0x0375d557  0x587758e5  0x55745754  0x45954d11
[560] DSI_CMD+0150 : 0x96074713  0x05145f41  0x75113d55  0x75d3d194
[560] DSI_CMD+0160 : 0x517f155a  0x77d30d45  0x5d7f7917  0x55c5958b
[560] DSI_CMD+0170 : 0x557971d5  0x5d595e55  0xd515757f  0x65175559
[560] DSI_CMD+0180 : 0x4dd41dc5  0xd7b5c555  0x557455ff  0xc5947c51
[560] DSI_CMD+0190 : 0x55215154  0x55357554  0x94150f3d  0x41551358
[560] DSI_CMD+01a0 : 0xf451555c  0x78111671  0x1d5217d5  0x41d54175
[560] DSI_CMD+01b0 : 0x965555c5  0x755f5475  0x504c5100  0x5edd7c52
[560] DSI_CMD+01c0 : 0x55bf5d4d  0xdb556131  0x58453179  0x3b1f9416
[560] DSI_CMD+01d0 : 0x5555c764  0x35119553  0xec5550f6  0x7d45d491
[560] DSI_CMD+01e0 : 0x14155529  0x5504a655  0x575519f5  0xc5757475
[560] DSI_CMD+01f0 : 0x55997755  0xe155dd77  0xdd505d54  0x5d45447d
[560] DSI_PHY+0000 : 0x00000403    0x00000821  0x00000401  0x00000101
[560] DSI_PHY+0010 : 0x00000101    0x00000101  0x00000000  0x00000000
[560] DSI_PHY+0020 : 0x00000000    0x00000000  0x00000000  0x00000000
[580] DSI_PHY+0030 : 0x00000000    0x00000000  0x00000000  0x00000000
[580] DSI_PHY+0040 : 0x00000082    0x88492483  0x00000000  0x00000000
[580] DSI_PHY+0050 : 0x00000001    0x01b10007  0x2e4ec4ec  0x05790579
[580] DSI_PHY+0060 : 0x00000001    0x00000020  0x00000101  0x00000000
[580] DSI_PHY+0070 : 0x00000000    0x00000000  0x00000000  0x00043210
[580] DSI_PHY+0080 : 0x00000000    0x00000333  0x00000000  0x00000000
[580] DSI_PHY+0090 : 0x00000000    0x00000000  0x00000000  0x00000000
[580] [DISP]lcm is not connected
[580] [DISP]func|disp_lcm_is_video_mode
[600] [DISP]func|primary_display_config_input
[600] [DISP]func|ddp_dsi_is_busy
[600] [DISP]func|ddp_dsi_config
[600] [DISP]func|primary_display_config_input
[600] [DISP]func|ddp_dsi_is_busy
[600] [DISP]func|ddp_dsi_config
[600] mt_get_logo_db_addr: 0xbe8f0000
[700] [LK/LCM]lcm_init
[1090] [LK/LCM]lcm_init done
[1100] fb dump: 0x00000000, 0x00000000, 0x00000000, 0x00000000
[1100] [DISP]func|primary_display_trigger
[1100] [DISP]func|ddp_dsi_is_busy
[1100] [DISPCHECK]trigger mode: DIRECT_LINK
[1100] [DISP]func|disp_lcm_is_video_mode
[1100] [DISP]func|disp_lcm_is_video_mode
[1120] mt_get_logo_db_addr_pa: 0xbe8f0000
[1120] [PART_LK][get_part] logo
[1120] [PART_LK][get_part] logo

=========================================
[1120] [LK_BOOT] logo magic number : 0x58881688
[1120] [LK_BOOT] logo name         : LOGO
[1120] [LK_BOOT] logo size         : 722161
=========================================
read the data of logo
kedump mini start
kedump: boot_reason(0)
RAM_CONSOLE. sram(0x12c000) sig 0 mismatch
RAM_CONSOLE. start: 0x43f00000, size: 0x10000
RAM_CONSOLE. lk size mismatch 0 + c0 != 100
[1160] D:Boot record found at 0x41f00000[4d52], cb 0x41f00000
[1160] D:Cold boot or kernel not support MT-RAMDUMP
[1160] detecting pmic just reset
[mboot_recovery_load_misc]: size is 6144
[mboot_recovery_load_misc]: misc_addr is 0x41e7178c
[1160] [PART_LK][get_part] para
[1180] [LK_BOOT] Load '<null>' partition to 0x41E7178C (6144 bytes in 1 ms)
[1180] MT65XX_FACTORY_KEY 0x0
[1180] MT65XX_BOOT_MENU_KEY 0x11
[1180] MT65XX_RECOVERY_KEY 0x11
[1180] mtk detect key function key = 0
[1180] mtk detect key function key = 17
[1180] mtk detect key function key = 17
[1180] mtk detect key function key = 0
[1180] mtk detect key function key = 17
[1180] mtk detect key function key = 17
[1180] mtk detect key function key = 0
[1180] mtk detect key function key = 17
[1180] mtk detect key function key = 17
[1180] mtk detect key function key = 0
[1180] mtk detect key function key = 17
[1180] mtk detect key function key = 17
[1180] mtk detect key function key = 0
[1180] mtk detect key function key = 17
[1180] mtk detect key function key = 17
[1180] mtk detect key function key = 0
[1190] mtk detect key function key = 17
[1200] mtk detect key function key = 17
[1200] mtk detect key function key = 0
[1200] mtk detect key function key = 17
[1200] mtk detect key function key = 17
[1200] mtk detect key function key = 0
[1200] mtk detect key function key = 17
[1200] mtk detect key function key = 17
[1200] mtk detect key function key = 0
[1200] mtk detect key function key = 17
[1200] mtk detect key function key = 17
[1200] mtk detect key function key = 0
[1200] mtk detect key function key = 17
[1200] mtk detect key function key = 17
[1200] mtk detect key function key = 0
[1200] mtk detect key function key = 17
[1200] mtk detect key function key = 17
[1200] mtk detect key function key = 0
[1200] mtk detect key function key = 17
[1200] mtk detect key function key = 17
[1200] mtk detect key function key = 0
[1200] mtk detect key function key = 17
[1200] mtk detect key function key = 17
[1220] mtk detect key function key = 0
[1220] mtk detect key function key = 17
[1220] mtk detect key function key = 17
[1220] mtk detect key function key = 0
[1220] mtk detect key function key = 17
[1220] mtk detect key function key = 17
[1220] mtk detect key function key = 0
[1220] mtk detect key function key = 17
[1220] mtk detect key function key = 17
[1220] mtk detect key function key = 0
[1220] mtk detect key function key = 17
[1220] mtk detect key function key = 17
[1220] mtk detect key function key = 0
[1220] mtk detect key function key = 17
[1220] mtk detect key function key = 17
[1220] mtk detect key function key = 0
[1220] mtk detect key function key = 17
[1220] mtk detect key function key = 17
[1220] mtk detect key function key = 0
[1220] mtk detect key function key = 17
[1220] mtk detect key function key = 17
[1220] mtk detect key function key = 0
[1220] mtk detect key function key = 17
[1240] mtk detect key function key = 17
[1240] mtk detect key function key = 0
[1240] mtk detect key function key = 17
[1240] mtk detect key function key = 17
[1240] mtk detect key function key = 0
[1240] mtk detect key function key = 17
[1240] mtk detect key function key = 17
[1240] mtk detect key function key = 0
[1240] mtk detect key function key = 17
[1240] mtk detect key function key = 17
[1240] mtk detect key function key = 0
[1240] mtk detect key function key = 17
[1240] mtk detect key function key = 17
[1240] mtk detect key function key = 0
[1240] mtk detect key function key = 17
[1240] mtk detect key function key = 17
[1240] mtk detect key function key = 0
[1240] mtk detect key function key = 17
[1240] mtk detect key function key = 17
[1240] mtk detect key function key = 0
[1240] mtk detect key function key = 17
[1240] mtk detect key function key = 17
[1250] mtk detect key function key = 0
[1260] mtk detect key function key = 17
[1260] mtk detect key function key = 17
[1260] mtk detect key function key = 0
[1260] mtk detect key function key = 17
[1260] mtk detect key function key = 17
[1260] mtk detect key function key = 0
[1260] mtk detect key function key = 17
[1260] mtk detect key function key = 17
[1260] mtk detect key function key = 0
[1260] mtk detect key function key = 17
[1260] mtk detect key function key = 17
[1260] mtk detect key function key = 0
[1260] mtk detect key function key = 17
[1260] mtk detect key function key = 17
[1260] mtk detect key function key = 0
[1260] mtk detect key function key = 17
[1260] mtk detect key function key = 17
[1260] mtk detect key function key = 0
[1260] mtk detect key function key = 17
[1260] mtk detect key function key = 17
[1260] mtk detect key function key = 0
[1260] mtk detect key function key = 17
[1280] mtk detect key function key = 17
[partition_get_index]find preloader index 0
[partition_get_index]find seccfg index 11
[partition_get_index]find secro index 13
[1280] [PART_LK][get_part] seccfg
[partition_get_index]find seccfg index 11
[SEC_CFG] sec_read_seccfg fail:3001
[SEC_INIT] sec_func_init -- fail to search seccfg
[SBC] NS-CHIP
[SEC_CFG] initializing seccfg
[SBC] NS-CHIP
[SBC] NS-CHIP
[1300] [PART_LK][get_part] secro
[partition_get_index]find secro index 13
[1300] [PART_LK][get_part] secro
[partition_get_index]find secro index 13
[SEC_SRO] Search SRO - SRO Ready
[SEC_INIT] Search SECRO - SW sec boot configured        (0, 0)
[SEC_INIT] Search SECRO - SDL configuration[LOCK]        (1, 1, 1, 1)
[SEC_INIT] Search SECRO - SB configuration[LOCK]     (1, 1, 1, 1, 1, 1, 1, 1)
[SEC_INIT] Search SECRO - SDL configuration[UNLOCK]      (2, 2, 2, 2)
[SEC_INIT] Search SECRO - SB configuration[UNLOCK]   (2, 2, 2, 2, 2, 2, 2, 2)
[SEC_INIT] Search SECRO - SDL configuration[VERIFIED]    (1, 1, 1, 2)
[SEC_INIT] Search SECRO - SB configuration[VERIFIED] (1, 1, 1, 1, 2, 2, 2, 2)
[SEC_INIT] Search SECRO - SDL configuration[CUSTOM]      (1, 1, 1, 1)
[SEC_INIT] Search SECRO - SB configuration[CUSTOM]   (1, 1, 1, 1, 1, 1)
[SEC_POLICY] lock state = 0x0(default)
[SEC_POLICY] use default sec policy
[SEC_POLICY] dl_format_lock = 0x1
[SEC_POLICY] dl_1st_loader_lock = 0x1
[SEC_POLICY] dl_2nd_loader_lock = 0x1
[SEC_POLICY] dl_image_lock = 0x1
[SEC_POLICY] dl_tee_lock = 0x1
[SEC_POLICY] boot_chk_2nd_loader = 0x2
[SEC_POLICY] boot_chk_logo = 0x2
[SEC_POLICY] boot_chk_bootimg = 0x2
[SEC_POLICY] boot_chk_recovery = 0x2
[SEC_POLICY] boot_chk_system = 0x2
[SEC_POLICY] boot_chk_others = 0x2
[SEC_POLICY] boot_chk_cust1 = 0x2
[SEC_POLICY] boot_chk_cust2 = 0x2
[SEC_POLICY] boot_chk_tee = 0x2
[1340] [SBC] Enter logo check 
[1340] [SBC] Consume (0) ms
[1340] [mt65xx_charging_init] the platform have battery
[1340] [AUXADC] ch=1 raw=24563 data=4047 
[1340] [mt65xx_bat_init] check VBAT=4047 mV with 3450 mV
[1340] mt_get_logo_db_addr: 0xbe8f0000
[1340] mt_get_tempfb_addr: 0xbf7b8000
[1540] fb dump: 0xff000000, 0xff000000, 0xff000000, 0xff000000
[1540] [DISP]func|primary_display_trigger
[1540] [DISP]func|ddp_dsi_is_busy
[1540] [DISP]func|disp_lcm_is_video_mode
[1540] [DISP]func|disp_lcm_is_video_mode
[LK_ENV]get_env hibboot
[1540] fb dump: 0xff000000, 0xff000000, 0xff000000, 0xff000000
[1540] [DISP]func|primary_display_trigger
[1540] [DISP]func|ddp_dsi_is_busy
[1540] [DISP]func|disp_lcm_is_video_mode
[1540] [DISP]func|disp_lcm_is_video_mode
[SEC_POLICY] lock state = 0x0(default)
[SEC_POLICY] security policy backup (0)[SBC] Consume (0) ms
[SBC] Consume (0) ms
[SBC] Consume (0) ms

[SBC] Total Consume (1) ms
[SEC_POLICY] use default sec policy
[SEC_POLICY] dl_format_lock = 0x1
[SEC_POLICY] dl_1st_loader_lock = 0x1
[SEC_POLICY] dl_2nd_loader_lock = 0x1
[SEC_POLICY] dl_image_lock = 0x1
[SEC_POLICY] dl_tee_lock = 0x1
[SEC_POLICY] boot_chk_2nd_loader = 0x2
[SEC_POLICY] boot_chk_logo = 0x2
[SEC_POLICY] boot_chk_bootimg = 0x2
[SEC_POLICY] boot_chk_recovery = 0x2
[SEC_POLICY] boot_chk_system = 0x2
[SEC_POLICY] boot_chk_others = 0x2
[SEC_POLICY] boot_chk_cust1 = 0x2
[SEC_POLICY] boot_chk_cust2 = 0x2
[SEC_POLICY] boot_chk_tee = 0x2
[SEC_POLICY] security policy restore (0)[1560] [PART_LK][get_part] boot
[1560] [PART_LK][get_part] boot
[1560] part page addr is 0x1d80000

============================================================
[1580] [LK_BOOT] Android Partition Name                : boot
[1580] [LK_BOOT] Android Boot IMG Hdr - Magic          : ANDROID
[1580] [LK_BOOT] Android Boot IMG Hdr - Kernel Size    : 0x006473FE
[1580] [LK_BOOT] Android Boot IMG Hdr - Kernel Address : 0x40080000
[1580] [LK_BOOT] Android Boot IMG Hdr - Rootfs Size    : 0x0011EA4D
[1580] [LK_BOOT] Android Boot IMG Hdr - Rootfs Address : 0x44000000
[1580] [LK_BOOT] Android Boot IMG Hdr - Tags Address   : 0x4E000000
[1580] [LK_BOOT] Android Boot IMG Hdr - Page Size      : 0x00000800
[1580] [LK_BOOT] Android Boot IMG Hdr - Command Line   : bootopt=64S3,32N2,64N2
============================================================
 > page count of kernel image = 3215
 > kernel mem offset = 0x45000000
 > rootfs mem offset = 0x45647800
 > boot image size = 0x767000
[1580] [PART_LK][get_part] boot
check mkimg header
[1600] [LK_BOOT] KERNEL partition magic not match
no mkimg header in kernel image

read the data of boot (size = 0x767000)
 > from - 0x0000000001d80800 (skip boot img hdr)
 > to   - 0x45000000 (starts with kernel img hdr)
[1920] [LK_BOOT] ROOTFS partition magic not match
no mkimg header in ramdisk image
[1920] [PROFILE] ------- load boot.img takes 183 ms -------- 
[1920] [DISP]func|disp_lcm_get_name
[2000] mt_disp_get_lcd_time, fps=6378
[2660] [PTP][LK] first_volt = 0x68
[2660] [PTP][LK] second_volt = 0x50
[2660] [PTP][LK] third_volt = 0x48
[2660] [PTP][LK] have_550 = 0x0
[2660] [LK] hw_code = 0x321, segment = 0x4, code = 0
[2660] model=MT8665
[2660] mblock[0].start: 0x40000000, size: 0x40000000
[2660] mblock[1].start: 0x80000000, size: 0x3ecf0000
[2660] j:0, mblock[0].rank: 0, size: 0x40000000
[2660] j:1, mblock[0].rank: 0, size: 0x40000000
[2660] j:1, mblock[1].rank: 1, size: 0x3ecf0000
[2680] target_atag_imix_r:170
[2680] Not Support VCORE DVFS
[2680] [DISP]func|disp_lcm_get_name
[2760] mt_disp_get_lcd_time, fps=6378
[2760] videolfb - fb_base    = 0xbecf0000
[2760] videolfb - islcmfound = 0
[2880] mt_disp_get_lcd_time, fps=6398
[2880] videolfb - fps        = 6398
[2880] videolfb - vram       = 19726336
[2880] videolfb - lcmname    = cpt_clap070wp03xg_sn65dsi83_ti947
[2900] Create PTP DT OK
[2900] tee_reserved_mem not supported
[2900] non_secure_sram not supported
[2900] [PROFILE] ------- boot_time takes 1490 ms -------- 
[LK_ENV] device data valid: 0
[2900] boot_linux_fdt: read device data: device_type: 0
[2900] lk device_data=0, devicetype=common
[LK_ENV]get_env hibboot
[LK_ENV]get_env resume
[2900] resume = NULL 
[2900] booting linux @ 0x40080000, ramdisk @ 0x44000000 (1174093)
[2900] DRAM Rank :2
[2900] DRAM Rank[0] Start = 0x40000000, Size = 0x40000000
[2900] DRAM Rank[1] Start = 0x80000000, Size = 0x3ffc0000
[2900] cmdline: console=tty0 console=ttyMT0,921600n1 root=/dev/ram vmalloc=496M androidboot.hardware=mt6735 slub_max_order=0 slub_debug=O bootopt=64S3,32N2,64N2 lcm=0-cpt_clap070wp03xg_sn65dsi83_ti947 fps=6378 vram=19726336 androidboot.selinux=permissive printk.[2900] lk boot time = 1490 ms
[2900] lk boot mode = 0
[2900] lk boot reason = power_key
[2900] lk finished --> jump to linux kernel 64Bit

[2900] 
[LK]jump to K64 0x40080000
[    0.000000]<0>-(0)[0:swapper]Linux version 3.10.65+ (qinxb@neusoft) (gcc version 4.9.x-google 20140827 (mtk-20150409) (GCC) ) #1 SMP PREEMPT Wed Mar 6 20:19:24 CST 2019
[    0.000000]<0>-(0)[0:swapper]CPU: AArch64 Processor [410fd033] revision 3
[    0.000000]<0>-(0)[0:swapper][memblock]mrdump_mini_reserve_memory: 0x43ff0000 - 0x43ffafff (0x0000b000)
[    0.000000]<0>-(0)[0:swapper][PHY layout]reserve-memory-dram_r1_dummy_read   :   0xbecef000 - 0xbeceffff (0x1000)
[    0.000000]<0>-(0)[0:swapper][PHY layout]reserve-memory-dram_r0_dummy_read   :   0x7ffff000 - 0x7fffffff (0x1000)
[    0.000000]<0>-(0)[0:swapper][PHY layout]reserve-memory-ccci_md1   :   0xba000000 - 0xbd80ffff (0x3810000)
[    0.000000]<0>-(0)[0:swapper][ccci1/util]reserve_mem_of_init, rptr=0x0x00000000ba000000, rsize=0x3810000
[    0.000000]<0>-(0)[0:swapper][PHY layout]consys-reserve-memory   :   0xbea00000 - 0xbebfffff (0x200000)
[    0.000000]<0>-(0)[0:swapper][WMT-CONSYS-HW][I]reserve_memory_consys_fn: name: consys-reserve-memory, uname: consys-reserve-memory, base: 0xbea00000, size: 0x200000
[    0.000000]<0>-(0)[0:swapper][PHY layout]kernel   :   0x40000000 - 0x42ffffff (0x3000000)
[    0.000000]<0>-(0)[0:swapper][PHY layout]kernel   :   0x43030000 - 0xb9ffffff (0x76fd0000)
[    0.000000]<0>-(0)[0:swapper][PHY layout]kernel   :   0xbd810000 - 0xbe9fffff (0x11f0000)
[    0.000000]<0>-(0)[0:swapper][PHY layout]kernel   :   0xbec00000 - 0xbeceffff (0xf0000)
[    0.000000]<0>-(0)[0:swapper]Built 1 zonelists in Zone order, mobility grouping on.  Total pages: 497394
[    0.000000]<0>-(0)[0:swapper][cpu_ntf] <00>ffffffc000174b6c (page_alloc_cpu_notify)
[    0.000000]<0>-(0)[0:swapper]Kernel command line: console=tty0 console=ttyMT0,921600n1 root=/dev/ram vmalloc=496M androidboot.hardware=mt6735 slub_max_order=0 slub_debug=O bootopt=64S3,32N2,64N2 lcm=0-cpt_clap070wp03xg_sn65dsi83_ti947 fps=6378 vram=19726336 androidboot.selinux=permissive printk.disable_uart=0 ddebug_query="file *mediatek* +p ; file *gpu* =_" bootprof.pl_t=4943 bootprof.lk_t=1490 boot_reason=0 androidboot.serialno=0123456789ABCDEF androidboot.bootreason=power_key androidboot.devicetype=common androidboot.devicetype=commoncommon gpt=1
[    0.000000]<0>-(0)[0:swapper]Sorting __ex_table...
[    0.000000]<0>-(0)[0:swapper]software IO TLB [mem 0xbec37000-0xbec77000] (0MB) mapped at [ffffffc07ec37000-ffffffc07ec76fff]
[    0.000000]<0>-(0)[0:swapper]Memory: 1954088k/1954088k available, 63896k reserved
[    0.000000]<0>-(0)[0:swapper]Virtual kernel memory layout:
[    0.000000]<0>    vmalloc : 0xffffff8000000000 - 0xffffffbbffff0000   (245759 MB)
[    0.000000]<0>    vmemmap : 0xffffffbc00e00000 - 0xffffffbc029bd480   (    27 MB)
[    0.000000]<0>    modules : 0xffffffbffc000000 - 0xffffffc000000000   (    64 MB)
[    0.000000]<0>    memory  : 0xffffffc000000000 - 0xffffffc07ecf0000   (  2028 MB)
[    0.000000]<0>      .init : 0xffffffc000da7000 - 0xffffffc000e05a00   (   379 kB)
[    0.000000]<0>      .text : 0xffffffc000080000 - 0xffffffc000da7000   ( 13468 kB)
[    0.000000]<0>      .data : 0xffffffc000e08000 - 0xffffffc000f1c648   (  1106 kB)
[    0.000000]<0>-(0)[0:swapper][cpu_ntf] <01>ffffffc0009b5df8 (slab_cpuup_callback)
[    0.000000]<0>-(0)[0:swapper/0][cpu_ntf] <02>ffffffc0009b51b4 (sched_ilb_notifier)
[    0.000000]<0>-(0)[0:swapper/0][cpu_ntf] <03>ffffffc0009b5c04 (perf_cpu_notify)
[    0.000000]<0>-(0)[0:swapper/0][cpu_ntf] <04>ffffffc0009b54f4 (rcu_cpu_notify)
[    0.000000]<0>-(0)[0:swapper/0][cpu_ntf] <05>ffffffc00031b14c (radix_tree_callback)
[    0.000000]<0>-(0)[0:swapper/0][cpu_ntf] <06>ffffffc0009b638c (gic_secondary_init)
[    0.000000]<0>-(0)[0:swapper/0][cpu_ntf] <07>ffffffc0009b4188 (timer_cpu_notify)
[    0.000000]<0>-(0)[0:swapper/0][cpu_ntf] <08>ffffffc0009b49d8 (hrtimer_cpu_notify)
[    0.000000]<0>-(0)[0:swapper/0][cpu_ntf] <09>ffffffc0009b3ed0 (remote_softirq_cpu_notify)
[    0.000000]<0>-(0)[0:swapper/0]cpuxgpt_r.start = 0x10200000
[    0.000000]<0>-(0)[0:swapper/0]mt_gpt_init: tmr_regs=0xffffff800000a000, tmr_irq=184, freq=13000000 
[    0.000000]<0>-(0)[0:swapper/0]gpt_devs_init: base_addr=0xffffff800000a010 
[    0.000000]<0>-(0)[0:swapper/0]gpt_devs_init: base_addr=0xffffff800000a020 
[    0.000000]<0>-(0)[0:swapper/0]gpt_devs_init: base_addr=0xffffff800000a030 
[    0.000000]<0>-(0)[0:swapper/0]gpt_devs_init: base_addr=0xffffff800000a040 
[    0.000000]<0>-(0)[0:swapper/0]gpt_devs_init: base_addr=0xffffff800000a050 
[    0.000000]<0>-(0)[0:swapper/0]gpt_devs_init: base_addr=0xffffff800000a060 
[    0.000000]<0>-(0)[0:swapper/0]setup_clksrc1: dev->base_addr=0xffffff800000a020 GPT2_CON=0x0
[    0.000000]<0>-(0)[0:swapper/0]setup_clksrc2: dev->base_addr=0xffffff800000a020 GPT2_CON=0x31
[    0.000000]<0>-(0)[0:swapper/0]GPT1_CMP = 130000, HZ = 100
[    0.000000]<0>-(0)[0:swapper/0]set_cpuxgpt_clk: reg(200) 
[    0.000000]<0>-(0)[0:swapper/0]enable_cpuxgpt: reg(201) 
[    0.000000]<0>-(0)[0:swapper/0]mt_gpt_init: get_cnt_GPT2=2080
[    0.000000]<0>-(0)[0:swapper/0]arch_timer_init: arch_timer_rate(0xc65d40), PHYS_SECURE_PPI=29, PHYS_NONSECURE_PPI=30, VIRT_PPI=27, HYP_PPI=26, 
[    0.000000]<0>-(0)[0:swapper/0]arch_timer_register: arch_timer_rate(0xc65d40), arch_timer_use_virtual=0 
[    0.000000]<0>-(0)[0:swapper/0]arch_timer_register: request_percpu_irq PHYS_SECURE_PPI err=0 
[    0.000000]<0>-(0)[0:swapper/0]arch_timer_register: request_percpu_irq PHYS_NONSECURE_PPI err=0 
[    0.000000]<0>-(0)[0:swapper/0][cpu_ntf] <10>ffffffc0009b6934 (arch_timer_cpu_notify)
[    0.000000]<0>-(0)[0:swapper/0]arch_sys_timer depends on broadcast, but no broadcast function available
[    0.000000]<0>-(0)[0:swapper/0][cpu_ntf] <11>ffffffc000120ac0 (hotplug_cfd)
[    0.000000]<0>.(0)[0:swapper/0]ram_console: buffer start: 0xffffff800000c000, size: 0x10000
[    0.000000]<0>.(0)[0:swapper/0][UART] apdma uart0 base=0xffffff800001e380
[    0.000000]<0>.(0)[0:swapper/0][UART0] phys_regs=0x11002000, regs=0xffffff8000020000, irq=123, irq_flags=0x8 
[    0.000000]<0>.(0)[0:swapper/0][UART_DMA0] irq=135
[    0.000000]<0>.(0)[0:swapper/0][UART_DMA1] irq=136
[    0.000000]<0>.(0)[0:swapper/0][UART1] phys_regs=0x11003000, regs=0xffffff8000022000, irq=124, irq_flags=0x8 
[    0.000000]<0>.(0)[0:swapper/0][UART_DMA2] irq=137
[    0.000000]<0>.(0)[0:swapper/0][UART_DMA3] irq=138
[    0.000000]<0>.(0)[0:swapper/0][UART2] phys_regs=0x11004000, regs=0xffffff8000024000, irq=125, irq_flags=0x8 
[    0.000000]<0>.(0)[0:swapper/0][UART_DMA4] irq=139
[    0.000000]<0>.(0)[0:swapper/0][UART_DMA5] irq=140
[    0.000000]<0>.(0)[0:swapper/0][UART3] phys_regs=0x11005000, regs=0xffffff8000026000, irq=126, irq_flags=0x8 
[    0.000000]<0>.(0)[0:swapper/0][UART4] phys_regs=0x1100d000, regs=0xffffff8000028000, irq=127, irq_flags=0x8 
[    0.000000]<0>.(0)[0:swapper/0][UART] mtk console setup : co->index 0 options:921600n1
[    0.000000]<0>-(0)[0:swapper/0]No Flow Control
[    0.000000]<0>.(0)[0:swapper/0][UART] mtk console setup : uart_set_option port(0) baud(921600) parity(n) bits(1) flow(n) - ret(0)
[    0.000000]<0>.(0)[0:swapper/0][UART] mtk setting: (0, 0, 0, 0, 128)
[    0.000000]<0>.(0)[0:swapper/0]Lock dependency validator: Copyright (c) 2006 Red Hat, Inc., Ingo Molnar
[    0.000000]<0>.(0)[0:swapper/0]... MAX_LOCKDEP_SUBCLASSES:  8
[    0.000000]<0>.(0)[0:swapper/0]... MAX_LOCK_DEPTH:          48
[    0.000000]<0>.(0)[0:swapper/0]... MAX_LOCKDEP_KEYS:        8191
[    0.000000]<0>.(0)[0:swapper/0]... CLASSHASH_SIZE:          4096
[    0.000000]<0>.(0)[0:swapper/0]... MAX_LOCKDEP_ENTRIES:     16384
[    0.000000]<0>.(0)[0:swapper/0]... MAX_LOCKDEP_CHAINS:      32768
[    0.000000]<0>.(0)[0:swapper/0]... CHAINHASH_SIZE:          16384
[    0.000000]<0>.(0)[0:swapper/0] memory used by lock dependency info: 5855 kB
[    0.000000]<0>.(0)[0:swapper/0] per task-struct memory footprint: 1920 bytes
[    0.098625]<0>.(0)[0:swapper/0][cpu_ntf] <12>ffffffc0001e2988 (buffer_cpu_notify)
[    0.102945]<0>.(0)[0:swapper/0][cpu_ntf] <13>ffffffc0009b5c58 (ratelimit_handler)
[    0.106284]<0>.(0)[1:swapper/0][AT]CPU1 psci_cpu_prepare
[    0.107029]<0>.(0)[1:swapper/0][AT]CPU2 psci_cpu_prepare
[    0.107688]<0>.(0)[1:swapper/0][AT]CPU3 psci_cpu_prepare
[    0.108578]<0>.(0)[1:swapper/0][init] f(ffffffc000da90c4)
[    0.109250]<0>.(0)[1:swapper/0]  s:108570461 e:108571691 d:1230
[    0.109987]<0>.(0)[1:swapper/0][init] f(ffffffc000da90b0)
[    0.110659]<0>.(0)[1:swapper/0]  s:109981461 e:109982230 d:769
[    0.111455]<0>.(0)[1:swapper/0][init] f(ffffffc000daa284)
[    0.112126]<0>.(0)[1:swapper/0]  s:111380230 e:111449307 d:69077
[    0.112883]<0>.(0)[1:swapper/0][init] f(ffffffc0000924c0)
[    0.113553]<0>.(0)[1:swapper/0]  s:112868614 e:112877768 d:9154
[    0.114299]<0>.(0)[1:swapper/0][cpu_ntf] <14>ffffffc0009b3ff4 (cpu_callback)
[    0.128770]<0>.(0)[1:swapper/0][init] f(ffffffc000dabe50)
[    0.129443]<0>.(0)[1:swapper/0]  s:114285307 e:128763537 d:14478230
[    0.130294]<0>.(0)[1:swapper/0][cpu_ntf] <15>ffffffc0009b4468 (workqueue_cpu_up_callback)
[    0.131320]<0>.(0)[1:swapper/0][cpu_ntf] <16>ffffffc0009b48f8 (workqueue_cpu_down_callback)
[    0.134133]<0>.(0)[1:swapper/0][init] f(ffffffc000dacf84)
[    0.134805]<0>.(0)[1:swapper/0]  s:130217307 e:134126230 d:3908923
[    0.135587]<0>.(0)[1:swapper/0][init] f(ffffffc000dad520)
[    0.136258]<0>.(0)[1:swapper/0]  s:135568461 e:135581384 d:12923
[    0.137015]<0>.(0)[1:swapper/0][cpu_ntf] <17>ffffffc0009b4d44 (migration_call)
[    0.137921]<0>.(0)[1:swapper/0][cpu_ntf] <18>ffffffc0009b4cd4 (sched_cpu_active)
[    0.138908]<0>.(0)[1:swapper/0][cpu_ntf] <19>ffffffc0009b4d04 (sched_cpu_inactive)
[    0.139854]<0>.(0)[1:swapper/0][init] f(ffffffc000daefc4)
[    0.140524]<0>.(0)[1:swapper/0]  s:137000076 e:139848307 d:2848231
[    0.159139]<0>.(0)[1:swapper/0][init] f(ffffffc000db1854)
[    0.159812]<0>.(0)[1:swapper/0]  s:141288307 e:159132153 d:17843846
[    0.160592]<0>.(0)[1:swapper/0][init] f(ffffffc000db26c8)
[    0.161264]<0>.(0)[1:swapper/0]  s:160586461 e:160587307 d:846
[    0.162653]<0>.(0)[1:swapper/0][init] f(ffffffc000db26dc)
[    0.163325]<0>.(0)[1:swapper/0]  s:161985076 e:162647153 d:662077
[    0.164218]<0>.(0)[1:swapper/0][cpu_ntf] <20>ffffffc0001494e8 (rb_cpu_notify)
[    0.165193]<0>.(0)[1:swapper/0][init] f(ffffffc000db32d0)
[    0.165865]<0>.(0)[1:swapper/0]  s:164077922 e:165187537 d:1109615
[    0.166705]<0>.(0)[1:swapper/0][init] f(ffffffc000db349c)
[    0.167376]<0>.(0)[1:swapper/0]  s:166628768 e:166699230 d:70462
[    0.168124]<0>.(0)[1:swapper/0][init] f(ffffffc000db352c)
[    0.168797]<0>.(0)[1:swapper/0]  s:168118307 e:168119076 d:769
[    0.169811]<0>.(0)[1:swapper/0][init] f(ffffffc000db35e4)
[    0.170483]<0>.(0)[1:swapper/0]  s:169699999 e:169804768 d:104769
[    0.171249]<0>.(0)[1:swapper/0][cpu_ntf] <21>ffffffc0003e5f74 (hotplug_event_notify)
[    0.172215]<0>.(0)[1:swapper/0][init] f(ffffffc000dcc660)
[    0.172885]<0>.(0)[1:swapper/0]  s:171235999 e:172209691 d:973692
[    0.173659]<0>.(0)[1:swapper/0]init_get_max_DRAM_size done. phone_dram_sz: 0x80000000, kernel_mem_sz: 0x7ecf0000
[    0.174926]<0>.(0)[1:swapper/0][init] f(ffffffc000dcc694)
[    0.175599]<0>.(0)[1:swapper/0]  s:173638461 e:174920845 d:1282384
[    0.176406]<0>.(0)[1:swapper/0][init] f(ffffffc000dd1b44)
[    0.177076]<0>.(0)[1:swapper/0]  s:176362922 e:176401537 d:38615
[    0.177839]<0>.(0)[1:swapper/0][init] f(ffffffc000dd2bb0)
[    0.178509]<0>.(0)[1:swapper/0]  s:177819153 e:177834537 d:15384
[    0.209904]<0>-(0)[0:swapper/0][printk_delayed:start]
[    0.210532]<0>-(0)[0:swapper/0]SCHED: intersects new_mask: 2, cpu_active_mask: 1
[    0.210532]<0>SCHED: intersects new_mask: 2, cpu_active_mask: 1
[    0.212191]<0>-(0)[0:swapper/0][printk_delayed:done]
[    0.233038]<0>-(0)[0:swapper/0][printk_delayed:start]
[    0.233666]<0>-(0)[0:swapper/0]SCHED: intersects new_mask: 4, cpu_active_mask: 3
[    0.233666]<0>SCHED: intersects new_mask: 4, cpu_active_mask: 3
[    0.235325]<0>-(0)[0:swapper/0][printk_delayed:done]
[    0.249762]<0>.(0)[1:swapper/0][cpu_ntf] <22>ffffffc0000caaa8 (sched_domains_numa_masks_update)
[    0.250856]<0>.(0)[1:swapper/0][cpu_ntf] <23>ffffffc0000d4c88 (cpuset_cpu_active)
[    0.251793]<0>.(0)[1:swapper/0][cpu_ntf] <24>ffffffc0000d4cf8 (cpuset_cpu_inactive)
[    0.252753]<0>.(0)[1:swapper/0][cpu_ntf] <25>ffffffc0000e0f2c (update_runtime)
[    0.256168]<0>-(0)[0:swapper/0][printk_delayed:start]
[    0.256796]<0>-(0)[0:swapper/0]SCHED: intersects new_mask: 8, cpu_active_mask: 7
[    0.256796]<0>SCHED: intersects new_mask: 8, cpu_active_mask: 7
[    0.258456]<0>-(0)[0:swapper/0][printk_delayed:done]
[    0.314097]<3>.(3)[1:swapper/0][init] f(ffffffc000dc3368)
[    0.314776]<3>.(3)[1:swapper/0]  s:314081768 e:314083153 d:1385
[    0.315529]<3>.(3)[1:swapper/0][debug]DRAM size (dt) :  0x40000000 - 0x7fffffff  (0x40000000)
[    0.316593]<3>.(3)[1:swapper/0][debug]DRAM size (dt) :  0x80000000 - 0xbeceffff  (0x3ecf0000)
[    0.317658]<3>.(3)[1:swapper/0][debug]orig_dram rank[0]   :   0x40000000 - 0x7fffffff (0x40000000)
[    0.318804]<3>.(3)[1:swapper/0][debug]orig_dram rank[1]   :   0x80000000 - 0xbfffffff (0x40000000)
[    0.319926]<3>.(3)[1:swapper/0][debug]mblock[0][r0]  :   0x40000000 - 0x7fffffff (0x40000000)
[    0.320992]<3>.(3)[1:swapper/0][debug]mblock[1][r1]  :   0x80000000 - 0xbeceffff (0x3ecf0000)
[    0.322058]<3>.(3)[1:swapper/0][PHY layout]tee_reserved_mem   :   0xbffc0000 - 0xbfffffff (0x40000)
[    0.323185]<3>.(3)[1:swapper/0][DISPCHECK][DT][videolfb]isvideofb_parse_done = 0
[    0.324106]<3>.(3)[1:swapper/0][DISPCHECK][DT][videolfb] islcmfound = 0
[    0.324928]<3>.(3)[1:swapper/0][DISPCHECK][DT][videolfb] fps        = 6378
[    0.325786]<3>.(3)[1:swapper/0][DISPCHECK][DT][videolfb] fb_base    = 00000000becf0000
[    0.326773]<3>.(3)[1:swapper/0][DISPCHECK][DT][videolfb] vram       = 19726336
[    0.327673]<3>.(3)[1:swapper/0][DISPCHECK][DT][videolfb] lcmname    = cpt_clap070wp03xg_sn65dsi83_ti947
[    0.328867]<3>.(3)[1:swapper/0][DISPCHECK][DT]display vram size = 0x012d0000|19726336
[    0.329841]<3>.(3)[1:swapper/0][DISPCHECK][DT][videolfb]isvideofb_parse_done = 1
[    0.330766]<3>.(3)[1:swapper/0][debug]available DRAM size = 0x7ecf0000
[    0.330766]<3>[PHY layout]FB (dt) :  0xbecf0000 - 0xbffbffff  (0x12d0000)
[    0.332428]<3>.(3)[1:swapper/0][DISPCHECK][DT][videolfb]isvideofb_parse_done = 1
[    0.333348]<3>.(3)[1:swapper/0][DISPCHECK][DT]display vram size = 0x012d0000|19726336
[    0.334323]<3>.(3)[1:swapper/0][DISPCHECK][DT][videolfb]isvideofb_parse_done = 1
[    0.335246]<3>.(3)[1:swapper/0]fb base: 0x12d0000, size: 0xbecf0000
[    0.336026]<3>.(3)[1:swapper/0][init] f(ffffffc000dcc580)
[    0.336699]<3>.(3)[1:swapper/0]  s:315506384 e:336021384 d:20515000
[    0.337508]<3>.(3)[1:swapper/0][init] f(ffffffc000dd8168)
[    0.338179]<3>.(3)[1:swapper/0]  s:337474691 e:337502691 d:28000
[    0.339028]<3>.(3)[1:swapper/0][init] f(ffffffc000dddd90)
[    0.339699]<3>.(3)[1:swapper/0]  s:338940384 e:339021384 d:81000
[    0.340969]<3>.(3)[1:swapper/0][init] f(ffffffc000dabdfc)
[    0.341639]<3>.(3)[1:swapper/0]  s:340961537 e:340963307 d:1770
[    0.342376]<3>.(3)[1:swapper/0][init] f(ffffffc000dabdf4)
[    0.343049]<3>.(3)[1:swapper/0]  s:342370614 e:342371537 d:923
[    0.344130]<3>.(3)[1:swapper/0][init] f(ffffffc000dace08)
[    0.344802]<3>.(3)[1:swapper/0]  s:343770614 e:344123614 d:353000
[    0.345674]<3>.(3)[1:swapper/0][init] f(ffffffc000dadd80)
[    0.346345]<3>.(3)[1:swapper/0]  s:345554461 e:345668384 d:113923
[    0.347367]<3>.(3)[1:swapper/0][init] f(ffffffc000daf9e0)
[    0.348039]<3>.(3)[1:swapper/0]  s:347098614 e:347360845 d:262231
[    0.348851]<3>.(3)[1:swapper/0][init] f(ffffffc000dafa4c)
[    0.349545]<3>.(3)[1:swapper/0]  s:348791768 e:348845614 d:53846
[    0.350294]<3>.(3)[1:swapper/0][init] f(ffffffc000102c74)
[    0.350964]<3>.(3)[1:swapper/0]  s:350285999 e:350289153 d:3154
[    0.352448]<1>.(1)[1:swapper/0][init] f(ffffffc000dafcc8)
[    0.353142]<1>.(1)[1:swapper/0]  s:351695845 e:352441461 d:745616
[    0.353918]<1>.(1)[1:swapper/0][init] f(ffffffc000daff54)
[    0.354588]<1>.(1)[1:swapper/0]  s:353894230 e:353911845 d:17615
[    0.355348]<1>.(1)[1:swapper/0][init] f(ffffffc000db0344)
[    0.356018]<1>.(1)[1:swapper/0]  s:355330845 e:355342461 d:11616
[    0.356894]<1>.(1)[1:swapper/0][init] f(ffffffc000db1028)
[    0.357565]<1>.(1)[1:swapper/0]  s:356760768 e:356887307 d:126539
[    0.365766]<1>.(1)[1:swapper/0][init] f(ffffffc000db3868)
[    0.366440]<1>.(1)[1:swapper/0]  s:358318461 e:365757768 d:7439307
[    0.367209]<1>.(1)[1:swapper/0][init] f(ffffffc000db7a4c)
[    0.367881]<1>.(1)[1:swapper/0]  s:367203076 e:367204076 d:1000
[    0.368640]<1>.(1)[1:swapper/0][init] f(ffffffc000dbaae4)
[    0.369310]<1>.(1)[1:swapper/0]  s:368612768 e:368635230 d:22462
[    0.370126]<1>.(1)[1:swapper/0][init] f(ffffffc000dbaf14)
[    0.370797]<1>.(1)[1:swapper/0]  s:370053307 e:370119999 d:66692
[    0.371565]<1>.(1)[1:swapper/0][init] f(ffffffc000dbaf9c)
[    0.372236]<1>.(1)[1:swapper/0]  s:371538922 e:371559153 d:20231
[    0.372985]<1>.(1)[1:swapper/0][init] f(ffffffc000dbafc0)
[    0.373680]<1>.(1)[1:swapper/0]  s:372977922 e:372980307 d:2385
[    0.374417]<1>.(1)[1:swapper/0][init] f(ffffffc000dbafe4)
[    0.375088]<1>.(1)[1:swapper/0]  s:374409461 e:374411845 d:2384
[    0.375874]<1>.(1)[1:swapper/0][init] f(ffffffc000dc32f4)
[    0.376545]<1>.(1)[1:swapper/0]  s:375819999 e:375868614 d:48615
[    0.377295]<1>.(1)[1:swapper/0][init] f(ffffffc000dc63b8)
[    0.377966]<1>.(1)[1:swapper/0]  s:377287768 e:377290307 d:2539
[    0.380758]<1>.(1)[1:swapper/0][probe] drv:reg-dummy dev:(null)
[    0.381496]<1>.(1)[1:swapper/0]  s:379851614 e:380751307 d:899693
[    0.382374]<1>.(1)[1:swapper/0][init] f(ffffffc000dc7c20)
[    0.383046]<1>.(1)[1:swapper/0]  s:378697768 e:382367845 d:3670077
[    0.383842]<1>.(1)[1:swapper/0][init] f(ffffffc000dcc3bc)
[    0.384513]<1>.(1)[1:swapper/0]  s:383833691 e:383835922 d:2231
[    0.385367]<1>.(1)[1:swapper/0][init] f(ffffffc000dcc3e0)
[    0.386039]<1>.(1)[1:swapper/0]  s:385244307 e:385361384 d:117077
[    0.386800]<1>.(1)[1:swapper/0][BOOT_COMMON] init_boot_common 266 8 1
[    0.387607]<1>.(1)[1:swapper/0][BOOT_COMMON] init_boot_common 266 0 2
[    0.388907]<1>.(1)[1:swapper/0][init] f(ffffffc000dd1774)
[    0.389580]<1>.(1)[1:swapper/0]  s:386792076 e:388901076 d:2109000
[    0.390686]<1>.(1)[1:swapper/0][CHIP] 0x0321 0xCA00 0x0000 0x8A00 (0078)
[    0.391528]<1>.(1)[1:swapper/0][CHIP] CODE = 0321 8a00 ca00 0000, 0002 0000 0000 0000, CA00 0000
[    0.392620][CHIP] CODE = 0000821E ffffffc00059ec8c
[    0.393197]<1>.(1)[1:swapper/0][init] f(ffffffc000dd1c58)
[    0.393914]<1>.(1)[1:swapper/0]  s:390343076 e:393189768 d:2846692
[    0.394763]<1>.(1)[1:swapper/0]RGU base: 0xffffff8000034000 
[    0.395466]<1>.(1)[1:swapper/0][init] f(ffffffc000dd4df4)
[    0.396139]<1>.(1)[1:swapper/0]  s:394676691 e:395460999 d:784308
[    0.396962]<1>.(1)[1:swapper/0][init] f(ffffffc000dd819c)
[    0.397633]<1>.(1)[1:swapper/0]  s:396892845 e:396955537 d:62692
[    0.399178]<1>.(1)[1:swapper/0][init] f(ffffffc000dddc04)
[    0.399851]<1>.(1)[1:swapper/0]  s:398375691 e:399171922 d:796231
[    0.401066]<1>.(1)[1:swapper/0][init] f(ffffffc000ddf43c)
[    0.401738]<1>.(1)[1:swapper/0]  s:400603307 e:401059153 d:455846
[    0.403086]<1>.(1)[1:swapper/0][cpu_ntf] <26>ffffffc0009b37c4 (os_lock_notify)
[    0.404014]<1>.(1)[1:swapper/0][init] f(ffffffc0009b3788)
[    0.404685]<1>.(1)[1:swapper/0]  s:403035384 e:404008230 d:972846
[    0.405613]<1>.(1)[1:swapper/0][init] f(ffffffc000db61b0)
[    0.406284]<1>.(1)[1:swapper/0]  s:405438384 e:405606461 d:168077
[    0.407145]<1>.(1)[1:swapper/0][init] f(ffffffc000dc62f8)
[    0.407816]<1>.(1)[1:swapper/0]  s:407036999 e:407138537 d:101538
[    0.408778]<1>.(1)[1:swapper/0][init] f(ffffffc000dc7b68)
[    0.409449]<1>.(1)[1:swapper/0]  s:408569384 e:408771307 d:201923
[    0.410285]<1>.(1)[1:swapper/0][init] f(ffffffc000dc7f38)
[    0.410956]<1>.(1)[1:swapper/0]  s:410202153 e:410279845 d:77692
[    0.411766]<1>.(1)[1:swapper/0][init] f(ffffffc000dca190)
[    0.412437]<1>.(1)[1:swapper/0]  s:411698691 e:411759691 d:61000
[    0.413243]<1>.(1)[1:swapper/0][init] f(ffffffc000dca490)
[    0.413914]<1>.(1)[1:swapper/0]  s:413178922 e:413237307 d:58385
[    0.414772]<1>.(1)[1:swapper/0][GPIO]   599: GPIO base addr is 0xffffff8000036000, get_gpio_vbase_early
[    0.415941]<1>.(1)[1:swapper/0][init] f(ffffffc000dd1dfc)
[    0.416614]<1>.(1)[1:swapper/0]  s:414677691 e:415936614 d:1258923
[    0.417383]<1>.(1)[1:swapper/0][PWRAP] common driver init, version $Revision$
[    0.418402]<1>.(1)[1:swapper/0][init] f(ffffffc000dd23a0)
[    0.419073]<1>.(1)[1:swapper/0]  s:417378153 e:418396307 d:1018154
[    0.419841]<1>.(1)[1:swapper/0][PWRAP] mt_pwrap_init++++ 
[    0.420619]<1>.(1)[1:swapper/0]PWRAP reg: 0xffffff8000038000,  irq: 195
[    0.421440]<1>.(1)[1:swapper/0][PWRAP] real init: version $Revision$
[    0.422231]<1>.(1)[1:swapper/0][PWRAP] mt_pwrap_init---- debug1
[    0.423106]<1>.(1)[1:swapper/0][PWRAP] is_pwrap_init_done 1 
[    0.423890]<1>.(1)[1:swapper/0][PWRAP] after MT6328 pwrap_write
[    0.424631]<1>.(1)[1:swapper/0][PWRAP] write MT6328 Test pass
[    0.425373]<1>.(1)[1:swapper/0][PWRAP] Read 6328 Test pass,return_value=0
[    0.426215]<1>.(1)[1:swapper/0][PWRAP] mt_pwrap_init----
[    0.426878]<1>.(1)[1:swapper/0][init] f(ffffffc000dd2418)
[    0.427551]<1>.(1)[1:swapper/0]  s:419837153 e:426872922 d:7035769
[    0.428444]<1>.(1)[1:swapper/0]mtk_wdt_init ok
[    0.428995]<1>.(1)[1:swapper/0][init] f(ffffffc000dd4da0)
[    0.429669]<1>.(1)[1:swapper/0]  s:428315768 e:428990230 d:674462
[    0.430690]<1>.(1)[1:swapper/0][init] f(ffffffc000dd6164)
[    0.431361]<1>.(1)[1:swapper/0]  s:430422076 e:430684076 d:262000
[    0.432491]<1>.(1)[1:swapper/0][init] f(ffffffc000dd7874)
[    0.433163]<1>.(1)[1:swapper/0]  s:432113922 e:432484384 d:370462
[    0.434447]<1>.(1)[1:swapper/0][init] f(ffffffc000da8fa8)
[    0.435118]<1>.(1)[1:swapper/0]  s:434440768 e:434442307 d:1539
[    0.435936]<1>.(1)[1:swapper/0][init] f(ffffffc000da9974)
[    0.436607]<1>.(1)[1:swapper/0]  s:435871537 e:435930461 d:58924
[    0.437361]<1>.(1)[1:swapper/0][init] f(ffffffc000089630)
[    0.438031]<1>.(1)[1:swapper/0]  s:437349999 e:437355845 d:5846
[    0.438820]<1>.(1)[1:swapper/0][init] f(ffffffc000daa164)
[    0.439491]<1>.(1)[1:swapper/0]  s:438762768 e:438814845 d:52077
[    0.440273]<1>.(1)[1:swapper/0][cpu_ntf] <27>ffffffc0009b3b40 (hw_breakpoint_reset_notify)
[    0.441305]<1>.(1)[1:swapper/0][init] f(ffffffc000daa3f0)
[    0.441976]<1>.(1)[1:swapper/0]  s:440233230 e:441300384 d:1067154
[    0.442806]<1>.(1)[1:swapper/0]get EINT_BASE @ ffffff8000040000
[    0.443647]<1>.(1)[1:swapper/0][EIC] no max_deint_cnt specified
[    0.444465]<1>.(1)[1:swapper/0]gic supported max = 288
[    0.445103]<1>.(1)[1:swapper/0]EINT_IRQ_BASE = 288, nr_irq = 288
[    0.453312]<1>.(1)[1:swapper/0][init] f(ffffffc000dc74c8)
[    0.453985]<1>.(1)[1:swapper/0]  s:442739691 e:453304999 d:10565308
[    0.454763]<1>.(1)[1:swapper/0]CIRQ init...
[    0.455362]<1>.(1)[1:swapper/0][SYS_CIRQ] SYS_CIRQ_BASE = 0xffffff8000044000
[    0.456263]<1>.(1)[1:swapper/0][SYS_CIRQ] cirq_num = 159
[    0.456923]<1>.(1)[1:swapper/0][SYS_CIRQ] spi_start_offset = 72
[    0.457696]<1>.(1)[1:swapper/0][SYS_CIRQ] sys_cirq_num = 263
[    0.458462]<1>.(1)[1:swapper/0]CIRQ handler init success.
[    0.459254]<1>.(1)[1:swapper/0]CIRQ init done...
[    0.459838]<1>.(1)[1:swapper/0]CIRQ create sysfs file done...
[    0.460551]<1>.(1)[1:swapper/0][init] f(ffffffc000dca794)
[    0.461224]<1>.(1)[1:swapper/0]  s:454759384 e:460545999 d:5786615
[    0.462002]<1>.(1)[1:swapper/0][init] f(ffffffc000dcaab0)
[    0.462672]<1>.(1)[1:swapper/0]  s:461988768 e:461996999 d:8231
[    0.463410]<1>.(1)[1:swapper/0][init] f(ffffffc000dcac10)
[    0.464082]<1>.(1)[1:swapper/0]  s:463404461 e:463405537 d:1076
[    0.464936]<1>.(1)[1:swapper/0][MTK WP] watchpoint handler init. 
[    0.465694]<1>.(1)[1:swapper/0][init] f(ffffffc000dcac34)
[    0.466390]<1>.(1)[1:swapper/0]  s:464814307 e:465688537 d:874230
[    0.467153]<1>.(1)[1:swapper/0][PTP][VCORE] - Kernel Got from DT (0x68, 0x50, 0x48, 0x0)
[    0.468160]<1>.(1)[1:swapper/0][init] f(ffffffc000dcb650)
[    0.468833]<1>.(1)[1:swapper/0]  s:467141922 e:468154691 d:1012769
[    0.470455]<1>.(1)[1:swapper/0][SPM] find SCP_I2C0 node failed
[    0.471179]<1>.(1)[1:swapper/0][SPM] base scp_i2c0_base failed
[    0.472004]<1>.(1)[1:swapper/0][SPM] find SCP_I2C1 node failed
[    0.472726]<1>.(1)[1:swapper/0][SPM] base scp_i2c1_base failed
[    0.473551]<1>.(1)[1:swapper/0][SPM] find SCP_I2C2 node failed
[    0.474273]<1>.(1)[1:swapper/0][SPM] base scp_i2c2_base failed
[    0.475099]<1>.(1)[1:swapper/0][SPM] find I2C4 node failed
[    0.475777]<1>.(1)[1:swapper/0][SPM] base i2c4_base failed
[    0.476567]<1>.(1)[1:swapper/0][SPM] spm_base = ffffff800005a000, scp_i2c0_base =           (null), scp_i2c1_base =           (null), scp_i2c2_base =           (null), ddrphy_base = ffffff800005c000
[    0.478771]<1>.(1)[1:swapper/0][SPM] spm_irq_0 = 197, spm_irq_1 = 198, spm_irq_2 = 199, spm_irq_3 = 200
[    0.480558]<1>.(1)[1:swapper/0]mcucfg_base = 0x385024
[    0.481202]<1>-(1)[1:swapper/0][Power/cpufreq] [WARNING]pmic table not initialized
[    0.482217]<1>.(1)[1:swapper/0][SPM] PWAKE_EN:1, PCMWDT_EN:1, BYPASS_SYSPWREQ:0, I2C_CHANNEL:2
[    0.483290]<1>.(1)[1:swapper/0][SLP] SLEEP_DPIDLE_EN:0, REPLACE_DEF_WAKESRC:0, SUSPEND_LOG_EN:1
[    0.486599]<1>.(1)[1:swapper/0][init] f(ffffffc000dcbdcc)
[    0.487271]<1>.(1)[1:swapper/0]  s:469596461 e:486592614 d:16996153
[    0.488051]<1>.(1)[1:swapper/0][WDK]arch init check_bit=0x0+++++
[    0.488822]<1>.(1)[1:swapper/0][WDK]arch init check_bit=0xf-----
[    0.489568]<1>.(1)[1:swapper/0][init] f(ffffffc000dcffc4)
[    0.490242]<1>.(1)[1:swapper/0]  s:488045384 e:489562614 d:1517230
[    0.491048]<1>.(1)[1:swapper/0][CHIP_COMMON] create /proc/chip(821e)
[    0.492049]<1>.(1)[1:swapper/0][init] f(ffffffc000dd1b60)
[    0.492721]<1>.(1)[1:swapper/0]  s:491005384 e:492043537 d:1038153
[    0.493692]<1>.(1)[1:swapper/0][pdev] swsusp-helper
[    0.494299]<1>.(1)[1:swapper/0]  s:493485691 e:493686537 d:200846
[    0.495171]<1>.(1)[1:swapper/0][probe] drv:swsusp-helper dev:(null)
[    0.495951]<1>.(1)[1:swapper/0]  s:495162768 e:495163845 d:1077
[    0.496799]<1>.(1)[1:swapper/0][init] f(ffffffc000dd2664)
[    0.497471]<1>.(1)[1:swapper/0]  s:493484461 e:496793230 d:3308769
[    0.498322]<1>.(1)[1:swapper/0][DRAMC]get CQDMA_BASE_ADDR @ ffffff8000078c00
[    0.499280]<1>.(1)[1:swapper/0][DRAMC]get DRAMCAO_BASE_ADDR @ ffffff800007c000
[    0.500253]<1>.(1)[1:swapper/0][DRAMC]get DDRPHY_BASE_ADDR @ ffffff800007e000
[    0.501213]<1>.(1)[1:swapper/0][DRAMC]get DRAMCNAO_BASE_ADDR @ ffffff8000092000
[    0.502130]<1>.(1)[1:swapper/0][DFS]  rsv memory from LK node
[    0.502842]<1>.(1)[1:swapper/0][DRAMC]find dt_scan_dram_info
[    0.503723]<1>.(1)[1:swapper/0][DRAMC Driver] Dram Data Rate = 1280
[    0.504502]<1>.(1)[1:swapper/0]6[DRAMC Driver] dram can not support Frequency Hopping
[    0.505490]<1>.(1)[1:swapper/0][init] f(ffffffc000dd4fe4)
[    0.506163]<1>.(1)[1:swapper/0]  s:498234537 e:505484614 d:7250077
[    0.528499]<1>.(1)[1:swapper/0]******** MTK WDT driver probe!! ********
[    0.529372]<1>.(1)[1:swapper/0]RGU base: 0xffffff8000034000  RGU irq: 160
[    0.530215]<1>.(1)[1:swapper/0]******** MTK WDT register irq ********
[    0.531130]<1>.(1)[1:swapper/0]mtk_wdt_probe : Success to request irq
[    0.531985]<1>.(1)[1:swapper/0]mtk_wdt_probe : Initialize to dual mode 
[    0.532826]<1>.(1)[1:swapper/0]WDT NONRST=0x20000000
[    0.533544]<1>.(1)[1:swapper/0]mtk_wdt_probe : done WDT_MODE(5d),MTK_WDT_NONRST_REG(20000000)
[    0.534604]<1>.(1)[1:swapper/0]mtk_wdt_probe : done MTK_WDT_REQ_MODE(3c0002)
[    0.535482]<1>.(1)[1:swapper/0]mtk_wdt_probe : done MTK_WDT_REQ_IRQ_EN(340000)
[    0.536383]<1>.(1)[1:swapper/0][probe] drv:mtk-wdt dev:(null)
[    0.537124]<1>.(1)[1:swapper/0]  s:528489384 e:536377768 d:7888384
[    0.538582]<1>.(1)[1:swapper/0][probe] drv:emi_clk_test dev:(null)
[    0.539352]<1>.(1)[1:swapper/0]  s:538574076 e:538575384 d:1308
[    0.545807]<1>.(1)[1:swapper/0][MTK WP] watchpoint_probe
[    0.546470]<1>.(1)[1:swapper/0][MTK WP] get 4 debug interface
[    0.547280]<1>.(1)[1:swapper/0][MTK WP] debug_interface 0 @ vm:0xffffff8000094000 pm:0x10810000 
[    0.548422]<1>.(1)[1:swapper/0][MTK WP] debug_interface 1 @ vm:0xffffff8000096000 pm:0x10910000 
[    0.549562]<1>.(1)[1:swapper/0][MTK WP] debug_interface 2 @ vm:0xffffff8000098000 pm:0x10a10000 
[    0.550710]<1>.(1)[1:swapper/0][MTK WP] debug_interface 3 @ vm:0xffffff800009a000 pm:0x10b10000 
[    0.551801][MTK WP] Probe:Reset watchpoints
[    0.552308]<1>.(1)[1:swapper/0][MTK WP] Reset flow cpu 0, EDSCR 0x2003c02
[    0.553176]<1>.(1)[1:swapper/0][MTK WP] Reset flow  cpu 0, DBGWVR0, &0xffffff8000094800=0x0
[    0.554218]<1>.(1)[1:swapper/0][MTK WP] Reset flow  cpu 0, DBGWCR0, &0xffffff8000094808=0x0
[    0.555261]<1>.(1)[1:swapper/0][MTK WP] Reset flow  cpu 0, DBGWVR1, &0xffffff8000094810=0x0
[    0.556302]<1>.(1)[1:swapper/0][MTK WP] Reset flow  cpu 0, DBGWCR1, &0xffffff8000094818=0x0
[    0.557369]<1>.(1)[1:swapper/0][MTK WP] Reset flow  cpu 0, DBGWVR2, &0xffffff8000094820=0x0
[    0.558411]<1>.(1)[1:swapper/0][MTK WP] Reset flow  cpu 0, DBGWCR2, &0xffffff8000094828=0x0
[    0.559454]<1>.(1)[1:swapper/0][MTK WP] Reset flow  cpu 0, DBGWVR3, &0xffffff8000094830=0x0
[    0.560495]<1>.(1)[1:swapper/0][MTK WP] Reset flow  cpu 0, DBGWCR3, &0xffffff8000094838=0x0
[    0.561539]<1>.(1)[1:swapper/0][MTK WP] Reset flow  cpu 0, DBGBVR0, &0xffffff8000094400=0x0
[    0.562580]<1>.(1)[1:swapper/0][MTK WP] Reset flow  cpu 0, DBGBCR0, &0xffffff8000094408=0x0
[    0.563623]<1>.(1)[1:swapper/0][MTK WP] Reset flow  cpu 0, DBGBVR1, &0xffffff8000094410=0x0
[    0.564664]<1>.(1)[1:swapper/0][MTK WP] Reset flow  cpu 0, DBGBCR1, &0xffffff8000094418=0x0
[    0.565708]<1>.(1)[1:swapper/0][MTK WP] Reset flow  cpu 0, DBGBVR2, &0xffffff8000094420=0x0
[    0.566749]<1>.(1)[1:swapper/0][MTK WP] Reset flow  cpu 0, DBGBCR2, &0xffffff8000094428=0x0
[    0.567813]<1>.(1)[1:swapper/0][MTK WP] Reset flow  cpu 0, DBGBVR3, &0xffffff8000094430=0x0
[    0.568855]<1>.(1)[1:swapper/0][MTK WP] Reset flow  cpu 0, DBGBCR3, &0xffffff8000094438=0x0
[    0.569898]<1>.(1)[1:swapper/0][MTK WP] Reset flow  cpu 0, DBGBVR4, &0xffffff8000094440=0x0
[    0.570939]<1>.(1)[1:swapper/0][MTK WP] Reset flow  cpu 0, DBGBCR4, &0xffffff8000094448=0x0
[    0.571983]<1>.(1)[1:swapper/0][MTK WP] Reset flow  cpu 0, DBGBVR5, &0xffffff8000094450=0x0
[    0.573023]<1>.(1)[1:swapper/0][MTK WP] Reset flow  cpu 0, DBGBCR5, &0xffffff8000094458=0x0
[    0.574065]<1>.(1)[1:swapper/0][MTK WP] Reset flow cpu 1, EDSCR 0x2003c02
[    0.574914]<1>.(1)[1:swapper/0][MTK WP] Reset flow  cpu 1, DBGWVR0, &0xffffff8000096800=0x0
[    0.575955]<1>.(1)[1:swapper/0][MTK WP] Reset flow  cpu 1, DBGWCR0, &0xffffff8000096808=0x0
[    0.576998]<1>.(1)[1:swapper/0][MTK WP] Reset flow  cpu 1, DBGWVR1, &0xffffff8000096810=0x0
[    0.578059]<1>.(1)[1:swapper/0][MTK WP] Reset flow  cpu 1, DBGWCR1, &0xffffff8000096818=0x0
[    0.579103]<1>.(1)[1:swapper/0][MTK WP] Reset flow  cpu 1, DBGWVR2, &0xffffff8000096820=0x0
[    0.580144]<1>.(1)[1:swapper/0][MTK WP] Reset flow  cpu 1, DBGWCR2, &0xffffff8000096828=0x0
[    0.581187]<1>.(1)[1:swapper/0][MTK WP] Reset flow  cpu 1, DBGWVR3, &0xffffff8000096830=0x0
[    0.582228]<1>.(1)[1:swapper/0][MTK WP] Reset flow  cpu 1, DBGWCR3, &0xffffff8000096838=0x0
[    0.583272]<1>.(1)[1:swapper/0][MTK WP] Reset flow  cpu 1, DBGBVR0, &0xffffff8000096400=0x0
[    0.584313]<1>.(1)[1:swapper/0][MTK WP] Reset flow  cpu 1, DBGBCR0, &0xffffff8000096408=0x0
[    0.585357]<1>.(1)[1:swapper/0][MTK WP] Reset flow  cpu 1, DBGBVR1, &0xffffff8000096410=0x0
[    0.586398]<1>.(1)[1:swapper/0][MTK WP] Reset flow  cpu 1, DBGBCR1, &0xffffff8000096418=0x0
[    0.587441]<1>.(1)[1:swapper/0][MTK WP] Reset flow  cpu 1, DBGBVR2, &0xffffff8000096420=0x0
[    0.588501]<1>.(1)[1:swapper/0][MTK WP] Reset flow  cpu 1, DBGBCR2, &0xffffff8000096428=0x0
[    0.589545]<1>.(1)[1:swapper/0][MTK WP] Reset flow  cpu 1, DBGBVR3, &0xffffff8000096430=0x0
[    0.590586]<1>.(1)[1:swapper/0][MTK WP] Reset flow  cpu 1, DBGBCR3, &0xffffff8000096438=0x0
[    0.591630]<1>.(1)[1:swapper/0][MTK WP] Reset flow  cpu 1, DBGBVR4, &0xffffff8000096440=0x0
[    0.592671]<1>.(1)[1:swapper/0][MTK WP] Reset flow  cpu 1, DBGBCR4, &0xffffff8000096448=0x0
[    0.593715]<1>.(1)[1:swapper/0][MTK WP] Reset flow  cpu 1, DBGBVR5, &0xffffff8000096450=0x0
[    0.594756]<1>.(1)[1:swapper/0][MTK WP] Reset flow  cpu 1, DBGBCR5, &0xffffff8000096458=0x0
[    0.595798]<1>.(1)[1:swapper/0][MTK WP] Reset flow cpu 2, EDSCR 0x2003c02
[    0.596646]<1>.(1)[1:swapper/0][MTK WP] Reset flow  cpu 2, DBGWVR0, &0xffffff8000098800=0x0
[    0.597687]<1>.(1)[1:swapper/0][MTK WP] Reset flow  cpu 2, DBGWCR0, &0xffffff8000098808=0x0
[    0.598750]<1>.(1)[1:swapper/0][MTK WP] Reset flow  cpu 2, DBGWVR1, &0xffffff8000098810=0x0
[    0.599791]<1>.(1)[1:swapper/0][MTK WP] Reset flow  cpu 2, DBGWCR1, &0xffffff8000098818=0x0
[    0.600835]<1>.(1)[1:swapper/0][MTK WP] Reset flow  cpu 2, DBGWVR2, &0xffffff8000098820=0x0
[    0.601876]<1>.(1)[1:swapper/0][MTK WP] Reset flow  cpu 2, DBGWCR2, &0xffffff8000098828=0x0
[    0.602920]<1>.(1)[1:swapper/0][MTK WP] Reset flow  cpu 2, DBGWVR3, &0xffffff8000098830=0x0
[    0.603960]<1>.(1)[1:swapper/0][MTK WP] Reset flow  cpu 2, DBGWCR3, &0xffffff8000098838=0x0
[    0.605004]<1>.(1)[1:swapper/0][MTK WP] Reset flow  cpu 2, DBGBVR0, &0xffffff8000098400=0x0
[    0.606045]<1>.(1)[1:swapper/0][MTK WP] Reset flow  cpu 2, DBGBCR0, &0xffffff8000098408=0x0
[    0.607088]<1>.(1)[1:swapper/0][MTK WP] Reset flow  cpu 2, DBGBVR1, &0xffffff8000098410=0x0
[    0.608130]<1>.(1)[1:swapper/0][MTK WP] Reset flow  cpu 2, DBGBCR1, &0xffffff8000098418=0x0
[    0.609192]<1>.(1)[1:swapper/0][MTK WP] Reset flow  cpu 2, DBGBVR2, &0xffffff8000098420=0x0
[    0.610234]<1>.(1)[1:swapper/0][MTK WP] Reset flow  cpu 2, DBGBCR2, &0xffffff8000098428=0x0
[    0.611277]<1>.(1)[1:swapper/0][MTK WP] Reset flow  cpu 2, DBGBVR3, &0xffffff8000098430=0x0
[    0.612318]<1>.(1)[1:swapper/0][MTK WP] Reset flow  cpu 2, DBGBCR3, &0xffffff8000098438=0x0
[    0.613362]<1>.(1)[1:swapper/0][MTK WP] Reset flow  cpu 2, DBGBVR4, &0xffffff8000098440=0x0
[    0.614403]<1>.(1)[1:swapper/0][MTK WP] Reset flow  cpu 2, DBGBCR4, &0xffffff8000098448=0x0
[    0.615446]<1>.(1)[1:swapper/0][MTK WP] Reset flow  cpu 2, DBGBVR5, &0xffffff8000098450=0x0
[    0.616487]<1>.(1)[1:swapper/0][MTK WP] Reset flow  cpu 2, DBGBCR5, &0xffffff8000098458=0x0
[    0.617530]<1>.(1)[1:swapper/0][MTK WP] Reset flow cpu 3, EDSCR 0x2003c02
