[   92.320579]<0>.(0)[56:kworker/0:1][Power/CPU_Thermal]tscpu_get_temp CPU T=28700
[   92.639945]<0>.(0)[511:SFWatchDog]monitor_hang_open
[   92.640832]AEE_MONITOR_SET[status]: 0x1
[   92.641344]<0>.(0)[511:SFWatchDog]monitor_hang_release
[   93.081848]<0>.(0)[132:mmcqd/0][BLOCK_TAG] mmcqd:132 Workload < 1%, duty 10243769, period 2958852539, req_cnt=5
[   93.320575]<0>.(0)[56:kworker/0:1][Power/CPU_Thermal]tscpu_get_temp CPU T=28800
[   93.667173]<0>.(0)[511:SFWatchDog]monitor_hang_open
[   93.667871]AEE_MONITOR_SET[status]: 0x1
[   93.668381]<0>.(0)[511:SFWatchDog]monitor_hang_release
[   93.952352]<0>.(0)[1251:watchdog]monitor_hang_open
[   93.953399]<0>.(0)[1251:watchdog]monitor_hang_release
[   93.954853]<0>.(0)[1251:watchdog]monitor_hang_open
[   93.955667]<0>.(0)[1251:watchdog]AEEIOCTL_RT_MON_Kick ( 300)
[   93.956399]<0>.(0)[1251:watchdog][Hang_Detect] hang_detect enabled 10
[   93.957253]<0>.(0)[1251:watchdog]monitor_hang_release
[   94.320576]<0>.(0)[56:kworker/0:1][Power/CPU_Thermal]tscpu_get_temp CPU T=28400
[   94.573522]<0>.(0)[988:AlarmManager][Power/Alarm] alarm 3 set 125.346000000
[   94.694193]<0>.(0)[511:SFWatchDog]monitor_hang_open
[   94.694894]AEE_MONITOR_SET[status]: 0x1
[   94.695405]<0>.(0)[511:SFWatchDog]monitor_hang_release
[   95.320572]<0>.(0)[56:kworker/0:1][Power/CPU_Thermal]tscpu_get_temp CPU T=28700
[   95.720760]<0>.(0)[511:SFWatchDog]monitor_hang_open
[   95.721455]AEE_MONITOR_SET[status]: 0x1
[   95.721962]<0>.(0)[511:SFWatchDog]monitor_hang_release
[   96.172294]<0>.(0)[132:mmcqd/0][BLOCK_TAG] mmcqd:132 Workload < 1%, duty 3624153, period 3090448308, req_cnt=3
[   96.320604]<0>.(0)[56:kworker/0:1][Power/CPU_Thermal]tscpu_get_temp CPU T=28700
[   96.761541]<0>.(0)[511:SFWatchDog]monitor_hang_open
[   96.762240]AEE_MONITOR_SET[status]: 0x1
[   96.762750]<0>.(0)[511:SFWatchDog]monitor_hang_release
[   97.320512]<0>.(0)[56:kworker/0:1][Power/CPU_Thermal]tscpu_get_temp CPU T=28700
[   97.790636]<0>.(0)[511:SFWatchDog]monitor_hang_open
[   97.791332]AEE_MONITOR_SET[status]: 0x1
[   97.791840]<0>.(0)[511:SFWatchDog]monitor_hang_release
[   98.320514]<0>.(0)[56:kworker/0:1][Power/CPU_Thermal]tscpu_get_temp CPU T=28800
[   98.818009]<0>.(0)[511:SFWatchDog]monitor_hang_open
[   98.818704]AEE_MONITOR_SET[status]: 0x1
[   98.819212]<0>.(0)[511:SFWatchDog]monitor_hang_release
[   99.023466]<0>.(0)[72:fuse_log][BLOCK_TAG] FUSEIO {284:getattr(0,1,499)}
[   99.033799]<0>.(0)[278:batterywarning][Battery] show_BatteryNotify : 0
[   99.082149]<0>.(0)[132:mmcqd/0][BLOCK_TAG] mmcqd:132 Workload < 1%, duty 2860462, period 2909854692, req_cnt=3
[   99.240504]<0>.(0)[524:kworker/u9:2][ccci1/mcd]traffic: (3/0)(Tx(7f): 2,1989,0,0,0,0,0,0)(Rx(7f): 4,1571,0,0,0,0,2,0)
[   99.241881]<0>.(0)[524:kworker/u9:2][ccci1/mcd]traffic(tx_pre):2,1990,0,0,0,0,0,0
[   99.242867]<0>.(0)[524:kworker/u9:2][ccci1/mcd]traffic(ch): tx:[5]1, [12]1085, [15]880 rx:[4]2, [10]651, [14]886
[   99.244449]<0>.(0)[524:kworker/u9:2][ccci1/mcd]traffic(net): tx: [22]0 0, [26]0 0, [30]0 0, rx:[20]0, [24]0, [28]0
[   99.320437]<0>.(0)[56:kworker/0:1][Power/CPU_Thermal]tscpu_get_temp CPU T=28700
[   99.861077]<0>.(0)[511:SFWatchDog]monitor_hang_open
[   99.861774]AEE_MONITOR_SET[status]: 0x1
[   99.862282]<0>.(0)[511:SFWatchDog]monitor_hang_release
[  100.020539]<0>.(0)[72:fuse_log][BLOCK_TAG] FUSEIO {284:lookup(0,3,3646)}
[  100.320578]<0>.(0)[56:kworker/0:1][Power/CPU_Thermal]tscpu_get_temp CPU T=28700

root@fe5b_qj_1wk:/sdcard/Music # 
root@fe5b_qj_1wk:/sdcard/Music # [  100.903483]<0>.(0)[511:SFWatchDog]monitor_hang_open
[  100.904239]AEE_MONITOR_SET[status]: 0x1
[  100.905226]<0>.(0)[511:SFWatchDog]monitor_hang_release

root@fe5b_qj_1wk:/sdcard/Music # [  101.224543][BATTERY] bat_get_ui_percentage return 100 !!

root@fe5b_qj_1wk:/sdcard/Music # [  101.320576]<0>.(0)[56:kworker/0:1][Power/CPU_Thermal]tscpu_get_temp CPU T=28800

root@fe5b_qj_1wk:/sdcard/Music # 
root@fe5b_qj_1wk:/sdcard/Music # [  101.940461]<0>.(0)[511:SFWatchDog]monitor_hang_open

[  101.941088]<0>.(0)[511:SFWatchDog]AEE_MONITOR_SET[status]: 0x1[  101.941811]<0>.(0)[511:SFWatchDog]monitor_hang_release
tinycap  cap1.wav -D 0 -d 1 -r 48000[  102.320516]<0>.(0)[56:kworker/0:1][Power/CPU_Thermal]tscpu_get_temp CPU T=28800

[  102.625398]<0>.(0)[72:fuse_log][BLOCK_TAG] FUSEIO {2296:getattr(0,1,166)}
[  102.633283]<0>-(0)[2296:tinycap]-----------AudDrv_Clk_On, Aud_AFE_Clk_cntr:0 
[  102.634192]<0>.(0)[2296:tinycap]+AudDrv_ADC_Clk_On enable_clock ADC clk(0)
[  102.635046]<0>.(0)[2296:tinycap]mtk_capture_pcm_open use dram 
[  102.635778]<0>.(0)[2296:tinycap]mtk_capture_pcm_open return
[  102.636583]<0>.(0)[2296:tinycap]	[AK7738] ak7738_hw_params(5835)
[  102.637324]<0>.(0)[2296:tinycap]	[AK7738] ak7738_hw_params fs=48000
[  102.648137]<0>.(0)[2296:tinycap]	[AK7738] ak7738_hw_params nmax = 8
[  102.648911]<0>.(0)[2296:tinycap]	[AK7738] ak7738_hw_params fsno = 5
[  102.649691]<0>.(0)[2296:tinycap]	[AK7738] ak7738_hw_params setSDClock
[  102.660856]<0>.(0)[2296:tinycap]	[AK7738]setSDClock, BDV=40, SDV=64
[  102.661899]<0>.(0)[2296:tinycap][AK7738] ak7738_write_register (8H, 27H)
[  102.663440]<0>.(0)[2296:tinycap]mtk_capture_pcm_hw_params 
[  102.664119]<0>.(0)[2296:tinycap]Capture_dma_buf = ffffffc076384280 Capture_dma_buf->area = ffffff8002a29000 apture_dma_buf->addr = 0xb5c60000
[  102.665699]<0>.(0)[2296:tinycap]SetVULBuffer
[  102.666233]<0>.(0)[2296:tinycap]u4BufferSize = 16384 pucVirtBufAddr = ffffff8002a29000 pucPhysBufAddr = 0xb5c60000
[  102.667526]<0>.(0)[2296:tinycap]dma_bytes = 16384 dma_area = ffffff8002a29000 dma_addr = 0xb5c60000
Capturing sample: 2 ch, 48000 hz, 16 bit
[  102.672802]<0>.(0)[140:kworker/u8:5]	[AK7738] ak7738_set_bias_level(6994),level=1
[  102.673731]<0>.(0)[140:kworker/u8:5]	[AK7738] ak7738_set_bias_level(6994),level=2
[  102.685020]<0>.(0)[2296:tinycap][AK7738] ak7738_write_register (64H, 10H)
[  102.686363]<0>.(0)[2296:tinycap][AK7738] ak7738_write_register (2H, 3H)
[  102.687664]<0>.(0)[2296:tinycap][AK7738] ak7738_write_register (64H, 8H)
[  102.688981]<0>.(0)[2296:tinycap][AK7738] ak7738_write_register (64H, 40H)
[  102.690309]<0>.(0)[2296:tinycap][AK7738] ak7738_write_register (64H, 20H)
[  102.694275]<0>.(0)[140:kworker/u8:5]	[AK7738] ak7738_set_bias_level(6994),level=3
[  102.695305]<0>-(0)[2296:tinycap]mtk_capture_pcm_trigger cmd = 1
[  102.696035]<0>-(0)[2296:tinycap]mtk_capture_alsa_start 
[  102.696686]+SetMemifSubStream MemBlock = 2 substream = ffffffc075c424c0 
 -SetMemifSubStream MemBlock = 2 
 StartAudioCaptureHardware 
[  102.698215]SetI2SAdcIn Audio_I2S_Adc = 0x8000a0aSetMemoryPathEnable Aud_block = 14 bEnable = 1 
[  102.699299]<0>-(0)[2296:tinycap]StartAudioCaptureHardware connect AFE connection
[  102.700229]not to add counter latency CurrentCount = 1024 Counter = 1024SetMemoryPathEnable Aud_block = 2 bEnable = 1 
[  102.701565]<0>-(0)[2296:tinycap][GPIO]   513: modebefore1 set pin[143],addr=3e0,(ffffff8000036000,ffffff80000363e0)
[  102.702863]<0>-(0)[2296:tinycap][GPIO]   543: mt_set_gpio_mode_base:pin:143, mode:1, value:0x12400248
[  102.704012]<0>-(0)[2296:tinycap][GPIO]   513: modebefore1 set pin[144],addr=3e0,(ffffff8000036000,ffffff80000363e0)
[  102.705314]<0>-(0)[2296:tinycap][GPIO]   543: mt_set_gpio_mode_base:pin:144, mode:1, value:0x12401248
[  102.706463]<0>-(0)[2296:tinycap][GPIO]   513: modebefore1 set pin[145],addr=3e0,(ffffff8000036000,ffffff80000363e0)
[  102.707765]<0>-(0)[2296:tinycap][GPIO]   543: mt_set_gpio_mode_base:pin:145, mode:1, value:0x12411248
[  102.982313]<0>.(0)[511:SFWatchDog]monitor_hang_open
[  102.983015]AEE_MONITOR_SET[status]: 0x1
[  102.983524]<0>.(0)[511:SFWatchDog]monitor_hang_release
[  103.321383]<0>.(0)[56:kworker/0:1][Power/CPU_Thermal]tscpu_get_temp CPU T=28900
[  103.620569]<0>.(0)[72:fuse_log][BLOCK_TAG] FUSEIO {2296:R(0,0,0),W(163840,40,41852)}{2296:lookup(0,1,139)}{2296:open(0,1,5247)}{2296:getattr(0,1,131)}
[  104.020457]<0>.(0)[511:SFWatchDog]monitor_hang_open
[  104.021082]AEE_MONITOR_SET[status]: 0x1
[  104.021540]<0>.(0)[511:SFWatchDog]monitor_hang_release
[  104.066421]<0>-(0)[1475:Binder_D]Auddrv_Handle_Mem_context buffer overflow u4DMAReadIdx:2f80, u4WriteIdx:3f80, u4DataRemained:5000, u4BufferSize:4000 
[  104.068113]<0>-(0)[1475:Binder_D]mtk_capture_pcm_pointer buffer overflow u4DMAReadIdx:2f80, u4WriteIdx:c0, u4DataRemained:5140, u4BufferSize:4000 
[  104.069749]<0>-(0)[1475:Binder_D]mtk_capture_pcm_trigger cmd = 0
[  104.070491]<0>-(0)[1475:Binder_D]mtk_capture_alsa_stop 
[  104.071141]<0>-(0)[1475:Binder_D]StopAudioCaptureHardware 
[  104.071827]<0>-(0)[1475:Binder_D]SetMemoryPathEnable Aud_block = 14 bEnable = 0 
[  104.072749]<0>-(0)[1475:Binder_D]SetMemoryPathEnable Aud_block = 2 bEnable = 0 
[  104.073661]<0>-(0)[1475:Binder_D]StopAudioCaptureHardware disconnect AFE connection
[  104.074628]<0>-(0)[1475:Binder_D][GPIO]   513: modebefore1 set pin[143],addr=3e0,(ffffff8000036000,ffffff80000363e0)
[  104.075937]<0>-(0)[1475:Binder_D][GPIO]   543: mt_set_gpio_mode_base:pin:143, mode:0, value:0x12411048
[  104.077098]<0>-(0)[1475:Binder_D][GPIO]   513: modebefore1 set pin[144],addr=3e0,(ffffff8000036000,ffffff80000363e0)
[  104.078410]<0>-(0)[1475:Binder_D][GPIO]   543: mt_set_gpio_mode_base:pin:144, mode:0, value:0x12410048
[  104.079570]<0>-(0)[1475:Binder_D][GPIO]   513: modebefore1 set pin[145],addr=3e0,(ffffff8000036000,ffffff80000363e0)
[  104.080882]<0>-(0)[1475:Binder_D][GPIO]   543: mt_set_gpio_mode_base:pin:145, mode:0, value:0x12400048
[  104.082041]+ RemoveMemifSubStream MemBlock = 2 substream = ffffffc075c424c0 
 - RemoveMemifSubStream MemBlock = 2 
 
[  104.083380]<0>-(0)[1475:Binder_D][ISR DURATION WARN] IRQ[176:Afe_ISR_Handle], dur:16978692 ns > 3 ms,(s:104066390313,e:104083369005)
[  104.095277]<0>-(0)[2296:tinycap]mtk_capture_pcm_trigger cmd = 1
[  104.096012]<0>-(0)[2296:tinycap]mtk_capture_alsa_start 
[  104.096662]+SetMemifSubStream MemBlock = 2 substream = ffffffc075c424c0 
 -SetMemifSubStream MemBlock = 2 
 StartAudioCaptureHardware 
[  104.098192]SetI2SAdcIn Audio_I2S_Adc = 0x8000a0aSetMemoryPathEnable Aud_block = 14 bEnable = 1 
[  104.099275]<0>-(0)[2296:tinycap]StartAudioCaptureHardware connect AFE connection
[  104.100204]not to add counter latency CurrentCount = 1024 Counter = 1024SetMemoryPathEnable Aud_block = 2 bEnable = 1 
[  104.101542]<0>-(0)[2296:tinycap][GPIO]   513: modebefore1 set pin[143],addr=3e0,(ffffff8000036000,ffffff80000363e0)
[  104.102840]<0>-(0)[2296:tinycap][GPIO]   543: mt_set_gpio_mode_base:pin:143, mode:1, value:0x12400248
[  104.103990]<0>-(0)[2296:tinycap][GPIO]   513: modebefore1 set pin[144],addr=3e0,(ffffff8000036000,ffffff80000363e0)
[  104.105291]<0>-(0)[2296:tinycap][GPIO]   543: mt_set_gpio_mode_base:pin:144, mode:1, value:0x12401248
[  104.106441]<0>-(0)[2296:tinycap][GPIO]   513: modebefore1 set pin[145],addr=3e0,(ffffff8000036000,ffffff80000363e0)
[  104.107742]<0>-(0)[2296:tinycap][GPIO]   543: mt_set_gpio_mode_base:pin:145, mode:1, value:0x12411248
[  104.320580]<0>.(0)[56:kworker/0:1][Power/CPU_Thermal]tscpu_get_temp CPU T=28700
[  104.660748]<0>.(0)[72:fuse_log][BLOCK_TAG] FUSEIO {2296:R(0,0,0),W(180224,44,39568)}
[  104.920311]<0>-(0)[0:swapper/0][printk_delayed:start]
[  104.920986]<0>-(0)[0:swapper/0][WDK], local_bit:0x0, cpu:0,RT[104911350697]
[  104.920986]<0>[WDK], local_bit:0x1, cpu:0, check bit0x:1,RT[104911365697]
[  104.920986]<0>[WDK]: kick Ex WDT,RT[104911375774]
[  104.920986]<0>[thread:148][RT:104911523313] 2019-03-08 08:40:39.535549 UTC; android time 2019-03-08 16:40:39.535549
[  104.924646]<0>-(0)[0:swapper/0][printk_delayed:done]
[  104.925336]<0>-(0)[0:swapper/0][HRTIMER DURATION WARN] HRTIMER:tick_sched_timer+0x0/0x194, dur:5023385 ns > 3 ms,(s:104920265774,e:104925289159)
[  104.927011]<0>-(0)[0:swapper/0][ISR DURATION WARN] IRQ[30:arch_timer], dur:6728538 ns > 3 ms,(s:104920251159,e:104926979697)
[  105.061787]<0>.(0)[511:SFWatchDog]monitor_hang_open
[  105.062485]AEE_MONITOR_SET[status]: 0x1
[  105.062995]<0>.(0)[511:SFWatchDog]monitor_hang_release
[  105.320899]<0>.(0)[56:kworker/0:1][Power/CPU_Thermal]tscpu_get_temp CPU T=28900
[  105.642485]<0>.(0)[132:mmcqd/0][BLOCK_TAG] mmcqd:132 Workload < 1%, duty 1594846, period 6560358462, req_cnt=1
[  105.720344]<0>.(0)[72:fuse_log][BLOCK_TAG] FUSEIO {2296:R(0,0,0),W(196608,48,44933)}
[  106.100966]<0>.(0)[511:SFWatchDog]monitor_hang_open
[  106.101664]AEE_MONITOR_SET[status]: 0x1
[  106.102174]<0>.(0)[511:SFWatchDog]monitor_hang_release
[  106.320581]<0>.(0)[56:kworker/0:1][Power/CPU_Thermal]tscpu_get_temp CPU T=28800
[  106.741176]<0>.(0)[72:fuse_log][BLOCK_TAG] FUSEIO {2296:R(0,0,0),W(196608,48,44453)}
[  107.128056]<0>.(0)[511:SFWatchDog]monitor_hang_open
[  107.128753]AEE_MONITOR_SET[status]: 0x1
[  107.129264]<0>.(0)[511:SFWatchDog]monitor_hang_release
[  107.320580]<0>.(0)[56:kworker/0:1][Power/CPU_Thermal]tscpu_get_temp CPU T=28700
[  107.623788]<0>.(0)[132:mmcqd/0][BLOCK_TAG] mmcqd:132 Workload < 1%, duty 4194000, period 1981275308, req_cnt=2
[  107.761472]<0>.(0)[72:fuse_log][BLOCK_TAG] FUSEIO {2296:R(0,0,0),W(196608,48,55773)}
[  108.161979]<0>.(0)[511:SFWatchDog]monitor_hang_open
[  108.162679]AEE_MONITOR_SET[status]: 0x1
[  108.163190]<0>.(0)[511:SFWatchDog]monitor_hang_release
[  108.320335]<0>.(0)[56:kworker/0:1][Power/CPU_Thermal]tscpu_get_temp CPU T=28800
[  108.666749]<0>.(0)[132:mmcqd/0][BLOCK_TAG] mmcqd:132 Workload < 1%, duty 2684923, period 1042965154, req_cnt=2
[  108.791175]<0>.(0)[72:fuse_log][BLOCK_TAG] FUSEIO {2296:R(0,0,0),W(196608,48,41123)}
[  109.035508]<0>.(0)[278:batterywarning][Battery] show_BatteryNotify : 0
[  109.197857]<0>.(0)[511:SFWatchDog]monitor_hang_open
[  109.198480]AEE_MONITOR_SET[status]: 0x1
[  109.198937]<0>.(0)[511:SFWatchDog]monitor_hang_release
[  109.310612]<0>.(0)[0:swapper/0][ccci1/mcd]traffic: (3/0)(Tx(7f): 2,1997,0,0,0,0,0,0)(Rx(7f): 4,1577,0,0,0,0,2,0)
[  109.311935]<0>.(0)[0:swapper/0][ccci1/mcd]traffic(tx_pre):2,1997,0,0,0,0,0,0
[  109.312867]<0>.(0)[0:swapper/0][ccci1/mcd]traffic(ch): tx:[5]1, [12]1093, [15]880 rx:[4]2, [10]657, [14]886
[  109.314277]<0>.(0)[0:swapper/0][ccci1/mcd]traffic(net): tx: [22]0 0, [26]0 0, [30]0 0, rx:[20]0, [24]0, [28]0
[  109.321786]<0>.(0)[56:kworker/0:1][Power/CPU_Thermal]tscpu_get_temp CPU T=28800
[  109.810627]<0>.(0)[72:fuse_log][BLOCK_TAG] FUSEIO {2296:R(0,0,0),W(196608,48,43160)}{284:lookup(0,3,2423)}{284:getattr(0,1,446)}
[  110.224733]<0>.(0)[511:SFWatchDog]monitor_hang_open
[  110.225433]AEE_MONITOR_SET[status]: 0x1
[  110.225945]<0>.(0)[511:SFWatchDog]monitor_hang_release
[  110.320518]<0>.(0)[56:kworker/0:1][Power/CPU_Thermal]tscpu_get_temp CPU T=28800
[  110.841475]<0>.(0)[72:fuse_log][BLOCK_TAG] FUSEIO {2296:R(0,0,0),W(196608,48,43938)}
[  111.225516][BATTERY] bat_get_ui_percentage return 100 !!
[  111.261564]<0>.(0)[511:SFWatchDog]monitor_hang_open

[  111.262277]<0>.(0)[511:SFWatchDog]AEE_MONITOR_SET[status]: 0x1[  111.263047]<0>.(0)[511:SFWatchDog]monitor_hang_release
[  111.320525]<0>.(0)[56:kworker/0:1][Power/CPU_Thermal]tscpu_get_temp CPU T=28800
[  111.676927]<0>.(0)[132:mmcqd/0][BLOCK_TAG] mmcqd:132 Workload < 1%, duty 6381385, period 3010172385, req_cnt=2
[  111.861324]<0>.(0)[72:fuse_log][BLOCK_TAG] FUSEIO {2296:R(0,0,0),W(196608,48,45305)}
[  112.296400]<0>.(0)[511:SFWatchDog]monitor_hang_open
[  112.297100]AEE_MONITOR_SET[status]: 0x1
[  112.297611]<0>.(0)[511:SFWatchDog]monitor_hang_release
[  112.321316]<0>.(0)[56:kworker/0:1][Power/CPU_Thermal]tscpu_get_temp CPU T=28700
[  112.658336]<0>.(0)[132:mmcqd/0][BLOCK_TAG] mmcqd:132 Workload < 1%, duty 6437232, period 981412308, req_cnt=3
[  112.881188]<0>.(0)[72:fuse_log][BLOCK_TAG] FUSEIO {2296:R(0,0,0),W(196608,48,51261)}
[  113.320523]<0>.(0)[56:kworker/0:1][Power/CPU_Thermal]tscpu_get_temp CPU T=28800
[  113.330804]<0>.(0)[511:SFWatchDog]monitor_hang_open
[  113.331498]AEE_MONITOR_SET[status]: 0x1
[  113.332009]<0>.(0)[511:SFWatchDog]monitor_hang_release
[  113.910652]<0>.(0)[72:fuse_log][BLOCK_TAG] FUSEIO {2296:R(0,0,0),W(196608,48,45407)}
[  114.320624]<0>.(0)[56:kworker/0:1][Power/CPU_Thermal]tscpu_get_temp CPU T=28700
[  114.373563]<0>.(0)[511:SFWatchDog]monitor_hang_open
[  114.374260]AEE_MONITOR_SET[status]: 0x1
[  114.374767]<0>.(0)[511:SFWatchDog]monitor_hang_release
^C[  114.683678]<0>-(0)[2296:tinycap]mtk_capture_pcm_trigger cmd = 0
[  114.684446]<0>-(0)[2296:tinycap]mtk_capture_alsa_stop 
[  114.685105]<0>-(0)[2296:tinycap]StopAudioCaptureHardware 
[  114.685803]<0>-(0)[2296:tinycap]SetMemoryPathEnable Aud_block = 14 bEnable = 0 
[  114.686741]<0>-(0)[2296:tinycap]SetMemoryPathEnable Aud_block = 2 bEnable = 0 
[  114.687665]<0>-(0)[2296:tinycap]StopAudioCaptureHardware disconnect AFE connection
[  114.688668]<0>-(0)[2296:tinycap][GPIO]   513: modebefore1 set pin[143],addr=3e0,(ffffff8000036000,ffffff80000363e0)
[  114.690007]<0>-(0)[2296:tinycap][GPIO]   543: mt_set_gpio_mode_base:pin:143, mode:0, value:0x12411048
[  114.691199]<0>-(0)[2296:tinycap][GPIO]   513: modebefore1 set pin[144],addr=3e0,(ffffff8000036000,ffffff80000363e0)
[  114.692537]<0>-(0)[2296:tinycap][GPIO]   543: mt_set_gpio_mode_base:pin:144, mode:0, value:0x12410048
[  114.693728]<0>-(0)[2296:tinycap][GPIO]   513: modebefore1 set pin[145],addr=3e0,(ffffff8000036000,ffffff80000363e0)
[  114.695065]<0>-(0)[2296:tinycap][GPIO]   543: mt_set_gpio_mode_base:pin:145, mode:0, value:0x12400048
[  114.696247]+ RemoveMemifSubStream MemBlock = 2 substream = ffffffc075c424c0 
 - RemoveMemifSubStream MemBlock = 2 
 mtk_capture_pcm_hw_free 
[  114.699145]<0>.(0)[2296:tinycap]+AudDrv_ADC_Clk_On disable_clock ADC clk(0)
[  114.700042]<0>-(0)[2296:tinycap]------------AudDrv_Clk_Off, Aud_AFE_Clk_cntr:0 
[  114.709304]<0>.(0)[140:kworker/u8:5]	[AK7738] ak7738_set_bias_level(6994),level=2
[  114.712581]<0>.(0)[2296:tinycap][AK7738] ak7738_write_register (2H, 0H)
[  114.719761]<0>.(0)[140:kworker/u8:5]	[AK7738] ak7738_set_bias_level(6994),level=1
[  114.723784]<0>.(0)[132:mmcqd/0][BLOCK_TAG] mmcqd:132 Workload < 1%, duty 2946154, period 2065469077, req_cnt=2
[  114.725620]<0>.(0)[140:kworker/u8:5]	[AK7738] ak7738_set_bias_level(6994),level=0
Captured 569344 frames
root@fe5b_qj_1wk:/sdcard/Music # [  114.931469]<0>.(0)[72:fuse_log][BLOCK_TAG] FUSEIO {2296:R(0,0,0),W(163884,41,37385)}{2296:flush(0,1,1620)}{2296:unknown(0,1,178)}
[  115.320510]<0>.(0)[56:kworker/0:1][Power/CPU_Thermal]tscpu_get_temp CPU T=28900
[  115.410838]<0>.(0)[511:SFWatchDog]monitor_hang_open
[  115.411531]AEE_MONITOR_SET[status]: 0x1
[  115.412039]<0>.(0)[511:SFWatchDog]monitor_hang_release
[  116.320508]<0>.(0)[56:kworker/0:1][Power/CPU_Thermal]tscpu_get_temp CPU T=28900
[  116.446712]<0>.(0)[511:SFWatchDog]monitor_hang_open
[  116.447403]AEE_MONITOR_SET[status]: 0x1
[  116.447911]<0>.(0)[511:SFWatchDog]monitor_hang_release
[  117.321126]<0>.(0)[56:kworker/0:1][Power/CPU_Thermal]tscpu_get_temp CPU T=28900
[  117.478759]<0>.(0)[511:SFWatchDog]monitor_hang_open
[  117.479453]AEE_MONITOR_SET[status]: 0x1
[  117.479960]<0>.(0)[511:SFWatchDog]monitor_hang_release
[  117.738269]<0>.(0)[132:mmcqd/0][BLOCK_TAG] mmcqd:132 Workload < 1%, duty 4485923, period 3014462923, req_cnt=2
[  118.320519]<0>.(0)[56:kworker/0:1][Power/CPU_Thermal]tscpu_get_temp CPU T=28800
[  118.516474]<0>.(0)[511:SFWatchDog]monitor_hang_open
[  118.517168]AEE_MONITOR_SET[status]: 0x1
[  118.517677]<0>.(0)[511:SFWatchDog]monitor_hang_release
[  581.689265]<0>.(0)[511:SFWatchDog]monitor_hang_open

[  581.689979]<0>.(0)[511:SFWatchDog]AEE_MONITOR_SET[status]: 0x1[  581.691602]<0>.(0)[511:SFWatchDog]monitor_hang_release
[  581.971181]<0>.(0)[2305:kworker/0:0][Power/CPU_Thermal]tscpu_get_temp CPU T=33900
[  582.732445]<0>.(0)[511:SFWatchDog]monitor_hang_open
[  582.733142]AEE_MONITOR_SET[status]: 0x1
[  582.733649]<0>.(0)[511:SFWatchDog]monitor_hang_release
[  582.971974]<0>.(0)[2305:kworker/0:0][Power/CPU_Thermal]tscpu_get_temp CPU T=33600
[  583.290691]<0>.(0)[609:gsm0710muxd][ccci1/mcd]traffic: (3/0)(Tx(7f): 2,2277,0,0,0,0,0,0)(Rx(7f): 4,1858,0,0,0,0,2,0)
[  583.292102]<0>.(0)[609:gsm0710muxd][ccci1/mcd]traffic(tx_pre):2,2278,0,0,0,0,0,0
[  583.293080]<0>.(0)[609:gsm0710muxd][ccci1/mcd]traffic(ch): tx:[5]1, [12]1372, [15]880 rx:[4]2, [10]938, [14]886
[  583.294459]<0>.(0)[609:gsm0710muxd][ccci1/mcd]traffic(net): tx: [22]0 0, [26]0 0, [30]0 0, rx:[20]0, [24]0, [28]0
[  583.774821]<0>.(0)[511:SFWatchDog]monitor_hang_open
[  583.775578]AEE_MONITOR_SET[status]: 0x1
[  583.776088]<0>.(0)[511:SFWatchDog]monitor_hang_release
[  584.036007]<0>.(0)[2305:kworker/0:0][Power/CPU_Thermal]tscpu_get_temp CPU T=33900
[  584.802955]<0>.(0)[511:SFWatchDog]monitor_hang_open
[  584.803654]AEE_MONITOR_SET[status]: 0x1
[  584.804650]<0>.(0)[511:SFWatchDog]monitor_hang_release
[  585.031536]<0>.(0)[2305:kworker/0:0][Power/CPU_Thermal]tscpu_get_temp CPU T=34100
[  585.160305]<0>-(0)[0:swapper/0][printk_delayed:start]
[  585.160975]<0>-(0)[0:swapper/0][WDK], local_bit:0x0, cpu:0,RT[585150594802]
[  585.160975]<0>[WDK], local_bit:0x1, cpu:0, check bit0x:1,RT[585150609341]
[  585.160975]<0>[WDK]: kick Ex WDT,RT[585150619648]
[  585.160975]<0>[thread:148][RT:585150765494] 2019-03-08 08:48:39.774792 UTC; android time 2019-03-08 16:48:39.774792
[  585.164635]<0>-(0)[0:swapper/0][printk_delayed:done]
[  585.165959]<0>-(0)[0:swapper/0][HRTIMER DURATION WARN] HRTIMER:tick_sched_timer+0x0/0x194, dur:5645077 ns > 3 ms,(s:585160265264,e:585165910341)
[  585.167683]<0>-(0)[0:swapper/0][ISR DURATION WARN] IRQ[30:arch_timer], dur:7398692 ns > 3 ms,(s:585160250879,e:585167649571)
[  585.845522]<0>.(0)[511:SFWatchDog]monitor_hang_open
[  585.846216]AEE_MONITOR_SET[status]: 0x1
[  585.846765]<0>.(0)[511:SFWatchDog]monitor_hang_release
[  586.031424]<0>.(0)[2305:kworker/0:0][Power/CPU_Thermal]tscpu_get_temp CPU T=33900
[  586.872105]<0>.(0)[511:SFWatchDog]monitor_hang_open
[  586.873315]AEE_MONITOR_SET[status]: 0x1
[  586.873825]<0>.(0)[511:SFWatchDog]monitor_hang_release
[  587.031397]<0>.(0)[2305:kworker/0:0][Power/CPU_Thermal]tscpu_get_temp CPU T=33900
[  587.899495]<0>.(0)[511:SFWatchDog]monitor_hang_open
[  587.900234]AEE_MONITOR_SET[status]: 0x1
[  587.900857]<0>.(0)[511:SFWatchDog]monitor_hang_release
[  588.031423]<0>.(0)[2305:kworker/0:0][Power/CPU_Thermal]tscpu_get_temp CPU T=33900
[  588.942087]<0>.(0)[511:SFWatchDog]monitor_hang_open
[  588.942841]AEE_MONITOR_SET[status]: 0x1
[  588.943350]<0>.(0)[511:SFWatchDog]monitor_hang_release
[  589.031433]<0>.(0)[2305:kworker/0:0][Power/CPU_Thermal]tscpu_get_temp CPU T=33800
[  589.129725]<0>.(0)[278:batterywarning][Battery] show_BatteryNotify : 0
[  589.382186]<0>.(0)[72:fuse_log][BLOCK_TAG] FUSEIO {284:getattr(0,1,496)}
[  589.984442]<0>.(0)[511:SFWatchDog]monitor_hang_open
[  589.985140]AEE_MONITOR_SET[status]: 0x1
[  589.985705]<0>.(0)[511:SFWatchDog]monitor_hang_release
[  590.030791]<0>.(0)[2305:kworker/0:0][Power/CPU_Thermal]tscpu_get_temp CPU T=33800
[  590.381199]<0>.(0)[72:fuse_log][BLOCK_TAG] FUSEIO {284:lookup(0,3,3109)}
[  591.012581]<0>.(0)[511:SFWatchDog]monitor_hang_open
[  591.013277]AEE_MONITOR_SET[status]: 0x1
[  591.013784]<0>.(0)[511:SFWatchDog]monitor_hang_release
[  591.030947]<0>.(0)[2305:kworker/0:0][Power/CPU_Thermal]tscpu_get_temp CPU T=33900
[  591.275892][BATTERY] bat_get_ui_percentage return 100 !!
[  592.031410]<0>.(0)[2305:kworker/0:0][Power/CPU_Thermal]tscpu_get_temp CPU T=34000
[  592.039828]<0>.(0)[511:SFWatchDog]monitor_hang_open

[  592.040658]<0>.(0)[511:SFWatchDog]AEE_MONITOR_SET[status]: 0x1[  592.041426]<0>.(0)[511:SFWatchDog]monitor_hang_release

[USBD] USB PRB0 LineState: 40

[USBD] USB cable/ No Cable inserted!

[PLFM] Keep stay in USB Mode
[PWRAP] pwrap_init_preloader
[PWRAP] pwrap_init
[PWRAP] start reset wrapper
[PWRAP] the reset register =80
[PWRAP] PMIC_WRAP_STAUPD_GRPEN =0x0,it should be equal to 0xc
[PWRAP] _pwrap_init_reg_clock
[PWRAP] have cipher
[PWRAP] _pwrap_init_signature
[PWRAP] mt_pwrap_init PMIC_WRAP_STAUPD_GRPEN(3D)
[PWRAP] ERROR,line=1191 PMIC_WRAP_ADC_RDATA_ADDR=E20
[PWRAP] mt_pwrap_init-- use D1 or D3 
[PWRAP] mt_pwrap_init---- debug15,FFFFFBFB
[PWRAP] after MT6328 pwrap_write
[PWRAP] write MT6328 Test pass
[PWRAP] Read 6328 Test pass,return_value=0
[PMIC_WRAP]wrap_init pass,the return value=0.
[pmic_init] Preloader Start,MT6328 CHIP Code = 0x2820
just_rst = 0
[6328]e-data[0x0]=0x0
[6328]e-data[0x1]=0x1148
[6328]e-data[0x2]=0x8208
[6328]e-data[0x3]=0x20
[6328]e-data[0x4]=0x4000
[6328]e-data[0x5]=0x47C0
[6328]e-data[0x6]=0xC000
[6328]e-data[0x7]=0x43F
[6328]e-data[0x8]=0xA400
[6328]e-data[0x9]=0x64BC
[6328]e-data[0xA]=0x0
[6328]e-data[0xB]=0x0
[6328]e-data[0xC]=0xA000
[6328]e-data[0xD]=0x11
[6328]e-data[0xE]=0x0
[6328]e-data[0xF]=0x0
[6328]e-data[0x10]=0xFD00
[6328]e-data[0x11]=0x1
[6328]e-data[0x12]=0x0
[6328]e-data[0x13]=0x0
[6328]e-data[0x14]=0x0
[6328]e-data[0x15]=0x0
[6328]e-data[0x16]=0x0
[6328]e-data[0x17]=0xD10
[6328]e-data[0x18]=0x5D45
[6328]e-data[0x19]=0x9E4
[6328]e-data[0x1A]=0x6481
[6328]e-data[0x1B]=0x184C
[6328]e-data[0x1C]=0x0
[6328]e-data[0x1D]=0x0
[6328]e-data[0x1E]=0x0
[6328]e-data[0x1F]=0x0
[pmic_6328_efuse_management]4.27 efuse_data[0x11]:0x1
[pmic_6328_efuse_management]4.27 efuse_data[0x11][448:472]:0x1
VBAT=4055 mV with 3300 mV, VCHR 66 mV ,VCHR_HV=6500 
[pmic_init] Done...................
before mt_mempll_cali, wdt_mode = 0x4D, wdt_dbg_ctrl = 0x200F1
mt_pll_post_init: mt_get_mem_freq = 319998Khz
[PLFM] Init I2C: OK(0)
[PLFM] Init PWRAP: OK(0)
[PLFM] Init PMIC: OK(0)
[PLFM] chip_code[321]
[PLFM] chip_ver[0]
[PTP] >> ptp_init()
[PTP] >> get_devinfo()
[PTP] << get_devinfo():322
[PTP] >> ptp_init_det()
[PTP] VCORE voltage bin to 1.1V
[PTP] << ptp_init_det():444
[PTP] PTP set volt: 0x00000050
[PTP] 0x00000057
[PTP] 0x00000056
[PTP] 0x00000055
[PTP] 0x00000054
[PTP] 0x00000053
[PTP] 0x00000052
[PTP] 0x00000051
[PTP] 0x00000050
[PTP] M_HW_RES0	= 0x11C690B4
[PTP] M_HW_RES1	= 0x005F0000
[PTP] M_HW_RES2	= 0x00000039
[PTP] M_HW_RES3	= 0x00AED6AB
[PTP] M_HW_RES4	= 0x00000000
[PTP] M_HW_RES5	= 0x00000003
[PTP] << ptp_init():1032

[BLDR] Build Time: 20190306-195951
[DDR Reserve] ddr reserve mode not be enabled yet
==== Dump RGU Reg ========
RGU MODE:     4D
RGU LENGTH:   FFE0
RGU STA:      0
RGU INTERVAL: FFF
RGU SWSYSRST: 8000
==== Dump RGU Reg End ====
RGU: g_rgu_satus:0
 mtk_wdt_mode_config  mode value=10, tmp:22000010
PL P ON
WDT does not trigger reboot
WDT NONRST=0x20000000
WDT IRQ_EN=0x340002
WDT REQ_EN=0x3C0002
RGU mtk_wdt_init:MTK_WDT_DEBUG_CTL(590200F3)
Enter mtk_kpd_gpio_set! 
after set KP enable: KP_SEL = 0x0 !
[RTC] get_frequency_meter: input=0x0, ouput=5
[RTC] get_frequency_meter: input=0x0, ouput=3967
[RTC] get_frequency_meter: input=0x0, ouput=5
[RTC] get_frequency_meter: input=0x0, ouput=0
[RTC] get_frequency_meter: input=0x0, ouput=0
[RTC] bbpu = 0x1, con = 0x84A7, osc32con = 0x7B00, sec = 0x24B7, yea = 0x8102
rtc_first_boot_init
[RTC] get_frequency_meter: input=0x0, ouput=5
[RTC] get_frequency_meter: input=0x0, ouput=3967
[RTC] get_frequency_meter: input=0x0, ouput=5
[RTC] get_frequency_meter: input=0x0, ouput=0
[RTC] get_frequency_meter: input=0x0, ouput=0
OSC32CON_ANALOG_SETTING = 0x7B00
rtc_2sec_stat_clear
rtc_2sec_reboot_check 0x24B7
[RTC] irqsta = 0x0, pdn1 = 0x0, pdn2 = 0x201, spar0 = 0xC0, spar1 = 0x800
[RTC] new_spare0 = 0x0, new_spare1 = 0x1, new_spare2 = 0x1, new_spare3 = 0x1
[RTC] bbpu = 0x1, con = 0x4A6, cali = 0x24B7
pl pmic powerkey Press
power key is pressed
[PLFM] Power key boot!
[RTC] rtc_bbpu_power_on done
mt_get_dram_type() 0x3
[EMI] LPDDR3
[mmc_init]: msdc0 start mmc_init_host() in PL...
[msdc_init]: msdc0 Host controller intialization start 
[MSDC]config VEMC to 3V in preloader
[SD0] Pins mode(1), none(0), down(1), up(2), keep(3)
[SD0] Pins mode(2), none(0), down(1), up(2), keep(3)
[MSDC]config VEMC to 3V in preloader
[info][msdc_set_startbit 1242] read data start bit at rising edge
[info][msdc_config_clksrc] input clock is 400000kHz
[SD0] Bus Width: 1
[info][msdc_config_clksrc] input clock is 400000kHz
[info][msdc_set_startbit 1242] read data start bit at rising edge
[SD0] SET_CLK(260kHz): SCLK(259kHz) MODE(0) DDR(0) DIV(385) DS(0) RS(0)
[msdc_init]: msdc0 Host controller intialization done
[mmc_init]: msdc0 start mmc_init_card() in PL...
[mmc_init_card]: start
[info][msdc_config_clksrc] input clock is 400000kHz
[info][msdc_set_startbit 1242] read data start bit at rising edge
[SD0] SET_CLK(260kHz): SCLK(259kHz) MODE(0) DDR(0) DIV(385) DS(0) RS(0)
[SD0] Bus Width: 8
[SD0] Switch to High-Speed mode!
[SD0] Size: 29820 MB, Max.Speed: 52000 kHz, blklen(512), nblks(61071360), ro(0)
[mmc_init_mem_card 3144][SD0] Initialized, eMMC50
before host->cur_bus_clk(259740)
[info][msdc_config_clksrc] input clock is 400000kHz
[info][msdc_set_startbit 1242] read data start bit at rising edge
[SD0] SET_CLK(52000kHz): SCLK(50000kHz) MODE(0) DDR(0) DIV(2) DS(0) RS(0)
host->cur_bus_clk(50000000)
[mmc_init_card]: finish successfully
[EMI] mcp_dram_num:0,discrete_dram_num:1,enable_combo_dis:0
[Check]mt_get_mdl_number 0x0
[EMI] eMMC/NAND ID = 45,1,0,44,47,34,30,33,32,1,E2,B4,4E,8,85,D3
[EMI] MDL number = 0
[EMI] emi_set eMMC/NAND ID = 0,0,0,0,0,0,0,0,0,0,0,0,0,0,0,0
Start REXTDN SW calibration...
enable P drive (initial settings), 0x0644:27Dh
2.1. DRVP 0x00c0[15:12]:0h
2.2. CMPOP 0x03dc[31]:0h
2.1. DRVP 0x00c0[15:12]:1000h
2.2. CMPOP 0x03dc[31]:0h
2.1. DRVP 0x00c0[15:12]:2000h
2.2. CMPOP 0x03dc[31]:0h
2.1. DRVP 0x00c0[15:12]:3000h
2.2. CMPOP 0x03dc[31]:0h
2.1. DRVP 0x00c0[15:12]:4000h
2.2. CMPOP 0x03dc[31]:0h
2.1. DRVP 0x00c0[15:12]:5000h
2.2. CMPOP 0x03dc[31]:0h
2.1. DRVP 0x00c0[15:12]:6000h
2.2. CMPOP 0x03dc[31]:0h
2.1. DRVP 0x00c0[15:12]:7000h
2.2. CMPOP 0x03dc[31]:0h
2.1. DRVP 0x00c0[15:12]:8000h
2.2. CMPOP 0x03dc[31]:0h
2.1. DRVP 0x00c0[15:12]:9000h
2.2. CMPOP 0x03dc[31]:0h
2.1. DRVP 0x00c0[15:12]:A000h
2.2. CMPOP 0x03dc[31]:80000000h
P drive:10
enable N drive (initial settings), 0x0644:17Dh
4.1. DRVN 0x00c0[11:8]:A000h
4.2.CMPON 0x3dc[30]:0h
4.1. DRVN 0x00c0[11:8]:A100h
4.2.CMPON 0x3dc[30]:0h
4.1. DRVN 0x00c0[11:8]:A200h
4.2.CMPON 0x3dc[30]:0h
4.1. DRVN 0x00c0[11:8]:A300h
4.2.CMPON 0x3dc[30]:0h
4.1. DRVN 0x00c0[11:8]:A400h
4.2.CMPON 0x3dc[30]:0h
4.1. DRVN 0x00c0[11:8]:A500h
4.2.CMPON 0x3dc[30]:0h
4.1. DRVN 0x00c0[11:8]:A600h
4.2.CMPON 0x3dc[30]:0h
4.1. DRVN 0x00c0[11:8]:A700h
4.2.CMPON 0x3dc[30]:0h
4.1. DRVN 0x00c0[11:8]:A800h
4.2.CMPON 0x3dc[30]:0h
4.1. DRVN 0x00c0[11:8]:A900h
4.2.CMPON 0x3dc[30]:0h
4.1. DRVN 0x00c0[11:8]:AA00h
4.2.CMPON 0x3dc[30]:0h
4.1. DRVN 0x00c0[11:8]:AB00h
4.2.CMPON 0x3dc[30]:40000000h
N drive:10
drvp=10,drvn=10
=============================================
X-axis: DQS Gating Window Delay (Fine Scale)
Y-axis: DQS Gating Window Delay (Coarse Scale)
=============================================
          0    8   16   24   32   40   48   56   64   72   80   88   96  104  112  120
      --------------------------------------------------------------------------------
0000:|    0    0    0    0    0    0    0    0    0    0    0    0    0    0    0    0
0001:|    0    0    0    0    0    0    0    0    0    0    0    0    0    0    0    0
0002:|    0    0    0    0    0    0    0    0    0    0    0    0    0    0    0    0
0003:|    0    0    0    0    0    0    0    0    0    0    0    0    0    0    0    0
0004:|    0    0    0    0    0    0    0    0    0    0    0    0    0    0    0    0
0005:|    0    0    0    0    0    0    0    0    0    0    0    0    0    0    0    0
0006:|    0    0    0    0    0    0    0    0    0    0    0    0    0    0    0    0
0007:|    0    0    0    0    0    0    0    0    0    0    0    0    0    0    0    0
0008:|    0    0    0    0    0    0    0    0    0    0    0    0    0    0    0    0
0009:|    0    0    0    0    0    0    0    0    0    0    0    0    0    0    0    0
000A:|    0    0    0    0    0    0    0    0    0    0    0    0    0    0    0    0
000B:|    0    0    0    0    0    0    0    0    0    0    0    0    0    0    0    0
000C:|    0    0    0    0    0    0    0    0    0    0    0    0    0    0    0    0
000D:|    0    0    0    0    0    0    0    0    0    0    0    0    0    0    0    0
000E:|    0    0    0    0    0    0    0    0    0    0    0    0    0    0    0    0
000F:|    0    0    0    0    0    0    0    0    0    0    0    0    0    0    0    0
0010:|    0    0    0    0    0    0    0    0    0    0    0    0    0    0    0    0
0011:|    0    0    0    0    0    0    0    0    0    0    0    0    0    0    0    0
0012:|    0    0    0    0    0    0    0    0    0    0    0    0    0    0    0    0
0013:|    0    0    0    0    0    0    0    0    0    0    0    0    0    0    0    0
0014:|    0    0    0    0    0    0    0    0    0    0    0    0    0    0    0    0
0015:|    0    0    0    0    0    0    0    0    0    0    0    0    0    0    1    1
0016:|    0    0    0    0    0    0    0    1    1    1    1    1    1    1    1    1
0017:|    1    1    1    1    1    1    1    1    1    1    1    1    1    1    0    0
0018:|    1    1    1    1    1    1    0    0    0    0    0    0    0    0    0    0
0019:|    0    0    0    0    0    0    0    0    0    0    0    0    0    0    0    0
001A:|    0    0    0    0    0    0    0    0    0    0    0    0    0    0    0    0
001B:|    0    0    0    0    0    0    0    0    0    0    0    0    0    0    0    0
001C:|    0    0    0    0    0    0    0    0    0    0    0    0    0    0    0    0
first_bit_idx=15, fine_idx=120, CenterDiff=52, MinCenterDiff=127, FineTuneKPt=68
first_bit_idx=11, fine_idx=88, CenterDiff=20, MinCenterDiff=52, FineTuneKPt=68
first_bit_idx=7, fine_idx=56, CenterDiff=12, MinCenterDiff=20, FineTuneKPt=68
Rank 0 coarse tune value selection : 23, 23
[fcGATING_SAME_MCK]rank0 gating record N-1, coarse = 22, fine = 88
[New Gating with FineTune Limit] opt_coarse_idx=22/23, first_bit_idx=7/0, opt_fine_idx=7/7
rank 0 coarse = 23
rank 0 fine = 56
==============================================================
    NEW DATLAT calibration 
==============================================================
DATLAT Default value = 0x8
RX Scan: DQS delay 32 
TAP=3, err_value=0xFFFFFFFF, begin=0, first=255, sum=0
RX Scan: DQS delay 32 
TAP=4, err_value=0xFFFFFFFF, begin=0, first=255, sum=0
RX Scan: DQS delay 32 
TAP=5, err_value=0xFFFFFFFF, begin=0, first=255, sum=0
RX Scan: DQS delay 32 
TAP=6, err_value=0xFFFFFFFF, begin=0, first=255, sum=0
RX Scan: DQS delay 4 
TAP=7, err_value=0x0, begin=1, first=7, sum=1
RX Scan: DQS delay 4 
TAP=8, err_value=0x0, begin=1, first=7, sum=2
New DATLAT with RX scan. Early Break!!
first_step=7 total pass=2 best_step=8
=============================================
X-axis: DQS Gating Window Delay (Fine Scale)
Y-axis: DQS Gating Window Delay (Coarse Scale)
=============================================
          0    8   16   24   32   40   48   56   64   72   80   88   96  104  112  120
      --------------------------------------------------------------------------------
0000:|    0    0    0    0    0    0    0    0    0    0    0    0    0    0    0    0
0001:|    0    0    0    0    0    0    0    0    0    0    0    0    0    0    0    0
0002:|    0    0    0    0    0    0    0    0    0    0    0    0    0    0    0    0
0003:|    0    0    0    0    0    0    0    0    0    0    0    0    0    0    0    0
0004:|    0    0    0    0    0    0    0    0    0    0    0    0    0    0    0    0
0005:|    0    0    0    0    0    0    0    0    0    0    0    0    0    0    0    0
0006:|    0    0    0    0    0    0    0    0    0    0    0    0    0    0    0    0
0007:|    0    0    0    0    0    0    0    0    0    0    0    0    0    0    0    0
0008:|    0    0    0    0    0    0    0    0    0    0    0    0    0    0    0    0
0009:|    0    0    0    0    0    0    0    0    0    0    0    0    0    0    0    0
000A:|    0    0    0    0    0    0    0    0    0    0    0    0    0    0    0    0
000B:|    0    0    0    0    0    0    0    0    0    0    0    0    0    0    0    0
000C:|    0    0    0    0    0    0    0    0    0    0    0    0    0    0    0    0
000D:|    0    0    0    0    0    0    0    0    0    0    0    0    0    0    0    0
000E:|    0    0    0    0    0    0    0    0    0    0    0    0    0    0    0    0
000F:|    0    0    0    0    0    0    0    0    0    0    0    0    0    0    0    0
0010:|    0    0    0    0    0    0    0    0    0    0    0    0    0    0    0    0
0011:|    0    0    0    0    0    0    0    0    0    0    0    0    0    0    0    0
0012:|    0    0    0    0    0    0    0    0    0    0    0    0    0    0    0    0
0013:|    0    0    0    0    0    0    0    0    0    0    0    0    0    0    0    0
0014:|    0    0    0    0    0    0    0    0    0    0    0    0    0    0    0    0
0015:|    0    0    0    0    0    0    0    0    0    0    0    0    0    0    0    1
0016:|    0    0    0    0    0    0    0    0    1    1    1    1    1    1    1    1
0017:|    0    1    1    1    1    1    1    1    1    1    1    1    1    1    1    0
0018:|    1    1    1    1    1    1    1    1    0    0    0    0    0    0    0    0
0019:|    0    0    0    0    0    0    0    0    0    0    0    0    0    0    0    0
001A:|    0    0    0    0    0    0    0    0    0    0    0    0    0    0    0    0
001B:|    0    0    0    0    0    0    0    0    0    0    0    0    0    0    0    0
001C:|    0    0    0    0    0    0    0    0    0    0    0    0    0    0    0    0
first_bit_idx=15, fine_idx=120, CenterDiff=52, MinCenterDiff=127, FineTuneKPt=68
first_bit_idx=12, fine_idx=96, CenterDiff=28, MinCenterDiff=52, FineTuneKPt=68
first_bit_idx=8, fine_idx=64, CenterDiff=4, MinCenterDiff=28, FineTuneKPt=68
first_bit_idx=4, fine_idx=32, CenterDiff=36, MinCenterDiff=4, FineTuneKPt=68
Rank 1 coarse tune value selection : 23, 23
[fcGATING_SAME_MCK]rank1 gating record N-1, coarse = 22, fine = 96
[New Gating with FineTune Limit] opt_coarse_idx=22/23, first_bit_idx=8/1, opt_fine_idx=8/8
rank 1 coarse = 23
rank 1 fine = 64
==============================================================
    NEW DATLAT calibration 
==============================================================
DATLAT Default value = 0x8
RX Scan: DQS delay 32 
TAP=3, err_value=0xFFFFFFFF, begin=0, first=255, sum=0
RX Scan: DQS delay 32 
TAP=4, err_value=0xFFFFFFFF, begin=0, first=255, sum=0
RX Scan: DQS delay 32 
TAP=5, err_value=0xFFFFFFFF, begin=0, first=255, sum=0
RX Scan: DQS delay 32 
TAP=6, err_value=0xFFFFFFFF, begin=0, first=255, sum=0
RX Scan: DQS delay 32 
TAP=7, err_value=0xFFFFFFFF, begin=0, first=255, sum=0
RX Scan: DQS delay 4 
TAP=8, err_value=0x0, begin=1, first=8, sum=1
RX Scan: DQS delay 4 
TAP=9, err_value=0x0, begin=1, first=8, sum=2
New DATLAT with RX scan. Early Break!!
first_step=8 total pass=2 best_step=9
DQS loop = 15, cmp_err_1 = 9E0016 
DQS loop = 14, cmp_err_1 = 1E0002 
DQS loop = 13, cmp_err_1 = 60000 
DQS loop = 12, cmp_err_1 = 20000 
DQS loop = 11, cmp_err_1 = 0 
DQS loop = 10, cmp_err_1 = 0 
DQS loop = 9, cmp_err_1 = 0 
DQS loop = 8, cmp_err_1 = 0 
DQS loop = 7, cmp_err_1 = 0 
DQS loop = 6, cmp_err_1 = 0 
DQS loop = 5, cmp_err_1 = 0 
DQS loop = 4, cmp_err_1 = 0 
DQS loop = 3, cmp_err_1 = 0 
DQS loop = 2, cmp_err_1 = 0 
DQS loop = 1, cmp_err_1 = 0 
DQS loop = 0, cmp_err_1 = 0 
DQ loop=15, cmp_err_1 = 0
DQ loop=14, cmp_err_1 = 0
DQ loop=13, cmp_err_1 = 0
DQ loop=12, cmp_err_1 = 0
DQ loop=11, cmp_err_1 = 0
DQ loop=10, cmp_err_1 = 0
DQ loop=9, cmp_err_1 = 0
DQ loop=8, cmp_err_1 = 0
DQ loop=7, cmp_err_1 = 0
DQ loop=6, cmp_err_1 = 0
DQ loop=5, cmp_err_1 = 0
DQ loop=4, cmp_err_1 = 0
DQ loop=3, cmp_err_1 = 0
DQ loop=2, cmp_err_1 = 0
DQ loop=1, cmp_err_1 = 0
DQ loop=0, cmp_err_1 = 0
byte:0, (DQS,DQ)=(0,1)
byte:1, (DQS,DQ)=(0,0)
byte:2, (DQS,DQ)=(0,2)
byte:3, (DQS,DQ)=(0,0)
[fcGATING_SAME_MCK]Rand 0/1 MCK coarse tune are the same!!
[EMI] DRAMC calibration passed

[DRAM] DFS rank0 coarse fine : 23 56, rank1 coarse fine :23 64
DFS could not be enable
[MEM] complex R/W mem test pass
RGU rgu_dram_reserved:MTK_WDT_MODE(22000010)
[Dram_Buffer] dram_buf_t size: 0x19C4C0 
[Dram_Buffer] part_hdr_t size: 0x200 
[Dram_Buffer] sizeof(boot_arg_t): 0x168 
[Dram_Buffer] g_dram_buf start addr: 0x42000000 
[Dram_Buffer] g_dram_buf->msdc_gpd_pool start addr: 0x4219C400 
[Dram_Buffer] g_dram_buf->msdc_bd_pool start addr: 0x4219C440 
RAM_CONSOLE sram(0x12C000) sig (0x0)  mismatch
RAM_CONSOLE start: 0x43F00000, size: 0x10000, sig: 0xFFFFFFFD
RAM_CONSOLE wdt status (0x43F00040)=0x0
[PLFM] Init Boot Device: OK(0)
Enter mtk_kpd_gpio_set! 
mtk detect key function pmic_detect_homekey MTK_PMIC_RST_KEY = 17
pl pmic FCHRKEY Release
0:dram_rank_size:40000000
1:dram_rank_size:40000000
0:dram_rank_size:40000000
1:dram_rank_size:40000000
orig_dram_info[0] start: 0x0000000040000000, size: 0x0000000040000000
orig_dram_info[1] start: 0x0000000080000000, size: 0x0000000040000000
CUSTOM_CONFIG_MAX_DRAM_SIZE: 0x0000000100000000
total_dram_size: 0x0000000080000000, max_dram_size: 0x0000000100000000
[GPT_PL]Parsing Primary GPT now...
[GPT_PL][0]name=proinfo, part_id=8, start_sect=0x400, nr_sects=0x1800
[GPT_PL][1]name=nvram, part_id=8, start_sect=0x1C00, nr_sects=0x2800
[GPT_PL][2]name=protect1, part_id=8, start_sect=0x4400, nr_sects=0x5000
[GPT_PL][3]name=protect2, part_id=8, start_sect=0x9400, nr_sects=0x5000
[GPT_PL][4]name=lk, part_id=8, start_sect=0xE400, nr_sects=0x400
[GPT_PL][5]name=para, part_id=8, start_sect=0xE800, nr_sects=0x400
[GPT_PL][6]name=boot, part_id=8, start_sect=0xEC00, nr_sects=0x8000
[GPT_PL][7]name=recovery, part_id=8, start_sect=0x16C00, nr_sects=0x8000
[GPT_PL][8]name=logo, part_id=8, start_sect=0x1EC00, nr_sects=0x4000
[GPT_PL][9]name=expdb, part_id=8, start_sect=0x22C00, nr_sects=0x5000
[GPT_PL][10]name=seccfg, part_id=8, start_sect=0x27C00, nr_sects=0x400
[GPT_PL][11]name=oemkeystore, part_id=8, start_sect=0x28000, nr_sects=0x1000
[GPT_PL][12]name=secro, part_id=8, start_sect=0x29000, nr_sects=0x3000
[GPT_PL][13]name=keystore, part_id=8, start_sect=0x2C000, nr_sects=0x4000
[GPT_PL][14]name=tee1, part_id=8, start_sect=0x30000, nr_sects=0x2800
[GPT_PL][15]name=tee2, part_id=8, start_sect=0x32800, nr_sects=0x2800
[GPT_PL][16]name=frp, part_id=8, start_sect=0x35000, nr_sects=0x800
[GPT_PL][17]name=nvdata, part_id=8, start_sect=0x35800, nr_sects=0x10000
[GPT_PL][18]name=metadata, part_id=8, start_sect=0x45800, nr_sects=0x12800
[GPT_PL][19]name=system, part_id=8, start_sect=0x58000, nr_sects=0x500000
[GPT_PL][20]name=cache, part_id=8, start_sect=0x558000, nr_sects=0xC8000
[GPT_PL][21]name=userdata, part_id=8, start_sect=0x620000, nr_sects=0x1400000
[GPT_PL][22]name=ivres, part_id=8, start_sect=0x1A20000, nr_sects=0x190000
[GPT_PL][23]name=resources, part_id=8, start_sect=0x1BB0000, nr_sects=0x1E85C00
[GPT_PL][24]name=flashinfo, part_id=8, start_sect=0x3A35C00, nr_sects=0x8000
[GPT_PL]Success to find valid GPT.

[PART] blksz: 512B
[PART] [0x0000000000080000-0x000000000037FFFF] "proinfo" (6144 blocks) 
[PART] [0x0000000000380000-0x000000000087FFFF] "nvram" (10240 blocks) 
[PART] [0x0000000000880000-0x000000000127FFFF] "protect1" (20480 blocks) 
[PART] [0x0000000001280000-0x0000000001C7FFFF] "protect2" (20480 blocks) 
[PART] [0x0000000001C80000-0x0000000001CFFFFF] "lk" (1024 blocks) 
[PART] [0x0000000001D00000-0x0000000001D7FFFF] "para" (1024 blocks) 
[PART] [0x0000000001D80000-0x0000000002D7FFFF] "boot" (32768 blocks) 
[PART] [0x0000000002D80000-0x0000000003D7FFFF] "recovery" (32768 blocks) 
[PART] [0x0000000003D80000-0x000000000457FFFF] "logo" (16384 blocks) 
[PART] [0x0000000004580000-0x0000000004F7FFFF] "expdb" (20480 blocks) 
[PART] [0x0000000004F80000-0x0000000004FFFFFF] "seccfg" (1024 blocks) 
[PART] [0x0000000005000000-0x00000000051FFFFF] "oemkeystore" (4096 blocks) 
[PART] [0x0000000005200000-0x00000000057FFFFF] "secro" (12288 blocks) 
[PART] [0x0000000005800000-0x0000000005FFFFFF] "keystore" (16384 blocks) 
[PART] [0x0000000006000000-0x00000000064FFFFF] "tee1" (10240 blocks) 
[PART] [0x0000000006500000-0x00000000069FFFFF] "tee2" (10240 blocks) 
[PART] [0x0000000006A00000-0x0000000006AFFFFF] "frp" (2048 blocks) 
[PART] [0x0000000006B00000-0x0000000008AFFFFF] "nvdata" (65536 blocks) 
[PART] [0x0000000008B00000-0x000000000AFFFFFF] "metadata" (75776 blocks) 
[PART] [0x000000000B000000-0x00000000AAFFFFFF] "system" (5242880 blocks) 
[PART] [0x00000000AB000000-0x00000000C3FFFFFF] "cache" (819200 blocks) 
[PART] [0x00000000C4000000-0x0000000343FFFFFF] "userdata" (20971520 blocks) 
[PART] [0x0000000344000000-0x0000000375FFFFFF] "ivres" (1638400 blocks) 
[PART] [0x0000000376000000-0x0000000746B7FFFF] "resources" (32005120 blocks) 
[PART] [0x0000000746B80000-0x0000000747B7FFFF] "flashinfo" (32768 blocks) 
[ROM_INFO] 'v2','0x0','0x0','0x0','0x2C00'
[SEC_K] SML KEY AC = 0
[SEC_K] SBC_PUBK Found
[SEC] AES Legacy : 0
[SEC] SECCFG AC : 1

[LIB] Loading SEC config
[LIB] Name = 
[LIB] Config = 0x22, 0x22
[LIB] SECRO (ac, ac_offset, ac_length) = (0x1, 0x40, 0x40)
0x31,0x41,0x35,0x35
[SEC] DBGPORT (0 1)


[SEC] read '0x4F80000'
0x0,0x0,0x0,0x0,0x0,0x0,0x0,0x0,
[LIB] CFG read size '0x2000' '0x1860'
0x0
[LIB] HW DEC
0xFB48BC49
[LIB] SEC CFG doesn't exist
[SEC] init fail '0x3000'
[LIB] seccfg magic is incorrect
[pmic_IsUsbCableIn] 0
[TOOL] PMIC not dectect usb cable!
[LIB] NS-CHIP
[SBC] Don't check

Device APC domain init setup:

Domain Setup (0x0)
Domain Setup (0x0)
Domain Setup (0x0)
Device APC domain after setup:
Domain Setup (0x0)
Domain Setup (0x1020000)
Domain Setup (0x600500)
GCPU Enhance
warning: size is not 2MB aligned
mblock[0].start: 0x0000000040000000, sz: 0x0000000040000000, limit: 0x0000000100000000, max_addr: 0x0000000000000000, max_rank: 1, target: -1, mblock[].rank: 0
mblock_reserve dbg[0]: 1, 1, 1, 1
mblock[1].start: 0x0000000080000000, sz: 0x0000000040000000, limit: 0x0000000100000000, max_addr: 0x0000000080000000, max_rank: 1, target: 0, mblock[].rank: 1
mblock_reserve dbg[1]: 1, 1, 1, 1
mblock_reserve: 00000000BFFC0000 - 00000000C0000000 from mblock 1
[PART] Image with part header
[PART] name : LK
[PART] addr : FFFFFFFFh mode : -1
[PART] size : 316908
[PART] magic: 58881688h

[PART] load "lk" from 0x0000000001C80200 (dev) to 0x41E00000 (mem) [SUCCESS]
[PART] load speed: 34386KB/s, 316908 bytes, 9ms
[PART] Image with part header
[PART] name : ATF
[PART] addr : FFFFFFFFh mode : 0
[PART] size : 60416
[PART] magic: 58881688h

[PART] load "tee1" from 0x0000000006000200 (dev) to 0x43000DC0 (mem) [SUCCESS]
[PART] load speed: 14750KB/s, 60416 bytes, 4ms
[TZ_INIT] tee_verify_image : passed
[BLDR] bldr load tee part ret=0x0, addr=0x43001000
[BLDR] part_load_raw_part ret=0x0
[BLDR] part_load_images ret=0x0
[PLFM],64S3,boot_opt=0x0
[PLFM],32N2,boot_opt=0x6
[PLFM],64N2,boot_opt=0x4

[PLFM] boot to LK by ATAG.
boot reason: 0
boot mode: 0
META COM0: 0
rank[0] size: 0x40000000
rank[1] size: 0x3FFC0000
tee reserved mem: 0x00000000BFFC0000, 0x0000000000040000
md_type[0]: 0x0
md_type[1]: 0x0
boot time: 1695
DDR reserve mode: enable = 0, success = 0
dram buffer size: 1688768
[PTP][preloader]first_volt = 0x68
[PTP][preloader]second_volt = 0x50
[PTP][preloader]third_volt = 0x48
[PTP][preloader]have_550 = 0x0
SMC: 0x0
LK: 0x6
KERNEL: 0x4
NONSEC SRAM Addr: 0x12C000
NONSEC SRAM Size: 0x4000
[TZ_INIT] hwuid[0] : 0xA0000000
[TZ_INIT] hwuid[1] : 0x12020000
[TZ_INIT] hwuid[2] : 0x7BBF735F
[TZ_INIT] hwuid[3] : 0xF754F5CF
[TZ_INIT] HRID[0] : 0xB7059C10
[TZ_INIT] HRID[1] : 0x1A48C08A
[TZ_INIT] atf_log_port : 0x11002000
[TZ_INIT] atf_log_baudrate : 0xE1000
[TZ_INIT] atf_irq_num : 281
[TZ_INIT] ATF log buffer start : 0xBFFC0000
[TZ_INIT] ATF log buffer size : 0x40000
[TZ_INIT] ATF aee buffer start : 0xBFFFC000
[TZ_INIT] ATF aee buffer size : 0x4000
[BLDR] Others, jump to ATF

[BLDR] jump to 0x41E00000
[BLDR] <0x41E00000>=0xEA000007
[BLDR] <0x41E00004>=0xEA005F0B
[TZ_SEC_CFG] SRAMROM Secure Addr 0x2C000
[TZ_SEC_CFG] SRAMROM Secure Control 0x0
[TZ_SEC_CFG] SRAMROM Secure Control 0xB69
[TZ_SEC_CFG] SRAMROM Secure Control 0x1B680B69
[TZ_INIT] ATF entry addr, aligned addr : 0x43001000, 0x43000000
[TZ_EMI_MPU] MPU [0x43000000-0x4302FFFF]
[TZ_INIT] set secure memory protection : 0x43000000, 0x4302FFFF (1)
[TZ_INIT] Jump to ATF, then 0x41E00000
[ATF][     0.000000]BL33 boot argument location=0x4219c480
[ATF][     0.000000]BL33 boot argument size=0x168
[ATF][     0.000000]BL33 start addr=0x41e00000
[ATF][     0.000000]teearg addr=0x101000
[ATF][     0.000000]atf_magic=0x4d415446
[ATF][     0.000000]tee_support=0x0
[ATF][     0.000000]tee_entry=0x0
[ATF][     0.000000]tee_boot_arg_addr=0x101100
[ATF][     0.000000]atf_log_port=0x11002000
[ATF][     0.000000]atf_log_baudrate=0xe1000
[ATF][     0.000000]atf_log_buf_start=0xbffc0000
[ATF][     0.000000]atf_log_buf_size=0x40000
[ATF][     0.000000]atf_aee_debug_buf_start=0xbfffc000
[ATF][     0.000000]atf_aee_debug_buf_size=0x4000
[ATF][     0.000000]atf_irq_num=281
[ATF][     0.000000]BL33_START_ADDRESS=0x41e00000
[ATF][     0.000000]atf chip_code[321]
[ATF][     0.000000]atf chip_ver[0]
[ATF][     0.000000]###@@@ MP0_MISC_CONFIG3:0x00000000 @@@###
[ATF][     0.000000]###@@@ MP0_MISC_CONFIG3:0x0000e000 @@@###
[ATF][     0.000000]mmap atf buffer : 0xbffc0000, 0x40000
[ATF][     0.000000]mmap atf buffer (force 2MB aligned): 0xbfe00000, 0x200000
NOTICE:  BL3-1: v1.0(debug):b900de5
NOTICE:  BL3-1: Built : 20:00:16, Mar  6 2019
[ATF][     0.000000]sta=0x0 int=0xffc
[ATF][     0.000000]is_power_on_boot: true
[ATF][     0.000000]mt_log_setup - atf_buf_addr : 0xbffc0100
[ATF][     0.000000]mt_log_setup - atf_buf_size : 0x2bf00
[ATF][     0.000000]mt_log_setup - atf_write_pos : 0xbffc0100
[ATF][     0.000000]mt_log_setup - atf_read_pos : 0xbffc0100
[ATF][     0.000000]mt_log_setup - atf_buf_lock : 0x0
[ATF][     0.000000]mt_log_setup - mt_log_buf_end : 0xbffebfff
[ATF][     0.000000]mt_log_setup - ATF_CRASH_LAST_LOG_SIZE : 0x8000
[ATF][     0.000000]mt_log_setup - ATF_EXCEPT_BUF_SIZE_PER_CPU : 0x1000
[ATF][     0.000000]mt_log_setup - ATF_EXCEPT_BUF_SIZE : 0x8000
[ATF][     0.000000]mt_log_setup - PLATFORM_CORE_COUNT : 0x8
[ATF][     0.000000]mt_log_setup - atf_except_write_pos_per_cpu[0]: 0xbfff4000
[ATF][     0.000000]mt_log_setup - atf_except_write_pos_per_cpu[1]: 0xbfff5000
[ATF][     0.000000]mt_log_setup - atf_except_write_pos_per_cpu[2]: 0xbfff6000
[ATF][     0.000000]mt_log_setup - atf_except_write_pos_per_cpu[3]: 0xbfff7000
[ATF][     0.000000]mt_log_setup - atf_except_write_pos_per_cpu[4]: 0xbfff8000
[ATF][     0.000000]mt_log_setup - atf_except_write_pos_per_cpu[5]: 0xbfff9000
[ATF][     0.000000]mt_log_setup - atf_except_write_pos_per_cpu[6]: 0xbfffa000
[ATF][     0.000000]mt_log_setup - atf_except_write_pos_per_cpu[7]: 0xbfffb000
[ATF][     0.000000]mt_log_setup - atf_crash_flag : 0x0
[ATF][     0.000000]mt_log_setup - atf_crash_log_addr : 0x0
[ATF][     0.000000]mt_log_setup - atf_crash_log_size : 0x0
[ATF][     0.000000]ATF log service is registered (0xbffc0000, aee:0xbfffc000)
[ATF][     0.000000]BL3-1: v1.0(debug):b900de5
[ATF][     0.000000]BL3-1: Built : 20:00:16, Mar  6 2019
INFO:    BL3-1: Initializing runtime services
[ATF][     0.000000][BL31] Jump to FIQD for initialization!
INFO:    BL3-1: Preparing for EL3 exit to normal world, LK
INFO:    BL3-1: Next image address = 0x41e00000
INFO:    BL3-1: Next image spsr = 0x1d3
[ATF][     0.000000][BL31] Final dump!
[0] kernel_boot_opt=4
[0] 64Bit Kernel
[0] WDT NONRST=0x20000000 
[0] [pmic_init] LK Start..................
[0] [pmic_init] MT6325 CHIP Code = 0x2820
[0] [pmic_init] Done
[10] platform_init()
[20] [mmc_init]: msdc0 start mmc_init_host() in LK...
[20] [msdc_init]: msdc0 Host controller intialization start 
[20] [MSDC] config VEMC to 3V in lk
[20] [SD0] Pins mode(1), none(0), down(1), up(2), keep(3)
[20] [SD0] Pins mode(2), none(0), down(1), up(2), keep(3)
[20] [MSDC] config VEMC to 3V in lk
[20] [info][msdc_set_startbit 1248] read data start bit at rising edge
[20] [info][msdc_config_clksrc] input clock is 400000kHz
[20] [SD0] Bus Width: 1
[20] [info][msdc_config_clksrc] input clock is 400000kHz
[20] [info][msdc_set_startbit 1248] read data start bit at rising edge
[20] [SD0] SET_CLK(260kHz): SCLK(259kHz) MODE(0) DDR(0) DIV(385) DS(0) RS(0)
[20] [msdc_init]: msdc0 Host controller intialization done
[20] [mmc_init]: msdc0 start mmc_init_card()in LK...
[20] [mmc_init_card]: start
[140] [info][msdc_config_clksrc] input clock is 400000kHz
[140] [info][msdc_set_startbit 1248] read data start bit at rising edge
[140] [SD0] SET_CLK(260kHz): SCLK(259kHz) MODE(0) DDR(0) DIV(385) DS(0) RS(0)
[140] [SD0] Bus Width: 8
[160] [SD0] Switch to High-Speed mode!
[160] [SD0] Size: 29820 MB, Max.Speed: 52000 kHz, blklen(512), nblks(61071360), ro(0)
[160] [mmc_init_mem_card 3240][SD0] Initialized, eMMC50
[160] before host->cur_bus_clk(259740)
[160] [info][msdc_config_clksrc] input clock is 400000kHz
[160] [info][msdc_set_startbit 1248] read data start bit at rising edge
[160] [SD0] SET_CLK(52000kHz): SCLK(50000kHz) MODE(0) DDR(0) DIV(2) DS(0) RS(0)
[160] host->cur_bus_clk(50000000)
[180] [mmc_init_card]: finish successfully
[180] [mt_part_register_device]
[180] [GPT_LK]Parsing Primary GPT now...
[180] [GPT_LK][0]name=proinfo, part_id=8, start_sect=0x400, nr_sects=0x1800
[180] [GPT_LK][1]name=nvram, part_id=8, start_sect=0x1c00, nr_sects=0x2800
[180] [GPT_LK][2]name=protect1, part_id=8, start_sect=0x4400, nr_sects=0x5000
[180] [GPT_LK][3]name=protect2, part_id=8, start_sect=0x9400, nr_sects=0x5000
[180] [GPT_LK][4]name=lk, part_id=8, start_sect=0xe400, nr_sects=0x400
[180] [GPT_LK][5]name=para, part_id=8, start_sect=0xe800, nr_sects=0x400
[180] [GPT_LK][6]name=boot, part_id=8, start_sect=0xec00, nr_sects=0x8000
[180] [GPT_LK][7]name=recovery, part_id=8, start_sect=0x16c00, nr_sects=0x8000
[180] [GPT_LK][8]name=logo, part_id=8, start_sect=0x1ec00, nr_sects=0x4000
[200] [GPT_LK][9]name=expdb, part_id=8, start_sect=0x22c00, nr_sects=0x5000
[200] [GPT_LK][10]name=seccfg, part_id=8, start_sect=0x27c00, nr_sects=0x400
[200] [GPT_LK][11]name=oemkeystore, part_id=8, start_sect=0x28000, nr_sects=0x1000
[200] [GPT_LK][12]name=secro, part_id=8, start_sect=0x29000, nr_sects=0x3000
[200] [GPT_LK][13]name=keystore, part_id=8, start_sect=0x2c000, nr_sects=0x4000
[200] [GPT_LK][14]name=tee1, part_id=8, start_sect=0x30000, nr_sects=0x2800
[200] [GPT_LK][15]name=tee2, part_id=8, start_sect=0x32800, nr_sects=0x2800
[200] [GPT_LK][16]name=frp, part_id=8, start_sect=0x35000, nr_sects=0x800
[200] [GPT_LK][17]name=nvdata, part_id=8, start_sect=0x35800, nr_sects=0x10000
[200] [GPT_LK][18]name=metadata, part_id=8, start_sect=0x45800, nr_sects=0x12800
[200] [GPT_LK][19]name=system, part_id=8, start_sect=0x58000, nr_sects=0x500000
[200] [GPT_LK][20]name=cache, part_id=8, start_sect=0x558000, nr_sects=0xc8000
[220] [GPT_LK][21]name=userdata, part_id=8, start_sect=0x620000, nr_sects=0x1400000
[220] [GPT_LK][22]name=ivres, part_id=8, start_sect=0x1a20000, nr_sects=0x190000
[220] [GPT_LK][23]name=resources, part_id=8, start_sect=0x1bb0000, nr_sects=0x1e85c00
[220] [GPT_LK][24]name=flashinfo, part_id=8, start_sect=0x3a35c00, nr_sects=0x8000
[220] [GPT_LK]Success to find valid GPT.
[220] [SD0] boot device found
[220] [PART_LK][get_part] para
[LK_ENV] device data sig mismatch
[220] [PART_LK][get_part] para
[LK_ENV]ENV initialize sucess
[LK_ENV]env:
data_free_size_th=52428800
[LK_ENV] device data valid: 0
[220] [GPIO_LK] set device type: 0
[220] [DISP]func|disp_lcm_probe
[220] [DISP]func|_display_interface_path_init
[240] [DISPCHECK]dpmgr create path SUCCESS(0x41e51ed8)
[240] [DISPCHECK]dpmgr set dst module FINISHED(dsi0 )
[240] [DISP]func|ddp_dsi_init
[240] [DISPCHECK]dsi0 init finished
[240] [DISP]func|ddp_dsi_config
[240] [DISPCHECK][DDPDSI] DSI Mode: SYNC_PULSE_VDO_MODE
[240] [DISPCHECK][DDPDSI] LANE_NUM: 4,data_format: 0,vertical_sync_active: 0
[240] [DISPCHECK][DDPDSI] vact: 2, vbp: 5, vfp: 29, vact_line: 720, hact: 16, hbp: 24, hfp: 24, hblank: 0, hblank: 1105583372
[240] [DISPCHECK][DDPDSI] pll_select: 0, pll_div1: 0, pll_div2: 0, fbk_div: 0,fbk_sel: 0, rg_bir: 0
[240] [DISPCHECK][DDPDSI] rg_bic: 0, rg_bp: 0, PLL_CLOCK: 301, dsi_clock: 0, ssc_range: 0,	ssc_disable: 0, compatibility_for_nvk: 0, cont_clock: 1
[240] [DISPCHECK][DDPDSI] lcm_ext_te_enable: 0, noncont_clock: 0, noncont_clock_period: 0
[240] [DISP]func|DSI_PHY_clk_setting
[240] [DISP][mipitx/reg]0x14017044=0x88492481
[240] [DISP][mipitx/reg]0x14017044=0x88492483
[260] [DISP][mipitx/reg]0x14017040=0x00000082
[260] [DISP][mipitx/reg]0x14017000=0x00000402
[260] [DISP][mipitx/reg]0x14017000=0x00000403
[260] [DISP][mipitx/reg]0x14017068=0x00000003
[260] [DISP][mipitx/reg]0x14017068=0x00000101
[260] [DISP][mipitx/reg]0x14017050=0x00000000
[260] [DISP][mipitx/reg]0x14017050=0x00000000
[260] [DISP][mipitx/reg]0x14017050=0x00000000
[260] [DISP][mipitx/reg]0x14017054=0x00000003
[260] [DISP][mipitx/reg]0x14017058=0x2e000000
[260] [DISP][mipitx/reg]0x14017058=0x2e4e0000
[260] [DISP][mipitx/reg]0x14017058=0x2e4ec400
[260] [DISP][mipitx/reg]0x14017058=0x2e4ec4ec
[260] [DISP][mipitx/reg]0x14017054=0x00000003
[260] [DISP][mipitx/reg]0x14017054=0x01b10003
[260] [DISP][mipitx/reg]0x1401705c=0x05790000
[260] [DISP][mipitx/reg]0x1401705c=0x05790579
[260] [DISP][dsi_drv.c] PLL config:data_rate=602,txdiv=1,pcw=776914156,delta1=5,pdelta1=0x579
[280] [DISP][mipitx/reg]0x14017054=0x01b10007
[280] [DISP][mipitx/reg]0x14017004=0x00000821
[280] [DISP][mipitx/reg]0x14017008=0x00000401
[280] [DISP][mipitx/reg]0x1401700c=0x00000101
[280] [DISP][mipitx/reg]0x14017010=0x00000101
[280] [DISP][mipitx/reg]0x14017014=0x00000101
[280] [DISP][mipitx/reg]0x14017050=0x00000001
[280] [DISP][mipitx/reg]0x14017060=0x00000000
[280] [DISP][mipitx/reg]0x14017060=0x00000001
[280] [DISP][mipitx/reg]0x14017040=0x00000082
[280] DISP/[DISP] - kernel - DSI_PHY_TIMCONFIG, Cycle Time = 14(ns), Unit Interval = 2(ns). , lane# = 4 
[280] DISP/[DISP] - kernel - DSI_PHY_TIMCONFIG, HS_TRAIL = 6, HS_ZERO = 10, HS_PRPR = 5, LPX = 5, TA_GET = 25, TA_SURE = 7, TA_GO = 20, CLK_TRAIL = 7, CLK_ZERO = 28, CLK_HS_PRPR = 4 
[280] [DISP]func|_display_interface_path_deinit
[280] [DISPCHECK]dsi0 init finished
[280] [DISP][mipitx/reg]0x14017084=0x00000001
[280] [DISP][mipitx/reg]0x14017084=0x00000003
[300] [DISP][mipitx/reg]0x14017084=0x00000013
[300] [DISP][mipitx/reg]0x14017084=0x00000033
[300] [DISP][mipitx/reg]0x14017084=0x00000033
[300] [DISP][mipitx/reg]0x14017084=0x00000033
[300] [DISP][mipitx/reg]0x14017084=0x00000133
[300] [DISP][mipitx/reg]0x14017084=0x00000333
[300] [DISP][mipitx/reg]0x14017084=0x00010333
[300] [DISP][mipitx/reg]0x14017084=0x00020333
[300] [DISP][mipitx/reg]0x14017084=0x00100333
[300] [DISP][mipitx/reg]0x14017084=0x00200333
[300] [DISP][mipitx/reg]0x14017080=0x00000001
[300] [DISP][mipitx/reg]0x14017050=0x00000000
[300] [DISP][mipitx/reg]0x14017064=0x00000020
[300] [DISP][mipitx/reg]0x14017040=0x00000882
[300] [DISP][mipitx/reg]0x14017004=0x00000820
[300] [DISP][mipitx/reg]0x14017008=0x00000400
[300] [DISP][mipitx/reg]0x1401700c=0x00000100
[310] [DISP][mipitx/reg]0x14017010=0x00000100
[320] [DISP][mipitx/reg]0x14017014=0x00000100
[320] [DISP][mipitx/reg]0x14017068=0x00000103
[320] [DISP][mipitx/reg]0x14017068=0x00000102
[320] [DISP][mipitx/reg]0x14017040=0x00000880
[320] [DISP][mipitx/reg]0x14017000=0x00000401
[320] [DISP][mipitx/reg]0x14017000=0x00000400
[320] [DISP][mipitx/reg]0x14017044=0x88492481
[320] [DISP][mipitx/reg]0x14017044=0x88492480
[320] [DISP][mipitx/reg]0x14017050=0x00000000
[320] [DISP][mipitx/reg]0x14017050=0x00000000
[320] [DISP][mipitx/reg]0x14017050=0x00000000
[320] [DISP][mipitx/reg]0x14017050=0x00000000
[320] [DISP][mipitx/reg]0x14017054=0x00000000
[320] [DISP][mipitx/reg]0x14017058=0x50000000
[320] [DISP][mipitx/reg]0x14017080=0x00000000
[320] [DISPCHECK]******** dump lcm driver information ********
[320] [DISPCHECK][LCM], name: cpt_clap070wp03xg_sn65dsi83_ti947
[340] [DISPCHECK][LCM] resolution: 1920 x 720
[340] [DISPCHECK][LCM] physical size: 0 x 0
[340] [DISPCHECK][LCM] physical size: 0 x 0
[340] [DISPCHECK][LCM] lcm_if:0, cmd_if:0
[340] [DISPCHECK][LCM] interface: unknown
[340] [DISPCHECK][LCM] Type: DSI
[340] [DISPCHECK][LCM] DSI Mode: SYNC_PULSE_VDO_MODE
[340] [DISPCHECK][LCM] LANE_NUM: 4,data_format: 0,vertical_sync_active: 0
[340] [DISPCHECK][LCM] vact: 2, vbp: 5, vfp: 29, vact_line: 720, hact: 16, hbp: 24, hfp: 24, hblank: 0, hblank: 1105515200
[340] [DISPCHECK][LCM] pll_select: 0, pll_div1: 0, pll_div2: 0, fbk_div: 0,fbk_sel: 0, rg_bir: 0
[340] [DISPCHECK][LCM] rg_bic: 0, rg_bp: 0,	PLL_CLOCK: 301, dsi_clock: 0, ssc_range: 0,	ssc_disable: 0, compatibility_for_nvk: 0, cont_clock: 1
[340] [DISPCHECK][LCM] lcm_ext_te_enable: 0, noncont_clock: 0, noncont_clock_period: 0
[340] [DISP]lcm handle is null, after probe:0x41e52444
[360] [DISP]^^ DISP_GetVRamSize: 19726336 bytes
[360] warning: size is not 2MB aligned
[360] mblock[0].start: 0x40000000, sz: 0x40000000, limit: 0x100000000, max_addr: 0x0, max_rank: 1, target: -1, mblock[].rank: 0
[360] mblock_reserve dbg[0]: 1, 1, 1, 1
[360] mblock[1].start: 0x80000000, sz: 0x3ffc0000, limit: 0x100000000, max_addr: 0x80000000, max_rank: 1, target: 0, mblock[].rank: 1
[360] mblock_reserve dbg[1]: 1, 1, 1, 1
[360] mblock_reserve: becf0000 - bffc0000 from mblock 1
[360] FB base = 0xbecf0000, FB size = 19726336
[360] fb_va: 0xbecf0000, fb_pa: 0xbecf0000, fb_pa_k: 0xbecf0000
[360] [DISP]func|primary_display_init
[LK_ENV]get_env DFO
[360] [DISP]env buffer = <null>
[360] [DISP]env buffer = NULL
[360] [DISP]LCM_FAKE_WIDTH = [DEC]0 [HEX]0x00000000
[360] [DISP]LCM_FAKE_HEIGHT = [DEC]0 [HEX]0x00000000
[360] [DISP]LCM Resolution will be changed, original: 1920x720, now: 0x0
[360] [DISP]ERROR:Invalid resolution: 0x0
[380] [DISP]ERROR:[DISP_DFO]WARNING!!! Change LCM Resolution FAILED!!!
[380] [DISPCHECK]disp_lcm_probe SUCCESS
[380] [DISP]func|disp_lcm_get_params
[380] [DISP]func|_build_path_direct_link
[380] [DISPCHECK]dpmgr create path SUCCESS(0x41e51ed8)
[380] [DISPCHECK]dpmgr set dst module FINISHED(dsi0 )
[380] [DISPCHECK]primary display is DIRECT LINK MODE
[380] [DISPCHECK]primary display BUILD cmdq trigger loop finished
[380] [DISPCHECK]primary display START cmdq trigger loop finished
[380] [DISP]func|disp_lcm_is_video_mode
[380] [DISP]func|ddp_dsi_init
[380] [DISPCHECK]dsi0 init finished
[380] [DISP]func|ddp_dsi_config
[380] [DISPCHECK][DDPDSI] DSI Mode: SYNC_PULSE_VDO_MODE
[380] [DISPCHECK][DDPDSI] LANE_NUM: 4,data_format: 0,vertical_sync_active: 0
[380] [DISPCHECK][DDPDSI] vact: 2, vbp: 5, vfp: 29, vact_line: 720, hact: 16, hbp: 24, hfp: 24, hblank: 0, hblank: 1105583372
[400] [DISPCHECK][DDPDSI] pll_select: 0, pll_div1: 0, pll_div2: 0, fbk_div: 0,fbk_sel: 0, rg_bir: 0
[400] [DISPCHECK][DDPDSI] rg_bic: 0, rg_bp: 0, PLL_CLOCK: 301, dsi_clock: 0, ssc_range: 0,	ssc_disable: 0, compatibility_for_nvk: 0, cont_clock: 1
[400] [DISPCHECK][DDPDSI] lcm_ext_te_enable: 0, noncont_clock: 0, noncont_clock_period: 0
[400] [DISP]func|DSI_PHY_clk_setting
[400] [DISP][mipitx/reg]0x14017044=0x88492481
[400] [DISP][mipitx/reg]0x14017044=0x88492483
[400] [DISP][mipitx/reg]0x14017040=0x00000882
[400] [DISP][mipitx/reg]0x14017000=0x00000402
[400] [DISP][mipitx/reg]0x14017000=0x00000403
[400] [DISP][mipitx/reg]0x14017068=0x00000003
[400] [DISP][mipitx/reg]0x14017068=0x00000101
[400] [DISP][mipitx/reg]0x14017050=0x00000000
[400] [DISP][mipitx/reg]0x14017050=0x00000000
[400] [DISP][mipitx/reg]0x14017050=0x00000000
[400] [DISP][mipitx/reg]0x14017054=0x00000001
[400] [DISP][mipitx/reg]0x14017058=0x2e000000
[420] [DISP][mipitx/reg]0x14017058=0x2e4e0000
[420] [DISP][mipitx/reg]0x14017058=0x2e4ec400
[420] [DISP][mipitx/reg]0x14017058=0x2e4ec4ec
[420] [DISP][mipitx/reg]0x14017054=0x00000003
[420] [DISP][mipitx/reg]0x14017054=0x01b10003
[420] [DISP][mipitx/reg]0x1401705c=0x05790579
[420] [DISP][mipitx/reg]0x1401705c=0x05790579
[420] [DISP][dsi_drv.c] PLL config:data_rate=602,txdiv=1,pcw=776914156,delta1=5,pdelta1=0x579
[420] [DISP][mipitx/reg]0x14017054=0x01b10007
[420] [DISP][mipitx/reg]0x14017004=0x00000821
[420] [DISP][mipitx/reg]0x14017008=0x00000401
[420] [DISP][mipitx/reg]0x1401700c=0x00000101
[420] [DISP][mipitx/reg]0x14017010=0x00000101
[420] [DISP][mipitx/reg]0x14017014=0x00000101
[420] [DISP][mipitx/reg]0x14017050=0x00000001
[420] [DISP][mipitx/reg]0x14017060=0x00000000
[420] [DISP][mipitx/reg]0x14017060=0x00000001
[420] [DISP][mipitx/reg]0x14017040=0x00000082
[440] DISP/[DISP] - kernel - DSI_PHY_TIMCONFIG, Cycle Time = 14(ns), Unit Interval = 2(ns). , lane# = 4 
[440] DISP/[DISP] - kernel - DSI_PHY_TIMCONFIG, HS_TRAIL = 6, HS_ZERO = 10, HS_PRPR = 5, LPX = 5, TA_GET = 25, TA_SURE = 7, TA_GO = 20, CLK_TRAIL = 7, CLK_ZERO = 28, CLK_HS_PRPR = 4 
[440] [DISP]func|disp_lcm_init
[440] [DISP]func|DSI_set_cmdq
[440] [DISPCHECK]DSI_set_cmdq, module=dsi0 , cmdq=0x00000000
[440] [DISP]read lcm maximum return size failed.
[440] [DISP]func|DSI_dcs_read_lcm_reg_v2
[440] DISP/ Start polling DSI read ready!!!
[480] DISP/ Polling DSI read ready timeout!!!
[480] DSI0 state:Waiting RX-read data 
[480] DSI Mode: lane num: transfer count: status: [480] ---------- Start dump DSI0 registers ----------
[480] DSI+0000 : 0x00000001  0x00000000  0x00000000  0x80000000
[480] DSI+0010 : 0x00000000  0x00000000  0x0000003c  0x00031680
[480] DSI+0020 : 0x00000002  0x00000005  0x0000001d  0x000002d0
[480] DSI+0030 : 0x00000000  0x00000000  0x00000000  0x00000000
[500] DSI+0040 : 0x00000000  0x00000000  0x00000000  0x00000000
[500] DSI+0050 : 0x00000028  0x00000040  0x0000003c  0x00000000
[500] DSI+0060 : 0x00000001  0x00010000  0x00000000  0x00000000
[500] DSI+0070 : 0x00000000  0x00000000  0x00000000  0x00000000
[500] DSI+0080 : 0x00000000  0x00000000  0x00000020  0x00000000
[500] DSI+0090 : 0x0000003c  0x00000000  0x00000000  0x00000000
[500] DSI+00a0 : 0x00060080  0x00002000  0x00000000  0x00000000
[500] DSI+00b0 : 0x00000000  0x00000000  0x00000000  0x00000000
[500] DSI+00c0 : 0x00000000  0x00000000  0x00000000  0x00000000
[500] DSI+00d0 : 0x00000000  0x00000000  0x00000000  0x00000000
[500] DSI+00e0 : 0x00000000  0x00000000  0x00000000  0x00000000
[500] DSI+00f0 : 0x00000000  0x00000000  0x00000000  0x00000000
[500] DSI+0100 : 0x00000055  0x00000000  0x00000000  0x000000b8
[500] DSI+0110 : 0x060a0505  0x0a190714  0x071c0100  0x000a0e04
[520] DSI+0120 : 0x00000000  0x00000000  0x00000000  0x00000000
[520] DSI+0130 : 0x00000021  0x00000000  0x00000000  0x00000000
[520] DSI+0140 : 0x00000000  0x00000000  0x00010001  0x01010100
[520] DSI+0150 : 0x01080001  0x01010101  0x00000101  0x10000000
[520] DSI+0160 : 0x00010200  0x00000001  0x00000000  0x00000000
[520] DSI+0170 : 0x00000000  0xfff00000  0x00000000  0x00200000
[520] DSI_CMD+0000 : 0x000a0604  0x555dc755  0x65756d76  0x3d515961
[520] DSI_CMD+0010 : 0xd5bc1055  0x3d77d895  0x5557445d  0x51174455
[520] DSI_CMD+0020 : 0x44597d51  0x51755685  0x0551d570  0x7df51659
[520] DSI_CMD+0030 : 0x4ff54764  0x75f41555  0x5945550f  0xd1914545
[520] DSI_CMD+0040 : 0x58531f5d  0x641d1434  0xf4555575  0x299dcf54
[520] DSI_CMD+0050 : 0x54d15755  0x1513c9c7  0x671d74d5  0x11753525
[520] DSI_CMD+0060 : 0x542579c1  0x5d657648  0x757d13d0  0x7cd54d55
[520] DSI_CMD+0070 : 0xc71115ef  0x465102d5  0xd5435555  0x45f1f0d5
[540] DSI_CMD+0080 : 0x55d21404  0x56805734  0x484f75d3  0x7f75d155
[540] DSI_CMD+0090 : 0x556c0bc5  0x54f144b5  0x55dbc034  0x975709d5
[540] DSI_CMD+00a0 : 0x21d5d9c5  0x8011d5b5  0x35f555e5  0xd4762635
[540] DSI_CMD+00b0 : 0x55f43505  0x4115475f  0x7555ed61  0x4151733d
[540] DSI_CMD+00c0 : 0x5f4dc75d  0x5cdc4715  0x54df9551  0xd5559775
[540] DSI_CMD+00d0 : 0x447d5557  0x7e45cc1f  0x9575597d  0x24614774
[540] DSI_CMD+00e0 : 0x45557174  0xf54e3e15  0x427c7145  0x917f47d5
[540] DSI_CMD+00f0 : 0xd5d15755  0x57747d75  0x5754545c  0x4c3d5051
[540] DSI_CMD+0100 : 0x4f35d0ff  0x1fc55525  0x67114d71  0x425d5001
[540] DSI_CMD+0110 : 0x01d585d3  0x4475bc95  0x3751f4d1  0x54d1054d
[540] DSI_CMD+0120 : 0x54dd71c5  0x55172555  0x54dd4d43  0x4515f571
[540] DSI_CMD+0130 : 0x9755d455  0x55144555  0x5511b5d7  0x515530e5
[540] DSI_CMD+0140 : 0x03f5d515  0x58775865  0x57745554  0x45954d10
[560] DSI_CMD+0150 : 0x92074713  0x15145f01  0x75113d55  0x75d3d194
[560] DSI_CMD+0160 : 0x517f155a  0x77d30d45  0x5d7f7957  0xd7c5958b
[560] DSI_CMD+0170 : 0x155971f5  0xdd597e55  0xd51575ff  0x45175559
[560] DSI_CMD+0180 : 0x5dd41dc5  0xd7b5c555  0x557445ff  0xc5947c51
[560] DSI_CMD+0190 : 0xd5215154  0x55357554  0x94150f3d  0x41551358
[560] DSI_CMD+01a0 : 0xf551555c  0x78911671  0x1d5217d5  0x41d54175
[560] DSI_CMD+01b0 : 0x96555545  0x755f5475  0x504c5100  0x5edd5d52
[560] DSI_CMD+01c0 : 0x55bf7d4d  0xdb554131  0x58457179  0xbb1dd416
[560] DSI_CMD+01d0 : 0x55554764  0x15119553  0xec5550f6  0x7d45d491
[560] DSI_CMD+01e0 : 0x94155539  0x5504a655  0x575519f4  0xc5757475
[560] DSI_CMD+01f0 : 0x5599775d  0xe155dd77  0xdd505d54  0x5d4544fd
[560] DSI_PHY+0000 : 0x00000403    0x00000821  0x00000401  0x00000101
[560] DSI_PHY+0010 : 0x00000101    0x00000101  0x00000000  0x00000000
[560] DSI_PHY+0020 : 0x00000000    0x00000000  0x00000000  0x00000000
[580] DSI_PHY+0030 : 0x00000000    0x00000000  0x00000000  0x00000000
[580] DSI_PHY+0040 : 0x00000082    0x88492483  0x00000000  0x00000000
[580] DSI_PHY+0050 : 0x00000001    0x01b10007  0x2e4ec4ec  0x05790579
[580] DSI_PHY+0060 : 0x00000001    0x00000020  0x00000101  0x00000000
[580] DSI_PHY+0070 : 0x00000000    0x00000000  0x00000000  0x00043210
[580] DSI_PHY+0080 : 0x00000000    0x00000333  0x00000000  0x00000000
[580] DSI_PHY+0090 : 0x00000000    0x00000000  0x00000000  0x00000000
[580] [DISP]lcm is not connected
[580] [DISP]func|disp_lcm_is_video_mode
[600] [DISP]func|primary_display_config_input
[600] [DISP]func|ddp_dsi_is_busy
[600] [DISP]func|ddp_dsi_config
[600] [DISP]func|primary_display_config_input
[600] [DISP]func|ddp_dsi_is_busy
[600] [DISP]func|ddp_dsi_config
[600] mt_get_logo_db_addr: 0xbe8f0000
[700] [LK/LCM]lcm_init
[1090] [LK/LCM]lcm_init done
[1100] fb dump: 0x00000000, 0x00000000, 0x00000000, 0x00000000
[1100] [DISP]func|primary_display_trigger
[1100] [DISP]func|ddp_dsi_is_busy
[1100] [DISPCHECK]trigger mode: DIRECT_LINK
[1100] [DISP]func|disp_lcm_is_video_mode
[1100] [DISP]func|disp_lcm_is_video_mode
[1120] mt_get_logo_db_addr_pa: 0xbe8f0000
[1120] [PART_LK][get_part] logo
[1120] [PART_LK][get_part] logo

=========================================
[1120] [LK_BOOT] logo magic number : 0x58881688
[1120] [LK_BOOT] logo name         : LOGO
[1120] [LK_BOOT] logo size         : 722161
=========================================
read the data of logo
kedump mini start
kedump: boot_reason(0)
RAM_CONSOLE. sram(0x12c000) sig 0 mismatch
RAM_CONSOLE. start: 0x43f00000, size: 0x10000
RAM_CONSOLE. lk size mismatch 0 + c0 != 100
[1160] D:Boot record found at 0x41f00000[4d52], cb 0x41f00000
[1160] D:Cold boot or kernel not support MT-RAMDUMP
[1160] detecting pmic just reset
[mboot_recovery_load_misc]: size is 6144
[mboot_recovery_load_misc]: misc_addr is 0x41e7178c
[1160] [PART_LK][get_part] para
[1180] [LK_BOOT] Load '<null>' partition to 0x41E7178C (6144 bytes in 1 ms)
[1180] MT65XX_FACTORY_KEY 0x0
[1180] MT65XX_BOOT_MENU_KEY 0x11
[1180] MT65XX_RECOVERY_KEY 0x11
[1180] mtk detect key function key = 0
[1180] mtk detect key function key = 17
[1180] mtk detect key function key = 17
[1180] mtk detect key function key = 0
[1180] mtk detect key function key = 17
[1180] mtk detect key function key = 17
[1180] mtk detect key function key = 0
[1180] mtk detect key function key = 17
[1180] mtk detect key function key = 17
[1180] mtk detect key function key = 0
[1180] mtk detect key function key = 17
[1180] mtk detect key function key = 17
[1180] mtk detect key function key = 0
[1180] mtk detect key function key = 17
[1180] mtk detect key function key = 17
[1180] mtk detect key function key = 0
[1200] mtk detect key function key = 17
[1200] mtk detect key function key = 17
[1200] mtk detect key function key = 0
[1200] mtk detect key function key = 17
[1200] mtk detect key function key = 17
[1200] mtk detect key function key = 0
[1200] mtk detect key function key = 17
[1200] mtk detect key function key = 17
[1200] mtk detect key function key = 0
[1200] mtk detect key function key = 17
[1200] mtk detect key function key = 17
[1200] mtk detect key function key = 0
[1200] mtk detect key function key = 17
[1200] mtk detect key function key = 17
[1200] mtk detect key function key = 0
[1200] mtk detect key function key = 17
[1200] mtk detect key function key = 17
[1200] mtk detect key function key = 0
[1200] mtk detect key function key = 17
[1200] mtk detect key function key = 17
[1200] mtk detect key function key = 0
[1200] mtk detect key function key = 17
[1200] mtk detect key function key = 17
[1220] mtk detect key function key = 0
[1220] mtk detect key function key = 17
[1220] mtk detect key function key = 17
[1220] mtk detect key function key = 0
[1220] mtk detect key function key = 17
[1220] mtk detect key function key = 17
[1220] mtk detect key function key = 0
[1220] mtk detect key function key = 17
[1220] mtk detect key function key = 17
[1220] mtk detect key function key = 0
[1220] mtk detect key function key = 17
[1220] mtk detect key function key = 17
[1220] mtk detect key function key = 0
[1220] mtk detect key function key = 17
[1220] mtk detect key function key = 17
[1220] mtk detect key function key = 0
[1220] mtk detect key function key = 17
[1220] mtk detect key function key = 17
[1220] mtk detect key function key = 0
[1220] mtk detect key function key = 17
[1220] mtk detect key function key = 17
[1220] mtk detect key function key = 0
[1220] mtk detect key function key = 17
[1240] mtk detect key function key = 17
[1240] mtk detect key function key = 0
[1240] mtk detect key function key = 17
[1240] mtk detect key function key = 17
[1240] mtk detect key function key = 0
[1240] mtk detect key function key = 17
[1240] mtk detect key function key = 17
[1240] mtk detect key function key = 0
[1240] mtk detect key function key = 17
[1240] mtk detect key function key = 17
[1240] mtk detect key function key = 0
[1240] mtk detect key function key = 17
[1240] mtk detect key function key = 17
[1240] mtk detect key function key = 0
[1240] mtk detect key function key = 17
[1240] mtk detect key function key = 17
[1240] mtk detect key function key = 0
[1240] mtk detect key function key = 17
[1240] mtk detect key function key = 17
[1240] mtk detect key function key = 0
[1240] mtk detect key function key = 17
[1240] mtk detect key function key = 17
[1260] mtk detect key function key = 0
[1260] mtk detect key function key = 17
[1260] mtk detect key function key = 17
[1260] mtk detect key function key = 0
[1260] mtk detect key function key = 17
[1260] mtk detect key function key = 17
[1260] mtk detect key function key = 0
[1260] mtk detect key function key = 17
[1260] mtk detect key function key = 17
[1260] mtk detect key function key = 0
[1260] mtk detect key function key = 17
[1260] mtk detect key function key = 17
[1260] mtk detect key function key = 0
[1260] mtk detect key function key = 17
[1260] mtk detect key function key = 17
[1260] mtk detect key function key = 0
[1260] mtk detect key function key = 17
[1260] mtk detect key function key = 17
[1260] mtk detect key function key = 0
[1260] mtk detect key function key = 17
[1260] mtk detect key function key = 17
[1260] mtk detect key function key = 0
[1260] mtk detect key function key = 17
[1280] mtk detect key function key = 17
[partition_get_index]find preloader index 0
[partition_get_index]find seccfg index 11
[partition_get_index]find secro index 13
[1280] [PART_LK][get_part] seccfg
[partition_get_index]find seccfg index 11
[SEC_CFG] sec_read_seccfg fail:3001
[SEC_INIT] sec_func_init -- fail to search seccfg
[SBC] NS-CHIP
[SEC_CFG] initializing seccfg
[SBC] NS-CHIP
[SBC] NS-CHIP
[1300] [PART_LK][get_part] secro
[partition_get_index]find secro index 13
[1300] [PART_LK][get_part] secro
[partition_get_index]find secro index 13
[SEC_SRO] Search SRO - SRO Ready
[SEC_INIT] Search SECRO - SW sec boot configured        (0, 0)
[SEC_INIT] Search SECRO - SDL configuration[LOCK]        (1, 1, 1, 1)
[SEC_INIT] Search SECRO - SB configuration[LOCK]     (1, 1, 1, 1, 1, 1, 1, 1)
[SEC_INIT] Search SECRO - SDL configuration[UNLOCK]      (2, 2, 2, 2)
[SEC_INIT] Search SECRO - SB configuration[UNLOCK]   (2, 2, 2, 2, 2, 2, 2, 2)
[SEC_INIT] Search SECRO - SDL configuration[VERIFIED]    (1, 1, 1, 2)
[SEC_INIT] Search SECRO - SB configuration[VERIFIED] (1, 1, 1, 1, 2, 2, 2, 2)
[SEC_INIT] Search SECRO - SDL configuration[CUSTOM]      (1, 1, 1, 1)
[SEC_INIT] Search SECRO - SB configuration[CUSTOM]   (1, 1, 1, 1, 1, 1)
[SEC_POLICY] lock state = 0x0(default)
[SEC_POLICY] use default sec policy
[SEC_POLICY] dl_format_lock = 0x1
[SEC_POLICY] dl_1st_loader_lock = 0x1
[SEC_POLICY] dl_2nd_loader_lock = 0x1
[SEC_POLICY] dl_image_lock = 0x1
[SEC_POLICY] dl_tee_lock = 0x1
[SEC_POLICY] boot_chk_2nd_loader = 0x2
[SEC_POLICY] boot_chk_logo = 0x2
[SEC_POLICY] boot_chk_bootimg = 0x2
[SEC_POLICY] boot_chk_recovery = 0x2
[SEC_POLICY] boot_chk_system = 0x2
[SEC_POLICY] boot_chk_others = 0x2
[SEC_POLICY] boot_chk_cust1 = 0x2
[SEC_POLICY] boot_chk_cust2 = 0x2
[SEC_POLICY] boot_chk_tee = 0x2
[1340] [SBC] Enter logo check 
[1340] [SBC] Consume (0) ms
[1340] [mt65xx_charging_init] the platform have battery
[1340] [AUXADC] ch=1 raw=24568 data=4048 
[1340] [mt65xx_bat_init] check VBAT=4048 mV with 3450 mV
[1340] mt_get_logo_db_addr: 0xbe8f0000
[1340] mt_get_tempfb_addr: 0xbf7b8000
[1540] fb dump: 0xff000000, 0xff000000, 0xff000000, 0xff000000
[1540] [DISP]func|primary_display_trigger
[1540] [DISP]func|ddp_dsi_is_busy
[1540] [DISP]func|disp_lcm_is_video_mode
[1540] [DISP]func|disp_lcm_is_video_mode
[LK_ENV]get_env hibboot
[1540] fb dump: 0xff000000, 0xff000000, 0xff000000, 0xff000000
[1540] [DISP]func|primary_display_trigger
[1540] [DISP]func|ddp_dsi_is_busy
[1540] [DISP]func|disp_lcm_is_video_mode
[1540] [DISP]func|disp_lcm_is_video_mode
[SEC_POLICY] lock state = 0x0(default)
[SEC_POLICY] security policy backup (0)[SBC] Consume (0) ms
[SBC] Consume (0) ms
[SBC] Consume (0) ms

[SBC] Total Consume (1) ms
[SEC_POLICY] use default sec policy
[SEC_POLICY] dl_format_lock = 0x1
[SEC_POLICY] dl_1st_loader_lock = 0x1
[SEC_POLICY] dl_2nd_loader_lock = 0x1
[SEC_POLICY] dl_image_lock = 0x1
[SEC_POLICY] dl_tee_lock = 0x1
[SEC_POLICY] boot_chk_2nd_loader = 0x2
[SEC_POLICY] boot_chk_logo = 0x2
[SEC_POLICY] boot_chk_bootimg = 0x2
[SEC_POLICY] boot_chk_recovery = 0x2
[SEC_POLICY] boot_chk_system = 0x2
[SEC_POLICY] boot_chk_others = 0x2
[SEC_POLICY] boot_chk_cust1 = 0x2
[SEC_POLICY] boot_chk_cust2 = 0x2
[SEC_POLICY] boot_chk_tee = 0x2
[SEC_POLICY] security policy restore (0)[1560] [PART_LK][get_part] boot
[1560] [PART_LK][get_part] boot
[1560] part page addr is 0x1d80000

============================================================
[1580] [LK_BOOT] Android Partition Name                : boot
[1580] [LK_BOOT] Android Boot IMG Hdr - Magic          : ANDROID
[1580] [LK_BOOT] Android Boot IMG Hdr - Kernel Size    : 0x006473FE
[1580] [LK_BOOT] Android Boot IMG Hdr - Kernel Address : 0x40080000
[1580] [LK_BOOT] Android Boot IMG Hdr - Rootfs Size    : 0x0011EA4D
[1580] [LK_BOOT] Android Boot IMG Hdr - Rootfs Address : 0x44000000
[1580] [LK_BOOT] Android Boot IMG Hdr - Tags Address   : 0x4E000000
[1580] [LK_BOOT] Android Boot IMG Hdr - Page Size      : 0x00000800
[1580] [LK_BOOT] Android Boot IMG Hdr - Command Line   : bootopt=64S3,32N2,64N2
============================================================
 > page count of kernel image = 3215
 > kernel mem offset = 0x45000000
 > rootfs mem offset = 0x45647800
 > boot image size = 0x767000
[1580] [PART_LK][get_part] boot
check mkimg header
[1600] [LK_BOOT] KERNEL partition magic not match
no mkimg header in kernel image

read the data of boot (size = 0x767000)
 > from - 0x0000000001d80800 (skip boot img hdr)
 > to   - 0x45000000 (starts with kernel img hdr)
[1920] [LK_BOOT] ROOTFS partition magic not match
no mkimg header in ramdisk image
[1920] [PROFILE] ------- load boot.img takes 183 ms -------- 
[1920] [DISP]func|disp_lcm_get_name
[2000] mt_disp_get_lcd_time, fps=6378
[2660] [PTP][LK] first_volt = 0x68
[2660] [PTP][LK] second_volt = 0x50
[2660] [PTP][LK] third_volt = 0x48
[2660] [PTP][LK] have_550 = 0x0
[2660] [LK] hw_code = 0x321, segment = 0x4, code = 0
[2660] model=MT8665
[2660] mblock[0].start: 0x40000000, size: 0x40000000
[2660] mblock[1].start: 0x80000000, size: 0x3ecf0000
[2660] j:0, mblock[0].rank: 0, size: 0x40000000
[2670] j:1, mblock[0].rank: 0, size: 0x40000000
[2680] j:1, mblock[1].rank: 1, size: 0x3ecf0000
[2680] target_atag_imix_r:170
[2680] Not Support VCORE DVFS
[2680] [DISP]func|disp_lcm_get_name
[2760] mt_disp_get_lcd_time, fps=6377
[2760] videolfb - fb_base    = 0xbecf0000
[2760] videolfb - islcmfound = 0
[2880] mt_disp_get_lcd_time, fps=6378
[2880] videolfb - fps        = 6378
[2880] videolfb - vram       = 19726336
[2880] videolfb - lcmname    = cpt_clap070wp03xg_sn65dsi83_ti947
[2900] Create PTP DT OK
[2900] tee_reserved_mem not supported
[2900] non_secure_sram not supported
[2900] [PROFILE] ------- boot_time takes 1490 ms -------- 
[LK_ENV] device data valid: 0
[2900] boot_linux_fdt: read device data: device_type: 0
[2900] lk device_data=0, devicetype=common
[LK_ENV]get_env hibboot
[LK_ENV]get_env resume
[2900] resume = NULL 
[2900] booting linux @ 0x40080000, ramdisk @ 0x44000000 (1174093)
[2900] DRAM Rank :2
[2900] DRAM Rank[0] Start = 0x40000000, Size = 0x40000000
[2900] DRAM Rank[1] Start = 0x80000000, Size = 0x3ffc0000
[2900] cmdline: console=tty0 console=ttyMT0,921600n1 root=/dev/ram vmalloc=496M androidboot.hardware=mt6735 slub_max_order=0 slub_debug=O bootopt=64S3,32N2,64N2 lcm=0-cpt_clap070wp03xg_sn65dsi83_ti947 fps=6378 vram=19726336 androidboot.selinux=permissive printk.[2900] lk boot time = 1490 ms
[2900] lk boot mode = 0
[2900] lk boot reason = power_key
[2900] lk finished --> jump to linux kernel 64Bit

[2900] 
[LK]jump to K64 0x40080000
[    0.000000]<0>-(0)[0:swapper]Linux version 3.10.65+ (qinxb@neusoft) (gcc version 4.9.x-google 20140827 (mtk-20150409) (GCC) ) #1 SMP PREEMPT Wed Mar 6 20:19:24 CST 2019
[    0.000000]<0>-(0)[0:swapper]CPU: AArch64 Processor [410fd033] revision 3
[    0.000000]<0>-(0)[0:swapper][memblock]mrdump_mini_reserve_memory: 0x43ff0000 - 0x43ffafff (0x0000b000)
[    0.000000]<0>-(0)[0:swapper][PHY layout]reserve-memory-dram_r1_dummy_read   :   0xbecef000 - 0xbeceffff (0x1000)
[    0.000000]<0>-(0)[0:swapper][PHY layout]reserve-memory-dram_r0_dummy_read   :   0x7ffff000 - 0x7fffffff (0x1000)
[    0.000000]<0>-(0)[0:swapper][PHY layout]reserve-memory-ccci_md1   :   0xba000000 - 0xbd80ffff (0x3810000)
[    0.000000]<0>-(0)[0:swapper][ccci1/util]reserve_mem_of_init, rptr=0x0x00000000ba000000, rsize=0x3810000
[    0.000000]<0>-(0)[0:swapper][PHY layout]consys-reserve-memory   :   0xbea00000 - 0xbebfffff (0x200000)
[    0.000000]<0>-(0)[0:swapper][WMT-CONSYS-HW][I]reserve_memory_consys_fn: name: consys-reserve-memory, uname: consys-reserve-memory, base: 0xbea00000, size: 0x200000
[    0.000000]<0>-(0)[0:swapper][PHY layout]kernel   :   0x40000000 - 0x42ffffff (0x3000000)
[    0.000000]<0>-(0)[0:swapper][PHY layout]kernel   :   0x43030000 - 0xb9ffffff (0x76fd0000)
[    0.000000]<0>-(0)[0:swapper][PHY layout]kernel   :   0xbd810000 - 0xbe9fffff (0x11f0000)
[    0.000000]<0>-(0)[0:swapper][PHY layout]kernel   :   0xbec00000 - 0xbeceffff (0xf0000)
[    0.000000]<0>-(0)[0:swapper]Built 1 zonelists in Zone order, mobility grouping on.  Total pages: 497394
[    0.000000]<0>-(0)[0:swapper][cpu_ntf] <00>ffffffc000174b6c (page_alloc_cpu_notify)
[    0.000000]<0>-(0)[0:swapper]Kernel command line: console=tty0 console=ttyMT0,921600n1 root=/dev/ram vmalloc=496M androidboot.hardware=mt6735 slub_max_order=0 slub_debug=O bootopt=64S3,32N2,64N2 lcm=0-cpt_clap070wp03xg_sn65dsi83_ti947 fps=6378 vram=19726336 androidboot.selinux=permissive printk.disable_uart=0 ddebug_query="file *mediatek* +p ; file *gpu* =_" bootprof.pl_t=1695 bootprof.lk_t=1490 boot_reason=0 androidboot.serialno=0123456789ABCDEF androidboot.bootreason=power_key androidboot.devicetype=common androidboot.devicetype=commoncommon gpt=1
[    0.000000]<0>-(0)[0:swapper]Sorting __ex_table...
[    0.000000]<0>-(0)[0:swapper]software IO TLB [mem 0xbec37000-0xbec77000] (0MB) mapped at [ffffffc07ec37000-ffffffc07ec76fff]
[    0.000000]<0>-(0)[0:swapper]Memory: 1954088k/1954088k available, 63896k reserved
[    0.000000]<0>-(0)[0:swapper]Virtual kernel memory layout:
[    0.000000]<0>    vmalloc : 0xffffff8000000000 - 0xffffffbbffff0000   (245759 MB)
[    0.000000]<0>    vmemmap : 0xffffffbc00e00000 - 0xffffffbc029bd480   (    27 MB)
[    0.000000]<0>    modules : 0xffffffbffc000000 - 0xffffffc000000000   (    64 MB)
[    0.000000]<0>    memory  : 0xffffffc000000000 - 0xffffffc07ecf0000   (  2028 MB)
[    0.000000]<0>      .init : 0xffffffc000da7000 - 0xffffffc000e05a00   (   379 kB)
[    0.000000]<0>      .text : 0xffffffc000080000 - 0xffffffc000da7000   ( 13468 kB)
[    0.000000]<0>      .data : 0xffffffc000e08000 - 0xffffffc000f1c648   (  1106 kB)
[    0.000000]<0>-(0)[0:swapper][cpu_ntf] <01>ffffffc0009b5df8 (slab_cpuup_callback)
[    0.000000]<0>-(0)[0:swapper/0][cpu_ntf] <02>ffffffc0009b51b4 (sched_ilb_notifier)
[    0.000000]<0>-(0)[0:swapper/0][cpu_ntf] <03>ffffffc0009b5c04 (perf_cpu_notify)
[    0.000000]<0>-(0)[0:swapper/0][cpu_ntf] <04>ffffffc0009b54f4 (rcu_cpu_notify)
[    0.000000]<0>-(0)[0:swapper/0][cpu_ntf] <05>ffffffc00031b14c (radix_tree_callback)
[    0.000000]<0>-(0)[0:swapper/0][cpu_ntf] <06>ffffffc0009b638c (gic_secondary_init)
[    0.000000]<0>-(0)[0:swapper/0][cpu_ntf] <07>ffffffc0009b4188 (timer_cpu_notify)
[    0.000000]<0>-(0)[0:swapper/0][cpu_ntf] <08>ffffffc0009b49d8 (hrtimer_cpu_notify)
[    0.000000]<0>-(0)[0:swapper/0][cpu_ntf] <09>ffffffc0009b3ed0 (remote_softirq_cpu_notify)
[    0.000000]<0>-(0)[0:swapper/0]cpuxgpt_r.start = 0x10200000
[    0.000000]<0>-(0)[0:swapper/0]mt_gpt_init: tmr_regs=0xffffff800000a000, tmr_irq=184, freq=13000000 
[    0.000000]<0>-(0)[0:swapper/0]gpt_devs_init: base_addr=0xffffff800000a010 
[    0.000000]<0>-(0)[0:swapper/0]gpt_devs_init: base_addr=0xffffff800000a020 
[    0.000000]<0>-(0)[0:swapper/0]gpt_devs_init: base_addr=0xffffff800000a030 
[    0.000000]<0>-(0)[0:swapper/0]gpt_devs_init: base_addr=0xffffff800000a040 
[    0.000000]<0>-(0)[0:swapper/0]gpt_devs_init: base_addr=0xffffff800000a050 
[    0.000000]<0>-(0)[0:swapper/0]gpt_devs_init: base_addr=0xffffff800000a060 
[    0.000000]<0>-(0)[0:swapper/0]setup_clksrc1: dev->base_addr=0xffffff800000a020 GPT2_CON=0x0
[    0.000000]<0>-(0)[0:swapper/0]setup_clksrc2: dev->base_addr=0xffffff800000a020 GPT2_CON=0x31
[    0.000000]<0>-(0)[0:swapper/0]GPT1_CMP = 130000, HZ = 100
[    0.000000]<0>-(0)[0:swapper/0]set_cpuxgpt_clk: reg(200) 
[    0.000000]<0>-(0)[0:swapper/0]enable_cpuxgpt: reg(201) 
[    0.000000]<0>-(0)[0:swapper/0]mt_gpt_init: get_cnt_GPT2=2067
[    0.000000]<0>-(0)[0:swapper/0]arch_timer_init: arch_timer_rate(0xc65d40), PHYS_SECURE_PPI=29, PHYS_NONSECURE_PPI=30, VIRT_PPI=27, HYP_PPI=26, 
[    0.000000]<0>-(0)[0:swapper/0]arch_timer_register: arch_timer_rate(0xc65d40), arch_timer_use_virtual=0 
[    0.000000]<0>-(0)[0:swapper/0]arch_timer_register: request_percpu_irq PHYS_SECURE_PPI err=0 
[    0.000000]<0>-(0)[0:swapper/0]arch_timer_register: request_percpu_irq PHYS_NONSECURE_PPI err=0 
[    0.000000]<0>-(0)[0:swapper/0][cpu_ntf] <10>ffffffc0009b6934 (arch_timer_cpu_notify)
[    0.000000]<0>-(0)[0:swapper/0]arch_sys_timer depends on broadcast, but no broadcast function available
[    0.000000]<0>-(0)[0:swapper/0][cpu_ntf] <11>ffffffc000120ac0 (hotplug_cfd)
[    0.000000]<0>.(0)[0:swapper/0]ram_console: buffer start: 0xffffff800000c000, size: 0x10000
[    0.000000]<0>.(0)[0:swapper/0][UART] apdma uart0 base=0xffffff800001e380
[    0.000000]<0>.(0)[0:swapper/0][UART0] phys_regs=0x11002000, regs=0xffffff8000020000, irq=123, irq_flags=0x8 
[    0.000000]<0>.(0)[0:swapper/0][UART_DMA0] irq=135
[    0.000000]<0>.(0)[0:swapper/0][UART_DMA1] irq=136
[    0.000000]<0>.(0)[0:swapper/0][UART1] phys_regs=0x11003000, regs=0xffffff8000022000, irq=124, irq_flags=0x8 
[    0.000000]<0>.(0)[0:swapper/0][UART_DMA2] irq=137
[    0.000000]<0>.(0)[0:swapper/0][UART_DMA3] irq=138
[    0.000000]<0>.(0)[0:swapper/0][UART2] phys_regs=0x11004000, regs=0xffffff8000024000, irq=125, irq_flags=0x8 
[    0.000000]<0>.(0)[0:swapper/0][UART_DMA4] irq=139
[    0.000000]<0>.(0)[0:swapper/0][UART_DMA5] irq=140
[    0.000000]<0>.(0)[0:swapper/0][UART3] phys_regs=0x11005000, regs=0xffffff8000026000, irq=126, irq_flags=0x8 
[    0.000000]<0>.(0)[0:swapper/0][UART4] phys_regs=0x1100d000, regs=0xffffff8000028000, irq=127, irq_flags=0x8 
[    0.000000]<0>.(0)[0:swapper/0][UART] mtk console setup : co->index 0 options:921600n1
[    0.000000]<0>-(0)[0:swapper/0]No Flow Control
[    0.000000]<0>.(0)[0:swapper/0][UART] mtk console setup : uart_set_option port(0) baud(921600) parity(n) bits(1) flow(n) - ret(0)
[    0.000000]<0>.(0)[0:swapper/0][UART] mtk setting: (0, 0, 0, 0, 128)
[    0.000000]<0>.(0)[0:swapper/0]Lock dependency validator: Copyright (c) 2006 Red Hat, Inc., Ingo Molnar
[    0.000000]<0>.(0)[0:swapper/0]... MAX_LOCKDEP_SUBCLASSES:  8
[    0.000000]<0>.(0)[0:swapper/0]... MAX_LOCK_DEPTH:          48
[    0.000000]<0>.(0)[0:swapper/0]... MAX_LOCKDEP_KEYS:        8191
[    0.000000]<0>.(0)[0:swapper/0]... CLASSHASH_SIZE:          4096
[    0.000000]<0>.(0)[0:swapper/0]... MAX_LOCKDEP_ENTRIES:     16384
[    0.000000]<0>.(0)[0:swapper/0]... MAX_LOCKDEP_CHAINS:      32768
[    0.000000]<0>.(0)[0:swapper/0]... CHAINHASH_SIZE:          16384
[    0.000000]<0>.(0)[0:swapper/0] memory used by lock dependency info: 5855 kB
[    0.000000]<0>.(0)[0:swapper/0] per task-struct memory footprint: 1920 bytes
[    0.098612]<0>.(0)[0:swapper/0][cpu_ntf] <12>ffffffc0001e2988 (buffer_cpu_notify)
[    0.102933]<0>.(0)[0:swapper/0][cpu_ntf] <13>ffffffc0009b5c58 (ratelimit_handler)
[    0.106265]<0>.(0)[1:swapper/0][AT]CPU1 psci_cpu_prepare
[    0.107011]<0>.(0)[1:swapper/0][AT]CPU2 psci_cpu_prepare
[    0.107670]<0>.(0)[1:swapper/0][AT]CPU3 psci_cpu_prepare
[    0.108562]<0>.(0)[1:swapper/0][init] f(ffffffc000da90c4)
[    0.109233]<0>.(0)[1:swapper/0]  s:108553999 e:108555153 d:1154
[    0.109970]<0>.(0)[1:swapper/0][init] f(ffffffc000da90b0)
[    0.110642]<0>.(0)[1:swapper/0]  s:109964537 e:109965461 d:924
[    0.111437]<0>.(0)[1:swapper/0][init] f(ffffffc000daa284)
[    0.112108]<0>.(0)[1:swapper/0]  s:111363461 e:111431076 d:67615
[    0.112864]<0>.(0)[1:swapper/0][init] f(ffffffc0000924c0)
[    0.113534]<0>.(0)[1:swapper/0]  s:112849845 e:112859076 d:9231
[    0.114279]<0>.(0)[1:swapper/0][cpu_ntf] <14>ffffffc0009b3ff4 (cpu_callback)
[    0.128753]<0>.(0)[1:swapper/0][init] f(ffffffc000dabe50)
[    0.129426]<0>.(0)[1:swapper/0]  s:114266384 e:128746691 d:14480307
[    0.130275]<0>.(0)[1:swapper/0][cpu_ntf] <15>ffffffc0009b4468 (workqueue_cpu_up_callback)
[    0.131301]<0>.(0)[1:swapper/0][cpu_ntf] <16>ffffffc0009b48f8 (workqueue_cpu_down_callback)
[    0.134119]<0>.(0)[1:swapper/0][init] f(ffffffc000dacf84)
[    0.134792]<0>.(0)[1:swapper/0]  s:130200461 e:134112230 d:3911769
[    0.135573]<0>.(0)[1:swapper/0][init] f(ffffffc000dad520)
[    0.136244]<0>.(0)[1:swapper/0]  s:135554768 e:135567537 d:12769
[    0.137001]<0>.(0)[1:swapper/0][cpu_ntf] <17>ffffffc0009b4d44 (migration_call)
[    0.137906]<0>.(0)[1:swapper/0][cpu_ntf] <18>ffffffc0009b4cd4 (sched_cpu_active)
[    0.138894]<0>.(0)[1:swapper/0][cpu_ntf] <19>ffffffc0009b4d04 (sched_cpu_inactive)
[    0.139839]<0>.(0)[1:swapper/0][init] f(ffffffc000daefc4)
[    0.140509]<0>.(0)[1:swapper/0]  s:136986230 e:139833845 d:2847615
[    0.159126]<0>.(0)[1:swapper/0][init] f(ffffffc000db1854)
[    0.159798]<0>.(0)[1:swapper/0]  s:141273461 e:159118614 d:17845153
[    0.160578]<0>.(0)[1:swapper/0][init] f(ffffffc000db26c8)
[    0.161250]<0>.(0)[1:swapper/0]  s:160572461 e:160573307 d:846
[    0.162641]<0>.(0)[1:swapper/0][init] f(ffffffc000db26dc)
[    0.163313]<0>.(0)[1:swapper/0]  s:161971461 e:162634768 d:663307
[    0.164207]<0>.(0)[1:swapper/0][cpu_ntf] <20>ffffffc0001494e8 (rb_cpu_notify)
[    0.165181]<0>.(0)[1:swapper/0][init] f(ffffffc000db32d0)
[    0.165853]<0>.(0)[1:swapper/0]  s:164065461 e:165175461 d:1110000
[    0.166694]<0>.(0)[1:swapper/0][init] f(ffffffc000db349c)
[    0.167365]<0>.(0)[1:swapper/0]  s:166616691 e:166687768 d:71077
[    0.168112]<0>.(0)[1:swapper/0][init] f(ffffffc000db352c)
[    0.168785]<0>.(0)[1:swapper/0]  s:168106922 e:168107537 d:615
[    0.169800]<0>.(0)[1:swapper/0][init] f(ffffffc000db35e4)
[    0.170472]<0>.(0)[1:swapper/0]  s:169689076 e:169793845 d:104769
[    0.171238]<0>.(0)[1:swapper/0][cpu_ntf] <21>ffffffc0003e5f74 (hotplug_event_notify)
[    0.172204]<0>.(0)[1:swapper/0][init] f(ffffffc000dcc660)
[    0.172874]<0>.(0)[1:swapper/0]  s:171224999 e:172198845 d:973846
[    0.173648]<0>.(0)[1:swapper/0]init_get_max_DRAM_size done. phone_dram_sz: 0x80000000, kernel_mem_sz: 0x7ecf0000
[    0.174915]<0>.(0)[1:swapper/0][init] f(ffffffc000dcc694)
[    0.175587]<0>.(0)[1:swapper/0]  s:173627153 e:174909614 d:1282461
[    0.176395]<0>.(0)[1:swapper/0][init] f(ffffffc000dd1b44)
[    0.177065]<0>.(0)[1:swapper/0]  s:176351691 e:176390153 d:38462
[    0.177828]<0>.(0)[1:swapper/0][init] f(ffffffc000dd2bb0)
[    0.178497]<0>.(0)[1:swapper/0]  s:177807153 e:177822614 d:15461
[    0.209889]<0>-(0)[0:swapper/0][printk_delayed:start]
[    0.210518]<0>-(0)[0:swapper/0]SCHED: intersects new_mask: 2, cpu_active_mask: 1
[    0.210518]<0>SCHED: intersects new_mask: 2, cpu_active_mask: 1
[    0.212177]<0>-(0)[0:swapper/0][printk_delayed:done]
[    0.233024]<0>-(0)[0:swapper/0][printk_delayed:start]
[    0.233653]<0>-(0)[0:swapper/0]SCHED: intersects new_mask: 4, cpu_active_mask: 3
[    0.233653]<0>SCHED: intersects new_mask: 4, cpu_active_mask: 3
[    0.235312]<0>-(0)[0:swapper/0][printk_delayed:done]
[    0.249693]<0>.(0)[1:swapper/0][cpu_ntf] <22>ffffffc0000caaa8 (sched_domains_numa_masks_update)
[    0.250787]<0>.(0)[1:swapper/0][cpu_ntf] <23>ffffffc0000d4c88 (cpuset_cpu_active)
[    0.251724]<0>.(0)[1:swapper/0][cpu_ntf] <24>ffffffc0000d4cf8 (cpuset_cpu_inactive)
[    0.252683]<0>.(0)[1:swapper/0][cpu_ntf] <25>ffffffc0000e0f2c (update_runtime)
[    0.256155]<0>-(0)[0:swapper/0][printk_delayed:start]
[    0.256783]<0>-(0)[0:swapper/0]SCHED: intersects new_mask: 8, cpu_active_mask: 7
[    0.256783]<0>SCHED: intersects new_mask: 8, cpu_active_mask: 7
[    0.258442]<0>-(0)[0:swapper/0][printk_delayed:done]
[    0.313997]<3>.(3)[1:swapper/0][init] f(ffffffc000dc3368)
[    0.314678]<3>.(3)[1:swapper/0]  s:313982461 e:313983999 d:1538
[    0.315430]<3>.(3)[1:swapper/0][debug]DRAM size (dt) :  0x40000000 - 0x7fffffff  (0x40000000)
[    0.316494]<3>.(3)[1:swapper/0][debug]DRAM size (dt) :  0x80000000 - 0xbeceffff  (0x3ecf0000)
[    0.317560]<3>.(3)[1:swapper/0][debug]orig_dram rank[0]   :   0x40000000 - 0x7fffffff (0x40000000)
[    0.318708]<3>.(3)[1:swapper/0][debug]orig_dram rank[1]   :   0x80000000 - 0xbfffffff (0x40000000)
[    0.319830]<3>.(3)[1:swapper/0][debug]mblock[0][r0]  :   0x40000000 - 0x7fffffff (0x40000000)
[    0.320896]<3>.(3)[1:swapper/0][debug]mblock[1][r1]  :   0x80000000 - 0xbeceffff (0x3ecf0000)
[    0.321962]<3>.(3)[1:swapper/0][PHY layout]tee_reserved_mem   :   0xbffc0000 - 0xbfffffff (0x40000)
[    0.323089]<3>.(3)[1:swapper/0][DISPCHECK][DT][videolfb]isvideofb_parse_done = 0
[    0.324011]<3>.(3)[1:swapper/0][DISPCHECK][DT][videolfb] islcmfound = 0
[    0.324832]<3>.(3)[1:swapper/0][DISPCHECK][DT][videolfb] fps        = 6377
[    0.325689]<3>.(3)[1:swapper/0][DISPCHECK][DT][videolfb] fb_base    = 00000000becf0000
[    0.326676]<3>.(3)[1:swapper/0][DISPCHECK][DT][videolfb] vram       = 19726336
[    0.327577]<3>.(3)[1:swapper/0][DISPCHECK][DT][videolfb] lcmname    = cpt_clap070wp03xg_sn65dsi83_ti947
[    0.328770]<3>.(3)[1:swapper/0][DISPCHECK][DT]display vram size = 0x012d0000|19726336
[    0.329743]<3>.(3)[1:swapper/0][DISPCHECK][DT][videolfb]isvideofb_parse_done = 1
[    0.330669]<3>.(3)[1:swapper/0][debug]available DRAM size = 0x7ecf0000
[    0.330669]<3>[PHY layout]FB (dt) :  0xbecf0000 - 0xbffbffff  (0x12d0000)
[    0.332331]<3>.(3)[1:swapper/0][DISPCHECK][DT][videolfb]isvideofb_parse_done = 1
[    0.333251]<3>.(3)[1:swapper/0][DISPCHECK][DT]display vram size = 0x012d0000|19726336
[    0.334226]<3>.(3)[1:swapper/0][DISPCHECK][DT][videolfb]isvideofb_parse_done = 1
[    0.335149]<3>.(3)[1:swapper/0]fb base: 0x12d0000, size: 0xbecf0000
[    0.335930]<3>.(3)[1:swapper/0][init] f(ffffffc000dcc580)
[    0.336603]<3>.(3)[1:swapper/0]  s:315407845 e:335924768 d:20516923
[    0.337411]<3>.(3)[1:swapper/0][init] f(ffffffc000dd8168)
[    0.338081]<3>.(3)[1:swapper/0]  s:337378153 e:337405999 d:27846
[    0.338930]<3>.(3)[1:swapper/0][init] f(ffffffc000dddd90)
[    0.339602]<3>.(3)[1:swapper/0]  s:338843461 e:338923153 d:79692
[    0.340871]<3>.(3)[1:swapper/0][init] f(ffffffc000dabdfc)
[    0.341542]<3>.(3)[1:swapper/0]  s:340864153 e:340866076 d:1923
[    0.342279]<3>.(3)[1:swapper/0][init] f(ffffffc000dabdf4)
[    0.342952]<3>.(3)[1:swapper/0]  s:342273307 e:342274076 d:769
[    0.344030]<3>.(3)[1:swapper/0][init] f(ffffffc000dace08)
[    0.344702]<3>.(3)[1:swapper/0]  s:343672691 e:344023768 d:351077
[    0.345574]<3>.(3)[1:swapper/0][init] f(ffffffc000dadd80)
[    0.346245]<3>.(3)[1:swapper/0]  s:345455153 e:345568307 d:113154
[    0.347267]<3>.(3)[1:swapper/0][init] f(ffffffc000daf9e0)
[    0.347938]<3>.(3)[1:swapper/0]  s:346998076 e:347260230 d:262154
[    0.348750]<3>.(3)[1:swapper/0][init] f(ffffffc000dafa4c)
[    0.349444]<3>.(3)[1:swapper/0]  s:348691230 e:348744691 d:53461
[    0.350193]<3>.(3)[1:swapper/0][init] f(ffffffc000102c74)
[    0.350863]<3>.(3)[1:swapper/0]  s:350184999 e:350187999 d:3000
[    0.352347]<1>.(1)[1:swapper/0][init] f(ffffffc000dafcc8)
[    0.353041]<1>.(1)[1:swapper/0]  s:351595384 e:352340461 d:745077
[    0.353816]<1>.(1)[1:swapper/0][init] f(ffffffc000daff54)
[    0.354487]<1>.(1)[1:swapper/0]  s:353792845 e:353809999 d:17154
[    0.355246]<1>.(1)[1:swapper/0][init] f(ffffffc000db0344)
[    0.355917]<1>.(1)[1:swapper/0]  s:355229230 e:355240537 d:11307
[    0.356791]<1>.(1)[1:swapper/0][init] f(ffffffc000db1028)
[    0.357463]<1>.(1)[1:swapper/0]  s:356658845 e:356784845 d:126000
[    0.365652]<1>.(1)[1:swapper/0][init] f(ffffffc000db3868)
[    0.366326]<1>.(1)[1:swapper/0]  s:358215614 e:365643307 d:7427693
[    0.367095]<1>.(1)[1:swapper/0][init] f(ffffffc000db7a4c)
[    0.367767]<1>.(1)[1:swapper/0]  s:367088845 e:367089922 d:1077
[    0.368526]<1>.(1)[1:swapper/0][init] f(ffffffc000dbaae4)
[    0.369197]<1>.(1)[1:swapper/0]  s:368498691 e:368520845 d:22154
[    0.370013]<1>.(1)[1:swapper/0][init] f(ffffffc000dbaf14)
[    0.370684]<1>.(1)[1:swapper/0]  s:369939461 e:370007076 d:67615
[    0.371451]<1>.(1)[1:swapper/0][init] f(ffffffc000dbaf9c)
[    0.372122]<1>.(1)[1:swapper/0]  s:371426153 e:371445537 d:19384
[    0.372872]<1>.(1)[1:swapper/0][init] f(ffffffc000dbafc0)
[    0.373566]<1>.(1)[1:swapper/0]  s:372864768 e:372867230 d:2462
[    0.374303]<1>.(1)[1:swapper/0][init] f(ffffffc000dbafe4)
[    0.374974]<1>.(1)[1:swapper/0]  s:374295768 e:374298153 d:2385
[    0.375761]<1>.(1)[1:swapper/0][init] f(ffffffc000dc32f4)
[    0.376432]<1>.(1)[1:swapper/0]  s:375705768 e:375755461 d:49693
[    0.377182]<1>.(1)[1:swapper/0][init] f(ffffffc000dc63b8)
[    0.377853]<1>.(1)[1:swapper/0]  s:377174461 e:377176999 d:2538
[    0.380647]<1>.(1)[1:swapper/0][probe] drv:reg-dummy dev:(null)
[    0.381385]<1>.(1)[1:swapper/0]  s:379739230 e:380639384 d:900154
[    0.382264]<1>.(1)[1:swapper/0][init] f(ffffffc000dc7c20)
[    0.382935]<1>.(1)[1:swapper/0]  s:378584614 e:382257845 d:3673231
[    0.383730]<1>.(1)[1:swapper/0][init] f(ffffffc000dcc3bc)
[    0.384401]<1>.(1)[1:swapper/0]  s:383722230 e:383724461 d:2231
[    0.385256]<1>.(1)[1:swapper/0][init] f(ffffffc000dcc3e0)
[    0.385927]<1>.(1)[1:swapper/0]  s:385132691 e:385249922 d:117231
